 merging_mex

 Timestamp is 571cb14b (Sun Apr 24 19:43:07 2016)

 Preferred load address is 0000000180000000

 Start         Length     Name                   Class
 0001:00000000 0004bf92H .text                   CODE
 0001:0004bfa0 00000092H .text$x                 CODE
 0002:00000000 00000368H .idata$5                DATA
 0002:00000368 00000008H .CRT$XCA                DATA
 0002:00000370 00000008H .CRT$XCZ                DATA
 0002:00000378 00000008H .CRT$XIA                DATA
 0002:00000380 00000008H .CRT$XIAA               DATA
 0002:00000388 00000008H .CRT$XIZ                DATA
 0002:00000390 00004580H .rdata                  DATA
 0002:00004910 00000008H .rtc$IAA                DATA
 0002:00004918 00000008H .rtc$IZZ                DATA
 0002:00004920 00000008H .rtc$TAA                DATA
 0002:00004928 00000008H .rtc$TZZ                DATA
 0002:00004930 00000aa0H .xdata                  DATA
 0002:000053d0 0000008cH .idata$2                DATA
 0002:0000545c 00000014H .idata$3                DATA
 0002:00005470 00000368H .idata$4                DATA
 0002:000057d8 000008e8H .idata$6                DATA
 0002:000060c0 000000d5H .edata                  DATA
 0003:00000000 00004be8H .data                   DATA
 0003:00004bf0 000005c0H .bss                    DATA
 0004:00000000 000007e0H .pdata                  DATA

  Address         Publics by Value              Rva+Base               Lib:Object

 0000:00000000       ___safe_se_handler_count   0000000000000000     <absolute>
 0000:00000000       ___safe_se_handler_table   0000000000000000     <absolute>
 0000:00000000       __ImageBase                0000000180000000     <linker-defined>
 0001:00000000       error                      0000000180001000 f   merging_mexutil.obj
 0001:00000040       message                    0000000180001040 f   merging_mexutil.obj
 0001:00000090       merging_initialize         0000000180001090 f   merging_initialize.obj
 0001:00000100       merging_atexit             0000000180001100 f   merging_terminate.obj
 0001:00000160       merging_terminate          0000000180001160 f   merging_terminate.obj
 0001:00001dc0       merging                    0000000180002dc0 f   merging.obj
 0001:0000acb0       check_forloop_overflow_error 000000018000bcb0 f   eml_int_forloop_overflow_check.obj
 0001:0000ae70       eml_assert_valid_size_arg  000000018000be70 f   repmat.obj
 0001:0000b150       repmat                     000000018000c150 f   repmat.obj
 0001:0000b300       b_abs                      000000018000c300 f   abs.obj
 0001:0000b3b0       c_abs                      000000018000c3b0 f   abs.obj
 0001:0000b3c0       b_sum                      000000018000c3c0 f   sum.obj
 0001:0000b550       c_sum                      000000018000c550 f   sum.obj
 0001:0000b560       sum                        000000018000c560 f   sum.obj
 0001:0000b7a0       b_mod                      000000018000c7a0 f   mod.obj
 0001:0000b890       rdivide                    000000018000c890 f   rdivide.obj
 0001:0000b9b0       b_ceil                     000000018000c9b0 f   ceil.obj
 0001:0000bad0       bspline_inv                000000018000cad0 f   bspline_inv.obj
 0001:00013f30       b_floor                    0000000180014f30 f   floor.obj
 0001:00013f50       c_floor                    0000000180014f50 f   floor.obj
 0001:00013fb0       b_power                    0000000180014fb0 f   power.obj
 0001:000140a0       c_power                    00000001800150a0 f   power.obj
 0001:00014200       power                      0000000180015200 f   power.obj
 0001:000178c0       pinv                       00000001800188c0 f   pinv.obj
 0001:00017cd0       b_eml_error                0000000180018cd0 f   eml_error.obj
 0001:00017cf0       c_eml_error                0000000180018cf0 f   eml_error.obj
 0001:00017d30       d_eml_error                0000000180018d30 f   eml_error.obj
 0001:00017d50       eml_error                  0000000180018d50 f   eml_error.obj
 0001:00017d70       b_sqrt                     0000000180018d70 f   sqrt.obj
 0001:00017dc0       d_eml_xgemm                0000000180018dc0 f   bspline.obj
 0001:00017eb0       eml_xgemm                  0000000180018eb0 f   bspline.obj
 0001:00017f90       bspline                    0000000180018f90 f   bspline.obj
 0001:0001b9a0       getPixelsValue             000000018001c9a0 f   getPixelsValue.obj
 0001:0001d070       merging_api                000000018001e070 f   merging_api.obj
 0001:0001d380       emxEnsureCapacity          000000018001e380 f   merging_emxutil.obj
 0001:0001d480       emxFree_int32_T            000000018001e480 f   merging_emxutil.obj
 0001:0001d480       emxFree_real_T             000000018001e480 f   merging_emxutil.obj
 0001:0001d480       emxFreeStruct_struct_T     000000018001e480 f   merging_emxutil.obj
 0001:0001d480       emxFree_boolean_T          000000018001e480 f   merging_emxutil.obj
 0001:0001d4c0       emxInit_boolean_T          000000018001e4c0 f   merging_emxutil.obj
 0001:0001d4c0       emxInit_real_T             000000018001e4c0 f   merging_emxutil.obj
 0001:0001d4c0       b_emxInit_boolean_T        000000018001e4c0 f   merging_emxutil.obj
 0001:0001d4c0       c_emxInit_real_T           000000018001e4c0 f   merging_emxutil.obj
 0001:0001d4c0       b_emxInit_real_T           000000018001e4c0 f   merging_emxutil.obj
 0001:0001d4c0       b_emxInit_int32_T          000000018001e4c0 f   merging_emxutil.obj
 0001:0001d4c0       emxInit_int32_T            000000018001e4c0 f   merging_emxutil.obj
 0001:0001d7f0       b_emxCopyStruct_struct_T   000000018001e7f0 f   merging_emxutil.obj
 0001:0001d840       b_emxFreeStruct_struct_T   000000018001e840 f   merging_emxutil.obj
 0001:0001d8c0       b_emxFree_struct_T         000000018001e8c0 f   merging_emxutil.obj
 0001:0001d9f0       b_emxInitStruct_struct_T   000000018001e9f0 f   merging_emxutil.obj
 0001:0001da60       b_emxInit_struct_T         000000018001ea60 f   merging_emxutil.obj
 0001:0001db30       emxCopyStruct_struct_T     000000018001eb30 f   merging_emxutil.obj
 0001:0001db40       emxFree_struct_T           000000018001eb40 f   merging_emxutil.obj
 0001:0001dc30       emxInitStruct_struct_T     000000018001ec30 f   merging_emxutil.obj
 0001:0001dc50       emxInit_struct_T           000000018001ec50 f   merging_emxutil.obj
 0001:0001e0a0       b_emxEnsureCapacity_struct_T 000000018001f0a0 f   merging_emxutil.obj
 0001:0001e1d0       emxEnsureCapacity_struct_T 000000018001f1d0 f   merging_emxutil.obj
 0001:0001e460       merging_atexit_wrapper     000000018001f460 f   merging_mex.obj
 0001:0001e490       mexFunction                000000018001f490 f   merging_mex.obj
 0001:0004b280       emlrtMexFcnResolvedFunctionsInfo 000000018004c280 f   _coder_merging_info.obj
 0001:0004b300       emlrtMexFcnProperties      000000018004c300 f   _coder_merging_info.obj
 0001:0004b470       mxCreateString             000000018004c470 f   libmx:libmx.dll
 0001:0004b476       mxCreateCharArray_700      000000018004c476 f   libmx:libmx.dll
 0001:0004b47c       mxGetData                  000000018004c47c f   libmx:libmx.dll
 0001:0004b482       mxCreateNumericMatrix_700  000000018004c482 f   libmx:libmx.dll
 0001:0004b488       mxGetPr                    000000018004c488 f   libmx:libmx.dll
 0001:0004b48e       mxCreateNumericArray_700   000000018004c48e f   libmx:libmx.dll
 0001:0004b494       mxCreateStructArray_700    000000018004c494 f   libmx:libmx.dll
 0001:0004b49a       mxCreateStructMatrix_700   000000018004c49a f   libmx:libmx.dll
 0001:0004b4a0       mxCreateDoubleScalar       000000018004c4a0 f   libmx:libmx.dll
 0001:0004b4a6       mxSetFieldByNumber_700     000000018004c4a6 f   libmx:libmx.dll
 0001:0004b4ac       mxCreateLogicalMatrix_700  000000018004c4ac f   libmx:libmx.dll
 0001:0004b4b2       mexAtExit                  000000018004c4b2 f   libmex:libmex.dll
 0001:0004b4b8       emlrtCallMATLABR2012b      000000018004c4b8 f   libemlrt:libemlrt.dll
 0001:0004b4be       emlrtFirstTimeR2012b       000000018004c4be f   libemlrt:libemlrt.dll
 0001:0004b4c4       emlrtEnterRtStackR2012b    000000018004c4c4 f   libemlrt:libemlrt.dll
 0001:0004b4ca       emlrtClearAllocCountR2012b 000000018004c4ca f   libemlrt:libemlrt.dll
 0001:0004b4d0       emlrtCreateRootTLS         000000018004c4d0 f   libemlrt:libemlrt.dll
 0001:0004b4d6       emlrtGetBreakCheckFlagAddressR2012b 000000018004c4d6 f   libemlrt:libemlrt.dll
 0001:0004b4dc       emlrtDestroyRootTLS        000000018004c4dc f   libemlrt:libemlrt.dll
 0001:0004b4e2       emlrtLeaveRtStackR2012b    000000018004c4e2 f   libemlrt:libemlrt.dll
 0001:0004b4e8       emlrtNonNegativeCheckR2012b 000000018004c4e8 f   libemlrt:libemlrt.dll
 0001:0004b4ee       emlrtAssign                000000018004c4ee f   libemlrt:libemlrt.dll
 0001:0004b4f4       emlrtHeapReferenceStackLeaveFcnR2012b 000000018004c4f4 f   libemlrt:libemlrt.dll
 0001:0004b4fa       emlrtInitCharArrayR2013a   000000018004c4fa f   libemlrt:libemlrt.dll
 0001:0004b500       emlrtHeapReferenceStackEnterFcnR2012b 000000018004c500 f   libemlrt:libemlrt.dll
 0001:0004b506       emlrtSizeEqCheck1DR2012b   000000018004c506 f   libemlrt:libemlrt.dll
 0001:0004b50c       emlrtSubAssignSizeCheckR2012b 000000018004c50c f   libemlrt:libemlrt.dll
 0001:0004b512       emlrtIntegerCheckR2012b    000000018004c512 f   libemlrt:libemlrt.dll
 0001:0004b518       emlrtBreakCheckR2012b      000000018004c518 f   libemlrt:libemlrt.dll
 0001:0004b51e       emlrtSizeEqCheckNDR2012b   000000018004c51e f   libemlrt:libemlrt.dll
 0001:0004b524       emlrtForLoopVectorCheckR2012b 000000018004c524 f   libemlrt:libemlrt.dll
 0001:0004b52a       emlrtDynamicBoundsCheckR2012b 000000018004c52a f   libemlrt:libemlrt.dll
 0001:0004b530       emlrtErrorWithMessageIdR2012b 000000018004c530 f   libemlrt:libemlrt.dll
 0001:0004b536       emlrtAddField              000000018004c536 f   libemlrt:libemlrt.dll
 0001:0004b53c       emlrtDestroyArray          000000018004c53c f   libemlrt:libemlrt.dll
 0001:0004b542       emlrtImportArrayR2011b     000000018004c542 f   libemlrt:libemlrt.dll
 0001:0004b548       emlrtCheckVsBuiltInR2012b  000000018004c548 f   libemlrt:libemlrt.dll
 0001:0004b54e       emlrtAlias                 000000018004c54e f   libemlrt:libemlrt.dll
 0001:0004b554       emlrtGetFieldR2013a        000000018004c554 f   libemlrt:libemlrt.dll
 0001:0004b55a       emlrtCheckVsStructR2012b   000000018004c55a f   libemlrt:libemlrt.dll
 0001:0004b560       emlrtAliasP                000000018004c560 f   libemlrt:libemlrt.dll
 0001:0004b566       emlrtFreeMex               000000018004c566 f   libemlrt:libemlrt.dll
 0001:0004b56c       emlrtHeapAllocationErrorR2012b 000000018004c56c f   libemlrt:libemlrt.dll
 0001:0004b572       emlrtCallocMex             000000018004c572 f   libemlrt:libemlrt.dll
 0001:0004b578       emlrtSizeMulR2012b         000000018004c578 f   libemlrt:libemlrt.dll
 0001:0004b57e       emlrtPushHeapReferenceStackR2012b 000000018004c57e f   libemlrt:libemlrt.dll
 0001:0004b584       emlrtMallocMex             000000018004c584 f   libemlrt:libemlrt.dll
 0001:0004b58a       emlrtReturnArrayR2009a     000000018004c58a f   libemlrt:libemlrt.dll
 0001:0004b590       emlrtErrMsgIdAndTxt        000000018004c590 f   libemlrt:libemlrt.dll
 0001:0004b596       emlrtCreateCellArray       000000018004c596 f   libemlrt:libemlrt.dll
 0001:0004b59c       emlrtNameCapturePostProcessR2013b 000000018004c59c f   libemlrt:libemlrt.dll
 0001:0004b5a2       dgemm                      000000018004c5a2 f   libmwblas:libmwblas.dll
 0001:0004b5a8       daxpy                      000000018004c5a8 f   libmwblas:libmwblas.dll
 0001:0004b5ae       dnrm2                      000000018004c5ae f   libmwblas:libmwblas.dll
 0001:0004b5b4       dscal                      000000018004c5b4 f   libmwblas:libmwblas.dll
 0001:0004b5ba       ddot                       000000018004c5ba f   libmwblas:libmwblas.dll
 0001:0004b5c0       drot                       000000018004c5c0 f   libmwblas:libmwblas.dll
 0001:0004b5c6       drotg                      000000018004c5c6 f   libmwblas:libmwblas.dll
 0001:0004b5cc       muDoubleScalarFloor        000000018004c5cc f   libmwmathutil:libmwmathutil.dll
 0001:0004b5d2       muDoubleScalarRound        000000018004c5d2 f   libmwmathutil:libmwmathutil.dll
 0001:0004b5d8       muDoubleScalarIsNaN        000000018004c5d8 f   libmwmathutil:libmwmathutil.dll
 0001:0004b5de       muDoubleScalarIsInf        000000018004c5de f   libmwmathutil:libmwmathutil.dll
 0001:0004b5e4       muDoubleScalarAbs          000000018004c5e4 f   libmwmathutil:libmwmathutil.dll
 0001:0004b5ea       muDoubleScalarCeil         000000018004c5ea f   libmwmathutil:libmwmathutil.dll
 0001:0004b5f0       muDoubleScalarPower        000000018004c5f0 f   libmwmathutil:libmwmathutil.dll
 0001:0004b5f6       muDoubleScalarMax          000000018004c5f6 f   libmwmathutil:libmwmathutil.dll
 0001:0004b5fc       muIntScalarMax_sint32      000000018004c5fc f   libmwmathutil:libmwmathutil.dll
 0001:0004b602       muIntScalarMin_sint32      000000018004c602 f   libmwmathutil:libmwmathutil.dll
 0001:0004b608       muDoubleScalarSqrt         000000018004c608 f   libmwmathutil:libmwmathutil.dll
 0001:0004b610       __GSHandlerCheckCommon     000000018004c610 f   MSVCRT:gshandler.obj
 0001:0004b674       __GSHandlerCheck           000000018004c674 f   MSVCRT:gshandler.obj
 0001:0004b6b0       __security_check_cookie    000000018004c6b0 f   MSVCRT:amdsecgs.obj
 0001:0004b6d0       memset                     000000018004c6d0 f   MSVCRT:MSVCR100.dll
 0001:0004b6d6       memcpy                     000000018004c6d6 f   MSVCRT:MSVCR100.dll
 0001:0004b73c       _CRT_INIT                  000000018004c73c f   MSVCRT:crtdll.obj
 0001:0004bad4       _DllMainCRTStartup         000000018004cad4 f   MSVCRT:crtdll.obj
 0001:0004bb14       __report_gsfailure         000000018004cb14 f   MSVCRT:gs_report.obj
 0001:0004bc60       __clean_type_info_names    000000018004cc60 f   MSVCRT:tncleanup.obj
 0001:0004bc6c       _onexit                    000000018004cc6c f   MSVCRT:atonexit.obj
 0001:0004bd1c       atexit                     000000018004cd1c f   MSVCRT:atonexit.obj
 0001:0004bd34       _RTC_Initialize            000000018004cd34 f   MSVCRT:_initsect_.obj
 0001:0004bd6c       _RTC_Terminate             000000018004cd6c f   MSVCRT:_initsect_.obj
 0001:0004bdb0       _ValidateImageBase         000000018004cdb0 f   MSVCRT:pesect.obj
 0001:0004bde0       _FindPESection             000000018004cde0 f   MSVCRT:pesect.obj
 0001:0004be30       _IsNonwritableInCurrentImage 000000018004ce30 f   MSVCRT:pesect.obj
 0001:0004be72       _initterm                  000000018004ce72 f   MSVCRT:MSVCR100.dll
 0001:0004be78       _initterm_e                000000018004ce78 f   MSVCRT:MSVCR100.dll
 0001:0004be7e       _amsg_exit                 000000018004ce7e f   MSVCRT:MSVCR100.dll
 0001:0004be84       __C_specific_handler       000000018004ce84 f   MSVCRT:MSVCR100.dll
 0001:0004be8a       __CppXcptFilter            000000018004ce8a f   MSVCRT:MSVCR100.dll
 0001:0004be90       DllMain                    000000018004ce90 f   MSVCRT:dllmain.obj
 0001:0004beb4       __security_init_cookie     000000018004ceb4 f   MSVCRT:gs_support.obj
 0001:0004bf68       __crt_debugger_hook        000000018004cf68 f   MSVCRT:MSVCR100.dll
 0001:0004bf6e       __clean_type_info_names_internal 000000018004cf6e f   MSVCRT:MSVCR100.dll
 0001:0004bf74       _unlock                    000000018004cf74 f   MSVCRT:MSVCR100.dll
 0001:0004bf7a       __dllonexit                000000018004cf7a f   MSVCRT:MSVCR100.dll
 0001:0004bf80       _lock                      000000018004cf80 f   MSVCRT:MSVCR100.dll
 0001:0004bf86       RtlVirtualUnwind           000000018004cf86 f   kernel32:KERNEL32.dll
 0001:0004bf8c       RtlLookupFunctionEntry     000000018004cf8c f   kernel32:KERNEL32.dll
 0002:00000000       __imp_GetSystemTimeAsFileTime 000000018004e000     kernel32:KERNEL32.dll
 0002:00000008       __imp_GetCurrentProcessId  000000018004e008     kernel32:KERNEL32.dll
 0002:00000010       __imp_GetCurrentThreadId   000000018004e010     kernel32:KERNEL32.dll
 0002:00000018       __imp_GetTickCount         000000018004e018     kernel32:KERNEL32.dll
 0002:00000020       __imp_QueryPerformanceCounter 000000018004e020     kernel32:KERNEL32.dll
 0002:00000028       __imp_DisableThreadLibraryCalls 000000018004e028     kernel32:KERNEL32.dll
 0002:00000030       __imp_RtlCaptureContext    000000018004e030     kernel32:KERNEL32.dll
 0002:00000038       __imp_RtlLookupFunctionEntry 000000018004e038     kernel32:KERNEL32.dll
 0002:00000040       __imp_RtlVirtualUnwind     000000018004e040     kernel32:KERNEL32.dll
 0002:00000048       __imp_IsDebuggerPresent    000000018004e048     kernel32:KERNEL32.dll
 0002:00000050       __imp_SetUnhandledExceptionFilter 000000018004e050     kernel32:KERNEL32.dll
 0002:00000058       __imp_GetCurrentProcess    000000018004e058     kernel32:KERNEL32.dll
 0002:00000060       __imp_TerminateProcess     000000018004e060     kernel32:KERNEL32.dll
 0002:00000068       __imp_Sleep                000000018004e068     kernel32:KERNEL32.dll
 0002:00000070       __imp_DecodePointer        000000018004e070     kernel32:KERNEL32.dll
 0002:00000078       __imp_EncodePointer        000000018004e078     kernel32:KERNEL32.dll
 0002:00000080       __imp_UnhandledExceptionFilter 000000018004e080     kernel32:KERNEL32.dll
 0002:00000088       \177KERNEL32_NULL_THUNK_DATA 000000018004e088     kernel32:KERNEL32.dll
 0002:00000090       __imp__initterm            000000018004e090     MSVCRT:MSVCR100.dll
 0002:00000098       __imp__malloc_crt          000000018004e098     MSVCRT:MSVCR100.dll
 0002:000000a0       __imp_memcpy               000000018004e0a0     MSVCRT:MSVCR100.dll
 0002:000000a8       __imp_memset               000000018004e0a8     MSVCRT:MSVCR100.dll
 0002:000000b0       __imp___clean_type_info_names_internal 000000018004e0b0     MSVCRT:MSVCR100.dll
 0002:000000b8       __imp__unlock              000000018004e0b8     MSVCRT:MSVCR100.dll
 0002:000000c0       __imp___dllonexit          000000018004e0c0     MSVCRT:MSVCR100.dll
 0002:000000c8       __imp__lock                000000018004e0c8     MSVCRT:MSVCR100.dll
 0002:000000d0       __imp__onexit              000000018004e0d0     MSVCRT:MSVCR100.dll
 0002:000000d8       __imp_free                 000000018004e0d8     MSVCRT:MSVCR100.dll
 0002:000000e0       __imp__encoded_null        000000018004e0e0     MSVCRT:MSVCR100.dll
 0002:000000e8       __imp__amsg_exit           000000018004e0e8     MSVCRT:MSVCR100.dll
 0002:000000f0       __imp___C_specific_handler 000000018004e0f0     MSVCRT:MSVCR100.dll
 0002:000000f8       __imp___CppXcptFilter      000000018004e0f8     MSVCRT:MSVCR100.dll
 0002:00000100       __imp__initterm_e          000000018004e100     MSVCRT:MSVCR100.dll
 0002:00000108       __imp___crt_debugger_hook  000000018004e108     MSVCRT:MSVCR100.dll
 0002:00000110       \177MSVCR100_NULL_THUNK_DATA 000000018004e110     MSVCRT:MSVCR100.dll
 0002:00000118       __imp_emlrtAddField        000000018004e118     libemlrt:libemlrt.dll
 0002:00000120       __imp_emlrtDestroyArray    000000018004e120     libemlrt:libemlrt.dll
 0002:00000128       __imp_emlrtImportArrayR2011b 000000018004e128     libemlrt:libemlrt.dll
 0002:00000130       __imp_emlrtCheckVsBuiltInR2012b 000000018004e130     libemlrt:libemlrt.dll
 0002:00000138       __imp_emlrtAlias           000000018004e138     libemlrt:libemlrt.dll
 0002:00000140       __imp_emlrtGetFieldR2013a  000000018004e140     libemlrt:libemlrt.dll
 0002:00000148       __imp_emlrtCheckVsStructR2012b 000000018004e148     libemlrt:libemlrt.dll
 0002:00000150       __imp_emlrtErrorWithMessageIdR2012b 000000018004e150     libemlrt:libemlrt.dll
 0002:00000158       __imp_emlrtFreeMex         000000018004e158     libemlrt:libemlrt.dll
 0002:00000160       __imp_emlrtHeapAllocationErrorR2012b 000000018004e160     libemlrt:libemlrt.dll
 0002:00000168       __imp_emlrtCallocMex       000000018004e168     libemlrt:libemlrt.dll
 0002:00000170       __imp_emlrtSizeMulR2012b   000000018004e170     libemlrt:libemlrt.dll
 0002:00000178       __imp_emlrtPushHeapReferenceStackR2012b 000000018004e178     libemlrt:libemlrt.dll
 0002:00000180       __imp_emlrtMallocMex       000000018004e180     libemlrt:libemlrt.dll
 0002:00000188       __imp_emlrtReturnArrayR2009a 000000018004e188     libemlrt:libemlrt.dll
 0002:00000190       __imp_emlrtErrMsgIdAndTxt  000000018004e190     libemlrt:libemlrt.dll
 0002:00000198       __imp_emlrtCreateCellArray 000000018004e198     libemlrt:libemlrt.dll
 0002:000001a0       __imp_emlrtNameCapturePostProcessR2013b 000000018004e1a0     libemlrt:libemlrt.dll
 0002:000001a8       __imp_emlrtCallMATLABR2012b 000000018004e1a8     libemlrt:libemlrt.dll
 0002:000001b0       __imp_emlrtFirstTimeR2012b 000000018004e1b0     libemlrt:libemlrt.dll
 0002:000001b8       __imp_emlrtEnterRtStackR2012b 000000018004e1b8     libemlrt:libemlrt.dll
 0002:000001c0       __imp_emlrtClearAllocCountR2012b 000000018004e1c0     libemlrt:libemlrt.dll
 0002:000001c8       __imp_emlrtCreateRootTLS   000000018004e1c8     libemlrt:libemlrt.dll
 0002:000001d0       __imp_emlrtGetBreakCheckFlagAddressR2012b 000000018004e1d0     libemlrt:libemlrt.dll
 0002:000001d8       __imp_emlrtAliasP          000000018004e1d8     libemlrt:libemlrt.dll
 0002:000001e0       __imp_emlrtDestroyRootTLS  000000018004e1e0     libemlrt:libemlrt.dll
 0002:000001e8       __imp_emlrtDynamicBoundsCheckR2012b 000000018004e1e8     libemlrt:libemlrt.dll
 0002:000001f0       __imp_emlrtForLoopVectorCheckR2012b 000000018004e1f0     libemlrt:libemlrt.dll
 0002:000001f8       __imp_emlrtSizeEqCheckNDR2012b 000000018004e1f8     libemlrt:libemlrt.dll
 0002:00000200       __imp_emlrtBreakCheckR2012b 000000018004e200     libemlrt:libemlrt.dll
 0002:00000208       __imp_emlrtIntegerCheckR2012b 000000018004e208     libemlrt:libemlrt.dll
 0002:00000210       __imp_emlrtSubAssignSizeCheckR2012b 000000018004e210     libemlrt:libemlrt.dll
 0002:00000218       __imp_emlrtSizeEqCheck1DR2012b 000000018004e218     libemlrt:libemlrt.dll
 0002:00000220       __imp_emlrtHeapReferenceStackEnterFcnR2012b 000000018004e220     libemlrt:libemlrt.dll
 0002:00000228       __imp_emlrtInitCharArrayR2013a 000000018004e228     libemlrt:libemlrt.dll
 0002:00000230       __imp_emlrtHeapReferenceStackLeaveFcnR2012b 000000018004e230     libemlrt:libemlrt.dll
 0002:00000238       __imp_emlrtAssign          000000018004e238     libemlrt:libemlrt.dll
 0002:00000240       __imp_emlrtNonNegativeCheckR2012b 000000018004e240     libemlrt:libemlrt.dll
 0002:00000248       __imp_emlrtLeaveRtStackR2012b 000000018004e248     libemlrt:libemlrt.dll
 0002:00000250       \177libemlrt_NULL_THUNK_DATA 000000018004e250     libemlrt:libemlrt.dll
 0002:00000258       __imp_mexAtExit            000000018004e258     libmex:libmex.dll
 0002:00000260       \177libmex_NULL_THUNK_DATA 000000018004e260     libmex:libmex.dll
 0002:00000268       __imp_dscal                000000018004e268     libmwblas:libmwblas.dll
 0002:00000270       __imp_dnrm2                000000018004e270     libmwblas:libmwblas.dll
 0002:00000278       __imp_daxpy                000000018004e278     libmwblas:libmwblas.dll
 0002:00000280       __imp_dgemm                000000018004e280     libmwblas:libmwblas.dll
 0002:00000288       __imp_ddot                 000000018004e288     libmwblas:libmwblas.dll
 0002:00000290       __imp_drot                 000000018004e290     libmwblas:libmwblas.dll
 0002:00000298       __imp_drotg                000000018004e298     libmwblas:libmwblas.dll
 0002:000002a0       \177libmwblas_NULL_THUNK_DATA 000000018004e2a0     libmwblas:libmwblas.dll
 0002:000002a8       __imp_muDoubleScalarSqrt   000000018004e2a8     libmwmathutil:libmwmathutil.dll
 0002:000002b0       __imp_muIntScalarMin_sint32 000000018004e2b0     libmwmathutil:libmwmathutil.dll
 0002:000002b8       __imp_muIntScalarMax_sint32 000000018004e2b8     libmwmathutil:libmwmathutil.dll
 0002:000002c0       __imp_muDoubleScalarMax    000000018004e2c0     libmwmathutil:libmwmathutil.dll
 0002:000002c8       __imp_muDoubleScalarPower  000000018004e2c8     libmwmathutil:libmwmathutil.dll
 0002:000002d0       __imp_muDoubleScalarCeil   000000018004e2d0     libmwmathutil:libmwmathutil.dll
 0002:000002d8       __imp_muDoubleScalarAbs    000000018004e2d8     libmwmathutil:libmwmathutil.dll
 0002:000002e0       __imp_muDoubleScalarIsInf  000000018004e2e0     libmwmathutil:libmwmathutil.dll
 0002:000002e8       __imp_muDoubleScalarIsNaN  000000018004e2e8     libmwmathutil:libmwmathutil.dll
 0002:000002f0       __imp_muDoubleScalarRound  000000018004e2f0     libmwmathutil:libmwmathutil.dll
 0002:000002f8       __imp_muDoubleScalarFloor  000000018004e2f8     libmwmathutil:libmwmathutil.dll
 0002:00000300       \177libmwmathutil_NULL_THUNK_DATA 000000018004e300     libmwmathutil:libmwmathutil.dll
 0002:00000308       __imp_mxCreateLogicalMatrix_700 000000018004e308     libmx:libmx.dll
 0002:00000310       __imp_mxSetFieldByNumber_700 000000018004e310     libmx:libmx.dll
 0002:00000318       __imp_mxCreateDoubleScalar 000000018004e318     libmx:libmx.dll
 0002:00000320       __imp_mxCreateStructMatrix_700 000000018004e320     libmx:libmx.dll
 0002:00000328       __imp_mxCreateStructArray_700 000000018004e328     libmx:libmx.dll
 0002:00000330       __imp_mxCreateNumericArray_700 000000018004e330     libmx:libmx.dll
 0002:00000338       __imp_mxGetPr              000000018004e338     libmx:libmx.dll
 0002:00000340       __imp_mxCreateNumericMatrix_700 000000018004e340     libmx:libmx.dll
 0002:00000348       __imp_mxGetData            000000018004e348     libmx:libmx.dll
 0002:00000350       __imp_mxCreateCharArray_700 000000018004e350     libmx:libmx.dll
 0002:00000358       __imp_mxCreateString       000000018004e358     libmx:libmx.dll
 0002:00000360       \177libmx_NULL_THUNK_DATA  000000018004e360     libmx:libmx.dll
 0002:00000368       __xc_a                     000000018004e368     MSVCRT:cinitexe.obj
 0002:00000370       __xc_z                     000000018004e370     MSVCRT:cinitexe.obj
 0002:00000378       __xi_a                     000000018004e378     MSVCRT:cinitexe.obj
 0002:00000388       __xi_z                     000000018004e388     MSVCRT:cinitexe.obj
 0002:00000390       ??_C@_05KKCIMGE@error?$AA@ 000000018004e390     merging_mexutil.obj
 0002:00000398       ??_C@_07ONPBMBOP@message?$AA@ 000000018004e398     merging_mexutil.obj
 0002:000003a0       ??_C@_0EL@EEJPKOHC@D?3?1Program?5Files?1MATLAB?1R2013b?1t@ 000000018004e3a0     merging_data.obj
 0002:000003f0       ??_C@_09BNIPEHJD@eml_xswap?$AA@ 000000018004e3f0     merging_data.obj
 0002:00000400       ??_C@_0EE@LNMJDNCP@D?3?1Program?5Files?1MATLAB?1R2013b?1t@ 000000018004e400     merging_data.obj
 0002:00000444       ??_C@_05PBJFFIGL@floor?$AA@ 000000018004e444     merging_data.obj
 0002:00000450       ??_C@_0ED@HHBILEDM@D?3?1Program?5Files?1MATLAB?1R2013b?1t@ 000000018004e450     merging_data.obj
 0002:00000494       ??_C@_04CKFJHKAP@find?$AA@ 000000018004e494     merging_data.obj
 0002:000004a0       ??_C@_0FA@CDEDNHCH@D?3?1Program?5Files?1MATLAB?1R2013b?1t@ 000000018004e4a0     merging_data.obj
 0002:000004f0       ??_C@_0BE@BNDDFGBF@eml_null_assignment?$AA@ 000000018004e4f0     merging_data.obj
 0002:00000510       ??_C@_0FG@POMOGJMD@D?3?1Program?5Files?1MATLAB?1R2013b?1t@ 000000018004e510     merging_data.obj
 0002:00000568       ??_C@_08FAALJPNL@prodsize?$AA@ 000000018004e568     merging_data.obj
 0002:00000580       ??_C@_0FK@JIDEOHPI@D?3?1Program?5Files?1MATLAB?1R2013b?1t@ 000000018004e580     merging_data.obj
 0002:000005e0       ??_C@_0BB@HGCMOCGE@eml_refblas_xrot?$AA@ 000000018004e5e0     merging_data.obj
 0002:00000600       ??_C@_0FI@ENCHNCAL@D?3?1Program?5Files?1MATLAB?1R2013b?1t@ 000000018004e600     merging_data.obj
 0002:00000658       ??_C@_0O@PKOLFAIN@eml_blas_xrot?$AA@ 000000018004e658     merging_data.obj
 0002:00000670       ??_C@_0EK@OJPNKLLO@D?3?1Program?5Files?1MATLAB?1R2013b?1t@ 000000018004e670     merging_data.obj
 0002:000006c0       ??_C@_08PFGOPFJF@eml_xrot?$AA@ 000000018004e6c0     merging_data.obj
 0002:000006d0       ??_C@_0FL@PHGNHPAN@D?3?1Program?5Files?1MATLAB?1R2013b?1t@ 000000018004e6d0     merging_data.obj
 0002:00000730       ??_C@_0BC@GABFHEMD@eml_refblas_xrotg?$AA@ 000000018004e730     merging_data.obj
 0002:00000750       ??_C@_0FJ@NDAMMPJO@D?3?1Program?5Files?1MATLAB?1R2013b?1t@ 000000018004e750     merging_data.obj
 0002:000007b0       ??_C@_0P@LJEPOJKN@eml_blas_xrotg?$AA@ 000000018004e7b0     merging_data.obj
 0002:000007c0       ??_C@_0EL@GIKDFCOE@D?3?1Program?5Files?1MATLAB?1R2013b?1t@ 000000018004e7c0     merging_data.obj
 0002:00000810       ??_C@_09KKCMPEFO@eml_xrotg?$AA@ 000000018004e810     merging_data.obj
 0002:00000820       ??_C@_0ED@GMPIMEIG@D?3?1Program?5Files?1MATLAB?1R2013b?1t@ 000000018004e820     merging_data.obj
 0002:00000864       ??_C@_04EIAKFFMI@sqrt?$AA@ 000000018004e864     merging_data.obj
 0002:00000870       ??_C@_0FL@PKMOENBB@D?3?1Program?5Files?1MATLAB?1R2013b?1t@ 000000018004e870     merging_data.obj
 0002:000008d0       ??_C@_0BC@FJNDGBLE@eml_refblas_xaxpy?$AA@ 000000018004e8d0     merging_data.obj
 0002:000008f0       ??_C@_0FJ@NOKPPNIC@D?3?1Program?5Files?1MATLAB?1R2013b?1t@ 000000018004e8f0     merging_data.obj
 0002:00000950       ??_C@_0P@IAIJPMNK@eml_blas_xaxpy?$AA@ 000000018004e950     merging_data.obj
 0002:00000960       ??_C@_0EL@GFAAGAPI@D?3?1Program?5Files?1MATLAB?1R2013b?1t@ 000000018004e960     merging_data.obj
 0002:000009b0       ??_C@_09JDOKOBCJ@eml_xaxpy?$AA@ 000000018004e9b0     merging_data.obj
 0002:000009c0       ??_C@_0FL@PLBJJBDA@D?3?1Program?5Files?1MATLAB?1R2013b?1t@ 000000018004e9c0     merging_data.obj
 0002:00000a20       ??_C@_0BC@ECOPBIHP@eml_refblas_xdotx?$AA@ 000000018004ea20     merging_data.obj
 0002:00000a40       ??_C@_0FK@ENLLAGHO@D?3?1Program?5Files?1MATLAB?1R2013b?1t@ 000000018004ea40     merging_data.obj
 0002:00000aa0       ??_C@_0BB@DFOOKCH@eml_refblas_xdot?$AA@ 000000018004eaa0     merging_data.obj
 0002:00000ac0       ??_C@_0FI@JIKIDDIN@D?3?1Program?5Files?1MATLAB?1R2013b?1t@ 000000018004eac0     merging_data.obj
 0002:00000b18       ??_C@_0O@IPJJFIMO@eml_blas_xdot?$AA@ 000000018004eb18     merging_data.obj
 0002:00000b30       ??_C@_0EK@DMHCEKDI@D?3?1Program?5Files?1MATLAB?1R2013b?1t@ 000000018004eb30     merging_data.obj
 0002:00000b80       ??_C@_08IABMPNNG@eml_xdot?$AA@ 000000018004eb80     merging_data.obj
 0002:00000b90       ??_C@_0EL@ODMPGMEH@D?3?1Program?5Files?1MATLAB?1R2013b?1t@ 000000018004eb90     merging_data.obj
 0002:00000be0       ??_C@_09CBOAFDHI@eml_xdotc?$AA@ 000000018004ebe0     merging_data.obj
 0002:00000bf0       ??_C@_0FL@FJNJCLDB@D?3?1Program?5Files?1MATLAB?1R2013b?1t@ 000000018004ebf0     merging_data.obj
 0002:00000c50       ??_C@_0BC@OOLKFKJL@eml_refblas_xscal?$AA@ 000000018004ec50     merging_data.obj
 0002:00000c70       ??_C@_0FJ@HNLIJLKC@D?3?1Program?5Files?1MATLAB?1R2013b?1t@ 000000018004ec70     merging_data.obj
 0002:00000cd0       ??_C@_0P@DHOAMHPF@eml_blas_xscal?$AA@ 000000018004ecd0     merging_data.obj
 0002:00000ce0       ??_C@_0EL@MGBHAGNI@D?3?1Program?5Files?1MATLAB?1R2013b?1t@ 000000018004ece0     merging_data.obj
 0002:00000d30       ??_C@_09CEIDNKAG@eml_xscal?$AA@ 000000018004ed30     merging_data.obj
 0002:00000d40       ??_C@_0FL@HJHIJCJB@D?3?1Program?5Files?1MATLAB?1R2013b?1t@ 000000018004ed40     merging_data.obj
 0002:00000da0       ??_C@_0BC@LDENLAOM@eml_refblas_xnrm2?$AA@ 000000018004eda0     merging_data.obj
 0002:00000dc0       ??_C@_0FJ@FNBJCCAC@D?3?1Program?5Files?1MATLAB?1R2013b?1t@ 000000018004edc0     merging_data.obj
 0002:00000e20       ??_C@_0P@GKBHCNIC@eml_blas_xnrm2?$AA@ 000000018004ee20     merging_data.obj
 0002:00000e30       ??_C@_0EL@OGLGLPHI@D?3?1Program?5Files?1MATLAB?1R2013b?1t@ 000000018004ee30     merging_data.obj
 0002:00000e80       ??_C@_09HJHEDAHB@eml_xnrm2?$AA@ 000000018004ee80     merging_data.obj
 0002:00000e90       ??_C@_0EG@LCDHGJIL@D?3?1Program?5Files?1MATLAB?1R2013b?1t@ 000000018004ee90     merging_data.obj
 0002:00000ed8       ??_C@_09NODCPLED@eml_relop?$AA@ 000000018004eed8     merging_data.obj
 0002:00000ef0       ??_C@_0FL@FFBMILEB@D?3?1Program?5Files?1MATLAB?1R2013b?1t@ 000000018004eef0     merging_data.obj
 0002:00000f50       ??_C@_0BB@NPNGANKF@eml_matlab_zsvdc?$AA@ 000000018004ef50     merging_data.obj
 0002:00000f70       ??_C@_0EH@IKMJDHGM@D?3?1Program?5Files?1MATLAB?1R2013b?1t@ 000000018004ef70     merging_data.obj
 0002:00000fb8       ??_C@_08CHCKEDFL@isfinite?$AA@ 000000018004efb8     merging_data.obj
 0002:00000fd0       ??_C@_0FL@GBFNPKJF@D?3?1Program?5Files?1MATLAB?1R2013b?1t@ 000000018004efd0     merging_data.obj
 0002:00001030       ??_C@_0BC@EOLAPMCA@eml_refblas_xgemm?$AA@ 000000018004f030     merging_data.obj
 0002:00001050       ??_C@_0FJ@EFDMEKAG@D?3?1Program?5Files?1MATLAB?1R2013b?1t@ 000000018004f050     merging_data.obj
 0002:000010b0       ??_C@_0P@JHOKGBEO@eml_blas_xgemm?$AA@ 000000018004f0b0     merging_data.obj
 0002:000010c0       ??_C@_0EL@POJDNHHM@D?3?1Program?5Files?1MATLAB?1R2013b?1t@ 000000018004f0c0     merging_data.obj
 0002:00001110       ??_C@_09IEIJHMLN@eml_xgemm?$AA@ 000000018004f110     merging_data.obj
 0002:00001120       ??_C@_0ED@OHEONNML@D?3?1Program?5Files?1MATLAB?1R2013b?1t@ 000000018004f120     merging_data.obj
 0002:00001164       ??_C@_06PCBFLGP@mtimes?$AA@ 000000018004f164     merging_data.obj
 0002:00001170       ??_C@_0EC@DMMGNLAM@D?3?1Program?5Files?1MATLAB?1R2013b?1t@ 000000018004f170     merging_data.obj
 0002:000011b4       ??_C@_05PLIADJJL@power?$AA@ 000000018004f1b4     merging_data.obj
 0002:000011c0       ??_C@_0EL@MDBCGIOK@D?3?1Program?5Files?1MATLAB?1R2013b?1t@ 000000018004f1c0     merging_data.obj
 0002:00001210       ??_C@_0P@PAOJKEOI@eml_min_or_max?$AA@ 000000018004f210     merging_data.obj
 0002:00001220       ??_C@_0EE@BDAMDLMM@D?3?1Program?5Files?1MATLAB?1R2013b?1t@ 000000018004f220     merging_data.obj
 0002:00001264       ??_C@_03KLIPLJLL@min?$AA@  000000018004f264     merging_data.obj
 0002:00001270       ??_C@_0ED@BBPMMBCG@D?3?1Program?5Files?1MATLAB?1R2013b?1t@ 000000018004f270     merging_data.obj
 0002:000012b4       ??_C@_04GFPJNGEK@ceil?$AA@ 000000018004f2b4     merging_data.obj
 0002:000012c0       ??_C@_0EE@HKFDGICO@D?3?1Program?5Files?1MATLAB?1R2013b?1t@ 000000018004f2c0     merging_data.obj
 0002:00001308       ??_C@_07KHOFHKNM@eml_div?$AA@ 000000018004f308     merging_data.obj
 0002:00001310       ??_C@_0EE@FIHFHHGD@D?3?1Program?5Files?1MATLAB?1R2013b?1t@ 000000018004f310     merging_data.obj
 0002:00001358       ??_C@_07EDECNBOH@rdivide?$AA@ 000000018004f358     merging_data.obj
 0002:00001360       ??_C@_0EC@OEFDIDFK@D?3?1Program?5Files?1MATLAB?1R2013b?1t@ 000000018004f360     merging_data.obj
 0002:000013a4       ??_C@_03FFONCNID@mod?$AA@  000000018004f3a4     merging_data.obj
 0002:000013b0       ??_C@_0EN@MMMHFMFD@D?3?1Program?5Files?1MATLAB?1R2013b?1t@ 000000018004f3b0     merging_data.obj
 0002:00001400       ??_C@_0BB@PACNMNAE@eml_isequal_core?$AA@ 000000018004f400     merging_data.obj
 0002:00001420       ??_C@_0EG@COBEPALK@D?3?1Program?5Files?1MATLAB?1R2013b?1t@ 000000018004f420     merging_data.obj
 0002:00001468       ??_C@_07MIMONDDE@isequal?$AA@ 000000018004f468     merging_data.obj
 0002:00001470       ??_C@_0EC@KGMPOILG@D?3?1Program?5Files?1MATLAB?1R2013b?1t@ 000000018004f470     merging_data.obj
 0002:000014b4       ??_C@_03BCGAIFPO@abs?$AA@  000000018004f4b4     merging_data.obj
 0002:000014c0       ??_C@_0EL@COBFFGME@D?3?1Program?5Files?1MATLAB?1R2013b?1t@ 000000018004f4c0     merging_data.obj
 0002:00001510       ??_C@_0P@JNIGDCNL@eml_index_prod?$AA@ 000000018004f510     merging_data.obj
 0002:00001520       ??_C@_0FL@BGPLNOJI@D?3?1Program?5Files?1MATLAB?1R2013b?1t@ 000000018004f520     merging_data.obj
 0002:00001580       ??_C@_0O@LFDEJHKC@indexIntRelop?$AA@ 000000018004f580     merging_data.obj
 0002:00001590       ??_C@_0FG@EMKGHNEE@D?3?1Program?5Files?1MATLAB?1R2013b?1t@ 000000018004f590     merging_data.obj
 0002:000015e8       ??_C@_0BK@POIJPMHI@eml_assert_valid_size_arg?$AA@ 000000018004f5e8     merging_data.obj
 0002:00001610       ??_C@_0FL@NBBAGBIN@D?3?1Program?5Files?1MATLAB?1R2013b?1t@ 000000018004f610     merging_data.obj
 0002:00001670       ??_C@_0BP@OEONONCM@eml_int_forloop_overflow_check?$AA@ 000000018004f670     merging_data.obj
 0002:00001690       ??_C@_06MAHLMFBA@sp_val?$AA@ 000000018004f690     merging.obj
 0002:00001698       ??_C@_07LFANNLCP@ref_set?$AA@ 000000018004f698     merging.obj
 0002:000016a0       ??_C@_05LPLKEINE@ref_j?$AA@ 000000018004f6a0     merging.obj
 0002:000016a8       ??_C@_06MKFCBAHH@ref_jt?$AA@ 000000018004f6a8     merging.obj
 0002:000016b0       ??_C@_05JEJHBLBH@ref_i?$AA@ 000000018004f6b0     merging.obj
 0002:000016b8       ??_C@_06MIBEKOCO@ref_it?$AA@ 000000018004f6b8     merging.obj
 0002:000016c0       ??_C@_0M@OBAPPIEN@bspline_set?$AA@ 000000018004f6c0     merging.obj
 0002:000016d0       ??_C@_0BA@JPABFFEE@adjacency_graph?$AA@ 000000018004f6d0     merging.obj
 0002:000016e0       ??_C@_06HCLHAFKH@sp_set?$AA@ 000000018004f6e0     merging.obj
 0002:000016e8       ??_C@_05PEAECDOC@pairs?$AA@ 000000018004f6e8     merging.obj
 0002:000016f0       ??_C@_0EI@EODCEDNJ@D?3?1Program?5Files?1MATLAB?1R2013b?1t@ 000000018004f6f0     merging.obj
 0002:00001738       ??_C@_0M@LOJNOHOD@eml_li_find?$AA@ 000000018004f738     merging.obj
 0002:00001750       ??_C@_0EF@JGBHADPN@D?3?1Program?5Files?1MATLAB?1R2013b?1t@ 000000018004f750     merging.obj
 0002:00001798       ??_C@_08GNEFHMND@mrdivide?$AA@ 000000018004f798     merging.obj
 0002:000017a8       ??_C@_0CM@OKOIEANM@F?3?1Git?1correspondence?1matlab_cod@ 000000018004f7a8     merging.obj
 0002:000017d8       ??_C@_07ELJOFCOK@merging?$AA@ 000000018004f7d8     merging.obj
 0002:00001910       ??_C@_0BC@DHBLDLOI@Assertion?5failed?4?$AA@ 000000018004f910     merging.obj
 0002:00001928       __real@3ff0000000000000    000000018004f928     merging.obj
 0002:00001930       __real@4024000000000000    000000018004f930     merging.obj
 0002:00001938       __real@c1e0000000000000    000000018004f938     merging.obj
 0002:00001940       __real@41e0000000000000    000000018004f940     merging.obj
 0002:000019a0       ??_C@_0EF@BMKAGAJG@D?3?1Program?5Files?1MATLAB?1R2013b?1t@ 000000018004f9a0     repmat.obj
 0002:000019e8       ??_C@_06HDIFKNJO@repmat?$AA@ 000000018004f9e8     repmat.obj
 0002:00001a38       __real@41dfffffffc00000    000000018004fa38     repmat.obj
 0002:00001a40       ??_C@_0EE@JNHFINEK@D?3?1Program?5Files?1MATLAB?1R2013b?1t@ 000000018004fa40     sum.obj
 0002:00001a84       ??_C@_03CFFIJAMA@sum?$AA@  000000018004fa84     sum.obj
 0002:00001ae0       __real@3cb0000000000000    000000018004fae0     mod.obj
 0002:00001ae8       __real@0000000000000000    000000018004fae8     mod.obj
 0002:00001af0       __real@403e000000000000    000000018004faf0     rdivide.obj
 0002:00001af8       ??_C@_0N@EIEDKOI@param_matrix?$AA@ 000000018004faf8     bspline_inv.obj
 0002:00001b08       ??_C@_01EANLCPLP@y?$AA@    000000018004fb08     bspline_inv.obj
 0002:00001b0c       ??_C@_01FJMABOPO@x?$AA@    000000018004fb0c     bspline_inv.obj
 0002:00001b10       ??_C@_02JGAADCOE@Ax?$AA@   000000018004fb10     bspline_inv.obj
 0002:00001b14       ??_C@_02IPBLADKF@Ay?$AA@   000000018004fb14     bspline_inv.obj
 0002:00001b18       ??_C@_01FHEEJDEE@A?$AA@    000000018004fb18     bspline_inv.obj
 0002:00001b20       ??_C@_0EG@NONNOBNK@D?3?1Program?5Files?1MATLAB?1R2013b?1t@ 000000018004fb20     bspline_inv.obj
 0002:00001b68       ??_C@_07EGDDPBAO@reshape?$AA@ 000000018004fb68     bspline_inv.obj
 0002:00001b70       ??_C@_0EE@FGAOHIEO@D?3?1Program?5Files?1MATLAB?1R2013b?1t@ 000000018004fb70     bspline_inv.obj
 0002:00001bb4       ??_C@_03LJAEFNNE@max?$AA@  000000018004fbb4     bspline_inv.obj
 0002:00001bb8       ??_C@_0DA@FOHBPLNB@F?3?1Git?1correspondence?1matlab_cod@ 000000018004fbb8     bspline_inv.obj
 0002:00001be8       ??_C@_0M@OAMIMCNF@bspline_inv?$AA@ 000000018004fbe8     bspline_inv.obj
 0002:00001d88       ??_C@_0DO@PCBINGDL@EMLRT?3runTime?3RepeatedExprWithDi@ 000000018004fd88     bspline_inv.obj
 0002:00001dc8       __real@4010000000000000    000000018004fdc8     bspline_inv.obj
 0002:00001dd0       ??_C@_0EO@GBLOCDLN@D?3?1Program?5Files?1MATLAB?1R2013b?1t@ 000000018004fdd0     power.obj
 0002:00001e20       ??_C@_0BC@JEELAMCJ@eml_scalexp_alloc?$AA@ 000000018004fe20     power.obj
 0002:00001e38       __real@4008000000000000    000000018004fe38     power.obj
 0002:00001e40       ??_C@_0FL@NLFBIDJL@D?3?1Program?5Files?1MATLAB?1R2013b?1t@ 000000018004fe40     pinv.obj
 0002:00001ea0       ??_C@_0BC@NHLGMHAO@eml_refblas_xswap?$AA@ 000000018004fea0     pinv.obj
 0002:00001ec0       ??_C@_0FJ@PPDADDAI@D?3?1Program?5Files?1MATLAB?1R2013b?1t@ 000000018004fec0     pinv.obj
 0002:00001f20       ??_C@_0P@OOMFKGA@eml_blas_xswap?$AA@ 000000018004ff20     pinv.obj
 0002:00001f30       ??_C@_0FO@CPJAPFEH@D?3?1Program?5Files?1MATLAB?1R2013b?1t@ 000000018004ff30     pinv.obj
 0002:00001f90       ??_C@_0BC@KFICGMOK@eml_lapack_xgesvd?$AA@ 000000018004ff90     pinv.obj
 0002:00001fb0       ??_C@_0EO@GOLLFHN@D?3?1Program?5Files?1MATLAB?1R2013b?1t@ 000000018004ffb0     pinv.obj
 0002:00002000       ??_C@_0L@BEHAIEND@eml_xgesvd?$AA@ 0000000180050000     pinv.obj
 0002:00002010       ??_C@_0ED@FFNBJMKM@D?3?1Program?5Files?1MATLAB?1R2013b?1t@ 0000000180050010     pinv.obj
 0002:00002054       ??_C@_03PGNMJFNA@svd?$AA@  0000000180050054     pinv.obj
 0002:00002060       ??_C@_0EE@PKNLINBD@D?3?1Program?5Files?1MATLAB?1R2013b?1t@ 0000000180050060     pinv.obj
 0002:000020a4       ??_C@_04LNANGIPO@pinv?$AA@ 00000001800500a4     pinv.obj
 0002:000020b0       __real@4000000000000000    00000001800500b0     pinv.obj
 0002:000020b8       __real@bff0000000000000    00000001800500b8     pinv.obj
 0002:000020c0       __real@0350000000000000    00000001800500c0     pinv.obj
 0002:000020d0       __mask@@NegDouble@         00000001800500d0     pinv.obj
 0002:000020e0       ??_C@_0EG@PFOFFIJJ@D?3?1Program?5Files?1MATLAB?1R2013b?1t@ 00000001800500e0     eml_error.obj
 0002:00002128       ??_C@_09JANBMANM@eml_error?$AA@ 0000000180050128     eml_error.obj
 0002:00002138       ??_C@_0BP@KGHOLAIN@Coder?3MATLAB?3svd_NoConvergence?$AA@ 0000000180050138     eml_error.obj
 0002:00002158       ??_C@_0BP@KBACPONM@Coder?3toolbox?3ElFunDomainError?$AA@ 0000000180050158     eml_error.obj
 0002:00002178       ??_C@_0CI@BHGKFKAI@Coder?3toolbox?3reshape_emptyResha@ 0000000180050178     eml_error.obj
 0002:000021a0       ??_C@_0CC@PHBEIKAA@Coder?3MATLAB?3svd_matrixWithNaNIn@ 00000001800501a0     eml_error.obj
 0002:000021c8       ??_C@_0CM@COBCLLKG@F?3?1Git?1correspondence?1matlab_cod@ 00000001800501c8     bspline.obj
 0002:000021f8       ??_C@_07JOJOBLCK@bspline?$AA@ 00000001800501f8     bspline.obj
 0002:000022f0       ??_C@_05FKHKFDID@index?$AA@ 00000001800502f0     getPixelsValue.obj
 0002:000022f8       ??_C@_03BALCFKBP@val?$AA@  00000001800502f8     getPixelsValue.obj
 0002:000022fc       ??_C@_03PCCGDNHJ@img?$AA@  00000001800502fc     getPixelsValue.obj
 0002:00002300       ??_C@_0DD@EHGAHANM@F?3?1Git?1correspondence?1matlab_cod@ 0000000180050300     getPixelsValue.obj
 0002:00002338       ??_C@_0P@HIKJAFDG@getPixelsValue?$AA@ 0000000180050338     getPixelsValue.obj
 0002:00002347       ??_C@_00CNPNBAHC@?$AA@     0000000180050347     merging_api.obj
 0002:00002348       ??_C@_0M@BCBBEMM@merging_api?$AA@ 0000000180050348     merging_api.obj
 0002:00002368       ??_C@_06BNJCAIGJ@double?$AA@ 0000000180050368     merging_api.obj
 0002:00002370       ??_C@_03MCAECCCA@Ref?$AA@  0000000180050370     merging_api.obj
 0002:00002374       ??_C@_03LOICLMIO@Sp2?$AA@  0000000180050374     merging_api.obj
 0002:00002378       ??_C@_0CF@OIONOIOI@EMLRT?3runTime?3TooManyOutputArgum@ 0000000180050378     merging_mex.obj
 0002:000023a0       ??_C@_0CC@IMHDKEMC@EMLRT?3runTime?3WrongNumberOfInput@ 00000001800503a0     merging_mex.obj
 0002:000023d0       ??_C@_0FA@HLMNPFDP@?$FLILXE?$FN$matlabroot$?1toolbox?1eml?1l@ 00000001800503d0     _coder_merging_info.obj
 0002:00002420       ??_C@_0EP@DKNAOIDF@?$FLILXE?$FN$matlabroot$?1toolbox?1eml?1l@ 0000000180050420     _coder_merging_info.obj
 0002:00002470       ??_C@_0FC@KAGKIDFL@?$FLILXE?$FN$matlabroot$?1toolbox?1eml?1l@ 0000000180050470     _coder_merging_info.obj
 0002:000024d0       ??_C@_0EC@CEPHODGG@?$FLILXE?$FN$matlabroot$?1toolbox?1eml?1l@ 00000001800504d0     _coder_merging_info.obj
 0002:00002518       ??_C@_0DK@JGMDEBEG@?$FLILXE?$FN$matlabroot$?1toolbox?1eml?1l@ 0000000180050518     _coder_merging_info.obj
 0002:00002558       ??_C@_0DI@IEIPGFNC@?$FLILXE?$FN$matlabroot$?1toolbox?1eml?1l@ 0000000180050558     _coder_merging_info.obj
 0002:00002590       ??_C@_05OIHEAIFD@isinf?$AA@ 0000000180050590     _coder_merging_info.obj
 0002:00002598       ??_C@_0DL@JMMGNODA@?$FLILXE?$FN$matlabroot$?1toolbox?1eml?1l@ 0000000180050598     _coder_merging_info.obj
 0002:000025d8       ??_C@_0DH@MKLJELI@?$FLILXE?$FN$matlabroot$?1toolbox?1eml?1l@ 00000001800505d8     _coder_merging_info.obj
 0002:00002610       ??_C@_0EB@JGGFMEAJ@?$FLILXE?$FN$matlabroot$?1toolbox?1eml?1l@ 0000000180050610     _coder_merging_info.obj
 0002:00002658       ??_C@_0DI@OAFICDGG@?$FLILXE?$FN$matlabroot$?1toolbox?1eml?1l@ 0000000180050658     _coder_merging_info.obj
 0002:00002690       ??_C@_0DJ@LELBHOFI@?$FLILXE?$FN$matlabroot$?1toolbox?1eml?1l@ 0000000180050690     _coder_merging_info.obj
 0002:000026cc       ??_C@_06DHCFJIMK@intmin?$AA@ 00000001800506cc     _coder_merging_info.obj
 0002:000026e0       ??_C@_0HF@KHPAKDPE@?$FLILXE?$FN$matlabroot$?1toolbox?1eml?1l@ 00000001800506e0     _coder_merging_info.obj
 0002:00002760       ??_C@_0EA@NHKEHCBE@?$FLILXE?$FN$matlabroot$?1toolbox?1eml?1l@ 0000000180050760     _coder_merging_info.obj
 0002:000027a0       ??_C@_0BA@DCOEOBGC@eml_index_times?$AA@ 00000001800507a0     _coder_merging_info.obj
 0002:000027b0       ??_C@_0EA@FCCELNDI@?$FLILXE?$FN$matlabroot$?1toolbox?1eml?1l@ 00000001800507b0     _coder_merging_info.obj
 0002:000027f0       ??_C@_0BA@BIKOLOKP@eml_index_minus?$AA@ 00000001800507f0     _coder_merging_info.obj
 0002:00002800       ??_C@_0EP@OJBJJOB@?$FLILXE?$FN$matlabroot$?1toolbox?1eml?1l@ 0000000180050800     _coder_merging_info.obj
 0002:00002850       ??_C@_0EN@INEGCLMI@?$FLILXE?$FN$matlabroot$?1toolbox?1eml?1l@ 0000000180050850     _coder_merging_info.obj
 0002:000028a0       ??_C@_0EF@OACOOKJN@?$FLILXE?$FN$matlabroot$?1toolbox?1eml?1l@ 00000001800508a0     _coder_merging_info.obj
 0002:000028e8       ??_C@_0BA@OPOLJENJ@eml_blas_inline?$AA@ 00000001800508e8     _coder_merging_info.obj
 0002:000028f8       ??_C@_0DP@KKDHCFNH@?$FLILXE?$FN$matlabroot$?1toolbox?1eml?1l@ 00000001800508f8     _coder_merging_info.obj
 0002:00002938       ??_C@_0DH@LODENFNP@?$FLILXE?$FN$matlabroot$?1toolbox?1eml?1l@ 0000000180050938     _coder_merging_info.obj
 0002:00002970       ??_C@_0EJ@ICIFOOJM@?$FLILXE?$FN$matlabroot$?1toolbox?1eml?1l@ 0000000180050970     _coder_merging_info.obj
 0002:000029c0       ??_C@_0EC@EDKCHFKG@?$FLILXE?$FN$matlabroot$?1toolbox?1eml?1l@ 00000001800509c0     _coder_merging_info.obj
 0002:00002a08       ??_C@_0DP@JAKKLAFJ@?$FLILXE?$FN$matlabroot$?1toolbox?1eml?1l@ 0000000180050a08     _coder_merging_info.obj
 0002:00002a48       ??_C@_0DG@PFPDNIHA@?$FLILXE?$FN$matlabroot$?1toolbox?1eml?1l@ 0000000180050a48     _coder_merging_info.obj
 0002:00002a80       ??_C@_0ED@BIIMGNAK@?$FLILXE?$FN$matlabroot$?1toolbox?1eml?1l@ 0000000180050a80     _coder_merging_info.obj
 0002:00002ac8       ??_C@_0BB@DKCPHGKF@eml_scalar_floor?$AA@ 0000000180050ac8     _coder_merging_info.obj
 0002:00002ae0       ??_C@_0DI@KHEKJDFK@?$FLILXE?$FN$matlabroot$?1toolbox?1eml?1l@ 0000000180050ae0     _coder_merging_info.obj
 0002:00002b18       ??_C@_0DI@EMINNGDL@?$FLILXE?$FN$matlabroot$?1toolbox?1eml?1l@ 0000000180050b18     _coder_merging_info.obj
 0002:00002b50       ??_C@_0DI@ECPGNJBG@?$FLILXE?$FN$matlabroot$?1toolbox?1eml?1l@ 0000000180050b50     _coder_merging_info.obj
 0002:00002b88       ??_C@_0DK@NBBBHAFE@?$FLILXE?$FN$matlabroot$?1toolbox?1eml?1l@ 0000000180050b88     _coder_merging_info.obj
 0002:00002bc8       ??_C@_0BA@DMFOHEOD@function_handle?$AA@ 0000000180050bc8     _coder_merging_info.obj
 0002:00002be0       ??_C@_0EP@LONMACPJ@?$FLILXE?$FN$matlabroot$?1toolbox?1eml?1l@ 0000000180050be0     _coder_merging_info.obj
 0002:00002c30       ??_C@_0DP@KEPDCHIB@?$FLILXE?$FN$matlabroot$?1toolbox?1eml?1l@ 0000000180050c30     _coder_merging_info.obj
 0002:00002c70       ??_C@_0BI@MOBBIOAA@coder?4internal?4indexInt?$AA@ 0000000180050c70     _coder_merging_info.obj
 0002:00002c88       ??_C@_0P@DJHCLAEH@eml_index_plus?$AA@ 0000000180050c88     _coder_merging_info.obj
 0002:00002c98       ??_C@_0DI@NOGOOKFE@?$FLILXE?$FN$matlabroot$?1toolbox?1eml?1l@ 0000000180050c98     _coder_merging_info.obj
 0002:00002cd0       ??_C@_05LGCGPNNP@isnan?$AA@ 0000000180050cd0     _coder_merging_info.obj
 0002:00002ce0       ??_C@_0FA@NLJKFOCK@?$FLILXE?$FN$matlabroot$?1toolbox?1eml?1l@ 0000000180050ce0     _coder_merging_info.obj
 0002:00002d30       ??_C@_0EA@GLIAMHNI@?$FLILXE?$FN$matlabroot$?1toolbox?1eml?1l@ 0000000180050d30     _coder_merging_info.obj
 0002:00002d70       ??_C@_0BA@LGKKDMEL@eml_index_class?$AA@ 0000000180050d70     _coder_merging_info.obj
 0002:00002d80       ??_C@_0DO@FIFFNPJ@?$FLILXE?$FN$matlabroot$?1toolbox?1eml?1l@ 0000000180050d80     _coder_merging_info.obj
 0002:00002dc0       ??_C@_0O@DGEIFEHG@eml_scalar_eg?$AA@ 0000000180050dc0     _coder_merging_info.obj
 0002:00002dd0       ??_C@_0EL@PHDBKCJB@?$FLILXE?$FN$matlabroot$?1toolbox?1eml?1l@ 0000000180050dd0     _coder_merging_info.obj
 0002:00002e20       ??_C@_0BL@CDOFOJKC@eml_const_nonsingleton_dim?$AA@ 0000000180050e20     _coder_merging_info.obj
 0002:00002e40       ??_C@_0EM@LIFKDPLC@?$FLILXE?$FN$matlabroot$?1toolbox?1eml?1l@ 0000000180050e40     _coder_merging_info.obj
 0002:00002e90       ??_C@_0DP@JHLGJKEB@?$FLILXE?$FN$matlabroot$?1toolbox?1eml?1l@ 0000000180050e90     _coder_merging_info.obj
 0002:00002ed0       ??_C@_04ENMBGAPA@char?$AA@ 0000000180050ed0     _coder_merging_info.obj
 0002:00002ed8       ??_C@_0DI@JIPJFLJ@?$FLILXE?$FN$matlabroot$?1toolbox?1eml?1l@ 0000000180050ed8     _coder_merging_info.obj
 0002:00002f10       ??_C@_0DJ@LGGCAFOA@?$FLILXE?$FN$matlabroot$?1toolbox?1eml?1l@ 0000000180050f10     _coder_merging_info.obj
 0002:00002f50       ??_C@_0DD@MPEGEKC@?$FLE?$FNF?3?1Git?1correspondence?1matlab_@ 0000000180050f50     _coder_merging_info.obj
 0002:00002f88       ??_C@_0CP@JODJEPBC@?$FLE?$FNF?3?1Git?1correspondence?1matlab_@ 0000000180050f88     _coder_merging_info.obj
 0002:00002fc0       ??_C@_0EC@FOBJIPAB@?$FLILXE?$FN$matlabroot$?1toolbox?1eml?1l@ 0000000180050fc0     _coder_merging_info.obj
 0002:00003008       ??_C@_0BA@LOGEJEPK@eml_scalar_ceil?$AA@ 0000000180051008     _coder_merging_info.obj
 0002:00003018       ??_C@_03ONJNNIPF@lhs?$AA@  0000000180051018     _coder_merging_info.obj
 0002:0000301c       ??_C@_03FNFLPIFJ@rhs?$AA@  000000018005101c     _coder_merging_info.obj
 0002:00003020       ??_C@_0M@FMAJFPGC@mFileTimeHi?$AA@ 0000000180051020     _coder_merging_info.obj
 0002:00003030       ??_C@_0M@NFKFADI@mFileTimeLo?$AA@ 0000000180051030     _coder_merging_info.obj
 0002:00003040       ??_C@_0L@HMDKMKNA@fileTimeHi?$AA@ 0000000180051040     _coder_merging_info.obj
 0002:00003050       ??_C@_0L@CNGJMFIK@fileTimeLo?$AA@ 0000000180051050     _coder_merging_info.obj
 0002:00003060       ??_C@_08CGJBBLIA@resolved?$AA@ 0000000180051060     _coder_merging_info.obj
 0002:00003070       ??_C@_0FB@CNDLNLEB@?$FLIXE?$FN$matlabroot$?1toolbox?1shared@ 0000000180051070     _coder_merging_info.obj
 0002:000030c8       ??_C@_0N@IGLAPNJK@dominantType?$AA@ 00000001800510c8     _coder_merging_info.obj
 0002:000030d8       ??_C@_04MEMAJGDJ@name?$AA@ 00000001800510d8     _coder_merging_info.obj
 0002:000030e0       ??_C@_0CA@GGIPMLJM@coder?4internal?4isBuiltInNumeric?$AA@ 00000001800510e0     _coder_merging_info.obj
 0002:00003100       ??_C@_07JKKCBBMM@context?$AA@ 0000000180051100     _coder_merging_info.obj
 0002:00003108       ??_C@_0DH@EIIGMJDC@?$FLILXE?$FN$matlabroot$?1toolbox?1eml?1l@ 0000000180051108     _coder_merging_info.obj
 0002:00003140       ??_C@_0DN@PMMHPPNL@?$FLILXE?$FN$matlabroot$?1toolbox?1eml?1l@ 0000000180051140     _coder_merging_info.obj
 0002:00003180       ??_C@_0N@DLHLLFPN@eml_isa_uint?$AA@ 0000000180051180     _coder_merging_info.obj
 0002:00003190       ??_C@_0EP@JFACCOGF@?$FLILXE?$FN$matlabroot$?1toolbox?1eml?1l@ 0000000180051190     _coder_merging_info.obj
 0002:000031e0       ??_C@_0EN@BGNFJMEM@?$FLILXE?$FN$matlabroot$?1toolbox?1eml?1l@ 00000001800511e0     _coder_merging_info.obj
 0002:00003230       ??_C@_0DP@DBKEJCFD@?$FLILXE?$FN$matlabroot$?1toolbox?1eml?1l@ 0000000180051230     _coder_merging_info.obj
 0002:00003270       ??_C@_0FH@FFMAOMLE@?$FLILXE?$FN$matlabroot$?1toolbox?1eml?1l@ 0000000180051270     _coder_merging_info.obj
 0002:000032d0       ??_C@_0EP@JENFPCEE@?$FLILXE?$FN$matlabroot$?1toolbox?1eml?1l@ 00000001800512d0     _coder_merging_info.obj
 0002:00003320       ??_C@_0EO@DBKPJDKI@?$FLILXE?$FN$matlabroot$?1toolbox?1eml?1l@ 0000000180051320     _coder_merging_info.obj
 0002:00003370       ??_C@_0EM@DFJIHNLP@?$FLILXE?$FN$matlabroot$?1toolbox?1eml?1l@ 0000000180051370     _coder_merging_info.obj
 0002:000033c0       ??_C@_0DO@EGNHMIMO@?$FLILXE?$FN$matlabroot$?1toolbox?1eml?1l@ 00000001800513c0     _coder_merging_info.obj
 0002:00003400       ??_C@_0DP@LHGLJOOM@?$FLILXE?$FN$matlabroot$?1toolbox?1eml?1l@ 0000000180051400     _coder_merging_info.obj
 0002:00003440       ??_C@_0EP@DGBFEIEF@?$FLILXE?$FN$matlabroot$?1toolbox?1eml?1l@ 0000000180051440     _coder_merging_info.obj
 0002:00003490       ??_C@_0EN@LFMCPKGM@?$FLILXE?$FN$matlabroot$?1toolbox?1eml?1l@ 0000000180051490     _coder_merging_info.obj
 0002:000034e0       ??_C@_0DP@JCLDPEHD@?$FLILXE?$FN$matlabroot$?1toolbox?1eml?1l@ 00000001800514e0     _coder_merging_info.obj
 0002:00003520       ??_C@_0DI@GANAMGFL@?$FLILXE?$FN$matlabroot$?1toolbox?1eml?1l@ 0000000180051520     _coder_merging_info.obj
 0002:00003560       ??_C@_0EA@BFEKENJA@?$FLILXE?$FN$matlabroot$?1toolbox?1eml?1l@ 0000000180051560     _coder_merging_info.obj
 0002:000035a0       ??_C@_0BA@PBHEJPIB@eml_float_model?$AA@ 00000001800515a0     _coder_merging_info.obj
 0002:000035b0       ??_C@_0DM@IBJBHDMD@?$FLILXE?$FN$matlabroot$?1toolbox?1eml?1l@ 00000001800515b0     _coder_merging_info.obj
 0002:000035f0       ??_C@_0M@BEAOLJKK@eml_realmin?$AA@ 00000001800515f0     _coder_merging_info.obj
 0002:00003600       ??_C@_0DK@LKBJFIMJ@?$FLILXE?$FN$matlabroot$?1toolbox?1eml?1l@ 0000000180051600     _coder_merging_info.obj
 0002:00003640       ??_C@_07EHHIAKNC@realmin?$AA@ 0000000180051640     _coder_merging_info.obj
 0002:00003648       ??_C@_0DG@GPPKOLMK@?$FLILXE?$FN$matlabroot$?1toolbox?1eml?1l@ 0000000180051648     _coder_merging_info.obj
 0002:00003680       ??_C@_0EP@BGLEPBOF@?$FLILXE?$FN$matlabroot$?1toolbox?1eml?1l@ 0000000180051680     _coder_merging_info.obj
 0002:000036d0       ??_C@_0EN@JFGDEDMM@?$FLILXE?$FN$matlabroot$?1toolbox?1eml?1l@ 00000001800516d0     _coder_merging_info.obj
 0002:00003720       ??_C@_0DP@LCBCENND@?$FLILXE?$FN$matlabroot$?1toolbox?1eml?1l@ 0000000180051720     _coder_merging_info.obj
 0002:00003760       ??_C@_0EO@OCDIBMGI@?$FLIXE?$FN$matlabroot$?1toolbox?1shared@ 0000000180051760     _coder_merging_info.obj
 0002:000037b0       ??_C@_0BN@EIMLBOBO@coder?4internal?4indexIntRelop?$AA@ 00000001800517b0     _coder_merging_info.obj
 0002:000037d0       ??_C@_0FH@BDMJPNAA@?$FLILXE?$FN$matlabroot$?1toolbox?1eml?1l@ 00000001800517d0     _coder_merging_info.obj
 0002:00003830       ??_C@_0EJ@HLMHKLKO@?$FLIXE?$FN$matlabroot$?1toolbox?1shared@ 0000000180051830     _coder_merging_info.obj
 0002:00003880       ??_C@_0BI@LDCJGPIC@coder?4internal?4prodsize?$AA@ 0000000180051880     _coder_merging_info.obj
 0002:000038a0       ??_C@_0ED@JIBDCDEA@?$FLILXE?$FN$matlabroot$?1toolbox?1eml?1l@ 00000001800518a0     _coder_merging_info.obj
 0002:000038e8       ??_C@_0BD@PIJOPFN@eml_matrix_vstride?$AA@ 00000001800518e8     _coder_merging_info.obj
 0002:00003900       ??_C@_0DJ@PBLDDNNK@?$FLILXE?$FN$matlabroot$?1toolbox?1eml?1l@ 0000000180051900     _coder_merging_info.obj
 0002:0000393c       ??_C@_06CFKOHMKF@intmax?$AA@ 000000018005193c     _coder_merging_info.obj
 0002:00003950       ??_C@_0EF@MJHDOJL@?$FLILXE?$FN$matlabroot$?1toolbox?1eml?1l@ 0000000180051950     _coder_merging_info.obj
 0002:00003998       ??_C@_0BF@ILCPNKP@eml_assert_valid_dim?$AA@ 0000000180051998     _coder_merging_info.obj
 0002:000039b0       ??_C@_0DI@IHPGCDDP@?$FLILXE?$FN$matlabroot$?1toolbox?1eml?1l@ 00000001800519b0     _coder_merging_info.obj
 0002:000039e8       ??_C@_0DP@HKLBKEGP@?$FLILXE?$FN$matlabroot$?1toolbox?1eml?1l@ 00000001800519e8     _coder_merging_info.obj
 0002:00003a30       ??_C@_0EK@OCGHDCDA@?$FLILXE?$FN$matlabroot$?1toolbox?1eml?1l@ 0000000180051a30     _coder_merging_info.obj
 0002:00003a80       ??_C@_0EK@JNKAINMC@?$FLILXE?$FN$matlabroot$?1toolbox?1eml?1l@ 0000000180051a80     _coder_merging_info.obj
 0002:00003ad0       ??_C@_0DK@LNPLPIAF@?$FLILXE?$FN$matlabroot$?1toolbox?1eml?1l@ 0000000180051ad0     _coder_merging_info.obj
 0002:00003b10       ??_C@_0EB@JMHDJNBF@?$FLILXE?$FN$matlabroot$?1toolbox?1eml?1l@ 0000000180051b10     _coder_merging_info.obj
 0002:00003b58       ??_C@_0P@DEOLODNE@eml_scalar_abs?$AA@ 0000000180051b58     _coder_merging_info.obj
 0002:00003b70       ??_C@_0EP@LEJNOAOP@?$FLILXE?$FN$matlabroot$?1toolbox?1eml?1l@ 0000000180051b70     _coder_merging_info.obj
 0002:00003bc0       ??_C@_0EN@DHEKFCMG@?$FLILXE?$FN$matlabroot$?1toolbox?1eml?1l@ 0000000180051bc0     _coder_merging_info.obj
 0002:00003c10       ??_C@_0DP@BADLFMNJ@?$FLILXE?$FN$matlabroot$?1toolbox?1eml?1l@ 0000000180051c10     _coder_merging_info.obj
 0002:00003c50       ??_C@_0EO@OECAHCCO@?$FLILXE?$FN$matlabroot$?1toolbox?1eml?1l@ 0000000180051c50     _coder_merging_info.obj
 0002:00003ca0       ??_C@_0EM@OABHJMDJ@?$FLILXE?$FN$matlabroot$?1toolbox?1eml?1l@ 0000000180051ca0     _coder_merging_info.obj
 0002:00003cf0       ??_C@_0DO@JDFICJEI@?$FLILXE?$FN$matlabroot$?1toolbox?1eml?1l@ 0000000180051cf0     _coder_merging_info.obj
 0002:00003d30       ??_C@_0FN@JMEPLDJD@?$FLILXE?$FN$matlabroot$?1toolbox?1eml?1l@ 0000000180051d30     _coder_merging_info.obj
 0002:00003d90       ??_C@_0EP@JIKBBMHJ@?$FLILXE?$FN$matlabroot$?1toolbox?1eml?1l@ 0000000180051d90     _coder_merging_info.obj
 0002:00003de0       ??_C@_0EN@BLHGKOFA@?$FLILXE?$FN$matlabroot$?1toolbox?1eml?1l@ 0000000180051de0     _coder_merging_info.obj
 0002:00003e30       ??_C@_0DP@DMAHKAEP@?$FLILXE?$FN$matlabroot$?1toolbox?1eml?1l@ 0000000180051e30     _coder_merging_info.obj
 0002:00003e70       ??_C@_0EC@CDBNIKKB@?$FLILXE?$FN$matlabroot$?1toolbox?1eml?1l@ 0000000180051e70     _coder_merging_info.obj
 0002:00003eb8       ??_C@_0BA@JDJHBHHI@eml_scalar_sqrt?$AA@ 0000000180051eb8     _coder_merging_info.obj
 0002:00003ec8       ??_C@_0DH@DFICMMJC@?$FLILXE?$FN$matlabroot$?1toolbox?1eml?1l@ 0000000180051ec8     _coder_merging_info.obj
 0002:00003f00       ??_C@_0DG@KPMKIFH@?$FLILXE?$FN$matlabroot$?1toolbox?1eml?1l@ 0000000180051f00     _coder_merging_info.obj
 0002:00003f38       ??_C@_03ICKAGFLH@eps?$AA@  0000000180051f38     _coder_merging_info.obj
 0002:00003f40       ??_C@_0FL@GPBDMKGF@?$FLILXE?$FN$matlabroot$?1toolbox?1eml?1l@ 0000000180051f40     _coder_merging_info.obj
 0002:00003fa0       ??_C@_0FD@MCJDAGBD@?$FLILXE?$FN$matlabroot$?1toolbox?1eml?1l@ 0000000180051fa0     _coder_merging_info.obj
 0002:00004000       ??_C@_0FA@NDJMCNLE@?$FLILXE?$FN$matlabroot$?1toolbox?1eml?1l@ 0000000180052000     _coder_merging_info.obj
 0002:00004050       ??_C@_0FB@BNILGHPG@?$FLILXE?$FN$matlabroot$?1toolbox?1eml?1l@ 0000000180052050     _coder_merging_info.obj
 0002:000040b0       ??_C@_0EE@IHNMKGA@?$FLILXE?$FN$matlabroot$?1toolbox?1eml?1l@ 00000001800520b0     _coder_merging_info.obj
 0002:000040f8       ??_C@_0DG@HKNMEHPN@?$FLE?$FNF?3?1Git?1correspondence?1matlab_@ 00000001800520f8     _coder_merging_info.obj
 0002:00004130       ??_C@_05GIMEPBJB@int32?$AA@ 0000000180052130     _coder_merging_info.obj
 0002:00004140       ??_C@_0EK@DAIIEKFK@?$FLILXE?$FN$matlabroot$?1toolbox?1eml?1l@ 0000000180052140     _coder_merging_info.obj
 0002:00004190       ??_C@_0DM@CMPJFBOP@?$FLILXE?$FN$matlabroot$?1toolbox?1eml?1l@ 0000000180052190     _coder_merging_info.obj
 0002:000041d0       ??_C@_0CP@FKMDLEGI@?$FLE?$FNF?3?1Git?1correspondence?1matlab_@ 00000001800521d0     _coder_merging_info.obj
 0002:00004200       ??_C@_06PBJBIPGK@struct?$AA@ 0000000180052200     _coder_merging_info.obj
 0002:00004210       ??_C@_0EF@MHCOAOPO@?$FLILXE?$FN$matlabroot$?1toolbox?1eml?1l@ 0000000180052210     _coder_merging_info.obj
 0002:00004260       ??_C@_0EC@KCMPNKKM@?$FLILXE?$FN$matlabroot$?1toolbox?1eml?1l@ 0000000180052260     _coder_merging_info.obj
 0002:000042a8       ??_C@_0BC@KFDFJODE@eml_matrix_npages?$AA@ 00000001800522a8     _coder_merging_info.obj
 0002:000042c0       ??_C@_0EH@ELBOGDPJ@?$FLILXE?$FN$matlabroot$?1toolbox?1eml?1l@ 00000001800522c0     _coder_merging_info.obj
 0002:00004308       ??_C@_0BH@LFDIDDBI@eml_scalexp_compatible?$AA@ 0000000180052308     _coder_merging_info.obj
 0002:00004320       ??_C@_0DI@PBKCBADP@?$FLILXE?$FN$matlabroot$?1toolbox?1eml?1l@ 0000000180052320     _coder_merging_info.obj
 0002:00004358       ??_C@_07HBNJHBAD@eml_eps?$AA@ 0000000180052358     _coder_merging_info.obj
 0002:00004360       ??_C@_0ED@NGEOFMII@?$FLILXE?$FN$matlabroot$?1toolbox?1eml?1l@ 0000000180052360     _coder_merging_info.obj
 0002:000043a8       ??_C@_0BD@EACIBKCB@eml_is_float_class?$AA@ 00000001800523a8     _coder_merging_info.obj
 0002:000043c0       ??_C@_0ED@DLMKEIEI@?$FLILXE?$FN$matlabroot$?1toolbox?1eml?1l@ 00000001800523c0     _coder_merging_info.obj
 0002:00004408       ??_C@_0BB@MHDGCEOD@eml_scalar_round?$AA@ 0000000180052408     _coder_merging_info.obj
 0002:00004420       ??_C@_0DP@MAHEJPGM@?$FLILXE?$FN$matlabroot$?1toolbox?1eml?1l@ 0000000180052420     _coder_merging_info.obj
 0002:00004460       ??_C@_0DG@CNGGIACG@?$FLILXE?$FN$matlabroot$?1toolbox?1eml?1l@ 0000000180052460     _coder_merging_info.obj
 0002:000044a0       ??_C@_0EB@NCIHPOOF@?$FLILXE?$FN$matlabroot$?1toolbox?1eml?1l@ 00000001800524a0     _coder_merging_info.obj
 0002:000044e8       ??_C@_0DK@ENDCOJGF@?$FLILXE?$FN$matlabroot$?1toolbox?1eml?1l@ 00000001800524e8     _coder_merging_info.obj
 0002:00004530       ??_C@_0FJ@NLDFBDAC@?$FLILXE?$FN$matlabroot$?1toolbox?1eml?1l@ 0000000180052530     _coder_merging_info.obj
 0002:00004590       ??_C@_0GG@OHNAOPF@?$FLIXE?$FN$matlabroot$?1toolbox?1shared@ 0000000180052590     _coder_merging_info.obj
 0002:00004600       ??_C@_0HB@PKGEOBOK@?$FLIXE?$FN$matlabroot$?1toolbox?1shared@ 0000000180052600     _coder_merging_info.obj
 0002:00004680       ??_C@_0EF@DPCDEFCH@?$FLILXE?$FN$matlabroot$?1toolbox?1eml?1l@ 0000000180052680     _coder_merging_info.obj
 0002:000046c8       ??_C@_0BF@NDLHKLNB@eml_is_integer_class?$AA@ 00000001800526c8     _coder_merging_info.obj
 0002:000046e0       ??_C@_0FF@HJMFBFKK@?$FLILXE?$FN$matlabroot$?1toolbox?1eml?1l@ 00000001800526e0     _coder_merging_info.obj
 0002:00004740       ??_C@_0FF@BHCOHPII@?$FLILXE?$FN$matlabroot$?1toolbox?1eml?1l@ 0000000180052740     _coder_merging_info.obj
 0002:00004798       ??_C@_0DJ@DMNFGGIL@?$FLILXE?$FN$matlabroot$?1toolbox?1eml?1l@ 0000000180052798     _coder_merging_info.obj
 0002:000047e0       ??_C@_0EA@MGDACNOI@?$FLILXE?$FN$matlabroot$?1toolbox?1eml?1l@ 00000001800527e0     _coder_merging_info.obj
 0002:00004820       ??_C@_0DH@COGCLMCI@?$FLILXE?$FN$matlabroot$?1toolbox?1eml?1l@ 0000000180052820     _coder_merging_info.obj
 0002:00004858       ??_C@_07EIHKFOOB@logical?$AA@ 0000000180052858     _coder_merging_info.obj
 0002:00004860       ??_C@_0BD@OBCMJNNI@8?42?40?4701?5?$CIR2013b?$CJ?$AA@ 0000000180052860     _coder_merging_info.obj
 0002:00004878       __real@4018000000000000    0000000180052878     _coder_merging_info.obj
 0002:00004880       ??_C@_0P@FDPDNMBC@ConstantInputs?$AA@ 0000000180052880     _coder_merging_info.obj
 0002:00004890       ??_C@_0BA@HBLCOFA@NumberOfOutputs?$AA@ 0000000180052890     _coder_merging_info.obj
 0002:000048a0       ??_C@_0P@DJPKAEOC@NumberOfInputs?$AA@ 00000001800528a0     _coder_merging_info.obj
 0002:000048b0       ??_C@_04FABLJDN@Name?$AA@  00000001800528b0     _coder_merging_info.obj
 0002:000048b8       ??_C@_0N@HPEKDNOD@CoverageInfo?$AA@ 00000001800528b8     _coder_merging_info.obj
 0002:000048c8       ??_C@_0M@HOOGCLMJ@EntryPoints?$AA@ 00000001800528c8     _coder_merging_info.obj
 0002:000048d8       ??_C@_0BC@PFKIGKIM@ResolvedFunctions?$AA@ 00000001800528d8     _coder_merging_info.obj
 0002:000048f0       ??_C@_07NGFJPNPN@Version?$AA@ 00000001800528f0     _coder_merging_info.obj
 0002:000048f8       _pRawDllMain               00000001800528f8     MSVCRT:crtdll.obj
 0002:000048f8       _pDefaultRawDllMain        00000001800528f8     MSVCRT:crtdll.obj
 0002:00004910       __rtc_iaa                  0000000180052910     MSVCRT:_initsect_.obj
 0002:00004918       __rtc_izz                  0000000180052918     MSVCRT:_initsect_.obj
 0002:00004920       __rtc_taa                  0000000180052920     MSVCRT:_initsect_.obj
 0002:00004928       __rtc_tzz                  0000000180052928     MSVCRT:_initsect_.obj
 0002:000053d0       __IMPORT_DESCRIPTOR_libmx  00000001800533d0     libmx:libmx.dll
 0002:000053e4       __IMPORT_DESCRIPTOR_libmex 00000001800533e4     libmex:libmex.dll
 0002:000053f8       __IMPORT_DESCRIPTOR_libemlrt 00000001800533f8     libemlrt:libemlrt.dll
 0002:0000540c       __IMPORT_DESCRIPTOR_libmwblas 000000018005340c     libmwblas:libmwblas.dll
 0002:00005420       __IMPORT_DESCRIPTOR_libmwmathutil 0000000180053420     libmwmathutil:libmwmathutil.dll
 0002:00005434       __IMPORT_DESCRIPTOR_MSVCR100 0000000180053434     MSVCRT:MSVCR100.dll
 0002:00005448       __IMPORT_DESCRIPTOR_KERNEL32 0000000180053448     kernel32:KERNEL32.dll
 0002:0000545c       __NULL_IMPORT_DESCRIPTOR   000000018005345c     libmx:libmx.dll
 0003:00000000       tb_emlrtRSI                0000000180055000     merging_data.obj
 0003:00000018       ub_emlrtRSI                0000000180055018     merging_data.obj
 0003:00000030       dc_emlrtRSI                0000000180055030     merging_data.obj
 0003:00000048       ec_emlrtRSI                0000000180055048     merging_data.obj
 0003:00000060       gc_emlrtRSI                0000000180055060     merging_data.obj
 0003:00000078       hc_emlrtRSI                0000000180055078     merging_data.obj
 0003:00000090       ic_emlrtRSI                0000000180055090     merging_data.obj
 0003:000000a8       lc_emlrtRSI                00000001800550a8     merging_data.obj
 0003:000000c0       mc_emlrtRSI                00000001800550c0     merging_data.obj
 0003:000000d8       nc_emlrtRSI                00000001800550d8     merging_data.obj
 0003:000000f0       qc_emlrtRSI                00000001800550f0     merging_data.obj
 0003:00000108       rc_emlrtRSI                0000000180055108     merging_data.obj
 0003:00000120       sc_emlrtRSI                0000000180055120     merging_data.obj
 0003:00000138       tc_emlrtRSI                0000000180055138     merging_data.obj
 0003:00000150       uc_emlrtRSI                0000000180055150     merging_data.obj
 0003:00000168       vc_emlrtRSI                0000000180055168     merging_data.obj
 0003:00000180       wc_emlrtRSI                0000000180055180     merging_data.obj
 0003:00000198       xc_emlrtRSI                0000000180055198     merging_data.obj
 0003:000001b0       yc_emlrtRSI                00000001800551b0     merging_data.obj
 0003:000001c8       bd_emlrtRSI                00000001800551c8     merging_data.obj
 0003:000001e0       cd_emlrtRSI                00000001800551e0     merging_data.obj
 0003:000001f8       dd_emlrtRSI                00000001800551f8     merging_data.obj
 0003:00000210       xd_emlrtRSI                0000000180055210     merging_data.obj
 0003:00000228       yd_emlrtRSI                0000000180055228     merging_data.obj
 0003:00000240       be_emlrtRSI                0000000180055240     merging_data.obj
 0003:00000258       ce_emlrtRSI                0000000180055258     merging_data.obj
 0003:00000270       de_emlrtRSI                0000000180055270     merging_data.obj
 0003:00000288       ee_emlrtRSI                0000000180055288     merging_data.obj
 0003:000002a0       fe_emlrtRSI                00000001800552a0     merging_data.obj
 0003:000002b8       le_emlrtRSI                00000001800552b8     merging_data.obj
 0003:000002d0       me_emlrtRSI                00000001800552d0     merging_data.obj
 0003:000002e8       ne_emlrtRSI                00000001800552e8     merging_data.obj
 0003:00000300       oe_emlrtRSI                0000000180055300     merging_data.obj
 0003:00000318       pe_emlrtRSI                0000000180055318     merging_data.obj
 0003:00000330       qe_emlrtRSI                0000000180055330     merging_data.obj
 0003:00000348       re_emlrtRSI                0000000180055348     merging_data.obj
 0003:00000360       se_emlrtRSI                0000000180055360     merging_data.obj
 0003:00000378       te_emlrtRSI                0000000180055378     merging_data.obj
 0003:00000390       ue_emlrtRSI                0000000180055390     merging_data.obj
 0003:000003a8       ve_emlrtRSI                00000001800553a8     merging_data.obj
 0003:000003c0       we_emlrtRSI                00000001800553c0     merging_data.obj
 0003:000003d8       xe_emlrtRSI                00000001800553d8     merging_data.obj
 0003:000003f0       ye_emlrtRSI                00000001800553f0     merging_data.obj
 0003:00000408       af_emlrtRSI                0000000180055408     merging_data.obj
 0003:00000420       bf_emlrtRSI                0000000180055420     merging_data.obj
 0003:00000438       cf_emlrtRSI                0000000180055438     merging_data.obj
 0003:00000450       df_emlrtRSI                0000000180055450     merging_data.obj
 0003:00000468       ef_emlrtRSI                0000000180055468     merging_data.obj
 0003:00000480       ff_emlrtRSI                0000000180055480     merging_data.obj
 0003:00000498       gf_emlrtRSI                0000000180055498     merging_data.obj
 0003:000004b0       hf_emlrtRSI                00000001800554b0     merging_data.obj
 0003:000004c8       if_emlrtRSI                00000001800554c8     merging_data.obj
 0003:000004e0       xf_emlrtRSI                00000001800554e0     merging_data.obj
 0003:000004f8       pj_emlrtRSI                00000001800554f8     merging_data.obj
 0003:00000510       qj_emlrtRSI                0000000180055510     merging_data.obj
 0003:00000528       hm_emlrtRSI                0000000180055528     merging_data.obj
 0003:00000540       im_emlrtRSI                0000000180055540     merging_data.obj
 0003:00000558       jm_emlrtRSI                0000000180055558     merging_data.obj
 0003:00000570       km_emlrtRSI                0000000180055570     merging_data.obj
 0003:00000588       lm_emlrtRSI                0000000180055588     merging_data.obj
 0003:000005a0       mm_emlrtRSI                00000001800555a0     merging_data.obj
 0003:000005b8       nm_emlrtRSI                00000001800555b8     merging_data.obj
 0003:000005d0       om_emlrtRSI                00000001800555d0     merging_data.obj
 0003:000005e8       pm_emlrtRSI                00000001800555e8     merging_data.obj
 0003:00000600       qm_emlrtRSI                0000000180055600     merging_data.obj
 0003:00000618       rm_emlrtRSI                0000000180055618     merging_data.obj
 0003:00000630       sm_emlrtRSI                0000000180055630     merging_data.obj
 0003:00000648       tm_emlrtRSI                0000000180055648     merging_data.obj
 0003:00000660       um_emlrtRSI                0000000180055660     merging_data.obj
 0003:00000678       vm_emlrtRSI                0000000180055678     merging_data.obj
 0003:00000690       wm_emlrtRSI                0000000180055690     merging_data.obj
 0003:000006a8       xm_emlrtRSI                00000001800556a8     merging_data.obj
 0003:000006c0       ym_emlrtRSI                00000001800556c0     merging_data.obj
 0003:000006d8       an_emlrtRSI                00000001800556d8     merging_data.obj
 0003:000006f0       bn_emlrtRSI                00000001800556f0     merging_data.obj
 0003:00000708       cn_emlrtRSI                0000000180055708     merging_data.obj
 0003:00000720       dn_emlrtRSI                0000000180055720     merging_data.obj
 0003:00000738       en_emlrtRSI                0000000180055738     merging_data.obj
 0003:00000750       fn_emlrtRSI                0000000180055750     merging_data.obj
 0003:00000768       gn_emlrtRSI                0000000180055768     merging_data.obj
 0003:00000780       hn_emlrtRSI                0000000180055780     merging_data.obj
 0003:00000798       in_emlrtRSI                0000000180055798     merging_data.obj
 0003:000007b0       jn_emlrtRSI                00000001800557b0     merging_data.obj
 0003:000007c8       kn_emlrtRSI                00000001800557c8     merging_data.obj
 0003:000007e0       ln_emlrtRSI                00000001800557e0     merging_data.obj
 0003:000007f8       mn_emlrtRSI                00000001800557f8     merging_data.obj
 0003:00000810       nn_emlrtRSI                0000000180055810     merging_data.obj
 0003:00000828       on_emlrtRSI                0000000180055828     merging_data.obj
 0003:00000840       pn_emlrtRSI                0000000180055840     merging_data.obj
 0003:00000858       qn_emlrtRSI                0000000180055858     merging_data.obj
 0003:00000870       rn_emlrtRSI                0000000180055870     merging_data.obj
 0003:00000888       sn_emlrtRSI                0000000180055888     merging_data.obj
 0003:000008a0       tn_emlrtRSI                00000001800558a0     merging_data.obj
 0003:000008b8       un_emlrtRSI                00000001800558b8     merging_data.obj
 0003:000008d0       vn_emlrtRSI                00000001800558d0     merging_data.obj
 0003:000008e8       wn_emlrtRSI                00000001800558e8     merging_data.obj
 0003:00000900       xn_emlrtRSI                0000000180055900     merging_data.obj
 0003:00000918       yn_emlrtRSI                0000000180055918     merging_data.obj
 0003:00000930       ao_emlrtRSI                0000000180055930     merging_data.obj
 0003:00000948       bo_emlrtRSI                0000000180055948     merging_data.obj
 0003:00000960       co_emlrtRSI                0000000180055960     merging_data.obj
 0003:00000978       do_emlrtRSI                0000000180055978     merging_data.obj
 0003:00000990       eo_emlrtRSI                0000000180055990     merging_data.obj
 0003:000009a8       fo_emlrtRSI                00000001800559a8     merging_data.obj
 0003:000009c0       go_emlrtRSI                00000001800559c0     merging_data.obj
 0003:000009d8       io_emlrtRSI                00000001800559d8     merging_data.obj
 0003:000009f0       jo_emlrtRSI                00000001800559f0     merging_data.obj
 0003:00000a08       ko_emlrtRSI                0000000180055a08     merging_data.obj
 0003:00000a20       lo_emlrtRSI                0000000180055a20     merging_data.obj
 0003:00000a38       mo_emlrtRSI                0000000180055a38     merging_data.obj
 0003:00000a50       no_emlrtRSI                0000000180055a50     merging_data.obj
 0003:00000a68       oo_emlrtRSI                0000000180055a68     merging_data.obj
 0003:00000a80       po_emlrtRSI                0000000180055a80     merging_data.obj
 0003:00000a98       qo_emlrtRSI                0000000180055a98     merging_data.obj
 0003:00000ab0       ro_emlrtRSI                0000000180055ab0     merging_data.obj
 0003:00000ac8       so_emlrtRSI                0000000180055ac8     merging_data.obj
 0003:00000ae0       to_emlrtRSI                0000000180055ae0     merging_data.obj
 0003:00000af8       uo_emlrtRSI                0000000180055af8     merging_data.obj
 0003:00000b10       vo_emlrtRSI                0000000180055b10     merging_data.obj
 0003:00000b28       wo_emlrtRSI                0000000180055b28     merging_data.obj
 0003:00000b40       xo_emlrtRSI                0000000180055b40     merging_data.obj
 0003:00000b58       yo_emlrtRSI                0000000180055b58     merging_data.obj
 0003:00000b70       ap_emlrtRSI                0000000180055b70     merging_data.obj
 0003:00000b88       bp_emlrtRSI                0000000180055b88     merging_data.obj
 0003:00000ba0       cp_emlrtRSI                0000000180055ba0     merging_data.obj
 0003:00000bb8       dp_emlrtRSI                0000000180055bb8     merging_data.obj
 0003:00000bd0       ep_emlrtRSI                0000000180055bd0     merging_data.obj
 0003:00000be8       fp_emlrtRSI                0000000180055be8     merging_data.obj
 0003:00000c00       gp_emlrtRSI                0000000180055c00     merging_data.obj
 0003:00000c18       hp_emlrtRSI                0000000180055c18     merging_data.obj
 0003:00000c30       np_emlrtRSI                0000000180055c30     merging_data.obj
 0003:00000c48       op_emlrtRSI                0000000180055c48     merging_data.obj
 0003:00000c60       pp_emlrtRSI                0000000180055c60     merging_data.obj
 0003:00000c78       qp_emlrtRSI                0000000180055c78     merging_data.obj
 0003:00000c90       rp_emlrtRSI                0000000180055c90     merging_data.obj
 0003:00000ca8       sp_emlrtRSI                0000000180055ca8     merging_data.obj
 0003:00000cc0       tp_emlrtRSI                0000000180055cc0     merging_data.obj
 0003:00000cd8       up_emlrtRSI                0000000180055cd8     merging_data.obj
 0003:00000cf0       vp_emlrtRSI                0000000180055cf0     merging_data.obj
 0003:00000d08       iq_emlrtRSI                0000000180055d08     merging_data.obj
 0003:00000d20       or_emlrtRSI                0000000180055d20     merging_data.obj
 0003:00000d38       pr_emlrtRSI                0000000180055d38     merging_data.obj
 0003:00000d50       emlrtMCI                   0000000180055d50     merging_data.obj
 0003:00000d68       q_emlrtMCI                 0000000180055d68     merging_data.obj
 0003:00000d80       r_emlrtMCI                 0000000180055d80     merging_data.obj
 0003:00000d98       s_emlrtMCI                 0000000180055d98     merging_data.obj
 0003:00000db0       t_emlrtMCI                 0000000180055db0     merging_data.obj
 0003:00000dc8       u_emlrtMCI                 0000000180055dc8     merging_data.obj
 0003:00000de0       v_emlrtMCI                 0000000180055de0     merging_data.obj
 0003:00000df8       q_emlrtRTEI                0000000180055df8     merging_data.obj
 0003:00000e10       s_emlrtRTEI                0000000180055e10     merging_data.obj
 0003:00000e28       eb_emlrtRTEI               0000000180055e28     merging_data.obj
 0003:00000e40       fb_emlrtRTEI               0000000180055e40     merging_data.obj
 0003:00000e58       gb_emlrtRTEI               0000000180055e58     merging_data.obj
 0003:00000e70       hb_emlrtRTEI               0000000180055e70     merging_data.obj
 0003:00000e88       ms_emlrtRSI                0000000180055e88     merging_data.obj
 0003:00000ea0       os_emlrtRSI                0000000180055ea0     merging_data.obj
 0003:00000eb8       ps_emlrtRSI                0000000180055eb8     merging_data.obj
 0003:00000ed0       xs_emlrtRSI                0000000180055ed0     merging_data.obj
 0003:00000ee8       ys_emlrtRSI                0000000180055ee8     merging_data.obj
 0003:00000f00       at_emlrtRSI                0000000180055f00     merging_data.obj
 0003:00004b80       emlrtContextGlobal         0000000180059b80     merging_mex.obj
 0003:00004bc0       _fltused                   0000000180059bc0     MSVCRT:dllsupp.obj
 0003:00004bc8       __security_cookie          0000000180059bc8     MSVCRT:gs_cookie.obj
 0003:00004bd0       __security_cookie_complement 0000000180059bd0     MSVCRT:gs_cookie.obj
 0003:00004be0       __native_dllmain_reason    0000000180059be0     MSVCRT:natstart.obj
 0003:00004be4       __native_vcclrit_reason    0000000180059be4     MSVCRT:natstart.obj
 0003:00004bf0       emlrtRootTLSGlobal         0000000180059bf0     merging_mex.obj
 0003:00005170       ?__type_info_root_node@@3U__type_info_node@@A 000000018005a170     MSVCRT:tncleanup.obj
 0003:00005180       emlrtBreakCheckR2012bFlagVar 000000018005a180     <common>
 0003:00005188       __native_startup_state     000000018005a188     <common>
 0003:00005190       __native_startup_lock      000000018005a190     <common>
 0003:00005198       __onexitend                000000018005a198     <common>
 0003:000051a0       __onexitbegin              000000018005a1a0     <common>
 0003:000051a8       __dyn_tls_init_callback    000000018005a1a8     <common>

 entry point at        0001:0004bad4

 Static symbols

 0001:00000180       b_eml_li_find              0000000180001180 f   merging.obj
 0001:00000370       c_eml_null_assignment      0000000180001370 f   merging.obj
 0001:00000780       d_eml_null_assignment      0000000180001780 f   merging.obj
 0001:00000b90       eml_li_find                0000000180001b90 f   merging.obj
 0001:00000d60       b_eml_null_assignment      0000000180001d60 f   merging.obj
 0001:00001700       eml_null_assignment        0000000180002700 f   merging.obj
 0001:0000b9d0       b_eml_xgemm                000000018000c9d0 f   bspline_inv.obj
 0001:00014350       c_eml_xgemm                0000000180015350 f   pinv.obj
 0001:00014440       eml_xswap                  0000000180015440 f   pinv.obj
 0001:000145f0       eml_xgesvd                 00000001800155f0 f   pinv.obj
 0001:000171b0       eml_pinv                   00000001800181b0 f   pinv.obj
 0001:0001bc40       c_emlrt_marshallOut        000000018001cc40 f   merging_api.obj
 0001:0001bd10       emlrt_marshallOut          000000018001cd10 f   merging_api.obj
 0001:0001c020       m_emlrt_marshallIn         000000018001d020 f   merging_api.obj
 0001:0001c120       q_emlrt_marshallIn         000000018001d120 f   merging_api.obj
 0001:0001c230       b_emlrt_marshallOut        000000018001d230 f   merging_api.obj
 0001:0001c640       b_emlrt_marshallIn         000000018001d640 f   merging_api.obj
 0001:0001c900       d_emlrt_marshallIn         000000018001d900 f   merging_api.obj
 0001:0001ca00       g_emlrt_marshallIn         000000018001da00 f   merging_api.obj
 0001:0001cf60       i_emlrt_marshallIn         000000018001df60 f   merging_api.obj
 0001:0001d590       emxCopy_real_T             000000018001e590 f   merging_emxutil.obj
 0001:0001dd20       b_emxExpand_struct_T       000000018001ed20 f   merging_emxutil.obj
 0001:0001de70       b_emxTrim_struct_T         000000018001ee70 f   merging_emxutil.obj
 0001:0001df40       emxExpand_struct_T         000000018001ef40 f   merging_emxutil.obj
 0001:0001e010       emxTrim_struct_T           000000018001f010 f   merging_emxutil.obj
 0001:0001e310       merging_mexFunction        000000018001f310 f   merging_mex.obj
 0001:0001e4e0       b_emlrt_marshallOut        000000018001f4e0 f   _coder_merging_info.obj
 0001:0001e540       b_info_helper              000000018001f540 f   _coder_merging_info.obj
 0001:00027650       c_info_helper              0000000180028650 f   _coder_merging_info.obj
 0001:00030c60       d_info_helper              0000000180031c60 f   _coder_merging_info.obj
 0001:0003a270       e_info_helper              000000018003b270 f   _coder_merging_info.obj
 0001:00042170       info_helper                0000000180043170 f   _coder_merging_info.obj
 0001:0004b6dc       pre_c_init                 000000018004c6dc f   MSVCRT:crtdll.obj
 0001:0004b998       __DllMainCRTStartup        000000018004c998 f   MSVCRT:crtdll.obj
 0001:0004bfa0       __DllMainCRTStartup$filt$0 000000018004cfa0 f   MSVCRT:crtdll.obj
 0001:0004bfd0       __DllMainCRTStartup$fin$1  000000018004cfd0 f   MSVCRT:crtdll.obj
 0001:0004bfea       _onexit$fin$0              000000018004cfea f   MSVCRT:atonexit.obj
 0001:0004c010       _IsNonwritableInCurrentImage$filt$0 000000018004d010 f   MSVCRT:pesect.obj
