 merging_mex

 Timestamp is 5791d09a (Fri Jul 22 15:51:54 2016)

 Preferred load address is 0000000180000000

 Start         Length     Name                   Class
 0001:00000000 000505b2H .text                   CODE
 0001:000505c0 00000092H .text$x                 CODE
 0002:00000000 00000370H .idata$5                DATA
 0002:00000370 00000008H .CRT$XCA                DATA
 0002:00000378 00000008H .CRT$XCZ                DATA
 0002:00000380 00000008H .CRT$XIA                DATA
 0002:00000388 00000008H .CRT$XIAA               DATA
 0002:00000390 00000008H .CRT$XIZ                DATA
 0002:000003a0 00004828H .rdata                  DATA
 0002:00004bc8 00000008H .rtc$IAA                DATA
 0002:00004bd0 00000008H .rtc$IZZ                DATA
 0002:00004bd8 00000008H .rtc$TAA                DATA
 0002:00004be0 00000008H .rtc$TZZ                DATA
 0002:00004be8 00000a90H .xdata                  DATA
 0002:00005678 0000008cH .idata$2                DATA
 0002:00005704 00000014H .idata$3                DATA
 0002:00005718 00000370H .idata$4                DATA
 0002:00005a88 000008eaH .idata$6                DATA
 0002:00006380 000000d5H .edata                  DATA
 0003:00000000 000064d8H .data                   DATA
 0003:000064e0 000005c0H .bss                    DATA
 0004:00000000 000007bcH .pdata                  DATA

  Address         Publics by Value              Rva+Base               Lib:Object

 0000:00000000       ___safe_se_handler_count   0000000000000000     <absolute>
 0000:00000000       ___safe_se_handler_table   0000000000000000     <absolute>
 0000:00000000       __ImageBase                0000000180000000     <linker-defined>
 0001:00000000       error                      0000000180001000 f   merging_mexutil.obj
 0001:00000040       message                    0000000180001040 f   merging_mexutil.obj
 0001:00000090       merging_initialize         0000000180001090 f   merging_initialize.obj
 0001:00000100       merging_atexit             0000000180001100 f   merging_terminate.obj
 0001:00000160       merging_terminate          0000000180001160 f   merging_terminate.obj
 0001:00001a00       merging                    0000000180002a00 f   merging.obj
 0001:00009eb0       check_forloop_overflow_error 000000018000aeb0 f   eml_int_forloop_overflow_check.obj
 0001:0000a300       gradient                   000000018000b300 f   gradient.obj
 0001:0000a740       rdivide                    000000018000b740 f   rdivide.obj
 0001:0000a860       b_mod                      000000018000b860 f   mod.obj
 0001:0000a950       triu                       000000018000b950 f   triu.obj
 0001:0000ab80       b_floor                    000000018000bb80 f   floor.obj
 0001:0000aba0       c_floor                    000000018000bba0 f   floor.obj
 0001:0000ac00       b_sum                      000000018000bc00 f   sum.obj
 0001:0000ad90       c_sum                      000000018000bd90 f   sum.obj
 0001:0000ada0       sum                        000000018000bda0 f   sum.obj
 0001:0000afe0       b_ceil                     000000018000bfe0 f   ceil.obj
 0001:0000b3e0       bspline_inv                000000018000c3e0 f   bspline_inv.obj
 0001:00013430       b_power                    0000000180014430 f   power.obj
 0001:00013520       c_power                    0000000180014520 f   power.obj
 0001:00013680       power                      0000000180014680 f   power.obj
 0001:00016d40       pinv                       0000000180017d40 f   pinv.obj
 0001:00017150       b_eml_error                0000000180018150 f   eml_error.obj
 0001:00017170       c_eml_error                0000000180018170 f   eml_error.obj
 0001:000171b0       d_eml_error                00000001800181b0 f   eml_error.obj
 0001:000171d0       eml_error                  00000001800181d0 f   eml_error.obj
 0001:000171f0       b_abs                      00000001800181f0 f   abs.obj
 0001:00017200       b_sqrt                     0000000180018200 f   sqrt.obj
 0001:00017250       eml_xgemm                  0000000180018250 f   bspline.obj
 0001:00017330       bspline                    0000000180018330 f   bspline.obj
 0001:0001abe0       getPixelsValue             000000018001bbe0 f   getPixelsValue.obj
 0001:0001f250       merging_api                0000000180020250 f   merging_api.obj
 0001:0001f5e0       emxEnsureCapacity          00000001800205e0 f   merging_emxutil.obj
 0001:0001f6e0       emxFree_real_T             00000001800206e0 f   merging_emxutil.obj
 0001:0001f6e0       emxFreeStruct_struct_T     00000001800206e0 f   merging_emxutil.obj
 0001:0001f6e0       emxFree_boolean_T          00000001800206e0 f   merging_emxutil.obj
 0001:0001f6e0       emxFree_int32_T            00000001800206e0 f   merging_emxutil.obj
 0001:0001f720       b_emxInit_real_T           0000000180020720 f   merging_emxutil.obj
 0001:0001f720       emxInit_int32_T            0000000180020720 f   merging_emxutil.obj
 0001:0001f720       b_emxInit_boolean_T        0000000180020720 f   merging_emxutil.obj
 0001:0001f720       emxInit_boolean_T          0000000180020720 f   merging_emxutil.obj
 0001:0001f720       c_emxInit_real_T           0000000180020720 f   merging_emxutil.obj
 0001:0001f720       emxInit_real_T             0000000180020720 f   merging_emxutil.obj
 0001:0001fa50       b_emxCopyStruct_struct_T   0000000180020a50 f   merging_emxutil.obj
 0001:0001faa0       b_emxFreeStruct_struct_T   0000000180020aa0 f   merging_emxutil.obj
 0001:0001fb20       b_emxFree_struct_T         0000000180020b20 f   merging_emxutil.obj
 0001:0001fc50       b_emxInitStruct_struct_T   0000000180020c50 f   merging_emxutil.obj
 0001:0001fcc0       b_emxInit_struct_T         0000000180020cc0 f   merging_emxutil.obj
 0001:0001fd90       emxCopyStruct_struct_T     0000000180020d90 f   merging_emxutil.obj
 0001:0001fda0       emxFree_struct_T           0000000180020da0 f   merging_emxutil.obj
 0001:0001fe90       emxInitStruct_struct_T     0000000180020e90 f   merging_emxutil.obj
 0001:0001feb0       emxInit_struct_T           0000000180020eb0 f   merging_emxutil.obj
 0001:00020300       b_emxEnsureCapacity_struct_T 0000000180021300 f   merging_emxutil.obj
 0001:00020430       emxEnsureCapacity_struct_T 0000000180021430 f   merging_emxutil.obj
 0001:000206c0       merging_atexit_wrapper     00000001800216c0 f   merging_mex.obj
 0001:000206f0       mexFunction                00000001800216f0 f   merging_mex.obj
 0001:0004f8a0       emlrtMexFcnResolvedFunctionsInfo 00000001800508a0 f   _coder_merging_info.obj
 0001:0004f920       emlrtMexFcnProperties      0000000180050920 f   _coder_merging_info.obj
 0001:0004fa90       mxCreateString             0000000180050a90 f   libmx:libmx.dll
 0001:0004fa96       mxCreateCharArray_700      0000000180050a96 f   libmx:libmx.dll
 0001:0004fa9c       mxGetData                  0000000180050a9c f   libmx:libmx.dll
 0001:0004faa2       mxCreateNumericMatrix_700  0000000180050aa2 f   libmx:libmx.dll
 0001:0004faa8       mxGetPr                    0000000180050aa8 f   libmx:libmx.dll
 0001:0004faae       mxCreateNumericArray_700   0000000180050aae f   libmx:libmx.dll
 0001:0004fab4       mxSetDimensions_700        0000000180050ab4 f   libmx:libmx.dll
 0001:0004faba       mxSetData                  0000000180050aba f   libmx:libmx.dll
 0001:0004fac0       mxCreateStructArray_700    0000000180050ac0 f   libmx:libmx.dll
 0001:0004fac6       mxCreateStructMatrix_700   0000000180050ac6 f   libmx:libmx.dll
 0001:0004facc       mxCreateDoubleScalar       0000000180050acc f   libmx:libmx.dll
 0001:0004fad2       mxSetFieldByNumber_700     0000000180050ad2 f   libmx:libmx.dll
 0001:0004fad8       mxCreateLogicalMatrix_700  0000000180050ad8 f   libmx:libmx.dll
 0001:0004fade       mexAtExit                  0000000180050ade f   libmex:libmex.dll
 0001:0004fae4       emlrtCallMATLABR2012b      0000000180050ae4 f   libemlrt:libemlrt.dll
 0001:0004faea       emlrtFirstTimeR2012b       0000000180050aea f   libemlrt:libemlrt.dll
 0001:0004faf0       emlrtEnterRtStackR2012b    0000000180050af0 f   libemlrt:libemlrt.dll
 0001:0004faf6       emlrtClearAllocCountR2012b 0000000180050af6 f   libemlrt:libemlrt.dll
 0001:0004fafc       emlrtCreateRootTLS         0000000180050afc f   libemlrt:libemlrt.dll
 0001:0004fb02       emlrtGetBreakCheckFlagAddressR2012b 0000000180050b02 f   libemlrt:libemlrt.dll
 0001:0004fb08       emlrtDestroyRootTLS        0000000180050b08 f   libemlrt:libemlrt.dll
 0001:0004fb0e       emlrtLeaveRtStackR2012b    0000000180050b0e f   libemlrt:libemlrt.dll
 0001:0004fb14       emlrtHeapReferenceStackLeaveFcnR2012b 0000000180050b14 f   libemlrt:libemlrt.dll
 0001:0004fb1a       emlrtAssign                0000000180050b1a f   libemlrt:libemlrt.dll
 0001:0004fb20       emlrtInitCharArrayR2013a   0000000180050b20 f   libemlrt:libemlrt.dll
 0001:0004fb26       emlrtHeapReferenceStackEnterFcnR2012b 0000000180050b26 f   libemlrt:libemlrt.dll
 0001:0004fb2c       emlrtSizeEqCheck1DR2012b   0000000180050b2c f   libemlrt:libemlrt.dll
 0001:0004fb32       emlrtSubAssignSizeCheckR2012b 0000000180050b32 f   libemlrt:libemlrt.dll
 0001:0004fb38       emlrtSizeEqCheckNDR2012b   0000000180050b38 f   libemlrt:libemlrt.dll
 0001:0004fb3e       emlrtBreakCheckR2012b      0000000180050b3e f   libemlrt:libemlrt.dll
 0001:0004fb44       emlrtDynamicBoundsCheckR2012b 0000000180050b44 f   libemlrt:libemlrt.dll
 0001:0004fb4a       emlrtIntegerCheckR2012b    0000000180050b4a f   libemlrt:libemlrt.dll
 0001:0004fb50       emlrtNonNegativeCheckR2012b 0000000180050b50 f   libemlrt:libemlrt.dll
 0001:0004fb56       emlrtErrorWithMessageIdR2012b 0000000180050b56 f   libemlrt:libemlrt.dll
 0001:0004fb5c       emlrtAddField              0000000180050b5c f   libemlrt:libemlrt.dll
 0001:0004fb62       emlrtDestroyArray          0000000180050b62 f   libemlrt:libemlrt.dll
 0001:0004fb68       emlrtImportArrayR2011b     0000000180050b68 f   libemlrt:libemlrt.dll
 0001:0004fb6e       emlrtCheckVsBuiltInR2012b  0000000180050b6e f   libemlrt:libemlrt.dll
 0001:0004fb74       emlrtAlias                 0000000180050b74 f   libemlrt:libemlrt.dll
 0001:0004fb7a       emlrtGetFieldR2013a        0000000180050b7a f   libemlrt:libemlrt.dll
 0001:0004fb80       emlrtCheckVsStructR2012b   0000000180050b80 f   libemlrt:libemlrt.dll
 0001:0004fb86       emlrtAliasP                0000000180050b86 f   libemlrt:libemlrt.dll
 0001:0004fb8c       emlrtFreeMex               0000000180050b8c f   libemlrt:libemlrt.dll
 0001:0004fb92       emlrtHeapAllocationErrorR2012b 0000000180050b92 f   libemlrt:libemlrt.dll
 0001:0004fb98       emlrtCallocMex             0000000180050b98 f   libemlrt:libemlrt.dll
 0001:0004fb9e       emlrtSizeMulR2012b         0000000180050b9e f   libemlrt:libemlrt.dll
 0001:0004fba4       emlrtPushHeapReferenceStackR2012b 0000000180050ba4 f   libemlrt:libemlrt.dll
 0001:0004fbaa       emlrtMallocMex             0000000180050baa f   libemlrt:libemlrt.dll
 0001:0004fbb0       emlrtReturnArrayR2009a     0000000180050bb0 f   libemlrt:libemlrt.dll
 0001:0004fbb6       emlrtErrMsgIdAndTxt        0000000180050bb6 f   libemlrt:libemlrt.dll
 0001:0004fbbc       emlrtCreateCellArray       0000000180050bbc f   libemlrt:libemlrt.dll
 0001:0004fbc2       emlrtNameCapturePostProcessR2013b 0000000180050bc2 f   libemlrt:libemlrt.dll
 0001:0004fbc8       dgemm                      0000000180050bc8 f   libmwblas:libmwblas.dll
 0001:0004fbce       daxpy                      0000000180050bce f   libmwblas:libmwblas.dll
 0001:0004fbd4       dnrm2                      0000000180050bd4 f   libmwblas:libmwblas.dll
 0001:0004fbda       dscal                      0000000180050bda f   libmwblas:libmwblas.dll
 0001:0004fbe0       ddot                       0000000180050be0 f   libmwblas:libmwblas.dll
 0001:0004fbe6       drot                       0000000180050be6 f   libmwblas:libmwblas.dll
 0001:0004fbec       drotg                      0000000180050bec f   libmwblas:libmwblas.dll
 0001:0004fbf2       muDoubleScalarFloor        0000000180050bf2 f   libmwmathutil:libmwmathutil.dll
 0001:0004fbf8       muDoubleScalarIsNaN        0000000180050bf8 f   libmwmathutil:libmwmathutil.dll
 0001:0004fbfe       muDoubleScalarAbs          0000000180050bfe f   libmwmathutil:libmwmathutil.dll
 0001:0004fc04       muDoubleScalarRound        0000000180050c04 f   libmwmathutil:libmwmathutil.dll
 0001:0004fc0a       muIntScalarMin_sint32      0000000180050c0a f   libmwmathutil:libmwmathutil.dll
 0001:0004fc10       muDoubleScalarCeil         0000000180050c10 f   libmwmathutil:libmwmathutil.dll
 0001:0004fc16       muDoubleScalarIsInf        0000000180050c16 f   libmwmathutil:libmwmathutil.dll
 0001:0004fc1c       muDoubleScalarPower        0000000180050c1c f   libmwmathutil:libmwmathutil.dll
 0001:0004fc22       muDoubleScalarMax          0000000180050c22 f   libmwmathutil:libmwmathutil.dll
 0001:0004fc28       muIntScalarMax_sint32      0000000180050c28 f   libmwmathutil:libmwmathutil.dll
 0001:0004fc2e       muDoubleScalarSqrt         0000000180050c2e f   libmwmathutil:libmwmathutil.dll
 0001:0004fc34       __GSHandlerCheckCommon     0000000180050c34 f   MSVCRT:gshandler.obj
 0001:0004fc98       __GSHandlerCheck           0000000180050c98 f   MSVCRT:gshandler.obj
 0001:0004fcd0       __security_check_cookie    0000000180050cd0 f   MSVCRT:amdsecgs.obj
 0001:0004fcf0       memset                     0000000180050cf0 f   MSVCRT:MSVCR100.dll
 0001:0004fcf6       memcpy                     0000000180050cf6 f   MSVCRT:MSVCR100.dll
 0001:0004fd5c       _CRT_INIT                  0000000180050d5c f   MSVCRT:crtdll.obj
 0001:000500f4       _DllMainCRTStartup         00000001800510f4 f   MSVCRT:crtdll.obj
 0001:00050134       __report_gsfailure         0000000180051134 f   MSVCRT:gs_report.obj
 0001:00050280       __clean_type_info_names    0000000180051280 f   MSVCRT:tncleanup.obj
 0001:0005028c       _onexit                    000000018005128c f   MSVCRT:atonexit.obj
 0001:0005033c       atexit                     000000018005133c f   MSVCRT:atonexit.obj
 0001:00050354       _RTC_Initialize            0000000180051354 f   MSVCRT:_initsect_.obj
 0001:0005038c       _RTC_Terminate             000000018005138c f   MSVCRT:_initsect_.obj
 0001:000503d0       _ValidateImageBase         00000001800513d0 f   MSVCRT:pesect.obj
 0001:00050400       _FindPESection             0000000180051400 f   MSVCRT:pesect.obj
 0001:00050450       _IsNonwritableInCurrentImage 0000000180051450 f   MSVCRT:pesect.obj
 0001:00050492       _initterm                  0000000180051492 f   MSVCRT:MSVCR100.dll
 0001:00050498       _initterm_e                0000000180051498 f   MSVCRT:MSVCR100.dll
 0001:0005049e       _amsg_exit                 000000018005149e f   MSVCRT:MSVCR100.dll
 0001:000504a4       __C_specific_handler       00000001800514a4 f   MSVCRT:MSVCR100.dll
 0001:000504aa       __CppXcptFilter            00000001800514aa f   MSVCRT:MSVCR100.dll
 0001:000504b0       DllMain                    00000001800514b0 f   MSVCRT:dllmain.obj
 0001:000504d4       __security_init_cookie     00000001800514d4 f   MSVCRT:gs_support.obj
 0001:00050588       __crt_debugger_hook        0000000180051588 f   MSVCRT:MSVCR100.dll
 0001:0005058e       __clean_type_info_names_internal 000000018005158e f   MSVCRT:MSVCR100.dll
 0001:00050594       _unlock                    0000000180051594 f   MSVCRT:MSVCR100.dll
 0001:0005059a       __dllonexit                000000018005159a f   MSVCRT:MSVCR100.dll
 0001:000505a0       _lock                      00000001800515a0 f   MSVCRT:MSVCR100.dll
 0001:000505a6       RtlVirtualUnwind           00000001800515a6 f   kernel32:KERNEL32.dll
 0001:000505ac       RtlLookupFunctionEntry     00000001800515ac f   kernel32:KERNEL32.dll
 0002:00000000       __imp_GetSystemTimeAsFileTime 0000000180052000     kernel32:KERNEL32.dll
 0002:00000008       __imp_GetCurrentProcessId  0000000180052008     kernel32:KERNEL32.dll
 0002:00000010       __imp_GetCurrentThreadId   0000000180052010     kernel32:KERNEL32.dll
 0002:00000018       __imp_GetTickCount         0000000180052018     kernel32:KERNEL32.dll
 0002:00000020       __imp_QueryPerformanceCounter 0000000180052020     kernel32:KERNEL32.dll
 0002:00000028       __imp_DisableThreadLibraryCalls 0000000180052028     kernel32:KERNEL32.dll
 0002:00000030       __imp_RtlCaptureContext    0000000180052030     kernel32:KERNEL32.dll
 0002:00000038       __imp_RtlLookupFunctionEntry 0000000180052038     kernel32:KERNEL32.dll
 0002:00000040       __imp_RtlVirtualUnwind     0000000180052040     kernel32:KERNEL32.dll
 0002:00000048       __imp_IsDebuggerPresent    0000000180052048     kernel32:KERNEL32.dll
 0002:00000050       __imp_SetUnhandledExceptionFilter 0000000180052050     kernel32:KERNEL32.dll
 0002:00000058       __imp_UnhandledExceptionFilter 0000000180052058     kernel32:KERNEL32.dll
 0002:00000060       __imp_GetCurrentProcess    0000000180052060     kernel32:KERNEL32.dll
 0002:00000068       __imp_Sleep                0000000180052068     kernel32:KERNEL32.dll
 0002:00000070       __imp_DecodePointer        0000000180052070     kernel32:KERNEL32.dll
 0002:00000078       __imp_EncodePointer        0000000180052078     kernel32:KERNEL32.dll
 0002:00000080       __imp_TerminateProcess     0000000180052080     kernel32:KERNEL32.dll
 0002:00000088       \177KERNEL32_NULL_THUNK_DATA 0000000180052088     kernel32:KERNEL32.dll
 0002:00000090       __imp__initterm            0000000180052090     MSVCRT:MSVCR100.dll
 0002:00000098       __imp__malloc_crt          0000000180052098     MSVCRT:MSVCR100.dll
 0002:000000a0       __imp_memcpy               00000001800520a0     MSVCRT:MSVCR100.dll
 0002:000000a8       __imp_memset               00000001800520a8     MSVCRT:MSVCR100.dll
 0002:000000b0       __imp___CppXcptFilter      00000001800520b0     MSVCRT:MSVCR100.dll
 0002:000000b8       __imp___crt_debugger_hook  00000001800520b8     MSVCRT:MSVCR100.dll
 0002:000000c0       __imp___clean_type_info_names_internal 00000001800520c0     MSVCRT:MSVCR100.dll
 0002:000000c8       __imp__unlock              00000001800520c8     MSVCRT:MSVCR100.dll
 0002:000000d0       __imp___dllonexit          00000001800520d0     MSVCRT:MSVCR100.dll
 0002:000000d8       __imp__lock                00000001800520d8     MSVCRT:MSVCR100.dll
 0002:000000e0       __imp__onexit              00000001800520e0     MSVCRT:MSVCR100.dll
 0002:000000e8       __imp_free                 00000001800520e8     MSVCRT:MSVCR100.dll
 0002:000000f0       __imp__encoded_null        00000001800520f0     MSVCRT:MSVCR100.dll
 0002:000000f8       __imp__amsg_exit           00000001800520f8     MSVCRT:MSVCR100.dll
 0002:00000100       __imp__initterm_e          0000000180052100     MSVCRT:MSVCR100.dll
 0002:00000108       __imp___C_specific_handler 0000000180052108     MSVCRT:MSVCR100.dll
 0002:00000110       \177MSVCR100_NULL_THUNK_DATA 0000000180052110     MSVCRT:MSVCR100.dll
 0002:00000118       __imp_emlrtErrorWithMessageIdR2012b 0000000180052118     libemlrt:libemlrt.dll
 0002:00000120       __imp_emlrtAddField        0000000180052120     libemlrt:libemlrt.dll
 0002:00000128       __imp_emlrtDestroyArray    0000000180052128     libemlrt:libemlrt.dll
 0002:00000130       __imp_emlrtImportArrayR2011b 0000000180052130     libemlrt:libemlrt.dll
 0002:00000138       __imp_emlrtCheckVsBuiltInR2012b 0000000180052138     libemlrt:libemlrt.dll
 0002:00000140       __imp_emlrtAlias           0000000180052140     libemlrt:libemlrt.dll
 0002:00000148       __imp_emlrtGetFieldR2013a  0000000180052148     libemlrt:libemlrt.dll
 0002:00000150       __imp_emlrtNonNegativeCheckR2012b 0000000180052150     libemlrt:libemlrt.dll
 0002:00000158       __imp_emlrtAliasP          0000000180052158     libemlrt:libemlrt.dll
 0002:00000160       __imp_emlrtFreeMex         0000000180052160     libemlrt:libemlrt.dll
 0002:00000168       __imp_emlrtHeapAllocationErrorR2012b 0000000180052168     libemlrt:libemlrt.dll
 0002:00000170       __imp_emlrtCallocMex       0000000180052170     libemlrt:libemlrt.dll
 0002:00000178       __imp_emlrtSizeMulR2012b   0000000180052178     libemlrt:libemlrt.dll
 0002:00000180       __imp_emlrtPushHeapReferenceStackR2012b 0000000180052180     libemlrt:libemlrt.dll
 0002:00000188       __imp_emlrtMallocMex       0000000180052188     libemlrt:libemlrt.dll
 0002:00000190       __imp_emlrtReturnArrayR2009a 0000000180052190     libemlrt:libemlrt.dll
 0002:00000198       __imp_emlrtErrMsgIdAndTxt  0000000180052198     libemlrt:libemlrt.dll
 0002:000001a0       __imp_emlrtCreateCellArray 00000001800521a0     libemlrt:libemlrt.dll
 0002:000001a8       __imp_emlrtNameCapturePostProcessR2013b 00000001800521a8     libemlrt:libemlrt.dll
 0002:000001b0       __imp_emlrtCallMATLABR2012b 00000001800521b0     libemlrt:libemlrt.dll
 0002:000001b8       __imp_emlrtFirstTimeR2012b 00000001800521b8     libemlrt:libemlrt.dll
 0002:000001c0       __imp_emlrtEnterRtStackR2012b 00000001800521c0     libemlrt:libemlrt.dll
 0002:000001c8       __imp_emlrtClearAllocCountR2012b 00000001800521c8     libemlrt:libemlrt.dll
 0002:000001d0       __imp_emlrtCheckVsStructR2012b 00000001800521d0     libemlrt:libemlrt.dll
 0002:000001d8       __imp_emlrtCreateRootTLS   00000001800521d8     libemlrt:libemlrt.dll
 0002:000001e0       __imp_emlrtGetBreakCheckFlagAddressR2012b 00000001800521e0     libemlrt:libemlrt.dll
 0002:000001e8       __imp_emlrtDestroyRootTLS  00000001800521e8     libemlrt:libemlrt.dll
 0002:000001f0       __imp_emlrtIntegerCheckR2012b 00000001800521f0     libemlrt:libemlrt.dll
 0002:000001f8       __imp_emlrtDynamicBoundsCheckR2012b 00000001800521f8     libemlrt:libemlrt.dll
 0002:00000200       __imp_emlrtBreakCheckR2012b 0000000180052200     libemlrt:libemlrt.dll
 0002:00000208       __imp_emlrtSizeEqCheckNDR2012b 0000000180052208     libemlrt:libemlrt.dll
 0002:00000210       __imp_emlrtSubAssignSizeCheckR2012b 0000000180052210     libemlrt:libemlrt.dll
 0002:00000218       __imp_emlrtSizeEqCheck1DR2012b 0000000180052218     libemlrt:libemlrt.dll
 0002:00000220       __imp_emlrtHeapReferenceStackEnterFcnR2012b 0000000180052220     libemlrt:libemlrt.dll
 0002:00000228       __imp_emlrtInitCharArrayR2013a 0000000180052228     libemlrt:libemlrt.dll
 0002:00000230       __imp_emlrtAssign          0000000180052230     libemlrt:libemlrt.dll
 0002:00000238       __imp_emlrtHeapReferenceStackLeaveFcnR2012b 0000000180052238     libemlrt:libemlrt.dll
 0002:00000240       __imp_emlrtLeaveRtStackR2012b 0000000180052240     libemlrt:libemlrt.dll
 0002:00000248       \177libemlrt_NULL_THUNK_DATA 0000000180052248     libemlrt:libemlrt.dll
 0002:00000250       __imp_mexAtExit            0000000180052250     libmex:libmex.dll
 0002:00000258       \177libmex_NULL_THUNK_DATA 0000000180052258     libmex:libmex.dll
 0002:00000260       __imp_dscal                0000000180052260     libmwblas:libmwblas.dll
 0002:00000268       __imp_dnrm2                0000000180052268     libmwblas:libmwblas.dll
 0002:00000270       __imp_daxpy                0000000180052270     libmwblas:libmwblas.dll
 0002:00000278       __imp_dgemm                0000000180052278     libmwblas:libmwblas.dll
 0002:00000280       __imp_drot                 0000000180052280     libmwblas:libmwblas.dll
 0002:00000288       __imp_drotg                0000000180052288     libmwblas:libmwblas.dll
 0002:00000290       __imp_ddot                 0000000180052290     libmwblas:libmwblas.dll
 0002:00000298       \177libmwblas_NULL_THUNK_DATA 0000000180052298     libmwblas:libmwblas.dll
 0002:000002a0       __imp_muDoubleScalarSqrt   00000001800522a0     libmwmathutil:libmwmathutil.dll
 0002:000002a8       __imp_muIntScalarMax_sint32 00000001800522a8     libmwmathutil:libmwmathutil.dll
 0002:000002b0       __imp_muDoubleScalarMax    00000001800522b0     libmwmathutil:libmwmathutil.dll
 0002:000002b8       __imp_muDoubleScalarPower  00000001800522b8     libmwmathutil:libmwmathutil.dll
 0002:000002c0       __imp_muDoubleScalarIsInf  00000001800522c0     libmwmathutil:libmwmathutil.dll
 0002:000002c8       __imp_muDoubleScalarCeil   00000001800522c8     libmwmathutil:libmwmathutil.dll
 0002:000002d0       __imp_muIntScalarMin_sint32 00000001800522d0     libmwmathutil:libmwmathutil.dll
 0002:000002d8       __imp_muDoubleScalarRound  00000001800522d8     libmwmathutil:libmwmathutil.dll
 0002:000002e0       __imp_muDoubleScalarAbs    00000001800522e0     libmwmathutil:libmwmathutil.dll
 0002:000002e8       __imp_muDoubleScalarIsNaN  00000001800522e8     libmwmathutil:libmwmathutil.dll
 0002:000002f0       __imp_muDoubleScalarFloor  00000001800522f0     libmwmathutil:libmwmathutil.dll
 0002:000002f8       \177libmwmathutil_NULL_THUNK_DATA 00000001800522f8     libmwmathutil:libmwmathutil.dll
 0002:00000300       __imp_mxCreateLogicalMatrix_700 0000000180052300     libmx:libmx.dll
 0002:00000308       __imp_mxSetFieldByNumber_700 0000000180052308     libmx:libmx.dll
 0002:00000310       __imp_mxCreateDoubleScalar 0000000180052310     libmx:libmx.dll
 0002:00000318       __imp_mxCreateStructMatrix_700 0000000180052318     libmx:libmx.dll
 0002:00000320       __imp_mxCreateStructArray_700 0000000180052320     libmx:libmx.dll
 0002:00000328       __imp_mxSetData            0000000180052328     libmx:libmx.dll
 0002:00000330       __imp_mxSetDimensions_700  0000000180052330     libmx:libmx.dll
 0002:00000338       __imp_mxCreateNumericArray_700 0000000180052338     libmx:libmx.dll
 0002:00000340       __imp_mxGetPr              0000000180052340     libmx:libmx.dll
 0002:00000348       __imp_mxCreateNumericMatrix_700 0000000180052348     libmx:libmx.dll
 0002:00000350       __imp_mxGetData            0000000180052350     libmx:libmx.dll
 0002:00000358       __imp_mxCreateCharArray_700 0000000180052358     libmx:libmx.dll
 0002:00000360       __imp_mxCreateString       0000000180052360     libmx:libmx.dll
 0002:00000368       \177libmx_NULL_THUNK_DATA  0000000180052368     libmx:libmx.dll
 0002:00000370       __xc_a                     0000000180052370     MSVCRT:cinitexe.obj
 0002:00000378       __xc_z                     0000000180052378     MSVCRT:cinitexe.obj
 0002:00000380       __xi_a                     0000000180052380     MSVCRT:cinitexe.obj
 0002:00000390       __xi_z                     0000000180052390     MSVCRT:cinitexe.obj
 0002:000003a0       ??_C@_05KKCIMGE@error?$AA@ 00000001800523a0     merging_mexutil.obj
 0002:000003a8       ??_C@_07ONPBMBOP@message?$AA@ 00000001800523a8     merging_mexutil.obj
 0002:000003b0       ??_C@_0EL@EEJPKOHC@D?3?1Program?5Files?1MATLAB?1R2013b?1t@ 00000001800523b0     merging_data.obj
 0002:00000400       ??_C@_09BNIPEHJD@eml_xswap?$AA@ 0000000180052400     merging_data.obj
 0002:00000410       ??_C@_0ED@LEMNCHGJ@D?3?1Program?5Files?1MATLAB?1R2013b?1t@ 0000000180052410     merging_data.obj
 0002:00000454       ??_C@_04OBPHFLOG@triu?$AA@ 0000000180052454     merging_data.obj
 0002:00000460       ??_C@_0ED@HHBILEDM@D?3?1Program?5Files?1MATLAB?1R2013b?1t@ 0000000180052460     merging_data.obj
 0002:000004a4       ??_C@_04CKFJHKAP@find?$AA@ 00000001800524a4     merging_data.obj
 0002:000004b0       ??_C@_0FA@CDEDNHCH@D?3?1Program?5Files?1MATLAB?1R2013b?1t@ 00000001800524b0     merging_data.obj
 0002:00000500       ??_C@_0BE@BNDDFGBF@eml_null_assignment?$AA@ 0000000180052500     merging_data.obj
 0002:00000520       ??_C@_0EG@NONNOBNK@D?3?1Program?5Files?1MATLAB?1R2013b?1t@ 0000000180052520     merging_data.obj
 0002:00000568       ??_C@_07EGDDPBAO@reshape?$AA@ 0000000180052568     merging_data.obj
 0002:00000570       ??_C@_0EL@COBFFGME@D?3?1Program?5Files?1MATLAB?1R2013b?1t@ 0000000180052570     merging_data.obj
 0002:000005c0       ??_C@_0P@JNIGDCNL@eml_index_prod?$AA@ 00000001800525c0     merging_data.obj
 0002:000005d0       ??_C@_0FG@EMKGHNEE@D?3?1Program?5Files?1MATLAB?1R2013b?1t@ 00000001800525d0     merging_data.obj
 0002:00000628       ??_C@_0BK@POIJPMHI@eml_assert_valid_size_arg?$AA@ 0000000180052628     merging_data.obj
 0002:00000650       ??_C@_0FK@JIDEOHPI@D?3?1Program?5Files?1MATLAB?1R2013b?1t@ 0000000180052650     merging_data.obj
 0002:000006b0       ??_C@_0BB@HGCMOCGE@eml_refblas_xrot?$AA@ 00000001800526b0     merging_data.obj
 0002:000006d0       ??_C@_0FI@ENCHNCAL@D?3?1Program?5Files?1MATLAB?1R2013b?1t@ 00000001800526d0     merging_data.obj
 0002:00000728       ??_C@_0O@PKOLFAIN@eml_blas_xrot?$AA@ 0000000180052728     merging_data.obj
 0002:00000740       ??_C@_0EK@OJPNKLLO@D?3?1Program?5Files?1MATLAB?1R2013b?1t@ 0000000180052740     merging_data.obj
 0002:00000790       ??_C@_08PFGOPFJF@eml_xrot?$AA@ 0000000180052790     merging_data.obj
 0002:000007a0       ??_C@_0FL@PHGNHPAN@D?3?1Program?5Files?1MATLAB?1R2013b?1t@ 00000001800527a0     merging_data.obj
 0002:00000800       ??_C@_0BC@GABFHEMD@eml_refblas_xrotg?$AA@ 0000000180052800     merging_data.obj
 0002:00000820       ??_C@_0FJ@NDAMMPJO@D?3?1Program?5Files?1MATLAB?1R2013b?1t@ 0000000180052820     merging_data.obj
 0002:00000880       ??_C@_0P@LJEPOJKN@eml_blas_xrotg?$AA@ 0000000180052880     merging_data.obj
 0002:00000890       ??_C@_0EL@GIKDFCOE@D?3?1Program?5Files?1MATLAB?1R2013b?1t@ 0000000180052890     merging_data.obj
 0002:000008e0       ??_C@_09KKCMPEFO@eml_xrotg?$AA@ 00000001800528e0     merging_data.obj
 0002:000008f0       ??_C@_0ED@GMPIMEIG@D?3?1Program?5Files?1MATLAB?1R2013b?1t@ 00000001800528f0     merging_data.obj
 0002:00000934       ??_C@_04EIAKFFMI@sqrt?$AA@ 0000000180052934     merging_data.obj
 0002:00000940       ??_C@_0FL@PKMOENBB@D?3?1Program?5Files?1MATLAB?1R2013b?1t@ 0000000180052940     merging_data.obj
 0002:000009a0       ??_C@_0BC@FJNDGBLE@eml_refblas_xaxpy?$AA@ 00000001800529a0     merging_data.obj
 0002:000009c0       ??_C@_0FJ@NOKPPNIC@D?3?1Program?5Files?1MATLAB?1R2013b?1t@ 00000001800529c0     merging_data.obj
 0002:00000a20       ??_C@_0P@IAIJPMNK@eml_blas_xaxpy?$AA@ 0000000180052a20     merging_data.obj
 0002:00000a30       ??_C@_0EL@GFAAGAPI@D?3?1Program?5Files?1MATLAB?1R2013b?1t@ 0000000180052a30     merging_data.obj
 0002:00000a80       ??_C@_09JDOKOBCJ@eml_xaxpy?$AA@ 0000000180052a80     merging_data.obj
 0002:00000a90       ??_C@_0FL@PLBJJBDA@D?3?1Program?5Files?1MATLAB?1R2013b?1t@ 0000000180052a90     merging_data.obj
 0002:00000af0       ??_C@_0BC@ECOPBIHP@eml_refblas_xdotx?$AA@ 0000000180052af0     merging_data.obj
 0002:00000b10       ??_C@_0FK@ENLLAGHO@D?3?1Program?5Files?1MATLAB?1R2013b?1t@ 0000000180052b10     merging_data.obj
 0002:00000b70       ??_C@_0BB@DFOOKCH@eml_refblas_xdot?$AA@ 0000000180052b70     merging_data.obj
 0002:00000b90       ??_C@_0FI@JIKIDDIN@D?3?1Program?5Files?1MATLAB?1R2013b?1t@ 0000000180052b90     merging_data.obj
 0002:00000be8       ??_C@_0O@IPJJFIMO@eml_blas_xdot?$AA@ 0000000180052be8     merging_data.obj
 0002:00000c00       ??_C@_0EK@DMHCEKDI@D?3?1Program?5Files?1MATLAB?1R2013b?1t@ 0000000180052c00     merging_data.obj
 0002:00000c50       ??_C@_08IABMPNNG@eml_xdot?$AA@ 0000000180052c50     merging_data.obj
 0002:00000c60       ??_C@_0EL@ODMPGMEH@D?3?1Program?5Files?1MATLAB?1R2013b?1t@ 0000000180052c60     merging_data.obj
 0002:00000cb0       ??_C@_09CBOAFDHI@eml_xdotc?$AA@ 0000000180052cb0     merging_data.obj
 0002:00000cc0       ??_C@_0FL@FJNJCLDB@D?3?1Program?5Files?1MATLAB?1R2013b?1t@ 0000000180052cc0     merging_data.obj
 0002:00000d20       ??_C@_0BC@OOLKFKJL@eml_refblas_xscal?$AA@ 0000000180052d20     merging_data.obj
 0002:00000d40       ??_C@_0FJ@HNLIJLKC@D?3?1Program?5Files?1MATLAB?1R2013b?1t@ 0000000180052d40     merging_data.obj
 0002:00000da0       ??_C@_0P@DHOAMHPF@eml_blas_xscal?$AA@ 0000000180052da0     merging_data.obj
 0002:00000db0       ??_C@_0EL@MGBHAGNI@D?3?1Program?5Files?1MATLAB?1R2013b?1t@ 0000000180052db0     merging_data.obj
 0002:00000e00       ??_C@_09CEIDNKAG@eml_xscal?$AA@ 0000000180052e00     merging_data.obj
 0002:00000e10       ??_C@_0EC@KGMPOILG@D?3?1Program?5Files?1MATLAB?1R2013b?1t@ 0000000180052e10     merging_data.obj
 0002:00000e54       ??_C@_03BCGAIFPO@abs?$AA@  0000000180052e54     merging_data.obj
 0002:00000e60       ??_C@_0FL@HJHIJCJB@D?3?1Program?5Files?1MATLAB?1R2013b?1t@ 0000000180052e60     merging_data.obj
 0002:00000ec0       ??_C@_0BC@LDENLAOM@eml_refblas_xnrm2?$AA@ 0000000180052ec0     merging_data.obj
 0002:00000ee0       ??_C@_0FJ@FNBJCCAC@D?3?1Program?5Files?1MATLAB?1R2013b?1t@ 0000000180052ee0     merging_data.obj
 0002:00000f40       ??_C@_0P@GKBHCNIC@eml_blas_xnrm2?$AA@ 0000000180052f40     merging_data.obj
 0002:00000f50       ??_C@_0EL@OGLGLPHI@D?3?1Program?5Files?1MATLAB?1R2013b?1t@ 0000000180052f50     merging_data.obj
 0002:00000fa0       ??_C@_09HJHEDAHB@eml_xnrm2?$AA@ 0000000180052fa0     merging_data.obj
 0002:00000fb0       ??_C@_0FL@BGPLNOJI@D?3?1Program?5Files?1MATLAB?1R2013b?1t@ 0000000180052fb0     merging_data.obj
 0002:00001010       ??_C@_0O@LFDEJHKC@indexIntRelop?$AA@ 0000000180053010     merging_data.obj
 0002:00001020       ??_C@_0EG@LCDHGJIL@D?3?1Program?5Files?1MATLAB?1R2013b?1t@ 0000000180053020     merging_data.obj
 0002:00001068       ??_C@_09NODCPLED@eml_relop?$AA@ 0000000180053068     merging_data.obj
 0002:00001080       ??_C@_0FL@FFBMILEB@D?3?1Program?5Files?1MATLAB?1R2013b?1t@ 0000000180053080     merging_data.obj
 0002:000010e0       ??_C@_0BB@NPNGANKF@eml_matlab_zsvdc?$AA@ 00000001800530e0     merging_data.obj
 0002:00001100       ??_C@_0EH@IKMJDHGM@D?3?1Program?5Files?1MATLAB?1R2013b?1t@ 0000000180053100     merging_data.obj
 0002:00001148       ??_C@_08CHCKEDFL@isfinite?$AA@ 0000000180053148     merging_data.obj
 0002:00001160       ??_C@_0FL@GBFNPKJF@D?3?1Program?5Files?1MATLAB?1R2013b?1t@ 0000000180053160     merging_data.obj
 0002:000011c0       ??_C@_0BC@EOLAPMCA@eml_refblas_xgemm?$AA@ 00000001800531c0     merging_data.obj
 0002:000011e0       ??_C@_0FJ@EFDMEKAG@D?3?1Program?5Files?1MATLAB?1R2013b?1t@ 00000001800531e0     merging_data.obj
 0002:00001240       ??_C@_0P@JHOKGBEO@eml_blas_xgemm?$AA@ 0000000180053240     merging_data.obj
 0002:00001250       ??_C@_0EL@POJDNHHM@D?3?1Program?5Files?1MATLAB?1R2013b?1t@ 0000000180053250     merging_data.obj
 0002:000012a0       ??_C@_09IEIJHMLN@eml_xgemm?$AA@ 00000001800532a0     merging_data.obj
 0002:000012b0       ??_C@_0ED@OHEONNML@D?3?1Program?5Files?1MATLAB?1R2013b?1t@ 00000001800532b0     merging_data.obj
 0002:000012f4       ??_C@_06PCBFLGP@mtimes?$AA@ 00000001800532f4     merging_data.obj
 0002:00001300       ??_C@_0EC@DMMGNLAM@D?3?1Program?5Files?1MATLAB?1R2013b?1t@ 0000000180053300     merging_data.obj
 0002:00001344       ??_C@_05PLIADJJL@power?$AA@ 0000000180053344     merging_data.obj
 0002:00001350       ??_C@_0EE@BDAMDLMM@D?3?1Program?5Files?1MATLAB?1R2013b?1t@ 0000000180053350     merging_data.obj
 0002:00001394       ??_C@_03KLIPLJLL@min?$AA@  0000000180053394     merging_data.obj
 0002:000013a0       ??_C@_0ED@BBPMMBCG@D?3?1Program?5Files?1MATLAB?1R2013b?1t@ 00000001800533a0     merging_data.obj
 0002:000013e4       ??_C@_04GFPJNGEK@ceil?$AA@ 00000001800533e4     merging_data.obj
 0002:000013f0       ??_C@_0EN@MMMHFMFD@D?3?1Program?5Files?1MATLAB?1R2013b?1t@ 00000001800533f0     merging_data.obj
 0002:00001440       ??_C@_0BB@PACNMNAE@eml_isequal_core?$AA@ 0000000180053440     merging_data.obj
 0002:00001460       ??_C@_0EG@COBEPALK@D?3?1Program?5Files?1MATLAB?1R2013b?1t@ 0000000180053460     merging_data.obj
 0002:000014a8       ??_C@_07MIMONDDE@isequal?$AA@ 00000001800534a8     merging_data.obj
 0002:000014b0       ??_C@_0EE@LNMJDNCP@D?3?1Program?5Files?1MATLAB?1R2013b?1t@ 00000001800534b0     merging_data.obj
 0002:000014f4       ??_C@_05PBJFFIGL@floor?$AA@ 00000001800534f4     merging_data.obj
 0002:00001500       ??_C@_0EC@OEFDIDFK@D?3?1Program?5Files?1MATLAB?1R2013b?1t@ 0000000180053500     merging_data.obj
 0002:00001544       ??_C@_03FFONCNID@mod?$AA@  0000000180053544     merging_data.obj
 0002:00001550       ??_C@_0EP@BCFEPGPK@D?3?1Program?5Files?1MATLAB?1R2013b?1t@ 0000000180053550     merging_data.obj
 0002:000015a0       ??_C@_0BD@PIJOPFN@eml_matrix_vstride?$AA@ 00000001800535a0     merging_data.obj
 0002:000015c0       ??_C@_0EE@HKFDGICO@D?3?1Program?5Files?1MATLAB?1R2013b?1t@ 00000001800535c0     merging_data.obj
 0002:00001608       ??_C@_07KHOFHKNM@eml_div?$AA@ 0000000180053608     merging_data.obj
 0002:00001610       ??_C@_0EE@FIHFHHGD@D?3?1Program?5Files?1MATLAB?1R2013b?1t@ 0000000180053610     merging_data.obj
 0002:00001658       ??_C@_07EDECNBOH@rdivide?$AA@ 0000000180053658     merging_data.obj
 0002:00001660       ??_C@_0EF@JGBHADPN@D?3?1Program?5Files?1MATLAB?1R2013b?1t@ 0000000180053660     merging_data.obj
 0002:000016a8       ??_C@_08GNEFHMND@mrdivide?$AA@ 00000001800536a8     merging_data.obj
 0002:000016c0       ??_C@_0FL@NBBAGBIN@D?3?1Program?5Files?1MATLAB?1R2013b?1t@ 00000001800536c0     merging_data.obj
 0002:00001720       ??_C@_0BP@OEONONCM@eml_int_forloop_overflow_check?$AA@ 0000000180053720     merging_data.obj
 0002:00001740       ??_C@_0FG@POMOGJMD@D?3?1Program?5Files?1MATLAB?1R2013b?1t@ 0000000180053740     merging_data.obj
 0002:00001798       ??_C@_08FAALJPNL@prodsize?$AA@ 0000000180053798     merging_data.obj
 0002:000017b0       ??_C@_0EL@MDBCGIOK@D?3?1Program?5Files?1MATLAB?1R2013b?1t@ 00000001800537b0     merging_data.obj
 0002:00001800       ??_C@_0P@PAOJKEOI@eml_min_or_max?$AA@ 0000000180053800     merging_data.obj
 0002:00001810       ??_C@_0EE@FGAOHIEO@D?3?1Program?5Files?1MATLAB?1R2013b?1t@ 0000000180053810     merging_data.obj
 0002:00001854       ??_C@_03LJAEFNNE@max?$AA@  0000000180053854     merging_data.obj
 0002:00001858       ??_C@_05PMILOKJP@diffx?$AA@ 0000000180053858     merging.obj
 0002:00001860       ??_C@_07LFANNLCP@ref_set?$AA@ 0000000180053860     merging.obj
 0002:00001868       ??_C@_0M@OBAPPIEN@bspline_set?$AA@ 0000000180053868     merging.obj
 0002:00001878       ??_C@_0BA@JPABFFEE@adjacency_graph?$AA@ 0000000180053878     merging.obj
 0002:00001888       ??_C@_06HCLHAFKH@sp_set?$AA@ 0000000180053888     merging.obj
 0002:00001890       ??_C@_05PEAECDOC@pairs?$AA@ 0000000180053890     merging.obj
 0002:00001898       ??_C@_05OFJANLNO@diffy?$AA@ 0000000180053898     merging.obj
 0002:000018a0       ??_C@_03LOICLMIO@Sp2?$AA@  00000001800538a0     merging.obj
 0002:000018b0       ??_C@_0EO@IANDIMLH@D?3?1Program?5Files?1MATLAB?1R2013b?1t@ 00000001800538b0     merging.obj
 0002:00001900       ??_C@_0BC@KFDFJODE@eml_matrix_npages?$AA@ 0000000180053900     merging.obj
 0002:00001918       ??_C@_0CO@DIHDOEOJ@F?3?1Git?1correspondence?1matlab_cod@ 0000000180053918     merging.obj
 0002:00001948       ??_C@_07ELJOFCOK@merging?$AA@ 0000000180053948     merging.obj
 0002:00001ac0       ??_C@_0BC@DHBLDLOI@Assertion?5failed?4?$AA@ 0000000180053ac0     merging.obj
 0002:00001ad8       __real@3ff0000000000000    0000000180053ad8     merging.obj
 0002:00001ae0       __real@4024000000000000    0000000180053ae0     merging.obj
 0002:00001b40       ??_C@_0EJ@LFJGMLPO@D?3?1Program?5Files?1MATLAB?1R2013b?1t@ 0000000180053b40     gradient.obj
 0002:00001b90       ??_C@_08OAOFNDBJ@gradient?$AA@ 0000000180053b90     gradient.obj
 0002:00001ba0       __real@4000000000000000    0000000180053ba0     gradient.obj
 0002:00001ba8       __real@403e000000000000    0000000180053ba8     rdivide.obj
 0002:00001bb0       __real@3cb0000000000000    0000000180053bb0     mod.obj
 0002:00001bb8       __real@0000000000000000    0000000180053bb8     mod.obj
 0002:00001bc0       ??_C@_0EE@JNHFINEK@D?3?1Program?5Files?1MATLAB?1R2013b?1t@ 0000000180053bc0     sum.obj
 0002:00001c04       ??_C@_03CFFIJAMA@sum?$AA@  0000000180053c04     sum.obj
 0002:00001c60       ??_C@_0N@EIEDKOI@param_matrix?$AA@ 0000000180053c60     bspline_inv.obj
 0002:00001c70       ??_C@_01EANLCPLP@y?$AA@    0000000180053c70     bspline_inv.obj
 0002:00001c74       ??_C@_01FJMABOPO@x?$AA@    0000000180053c74     bspline_inv.obj
 0002:00001c78       ??_C@_02JGAADCOE@Ax?$AA@   0000000180053c78     bspline_inv.obj
 0002:00001c7c       ??_C@_02IPBLADKF@Ay?$AA@   0000000180053c7c     bspline_inv.obj
 0002:00001c80       ??_C@_01FHEEJDEE@A?$AA@    0000000180053c80     bspline_inv.obj
 0002:00001c88       ??_C@_0DC@LNJNOGNH@F?3?1Git?1correspondence?1matlab_cod@ 0000000180053c88     bspline_inv.obj
 0002:00001cc0       ??_C@_0M@OAMIMCNF@bspline_inv?$AA@ 0000000180053cc0     bspline_inv.obj
 0002:00001ea8       __real@c1e0000000000000    0000000180053ea8     bspline_inv.obj
 0002:00001eb0       __real@41dfffffffc00000    0000000180053eb0     bspline_inv.obj
 0002:00001eb8       ??_C@_0DO@PCBINGDL@EMLRT?3runTime?3RepeatedExprWithDi@ 0000000180053eb8     bspline_inv.obj
 0002:00001ef8       __real@4010000000000000    0000000180053ef8     bspline_inv.obj
 0002:00001f00       ??_C@_0EO@GBLOCDLN@D?3?1Program?5Files?1MATLAB?1R2013b?1t@ 0000000180053f00     power.obj
 0002:00001f50       ??_C@_0BC@JEELAMCJ@eml_scalexp_alloc?$AA@ 0000000180053f50     power.obj
 0002:00001f68       __real@4008000000000000    0000000180053f68     power.obj
 0002:00001f70       ??_C@_0FL@NLFBIDJL@D?3?1Program?5Files?1MATLAB?1R2013b?1t@ 0000000180053f70     pinv.obj
 0002:00001fd0       ??_C@_0BC@NHLGMHAO@eml_refblas_xswap?$AA@ 0000000180053fd0     pinv.obj
 0002:00001ff0       ??_C@_0FJ@PPDADDAI@D?3?1Program?5Files?1MATLAB?1R2013b?1t@ 0000000180053ff0     pinv.obj
 0002:00002050       ??_C@_0P@OOMFKGA@eml_blas_xswap?$AA@ 0000000180054050     pinv.obj
 0002:00002060       ??_C@_0FO@CPJAPFEH@D?3?1Program?5Files?1MATLAB?1R2013b?1t@ 0000000180054060     pinv.obj
 0002:000020c0       ??_C@_0BC@KFICGMOK@eml_lapack_xgesvd?$AA@ 00000001800540c0     pinv.obj
 0002:000020e0       ??_C@_0EO@GOLLFHN@D?3?1Program?5Files?1MATLAB?1R2013b?1t@ 00000001800540e0     pinv.obj
 0002:00002130       ??_C@_0L@BEHAIEND@eml_xgesvd?$AA@ 0000000180054130     pinv.obj
 0002:00002140       ??_C@_0ED@FFNBJMKM@D?3?1Program?5Files?1MATLAB?1R2013b?1t@ 0000000180054140     pinv.obj
 0002:00002184       ??_C@_03PGNMJFNA@svd?$AA@  0000000180054184     pinv.obj
 0002:00002190       ??_C@_0EE@PKNLINBD@D?3?1Program?5Files?1MATLAB?1R2013b?1t@ 0000000180054190     pinv.obj
 0002:000021d4       ??_C@_04LNANGIPO@pinv?$AA@ 00000001800541d4     pinv.obj
 0002:000021e0       __real@bff0000000000000    00000001800541e0     pinv.obj
 0002:000021e8       __real@0350000000000000    00000001800541e8     pinv.obj
 0002:000021f0       __mask@@NegDouble@         00000001800541f0     pinv.obj
 0002:00002200       ??_C@_0EG@PFOFFIJJ@D?3?1Program?5Files?1MATLAB?1R2013b?1t@ 0000000180054200     eml_error.obj
 0002:00002248       ??_C@_09JANBMANM@eml_error?$AA@ 0000000180054248     eml_error.obj
 0002:00002258       ??_C@_0BP@KGHOLAIN@Coder?3MATLAB?3svd_NoConvergence?$AA@ 0000000180054258     eml_error.obj
 0002:00002278       ??_C@_0BP@KBACPONM@Coder?3toolbox?3ElFunDomainError?$AA@ 0000000180054278     eml_error.obj
 0002:00002298       ??_C@_0CI@BHGKFKAI@Coder?3toolbox?3reshape_emptyResha@ 0000000180054298     eml_error.obj
 0002:000022c0       ??_C@_0CC@PHBEIKAA@Coder?3MATLAB?3svd_matrixWithNaNIn@ 00000001800542c0     eml_error.obj
 0002:000022e8       ??_C@_0CO@PMIJBPJD@F?3?1Git?1correspondence?1matlab_cod@ 00000001800542e8     bspline.obj
 0002:00002318       ??_C@_07JOJOBLCK@bspline?$AA@ 0000000180054318     bspline.obj
 0002:00002410       ??_C@_05FKHKFDID@index?$AA@ 0000000180054410     getPixelsValue.obj
 0002:00002418       ??_C@_02KJDGFIGM@ry?$AA@   0000000180054418     getPixelsValue.obj
 0002:0000241c       ??_C@_02LACNGJCN@rx?$AA@   000000018005441c     getPixelsValue.obj
 0002:00002420       ??_C@_02LPIONGBG@ly?$AA@   0000000180054420     getPixelsValue.obj
 0002:00002424       ??_C@_02KGJFOHFH@lx?$AA@   0000000180054424     getPixelsValue.obj
 0002:00002428       ??_C@_03BALCFKBP@val?$AA@  0000000180054428     getPixelsValue.obj
 0002:0000242c       ??_C@_03PCCGDNHJ@img?$AA@  000000018005442c     getPixelsValue.obj
 0002:00002430       ??_C@_0EI@EODCEDNJ@D?3?1Program?5Files?1MATLAB?1R2013b?1t@ 0000000180054430     getPixelsValue.obj
 0002:00002478       ??_C@_0M@LOJNOHOD@eml_li_find?$AA@ 0000000180054478     getPixelsValue.obj
 0002:00002488       ??_C@_0DF@BFDNMOMC@F?3?1Git?1correspondence?1matlab_cod@ 0000000180054488     getPixelsValue.obj
 0002:000024c0       ??_C@_0P@HIKJAFDG@getPixelsValue?$AA@ 00000001800544c0     getPixelsValue.obj
 0002:000024cf       ??_C@_00CNPNBAHC@?$AA@     00000001800544cf     merging_api.obj
 0002:000024d0       ??_C@_0M@BCBBEMM@merging_api?$AA@ 00000001800544d0     merging_api.obj
 0002:00002500       ??_C@_06BNJCAIGJ@double?$AA@ 0000000180054500     merging_api.obj
 0002:00002508       ??_C@_03MCAECCCA@Ref?$AA@  0000000180054508     merging_api.obj
 0002:0000250c       ??_C@_06MAHLMFBA@sp_val?$AA@ 000000018005450c     merging_api.obj
 0002:00002518       ??_C@_0CF@OIONOIOI@EMLRT?3runTime?3TooManyOutputArgum@ 0000000180054518     merging_mex.obj
 0002:00002540       ??_C@_0CC@IMHDKEMC@EMLRT?3runTime?3WrongNumberOfInput@ 0000000180054540     merging_mex.obj
 0002:00002568       ??_C@_0DH@MKLJELI@?$FLILXE?$FN$matlabroot$?1toolbox?1eml?1l@ 0000000180054568     _coder_merging_info.obj
 0002:000025a0       ??_C@_0EB@JGGFMEAJ@?$FLILXE?$FN$matlabroot$?1toolbox?1eml?1l@ 00000001800545a0     _coder_merging_info.obj
 0002:000025e8       ??_C@_0DI@OAFICDGG@?$FLILXE?$FN$matlabroot$?1toolbox?1eml?1l@ 00000001800545e8     _coder_merging_info.obj
 0002:00002620       ??_C@_0DJ@LELBHOFI@?$FLILXE?$FN$matlabroot$?1toolbox?1eml?1l@ 0000000180054620     _coder_merging_info.obj
 0002:0000265c       ??_C@_06DHCFJIMK@intmin?$AA@ 000000018005465c     _coder_merging_info.obj
 0002:00002670       ??_C@_0HF@KHPAKDPE@?$FLILXE?$FN$matlabroot$?1toolbox?1eml?1l@ 0000000180054670     _coder_merging_info.obj
 0002:000026f0       ??_C@_0EA@NHKEHCBE@?$FLILXE?$FN$matlabroot$?1toolbox?1eml?1l@ 00000001800546f0     _coder_merging_info.obj
 0002:00002730       ??_C@_0BA@DCOEOBGC@eml_index_times?$AA@ 0000000180054730     _coder_merging_info.obj
 0002:00002740       ??_C@_0EP@OJBJJOB@?$FLILXE?$FN$matlabroot$?1toolbox?1eml?1l@ 0000000180054740     _coder_merging_info.obj
 0002:00002790       ??_C@_0EN@INEGCLMI@?$FLILXE?$FN$matlabroot$?1toolbox?1eml?1l@ 0000000180054790     _coder_merging_info.obj
 0002:000027e0       ??_C@_0EF@OACOOKJN@?$FLILXE?$FN$matlabroot$?1toolbox?1eml?1l@ 00000001800547e0     _coder_merging_info.obj
 0002:00002828       ??_C@_0BA@OPOLJENJ@eml_blas_inline?$AA@ 0000000180054828     _coder_merging_info.obj
 0002:00002838       ??_C@_0DP@KKDHCFNH@?$FLILXE?$FN$matlabroot$?1toolbox?1eml?1l@ 0000000180054838     _coder_merging_info.obj
 0002:00002880       ??_C@_0EJ@ICIFOOJM@?$FLILXE?$FN$matlabroot$?1toolbox?1eml?1l@ 0000000180054880     _coder_merging_info.obj
 0002:000028d0       ??_C@_0EC@EDKCHFKG@?$FLILXE?$FN$matlabroot$?1toolbox?1eml?1l@ 00000001800548d0     _coder_merging_info.obj
 0002:00002918       ??_C@_0DP@JAKKLAFJ@?$FLILXE?$FN$matlabroot$?1toolbox?1eml?1l@ 0000000180054918     _coder_merging_info.obj
 0002:00002958       ??_C@_0DG@PFPDNIHA@?$FLILXE?$FN$matlabroot$?1toolbox?1eml?1l@ 0000000180054958     _coder_merging_info.obj
 0002:00002990       ??_C@_0DI@EMINNGDL@?$FLILXE?$FN$matlabroot$?1toolbox?1eml?1l@ 0000000180054990     _coder_merging_info.obj
 0002:000029c8       ??_C@_0DI@ECPGNJBG@?$FLILXE?$FN$matlabroot$?1toolbox?1eml?1l@ 00000001800549c8     _coder_merging_info.obj
 0002:00002a00       ??_C@_0DP@JHLGJKEB@?$FLILXE?$FN$matlabroot$?1toolbox?1eml?1l@ 0000000180054a00     _coder_merging_info.obj
 0002:00002a40       ??_C@_0DI@JIPJFLJ@?$FLILXE?$FN$matlabroot$?1toolbox?1eml?1l@ 0000000180054a40     _coder_merging_info.obj
 0002:00002a78       ??_C@_0DF@NJDPBALC@?$FLE?$FNF?3?1Git?1correspondence?1matlab_@ 0000000180054a78     _coder_merging_info.obj
 0002:00002ab0       ??_C@_0EC@FOBJIPAB@?$FLILXE?$FN$matlabroot$?1toolbox?1eml?1l@ 0000000180054ab0     _coder_merging_info.obj
 0002:00002af8       ??_C@_0BA@LOGEJEPK@eml_scalar_ceil?$AA@ 0000000180054af8     _coder_merging_info.obj
 0002:00002b08       ??_C@_0DH@EIIGMJDC@?$FLILXE?$FN$matlabroot$?1toolbox?1eml?1l@ 0000000180054b08     _coder_merging_info.obj
 0002:00002b40       ??_C@_0DJ@LGGCAFOA@?$FLILXE?$FN$matlabroot$?1toolbox?1eml?1l@ 0000000180054b40     _coder_merging_info.obj
 0002:00002b80       ??_C@_0DO@FIFFNPJ@?$FLILXE?$FN$matlabroot$?1toolbox?1eml?1l@ 0000000180054b80     _coder_merging_info.obj
 0002:00002bc0       ??_C@_0O@DGEIFEHG@eml_scalar_eg?$AA@ 0000000180054bc0     _coder_merging_info.obj
 0002:00002bd0       ??_C@_0EL@PHDBKCJB@?$FLILXE?$FN$matlabroot$?1toolbox?1eml?1l@ 0000000180054bd0     _coder_merging_info.obj
 0002:00002c20       ??_C@_0BL@CDOFOJKC@eml_const_nonsingleton_dim?$AA@ 0000000180054c20     _coder_merging_info.obj
 0002:00002c40       ??_C@_0EB@NCIHPOOF@?$FLILXE?$FN$matlabroot$?1toolbox?1eml?1l@ 0000000180054c40     _coder_merging_info.obj
 0002:00002c88       ??_C@_0DK@ENDCOJGF@?$FLILXE?$FN$matlabroot$?1toolbox?1eml?1l@ 0000000180054c88     _coder_merging_info.obj
 0002:00002cc8       ??_C@_0DI@IHPGCDDP@?$FLILXE?$FN$matlabroot$?1toolbox?1eml?1l@ 0000000180054cc8     _coder_merging_info.obj
 0002:00002d00       ??_C@_0EP@LONMACPJ@?$FLILXE?$FN$matlabroot$?1toolbox?1eml?1l@ 0000000180054d00     _coder_merging_info.obj
 0002:00002d50       ??_C@_0DP@KEPDCHIB@?$FLILXE?$FN$matlabroot$?1toolbox?1eml?1l@ 0000000180054d50     _coder_merging_info.obj
 0002:00002d90       ??_C@_0P@DJHCLAEH@eml_index_plus?$AA@ 0000000180054d90     _coder_merging_info.obj
 0002:00002da0       ??_C@_0EA@FCCELNDI@?$FLILXE?$FN$matlabroot$?1toolbox?1eml?1l@ 0000000180054da0     _coder_merging_info.obj
 0002:00002de0       ??_C@_0BI@MOBBIOAA@coder?4internal?4indexInt?$AA@ 0000000180054de0     _coder_merging_info.obj
 0002:00002df8       ??_C@_0BA@BIKOLOKP@eml_index_minus?$AA@ 0000000180054df8     _coder_merging_info.obj
 0002:00002e08       ??_C@_0DI@KHEKJDFK@?$FLILXE?$FN$matlabroot$?1toolbox?1eml?1l@ 0000000180054e08     _coder_merging_info.obj
 0002:00002e40       ??_C@_0FB@CNDLNLEB@?$FLIXE?$FN$matlabroot$?1toolbox?1shared@ 0000000180054e40     _coder_merging_info.obj
 0002:00002e98       ??_C@_0CA@GGIPMLJM@coder?4internal?4isBuiltInNumeric?$AA@ 0000000180054e98     _coder_merging_info.obj
 0002:00002ec0       ??_C@_0EA@GLIAMHNI@?$FLILXE?$FN$matlabroot$?1toolbox?1eml?1l@ 0000000180054ec0     _coder_merging_info.obj
 0002:00002f00       ??_C@_0BA@LGKKDMEL@eml_index_class?$AA@ 0000000180054f00     _coder_merging_info.obj
 0002:00002f10       ??_C@_0DH@ONLHCPHN@?$FLILXE?$FN$matlabroot$?1toolbox?1eml?1l@ 0000000180054f10     _coder_merging_info.obj
 0002:00002f48       ??_C@_0DB@PNLFHHGJ@?$FLE?$FNF?3?1Git?1correspondence?1matlab_@ 0000000180054f48     _coder_merging_info.obj
 0002:00002f80       ??_C@_0DH@LODENFNP@?$FLILXE?$FN$matlabroot$?1toolbox?1eml?1l@ 0000000180054f80     _coder_merging_info.obj
 0002:00002fc0       ??_C@_0EA@BFEKENJA@?$FLILXE?$FN$matlabroot$?1toolbox?1eml?1l@ 0000000180054fc0     _coder_merging_info.obj
 0002:00003000       ??_C@_0BA@PBHEJPIB@eml_float_model?$AA@ 0000000180055000     _coder_merging_info.obj
 0002:00003010       ??_C@_0DI@PBKCBADP@?$FLILXE?$FN$matlabroot$?1toolbox?1eml?1l@ 0000000180055010     _coder_merging_info.obj
 0002:00003048       ??_C@_07HBNJHBAD@eml_eps?$AA@ 0000000180055048     _coder_merging_info.obj
 0002:00003050       ??_C@_0ED@NGEOFMII@?$FLILXE?$FN$matlabroot$?1toolbox?1eml?1l@ 0000000180055050     _coder_merging_info.obj
 0002:00003098       ??_C@_0BD@EACIBKCB@eml_is_float_class?$AA@ 0000000180055098     _coder_merging_info.obj
 0002:000030b0       ??_C@_0DG@KPMKIFH@?$FLILXE?$FN$matlabroot$?1toolbox?1eml?1l@ 00000001800550b0     _coder_merging_info.obj
 0002:000030e8       ??_C@_04ENMBGAPA@char?$AA@ 00000001800550e8     _coder_merging_info.obj
 0002:000030f0       ??_C@_03ICKAGFLH@eps?$AA@  00000001800550f0     _coder_merging_info.obj
 0002:00003100       ??_C@_0EB@JMHDJNBF@?$FLILXE?$FN$matlabroot$?1toolbox?1eml?1l@ 0000000180055100     _coder_merging_info.obj
 0002:00003148       ??_C@_0P@DEOLODNE@eml_scalar_abs?$AA@ 0000000180055148     _coder_merging_info.obj
 0002:00003160       ??_C@_0ED@DLMKEIEI@?$FLILXE?$FN$matlabroot$?1toolbox?1eml?1l@ 0000000180055160     _coder_merging_info.obj
 0002:000031a8       ??_C@_0BB@MHDGCEOD@eml_scalar_round?$AA@ 00000001800551a8     _coder_merging_info.obj
 0002:000031bc       ??_C@_03ONJNNIPF@lhs?$AA@  00000001800551bc     _coder_merging_info.obj
 0002:000031c0       ??_C@_03FNFLPIFJ@rhs?$AA@  00000001800551c0     _coder_merging_info.obj
 0002:000031c8       ??_C@_0M@FMAJFPGC@mFileTimeHi?$AA@ 00000001800551c8     _coder_merging_info.obj
 0002:000031d8       ??_C@_0M@NFKFADI@mFileTimeLo?$AA@ 00000001800551d8     _coder_merging_info.obj
 0002:000031e8       ??_C@_0L@HMDKMKNA@fileTimeHi?$AA@ 00000001800551e8     _coder_merging_info.obj
 0002:000031f8       ??_C@_0L@CNGJMFIK@fileTimeLo?$AA@ 00000001800551f8     _coder_merging_info.obj
 0002:00003208       ??_C@_08CGJBBLIA@resolved?$AA@ 0000000180055208     _coder_merging_info.obj
 0002:00003220       ??_C@_0ED@BIIMGNAK@?$FLILXE?$FN$matlabroot$?1toolbox?1eml?1l@ 0000000180055220     _coder_merging_info.obj
 0002:00003268       ??_C@_0N@IGLAPNJK@dominantType?$AA@ 0000000180055268     _coder_merging_info.obj
 0002:00003278       ??_C@_04MEMAJGDJ@name?$AA@ 0000000180055278     _coder_merging_info.obj
 0002:00003280       ??_C@_0BB@DKCPHGKF@eml_scalar_floor?$AA@ 0000000180055280     _coder_merging_info.obj
 0002:00003298       ??_C@_07JKKCBBMM@context?$AA@ 0000000180055298     _coder_merging_info.obj
 0002:000032a0       ??_C@_0DP@MAHEJPGM@?$FLILXE?$FN$matlabroot$?1toolbox?1eml?1l@ 00000001800552a0     _coder_merging_info.obj
 0002:000032e0       ??_C@_0EP@JENFPCEE@?$FLILXE?$FN$matlabroot$?1toolbox?1eml?1l@ 00000001800552e0     _coder_merging_info.obj
 0002:00003330       ??_C@_0EO@DBKPJDKI@?$FLILXE?$FN$matlabroot$?1toolbox?1eml?1l@ 0000000180055330     _coder_merging_info.obj
 0002:00003380       ??_C@_0EM@DFJIHNLP@?$FLILXE?$FN$matlabroot$?1toolbox?1eml?1l@ 0000000180055380     _coder_merging_info.obj
 0002:000033d0       ??_C@_0DO@EGNHMIMO@?$FLILXE?$FN$matlabroot$?1toolbox?1eml?1l@ 00000001800553d0     _coder_merging_info.obj
 0002:00003410       ??_C@_0DP@LHGLJOOM@?$FLILXE?$FN$matlabroot$?1toolbox?1eml?1l@ 0000000180055410     _coder_merging_info.obj
 0002:00003450       ??_C@_0EP@DGBFEIEF@?$FLILXE?$FN$matlabroot$?1toolbox?1eml?1l@ 0000000180055450     _coder_merging_info.obj
 0002:000034a0       ??_C@_0EN@LFMCPKGM@?$FLILXE?$FN$matlabroot$?1toolbox?1eml?1l@ 00000001800554a0     _coder_merging_info.obj
 0002:000034f0       ??_C@_0DP@JCLDPEHD@?$FLILXE?$FN$matlabroot$?1toolbox?1eml?1l@ 00000001800554f0     _coder_merging_info.obj
 0002:00003530       ??_C@_0DI@GANAMGFL@?$FLILXE?$FN$matlabroot$?1toolbox?1eml?1l@ 0000000180055530     _coder_merging_info.obj
 0002:00003568       ??_C@_0DM@IBJBHDMD@?$FLILXE?$FN$matlabroot$?1toolbox?1eml?1l@ 0000000180055568     _coder_merging_info.obj
 0002:000035a8       ??_C@_0M@BEAOLJKK@eml_realmin?$AA@ 00000001800555a8     _coder_merging_info.obj
 0002:000035b8       ??_C@_0DK@LKBJFIMJ@?$FLILXE?$FN$matlabroot$?1toolbox?1eml?1l@ 00000001800555b8     _coder_merging_info.obj
 0002:000035f8       ??_C@_07EHHIAKNC@realmin?$AA@ 00000001800555f8     _coder_merging_info.obj
 0002:00003600       ??_C@_0DG@GPPKOLMK@?$FLILXE?$FN$matlabroot$?1toolbox?1eml?1l@ 0000000180055600     _coder_merging_info.obj
 0002:00003640       ??_C@_0EP@BGLEPBOF@?$FLILXE?$FN$matlabroot$?1toolbox?1eml?1l@ 0000000180055640     _coder_merging_info.obj
 0002:00003690       ??_C@_0EN@JFGDEDMM@?$FLILXE?$FN$matlabroot$?1toolbox?1eml?1l@ 0000000180055690     _coder_merging_info.obj
 0002:000036e0       ??_C@_0DP@LCBCENND@?$FLILXE?$FN$matlabroot$?1toolbox?1eml?1l@ 00000001800556e0     _coder_merging_info.obj
 0002:00003720       ??_C@_0GG@OHNAOPF@?$FLIXE?$FN$matlabroot$?1toolbox?1shared@ 0000000180055720     _coder_merging_info.obj
 0002:00003790       ??_C@_0HB@PKGEOBOK@?$FLIXE?$FN$matlabroot$?1toolbox?1shared@ 0000000180055790     _coder_merging_info.obj
 0002:00003810       ??_C@_0EO@OCDIBMGI@?$FLIXE?$FN$matlabroot$?1toolbox?1shared@ 0000000180055810     _coder_merging_info.obj
 0002:00003860       ??_C@_0BN@EIMLBOBO@coder?4internal?4indexIntRelop?$AA@ 0000000180055860     _coder_merging_info.obj
 0002:00003880       ??_C@_0DK@NBBBHAFE@?$FLILXE?$FN$matlabroot$?1toolbox?1eml?1l@ 0000000180055880     _coder_merging_info.obj
 0002:000038c0       ??_C@_0BA@DMFOHEOD@function_handle?$AA@ 00000001800558c0     _coder_merging_info.obj
 0002:000038d0       ??_C@_0FH@BDMJPNAA@?$FLILXE?$FN$matlabroot$?1toolbox?1eml?1l@ 00000001800558d0     _coder_merging_info.obj
 0002:00003930       ??_C@_0FA@HLMNPFDP@?$FLILXE?$FN$matlabroot$?1toolbox?1eml?1l@ 0000000180055930     _coder_merging_info.obj
 0002:00003980       ??_C@_0EP@DKNAOIDF@?$FLILXE?$FN$matlabroot$?1toolbox?1eml?1l@ 0000000180055980     _coder_merging_info.obj
 0002:000039d0       ??_C@_0FC@KAGKIDFL@?$FLILXE?$FN$matlabroot$?1toolbox?1eml?1l@ 00000001800559d0     _coder_merging_info.obj
 0002:00003a30       ??_C@_0EC@CEPHODGG@?$FLILXE?$FN$matlabroot$?1toolbox?1eml?1l@ 0000000180055a30     _coder_merging_info.obj
 0002:00003a78       ??_C@_0DK@JGMDEBEG@?$FLILXE?$FN$matlabroot$?1toolbox?1eml?1l@ 0000000180055a78     _coder_merging_info.obj
 0002:00003ab8       ??_C@_0DI@NOGOOKFE@?$FLILXE?$FN$matlabroot$?1toolbox?1eml?1l@ 0000000180055ab8     _coder_merging_info.obj
 0002:00003af0       ??_C@_05LGCGPNNP@isnan?$AA@ 0000000180055af0     _coder_merging_info.obj
 0002:00003af8       ??_C@_0DI@IEIPGFNC@?$FLILXE?$FN$matlabroot$?1toolbox?1eml?1l@ 0000000180055af8     _coder_merging_info.obj
 0002:00003b30       ??_C@_05OIHEAIFD@isinf?$AA@ 0000000180055b30     _coder_merging_info.obj
 0002:00003b38       ??_C@_0DL@JMMGNODA@?$FLILXE?$FN$matlabroot$?1toolbox?1eml?1l@ 0000000180055b38     _coder_merging_info.obj
 0002:00003b80       ??_C@_0EK@OCGHDCDA@?$FLILXE?$FN$matlabroot$?1toolbox?1eml?1l@ 0000000180055b80     _coder_merging_info.obj
 0002:00003bd0       ??_C@_0EK@JNKAINMC@?$FLILXE?$FN$matlabroot$?1toolbox?1eml?1l@ 0000000180055bd0     _coder_merging_info.obj
 0002:00003c20       ??_C@_0DK@LNPLPIAF@?$FLILXE?$FN$matlabroot$?1toolbox?1eml?1l@ 0000000180055c20     _coder_merging_info.obj
 0002:00003c60       ??_C@_0EP@LEJNOAOP@?$FLILXE?$FN$matlabroot$?1toolbox?1eml?1l@ 0000000180055c60     _coder_merging_info.obj
 0002:00003cb0       ??_C@_0EN@DHEKFCMG@?$FLILXE?$FN$matlabroot$?1toolbox?1eml?1l@ 0000000180055cb0     _coder_merging_info.obj
 0002:00003d00       ??_C@_0DP@BADLFMNJ@?$FLILXE?$FN$matlabroot$?1toolbox?1eml?1l@ 0000000180055d00     _coder_merging_info.obj
 0002:00003d40       ??_C@_0EO@OECAHCCO@?$FLILXE?$FN$matlabroot$?1toolbox?1eml?1l@ 0000000180055d40     _coder_merging_info.obj
 0002:00003d90       ??_C@_0EM@OABHJMDJ@?$FLILXE?$FN$matlabroot$?1toolbox?1eml?1l@ 0000000180055d90     _coder_merging_info.obj
 0002:00003de0       ??_C@_0DO@JDFICJEI@?$FLILXE?$FN$matlabroot$?1toolbox?1eml?1l@ 0000000180055de0     _coder_merging_info.obj
 0002:00003e20       ??_C@_0FN@JMEPLDJD@?$FLILXE?$FN$matlabroot$?1toolbox?1eml?1l@ 0000000180055e20     _coder_merging_info.obj
 0002:00003e80       ??_C@_0EP@JIKBBMHJ@?$FLILXE?$FN$matlabroot$?1toolbox?1eml?1l@ 0000000180055e80     _coder_merging_info.obj
 0002:00003ed0       ??_C@_0EN@BLHGKOFA@?$FLILXE?$FN$matlabroot$?1toolbox?1eml?1l@ 0000000180055ed0     _coder_merging_info.obj
 0002:00003f20       ??_C@_0DP@DMAHKAEP@?$FLILXE?$FN$matlabroot$?1toolbox?1eml?1l@ 0000000180055f20     _coder_merging_info.obj
 0002:00003f60       ??_C@_0EC@CDBNIKKB@?$FLILXE?$FN$matlabroot$?1toolbox?1eml?1l@ 0000000180055f60     _coder_merging_info.obj
 0002:00003fa8       ??_C@_0BA@JDJHBHHI@eml_scalar_sqrt?$AA@ 0000000180055fa8     _coder_merging_info.obj
 0002:00003fb8       ??_C@_0DH@DFICMMJC@?$FLILXE?$FN$matlabroot$?1toolbox?1eml?1l@ 0000000180055fb8     _coder_merging_info.obj
 0002:00003ff0       ??_C@_0DN@PMMHPPNL@?$FLILXE?$FN$matlabroot$?1toolbox?1eml?1l@ 0000000180055ff0     _coder_merging_info.obj
 0002:00004030       ??_C@_0N@DLHLLFPN@eml_isa_uint?$AA@ 0000000180056030     _coder_merging_info.obj
 0002:00004040       ??_C@_0EP@JFACCOGF@?$FLILXE?$FN$matlabroot$?1toolbox?1eml?1l@ 0000000180056040     _coder_merging_info.obj
 0002:00004090       ??_C@_0EN@BGNFJMEM@?$FLILXE?$FN$matlabroot$?1toolbox?1eml?1l@ 0000000180056090     _coder_merging_info.obj
 0002:000040e0       ??_C@_0DP@DBKEJCFD@?$FLILXE?$FN$matlabroot$?1toolbox?1eml?1l@ 00000001800560e0     _coder_merging_info.obj
 0002:00004120       ??_C@_0FH@FFMAOMLE@?$FLILXE?$FN$matlabroot$?1toolbox?1eml?1l@ 0000000180056120     _coder_merging_info.obj
 0002:00004180       ??_C@_0FD@MCJDAGBD@?$FLILXE?$FN$matlabroot$?1toolbox?1eml?1l@ 0000000180056180     _coder_merging_info.obj
 0002:000041e0       ??_C@_0FA@NDJMCNLE@?$FLILXE?$FN$matlabroot$?1toolbox?1eml?1l@ 00000001800561e0     _coder_merging_info.obj
 0002:00004230       ??_C@_0FB@BNILGHPG@?$FLILXE?$FN$matlabroot$?1toolbox?1eml?1l@ 0000000180056230     _coder_merging_info.obj
 0002:00004290       ??_C@_0EE@IHNMKGA@?$FLILXE?$FN$matlabroot$?1toolbox?1eml?1l@ 0000000180056290     _coder_merging_info.obj
 0002:000042e0       ??_C@_0EC@KCMPNKKM@?$FLILXE?$FN$matlabroot$?1toolbox?1eml?1l@ 00000001800562e0     _coder_merging_info.obj
 0002:00004330       ??_C@_0ED@JIBDCDEA@?$FLILXE?$FN$matlabroot$?1toolbox?1eml?1l@ 0000000180056330     _coder_merging_info.obj
 0002:00004380       ??_C@_0FD@KAPFKDKK@?$FLILXE?$FN$matlabroot$?1toolbox?1eml?1l@ 0000000180056380     _coder_merging_info.obj
 0002:000043e0       ??_C@_0EK@DAIIEKFK@?$FLILXE?$FN$matlabroot$?1toolbox?1eml?1l@ 00000001800563e0     _coder_merging_info.obj
 0002:00004430       ??_C@_0DM@CMPJFBOP@?$FLILXE?$FN$matlabroot$?1toolbox?1eml?1l@ 0000000180056430     _coder_merging_info.obj
 0002:00004470       ??_C@_0DI@CBBPEDJC@?$FLE?$FNF?3?1Git?1correspondence?1matlab_@ 0000000180056470     _coder_merging_info.obj
 0002:000044a8       ??_C@_0DB@DJEPIMBD@?$FLE?$FNF?3?1Git?1correspondence?1matlab_@ 00000001800564a8     _coder_merging_info.obj
 0002:000044dc       ??_C@_06PBJBIPGK@struct?$AA@ 00000001800564dc     _coder_merging_info.obj
 0002:000044f0       ??_C@_0EF@MJHDOJL@?$FLILXE?$FN$matlabroot$?1toolbox?1eml?1l@ 00000001800564f0     _coder_merging_info.obj
 0002:00004538       ??_C@_0BF@ILCPNKP@eml_assert_valid_dim?$AA@ 0000000180056538     _coder_merging_info.obj
 0002:00004550       ??_C@_0EM@LIFKDPLC@?$FLILXE?$FN$matlabroot$?1toolbox?1eml?1l@ 0000000180056550     _coder_merging_info.obj
 0002:000045a0       ??_C@_0DP@HKLBKEGP@?$FLILXE?$FN$matlabroot$?1toolbox?1eml?1l@ 00000001800565a0     _coder_merging_info.obj
 0002:000045e0       ??_C@_0FJ@NLDFBDAC@?$FLILXE?$FN$matlabroot$?1toolbox?1eml?1l@ 00000001800565e0     _coder_merging_info.obj
 0002:00004640       ??_C@_0DJ@PBLDDNNK@?$FLILXE?$FN$matlabroot$?1toolbox?1eml?1l@ 0000000180056640     _coder_merging_info.obj
 0002:0000467c       ??_C@_06CFKOHMKF@intmax?$AA@ 000000018005667c     _coder_merging_info.obj
 0002:00004690       ??_C@_0EF@DPCDEFCH@?$FLILXE?$FN$matlabroot$?1toolbox?1eml?1l@ 0000000180056690     _coder_merging_info.obj
 0002:000046d8       ??_C@_0BF@NDLHKLNB@eml_is_integer_class?$AA@ 00000001800566d8     _coder_merging_info.obj
 0002:000046f0       ??_C@_0FF@HJMFBFKK@?$FLILXE?$FN$matlabroot$?1toolbox?1eml?1l@ 00000001800566f0     _coder_merging_info.obj
 0002:00004750       ??_C@_0FF@BHCOHPII@?$FLILXE?$FN$matlabroot$?1toolbox?1eml?1l@ 0000000180056750     _coder_merging_info.obj
 0002:000047b0       ??_C@_0FL@GPBDMKGF@?$FLILXE?$FN$matlabroot$?1toolbox?1eml?1l@ 00000001800567b0     _coder_merging_info.obj
 0002:00004810       ??_C@_0DG@CNGGIACG@?$FLILXE?$FN$matlabroot$?1toolbox?1eml?1l@ 0000000180056810     _coder_merging_info.obj
 0002:00004850       ??_C@_0EA@MGDACNOI@?$FLILXE?$FN$matlabroot$?1toolbox?1eml?1l@ 0000000180056850     _coder_merging_info.obj
 0002:00004890       ??_C@_0DH@COGCLMCI@?$FLILXE?$FN$matlabroot$?1toolbox?1eml?1l@ 0000000180056890     _coder_merging_info.obj
 0002:000048c8       ??_C@_07EIHKFOOB@logical?$AA@ 00000001800568c8     _coder_merging_info.obj
 0002:000048d0       ??_C@_0EH@ELBOGDPJ@?$FLILXE?$FN$matlabroot$?1toolbox?1eml?1l@ 00000001800568d0     _coder_merging_info.obj
 0002:00004918       ??_C@_0BH@LFDIDDBI@eml_scalexp_compatible?$AA@ 0000000180056918     _coder_merging_info.obj
 0002:00004930       ??_C@_0ED@GAGOHHEE@?$FLILXE?$FN$matlabroot$?1toolbox?1eml?1l@ 0000000180056930     _coder_merging_info.obj
 0002:00004978       ??_C@_0DJ@IKEFPGPP@?$FLILXE?$FN$matlabroot$?1toolbox?1eml?1l@ 0000000180056978     _coder_merging_info.obj
 0002:000049b8       ??_C@_08DDEHHFJC@iscolumn?$AA@ 00000001800569b8     _coder_merging_info.obj
 0002:000049c8       ??_C@_0DN@HKEOJFHF@?$FLILXE?$FN$matlabroot$?1toolbox?1eml?1l@ 00000001800569c8     _coder_merging_info.obj
 0002:00004a10       ??_C@_0FA@NLJKFOCK@?$FLILXE?$FN$matlabroot$?1toolbox?1eml?1l@ 0000000180056a10     _coder_merging_info.obj
 0002:00004a60       ??_C@_0EF@MHCOAOPO@?$FLILXE?$FN$matlabroot$?1toolbox?1eml?1l@ 0000000180056a60     _coder_merging_info.obj
 0002:00004ab0       ??_C@_0EJ@HLMHKLKO@?$FLIXE?$FN$matlabroot$?1toolbox?1shared@ 0000000180056ab0     _coder_merging_info.obj
 0002:00004b00       ??_C@_0BI@LDCJGPIC@coder?4internal?4prodsize?$AA@ 0000000180056b00     _coder_merging_info.obj
 0002:00004b18       ??_C@_0BD@OBCMJNNI@8?42?40?4701?5?$CIR2013b?$CJ?$AA@ 0000000180056b18     _coder_merging_info.obj
 0002:00004b30       __real@4018000000000000    0000000180056b30     _coder_merging_info.obj
 0002:00004b38       ??_C@_0P@FDPDNMBC@ConstantInputs?$AA@ 0000000180056b38     _coder_merging_info.obj
 0002:00004b48       ??_C@_0BA@HBLCOFA@NumberOfOutputs?$AA@ 0000000180056b48     _coder_merging_info.obj
 0002:00004b58       ??_C@_0P@DJPKAEOC@NumberOfInputs?$AA@ 0000000180056b58     _coder_merging_info.obj
 0002:00004b68       ??_C@_04FABLJDN@Name?$AA@  0000000180056b68     _coder_merging_info.obj
 0002:00004b70       ??_C@_0N@HPEKDNOD@CoverageInfo?$AA@ 0000000180056b70     _coder_merging_info.obj
 0002:00004b80       ??_C@_0M@HOOGCLMJ@EntryPoints?$AA@ 0000000180056b80     _coder_merging_info.obj
 0002:00004b90       ??_C@_0BC@PFKIGKIM@ResolvedFunctions?$AA@ 0000000180056b90     _coder_merging_info.obj
 0002:00004ba8       ??_C@_07NGFJPNPN@Version?$AA@ 0000000180056ba8     _coder_merging_info.obj
 0002:00004bb0       _pDefaultRawDllMain        0000000180056bb0     MSVCRT:crtdll.obj
 0002:00004bb0       _pRawDllMain               0000000180056bb0     MSVCRT:crtdll.obj
 0002:00004bc8       __rtc_iaa                  0000000180056bc8     MSVCRT:_initsect_.obj
 0002:00004bd0       __rtc_izz                  0000000180056bd0     MSVCRT:_initsect_.obj
 0002:00004bd8       __rtc_taa                  0000000180056bd8     MSVCRT:_initsect_.obj
 0002:00004be0       __rtc_tzz                  0000000180056be0     MSVCRT:_initsect_.obj
 0002:00005678       __IMPORT_DESCRIPTOR_libmx  0000000180057678     libmx:libmx.dll
 0002:0000568c       __IMPORT_DESCRIPTOR_libmex 000000018005768c     libmex:libmex.dll
 0002:000056a0       __IMPORT_DESCRIPTOR_libemlrt 00000001800576a0     libemlrt:libemlrt.dll
 0002:000056b4       __IMPORT_DESCRIPTOR_libmwblas 00000001800576b4     libmwblas:libmwblas.dll
 0002:000056c8       __IMPORT_DESCRIPTOR_libmwmathutil 00000001800576c8     libmwmathutil:libmwmathutil.dll
 0002:000056dc       __IMPORT_DESCRIPTOR_MSVCR100 00000001800576dc     MSVCRT:MSVCR100.dll
 0002:000056f0       __IMPORT_DESCRIPTOR_KERNEL32 00000001800576f0     kernel32:KERNEL32.dll
 0002:00005704       __NULL_IMPORT_DESCRIPTOR   0000000180057704     libmx:libmx.dll
 0003:00000000       ib_emlrtRSI                0000000180059000     merging_data.obj
 0003:00000018       jb_emlrtRSI                0000000180059018     merging_data.obj
 0003:00000030       sb_emlrtRSI                0000000180059030     merging_data.obj
 0003:00000048       tb_emlrtRSI                0000000180059048     merging_data.obj
 0003:00000060       ub_emlrtRSI                0000000180059060     merging_data.obj
 0003:00000078       vb_emlrtRSI                0000000180059078     merging_data.obj
 0003:00000090       xb_emlrtRSI                0000000180059090     merging_data.obj
 0003:000000a8       yb_emlrtRSI                00000001800590a8     merging_data.obj
 0003:000000c0       bc_emlrtRSI                00000001800590c0     merging_data.obj
 0003:000000d8       cc_emlrtRSI                00000001800590d8     merging_data.obj
 0003:000000f0       fc_emlrtRSI                00000001800590f0     merging_data.obj
 0003:00000108       vc_emlrtRSI                0000000180059108     merging_data.obj
 0003:00000120       wc_emlrtRSI                0000000180059120     merging_data.obj
 0003:00000138       xc_emlrtRSI                0000000180059138     merging_data.obj
 0003:00000150       ad_emlrtRSI                0000000180059150     merging_data.obj
 0003:00000168       dd_emlrtRSI                0000000180059168     merging_data.obj
 0003:00000180       ed_emlrtRSI                0000000180059180     merging_data.obj
 0003:00000198       id_emlrtRSI                0000000180059198     merging_data.obj
 0003:000001b0       jd_emlrtRSI                00000001800591b0     merging_data.obj
 0003:000001c8       kd_emlrtRSI                00000001800591c8     merging_data.obj
 0003:000001e0       ld_emlrtRSI                00000001800591e0     merging_data.obj
 0003:000001f8       md_emlrtRSI                00000001800591f8     merging_data.obj
 0003:00000210       nd_emlrtRSI                0000000180059210     merging_data.obj
 0003:00000228       vd_emlrtRSI                0000000180059228     merging_data.obj
 0003:00000240       yd_emlrtRSI                0000000180059240     merging_data.obj
 0003:00000258       ae_emlrtRSI                0000000180059258     merging_data.obj
 0003:00000270       be_emlrtRSI                0000000180059270     merging_data.obj
 0003:00000288       ce_emlrtRSI                0000000180059288     merging_data.obj
 0003:000002a0       we_emlrtRSI                00000001800592a0     merging_data.obj
 0003:000002b8       bf_emlrtRSI                00000001800592b8     merging_data.obj
 0003:000002d0       cf_emlrtRSI                00000001800592d0     merging_data.obj
 0003:000002e8       df_emlrtRSI                00000001800592e8     merging_data.obj
 0003:00000300       ff_emlrtRSI                0000000180059300     merging_data.obj
 0003:00000318       hf_emlrtRSI                0000000180059318     merging_data.obj
 0003:00000330       if_emlrtRSI                0000000180059330     merging_data.obj
 0003:00000348       jf_emlrtRSI                0000000180059348     merging_data.obj
 0003:00000360       kf_emlrtRSI                0000000180059360     merging_data.obj
 0003:00000378       lf_emlrtRSI                0000000180059378     merging_data.obj
 0003:00000390       mf_emlrtRSI                0000000180059390     merging_data.obj
 0003:000003a8       nf_emlrtRSI                00000001800593a8     merging_data.obj
 0003:000003c0       of_emlrtRSI                00000001800593c0     merging_data.obj
 0003:000003d8       pf_emlrtRSI                00000001800593d8     merging_data.obj
 0003:000003f0       wf_emlrtRSI                00000001800593f0     merging_data.obj
 0003:00000408       xf_emlrtRSI                0000000180059408     merging_data.obj
 0003:00000420       ng_emlrtRSI                0000000180059420     merging_data.obj
 0003:00000438       fk_emlrtRSI                0000000180059438     merging_data.obj
 0003:00000450       gk_emlrtRSI                0000000180059450     merging_data.obj
 0003:00000468       vm_emlrtRSI                0000000180059468     merging_data.obj
 0003:00000480       wm_emlrtRSI                0000000180059480     merging_data.obj
 0003:00000498       ym_emlrtRSI                0000000180059498     merging_data.obj
 0003:000004b0       an_emlrtRSI                00000001800594b0     merging_data.obj
 0003:000004c8       bn_emlrtRSI                00000001800594c8     merging_data.obj
 0003:000004e0       cn_emlrtRSI                00000001800594e0     merging_data.obj
 0003:000004f8       dn_emlrtRSI                00000001800594f8     merging_data.obj
 0003:00000510       en_emlrtRSI                0000000180059510     merging_data.obj
 0003:00000528       fn_emlrtRSI                0000000180059528     merging_data.obj
 0003:00000540       gn_emlrtRSI                0000000180059540     merging_data.obj
 0003:00000558       hn_emlrtRSI                0000000180059558     merging_data.obj
 0003:00000570       in_emlrtRSI                0000000180059570     merging_data.obj
 0003:00000588       jn_emlrtRSI                0000000180059588     merging_data.obj
 0003:000005a0       kn_emlrtRSI                00000001800595a0     merging_data.obj
 0003:000005b8       ln_emlrtRSI                00000001800595b8     merging_data.obj
 0003:000005d0       mn_emlrtRSI                00000001800595d0     merging_data.obj
 0003:000005e8       nn_emlrtRSI                00000001800595e8     merging_data.obj
 0003:00000600       on_emlrtRSI                0000000180059600     merging_data.obj
 0003:00000618       pn_emlrtRSI                0000000180059618     merging_data.obj
 0003:00000630       qn_emlrtRSI                0000000180059630     merging_data.obj
 0003:00000648       rn_emlrtRSI                0000000180059648     merging_data.obj
 0003:00000660       sn_emlrtRSI                0000000180059660     merging_data.obj
 0003:00000678       tn_emlrtRSI                0000000180059678     merging_data.obj
 0003:00000690       un_emlrtRSI                0000000180059690     merging_data.obj
 0003:000006a8       vn_emlrtRSI                00000001800596a8     merging_data.obj
 0003:000006c0       wn_emlrtRSI                00000001800596c0     merging_data.obj
 0003:000006d8       xn_emlrtRSI                00000001800596d8     merging_data.obj
 0003:000006f0       yn_emlrtRSI                00000001800596f0     merging_data.obj
 0003:00000708       ao_emlrtRSI                0000000180059708     merging_data.obj
 0003:00000720       bo_emlrtRSI                0000000180059720     merging_data.obj
 0003:00000738       co_emlrtRSI                0000000180059738     merging_data.obj
 0003:00000750       do_emlrtRSI                0000000180059750     merging_data.obj
 0003:00000768       eo_emlrtRSI                0000000180059768     merging_data.obj
 0003:00000780       fo_emlrtRSI                0000000180059780     merging_data.obj
 0003:00000798       go_emlrtRSI                0000000180059798     merging_data.obj
 0003:000007b0       ho_emlrtRSI                00000001800597b0     merging_data.obj
 0003:000007c8       io_emlrtRSI                00000001800597c8     merging_data.obj
 0003:000007e0       jo_emlrtRSI                00000001800597e0     merging_data.obj
 0003:000007f8       ko_emlrtRSI                00000001800597f8     merging_data.obj
 0003:00000810       lo_emlrtRSI                0000000180059810     merging_data.obj
 0003:00000828       mo_emlrtRSI                0000000180059828     merging_data.obj
 0003:00000840       no_emlrtRSI                0000000180059840     merging_data.obj
 0003:00000858       oo_emlrtRSI                0000000180059858     merging_data.obj
 0003:00000870       po_emlrtRSI                0000000180059870     merging_data.obj
 0003:00000888       qo_emlrtRSI                0000000180059888     merging_data.obj
 0003:000008a0       ro_emlrtRSI                00000001800598a0     merging_data.obj
 0003:000008b8       so_emlrtRSI                00000001800598b8     merging_data.obj
 0003:000008d0       to_emlrtRSI                00000001800598d0     merging_data.obj
 0003:000008e8       uo_emlrtRSI                00000001800598e8     merging_data.obj
 0003:00000900       vo_emlrtRSI                0000000180059900     merging_data.obj
 0003:00000918       xo_emlrtRSI                0000000180059918     merging_data.obj
 0003:00000930       yo_emlrtRSI                0000000180059930     merging_data.obj
 0003:00000948       ap_emlrtRSI                0000000180059948     merging_data.obj
 0003:00000960       bp_emlrtRSI                0000000180059960     merging_data.obj
 0003:00000978       cp_emlrtRSI                0000000180059978     merging_data.obj
 0003:00000990       dp_emlrtRSI                0000000180059990     merging_data.obj
 0003:000009a8       ep_emlrtRSI                00000001800599a8     merging_data.obj
 0003:000009c0       fp_emlrtRSI                00000001800599c0     merging_data.obj
 0003:000009d8       gp_emlrtRSI                00000001800599d8     merging_data.obj
 0003:000009f0       hp_emlrtRSI                00000001800599f0     merging_data.obj
 0003:00000a08       ip_emlrtRSI                0000000180059a08     merging_data.obj
 0003:00000a20       jp_emlrtRSI                0000000180059a20     merging_data.obj
 0003:00000a38       kp_emlrtRSI                0000000180059a38     merging_data.obj
 0003:00000a50       lp_emlrtRSI                0000000180059a50     merging_data.obj
 0003:00000a68       mp_emlrtRSI                0000000180059a68     merging_data.obj
 0003:00000a80       np_emlrtRSI                0000000180059a80     merging_data.obj
 0003:00000a98       op_emlrtRSI                0000000180059a98     merging_data.obj
 0003:00000ab0       pp_emlrtRSI                0000000180059ab0     merging_data.obj
 0003:00000ac8       qp_emlrtRSI                0000000180059ac8     merging_data.obj
 0003:00000ae0       rp_emlrtRSI                0000000180059ae0     merging_data.obj
 0003:00000af8       sp_emlrtRSI                0000000180059af8     merging_data.obj
 0003:00000b10       tp_emlrtRSI                0000000180059b10     merging_data.obj
 0003:00000b28       up_emlrtRSI                0000000180059b28     merging_data.obj
 0003:00000b40       vp_emlrtRSI                0000000180059b40     merging_data.obj
 0003:00000b58       wp_emlrtRSI                0000000180059b58     merging_data.obj
 0003:00000b70       dq_emlrtRSI                0000000180059b70     merging_data.obj
 0003:00000b88       eq_emlrtRSI                0000000180059b88     merging_data.obj
 0003:00000ba0       fq_emlrtRSI                0000000180059ba0     merging_data.obj
 0003:00000bb8       gq_emlrtRSI                0000000180059bb8     merging_data.obj
 0003:00000bd0       hq_emlrtRSI                0000000180059bd0     merging_data.obj
 0003:00000be8       iq_emlrtRSI                0000000180059be8     merging_data.obj
 0003:00000c00       jq_emlrtRSI                0000000180059c00     merging_data.obj
 0003:00000c18       rq_emlrtRSI                0000000180059c18     merging_data.obj
 0003:00000c30       sq_emlrtRSI                0000000180059c30     merging_data.obj
 0003:00000c48       tq_emlrtRSI                0000000180059c48     merging_data.obj
 0003:00000c60       uq_emlrtRSI                0000000180059c60     merging_data.obj
 0003:00000c78       vq_emlrtRSI                0000000180059c78     merging_data.obj
 0003:00000c90       wq_emlrtRSI                0000000180059c90     merging_data.obj
 0003:00000ca8       xq_emlrtRSI                0000000180059ca8     merging_data.obj
 0003:00000cc0       ks_emlrtRSI                0000000180059cc0     merging_data.obj
 0003:00000cd8       ls_emlrtRSI                0000000180059cd8     merging_data.obj
 0003:00000cf0       ts_emlrtRSI                0000000180059cf0     merging_data.obj
 0003:00000d08       us_emlrtRSI                0000000180059d08     merging_data.obj
 0003:00000d20       emlrtMCI                   0000000180059d20     merging_data.obj
 0003:00000d38       b_emlrtMCI                 0000000180059d38     merging_data.obj
 0003:00000d50       c_emlrtMCI                 0000000180059d50     merging_data.obj
 0003:00000d68       d_emlrtMCI                 0000000180059d68     merging_data.obj
 0003:00000d80       g_emlrtMCI                 0000000180059d80     merging_data.obj
 0003:00000d98       o_emlrtMCI                 0000000180059d98     merging_data.obj
 0003:00000db0       p_emlrtMCI                 0000000180059db0     merging_data.obj
 0003:00000dc8       q_emlrtMCI                 0000000180059dc8     merging_data.obj
 0003:00000de0       r_emlrtMCI                 0000000180059de0     merging_data.obj
 0003:00000df8       e_emlrtRTEI                0000000180059df8     merging_data.obj
 0003:00000e10       s_emlrtRTEI                0000000180059e10     merging_data.obj
 0003:00000e28       u_emlrtRTEI                0000000180059e28     merging_data.obj
 0003:00000e40       gb_emlrtRTEI               0000000180059e40     merging_data.obj
 0003:00000e58       hb_emlrtRTEI               0000000180059e58     merging_data.obj
 0003:00000e70       ib_emlrtRTEI               0000000180059e70     merging_data.obj
 0003:00000e88       jb_emlrtRTEI               0000000180059e88     merging_data.obj
 0003:00000ea0       rt_emlrtRSI                0000000180059ea0     merging_data.obj
 0003:00000eb8       st_emlrtRSI                0000000180059eb8     merging_data.obj
 0003:00000ed0       ut_emlrtRSI                0000000180059ed0     merging_data.obj
 0003:00000ee8       vt_emlrtRSI                0000000180059ee8     merging_data.obj
 0003:00000f00       du_emlrtRSI                0000000180059f00     merging_data.obj
 0003:00000f18       eu_emlrtRSI                0000000180059f18     merging_data.obj
 0003:00000f30       fu_emlrtRSI                0000000180059f30     merging_data.obj
 0003:00000f48       gu_emlrtRSI                0000000180059f48     merging_data.obj
 0003:00006470       emlrtContextGlobal         000000018005f470     merging_mex.obj
 0003:000064b0       __security_cookie          000000018005f4b0     MSVCRT:gs_cookie.obj
 0003:000064b8       __security_cookie_complement 000000018005f4b8     MSVCRT:gs_cookie.obj
 0003:000064c0       _fltused                   000000018005f4c0     MSVCRT:dllsupp.obj
 0003:000064d0       __native_dllmain_reason    000000018005f4d0     MSVCRT:natstart.obj
 0003:000064d4       __native_vcclrit_reason    000000018005f4d4     MSVCRT:natstart.obj
 0003:000064e0       emlrtRootTLSGlobal         000000018005f4e0     merging_mex.obj
 0003:00006a60       ?__type_info_root_node@@3U__type_info_node@@A 000000018005fa60     MSVCRT:tncleanup.obj
 0003:00006a70       emlrtBreakCheckR2012bFlagVar 000000018005fa70     <common>
 0003:00006a78       __native_startup_state     000000018005fa78     <common>
 0003:00006a80       __native_startup_lock      000000018005fa80     <common>
 0003:00006a88       __onexitend                000000018005fa88     <common>
 0003:00006a90       __onexitbegin              000000018005fa90     <common>
 0003:00006a98       __dyn_tls_init_callback    000000018005fa98     <common>

 entry point at        0001:000500f4

 Static symbols

 0001:00000180       c_eml_null_assignment      0000000180001180 f   merging.obj
 0001:00000590       d_eml_null_assignment      0000000180001590 f   merging.obj
 0001:000009a0       b_eml_null_assignment      00000001800019a0 f   merging.obj
 0001:00001340       eml_null_assignment        0000000180002340 f   merging.obj
 0001:0000a070       gradf                      000000018000b070 f   gradient.obj
 0001:0000b000       b_eml_xgemm                000000018000c000 f   bspline_inv.obj
 0001:0000b100       eml_assert_valid_size_arg  000000018000c100 f   bspline_inv.obj
 0001:000137d0       c_eml_xgemm                00000001800147d0 f   pinv.obj
 0001:000138c0       eml_xswap                  00000001800148c0 f   pinv.obj
 0001:00013a70       eml_xgesvd                 0000000180014a70 f   pinv.obj
 0001:00016630       eml_pinv                   0000000180017630 f   pinv.obj
 0001:0001a9f0       eml_li_find                000000018001b9f0 f   getPixelsValue.obj
 0001:0001de20       c_emlrt_marshallOut        000000018001ee20 f   merging_api.obj
 0001:0001def0       emlrt_marshallOut          000000018001eef0 f   merging_api.obj
 0001:0001e200       m_emlrt_marshallIn         000000018001f200 f   merging_api.obj
 0001:0001e300       q_emlrt_marshallIn         000000018001f300 f   merging_api.obj
 0001:0001e410       b_emlrt_marshallOut        000000018001f410 f   merging_api.obj
 0001:0001e820       b_emlrt_marshallIn         000000018001f820 f   merging_api.obj
 0001:0001eae0       d_emlrt_marshallIn         000000018001fae0 f   merging_api.obj
 0001:0001ebe0       g_emlrt_marshallIn         000000018001fbe0 f   merging_api.obj
 0001:0001f140       i_emlrt_marshallIn         0000000180020140 f   merging_api.obj
 0001:0001f7f0       emxCopy_real_T             00000001800207f0 f   merging_emxutil.obj
 0001:0001ff80       b_emxExpand_struct_T       0000000180020f80 f   merging_emxutil.obj
 0001:000200d0       b_emxTrim_struct_T         00000001800210d0 f   merging_emxutil.obj
 0001:000201a0       emxExpand_struct_T         00000001800211a0 f   merging_emxutil.obj
 0001:00020270       emxTrim_struct_T           0000000180021270 f   merging_emxutil.obj
 0001:00020570       merging_mexFunction        0000000180021570 f   merging_mex.obj
 0001:00020740       b_emlrt_marshallOut        0000000180021740 f   _coder_merging_info.obj
 0001:000207a0       b_info_helper              00000001800217a0 f   _coder_merging_info.obj
 0001:000298c0       c_info_helper              000000018002a8c0 f   _coder_merging_info.obj
 0001:00032ed0       d_info_helper              0000000180033ed0 f   _coder_merging_info.obj
 0001:0003c4e0       e_info_helper              000000018003d4e0 f   _coder_merging_info.obj
 0001:00045af0       f_info_helper              0000000180046af0 f   _coder_merging_info.obj
 0001:00046790       info_helper                0000000180047790 f   _coder_merging_info.obj
 0001:0004fcfc       pre_c_init                 0000000180050cfc f   MSVCRT:crtdll.obj
 0001:0004ffb8       __DllMainCRTStartup        0000000180050fb8 f   MSVCRT:crtdll.obj
 0001:000505c0       __DllMainCRTStartup$filt$0 00000001800515c0 f   MSVCRT:crtdll.obj
 0001:000505f0       __DllMainCRTStartup$fin$1  00000001800515f0 f   MSVCRT:crtdll.obj
 0001:0005060a       _onexit$fin$0              000000018005160a f   MSVCRT:atonexit.obj
 0001:00050630       _IsNonwritableInCurrentImage$filt$0 0000000180051630 f   MSVCRT:pesect.obj
