 merging_mex

 Timestamp is 5774f52b (Thu Jun 30 18:32:11 2016)

 Preferred load address is 0000000180000000

 Start         Length     Name                   Class
 0001:00000000 0004d042H .text                   CODE
 0001:0004d050 00000092H .text$x                 CODE
 0002:00000000 00000368H .idata$5                DATA
 0002:00000368 00000008H .CRT$XCA                DATA
 0002:00000370 00000008H .CRT$XCZ                DATA
 0002:00000378 00000008H .CRT$XIA                DATA
 0002:00000380 00000008H .CRT$XIAA               DATA
 0002:00000388 00000008H .CRT$XIZ                DATA
 0002:00000390 00004570H .rdata                  DATA
 0002:00004900 00000008H .rtc$IAA                DATA
 0002:00004908 00000008H .rtc$IZZ                DATA
 0002:00004910 00000008H .rtc$TAA                DATA
 0002:00004918 00000008H .rtc$TZZ                DATA
 0002:00004920 00000a74H .xdata                  DATA
 0002:00005394 0000008cH .idata$2                DATA
 0002:00005420 00000014H .idata$3                DATA
 0002:00005438 00000368H .idata$4                DATA
 0002:000057a0 000008e8H .idata$6                DATA
 0002:00006090 000000d5H .edata                  DATA
 0003:00000000 00004c68H .data                   DATA
 0003:00004c70 000005c0H .bss                    DATA
 0004:00000000 000007c8H .pdata                  DATA

  Address         Publics by Value              Rva+Base               Lib:Object

 0000:00000000       ___safe_se_handler_count   0000000000000000     <absolute>
 0000:00000000       ___safe_se_handler_table   0000000000000000     <absolute>
 0000:00000000       __ImageBase                0000000180000000     <linker-defined>
 0001:00000000       error                      0000000180001000 f   merging_mexutil.obj
 0001:00000040       message                    0000000180001040 f   merging_mexutil.obj
 0001:00000090       merging_initialize         0000000180001090 f   merging_initialize.obj
 0001:00000100       merging_atexit             0000000180001100 f   merging_terminate.obj
 0001:00000160       merging_terminate          0000000180001160 f   merging_terminate.obj
 0001:00001a00       merging                    0000000180002a00 f   merging.obj
 0001:0000a7a0       check_forloop_overflow_error 000000018000b7a0 f   eml_int_forloop_overflow_check.obj
 0001:0000a960       eml_assert_valid_size_arg  000000018000b960 f   repmat.obj
 0001:0000ac40       repmat                     000000018000bc40 f   repmat.obj
 0001:0000adf0       b_abs                      000000018000bdf0 f   abs.obj
 0001:0000aea0       c_abs                      000000018000bea0 f   abs.obj
 0001:0000aeb0       b_sum                      000000018000beb0 f   sum.obj
 0001:0000b040       c_sum                      000000018000c040 f   sum.obj
 0001:0000b050       sum                        000000018000c050 f   sum.obj
 0001:0000b290       b_mod                      000000018000c290 f   mod.obj
 0001:0000b380       rdivide                    000000018000c380 f   rdivide.obj
 0001:0000b4a0       b_ceil                     000000018000c4a0 f   ceil.obj
 0001:0000b5c0       bspline_inv                000000018000c5c0 f   bspline_inv.obj
 0001:00013a20       b_floor                    0000000180014a20 f   floor.obj
 0001:00013a40       c_floor                    0000000180014a40 f   floor.obj
 0001:00013aa0       b_power                    0000000180014aa0 f   power.obj
 0001:00013b90       c_power                    0000000180014b90 f   power.obj
 0001:00013cf0       power                      0000000180014cf0 f   power.obj
 0001:000173b0       pinv                       00000001800183b0 f   pinv.obj
 0001:000177c0       b_eml_error                00000001800187c0 f   eml_error.obj
 0001:000177e0       c_eml_error                00000001800187e0 f   eml_error.obj
 0001:00017820       d_eml_error                0000000180018820 f   eml_error.obj
 0001:00017840       eml_error                  0000000180018840 f   eml_error.obj
 0001:00017860       b_sqrt                     0000000180018860 f   sqrt.obj
 0001:000178b0       d_eml_xgemm                00000001800188b0 f   bspline.obj
 0001:000179a0       eml_xgemm                  00000001800189a0 f   bspline.obj
 0001:00017a80       bspline                    0000000180018a80 f   bspline.obj
 0001:0001b680       eml_li_find                000000018001c680 f   getPixelsValue.obj
 0001:0001b850       getPixelsValue             000000018001c850 f   getPixelsValue.obj
 0001:0001db30       merging_api                000000018001eb30 f   merging_api.obj
 0001:0001de40       emxEnsureCapacity          000000018001ee40 f   merging_emxutil.obj
 0001:0001df40       emxFree_real_T             000000018001ef40 f   merging_emxutil.obj
 0001:0001df40       emxFreeStruct_struct_T     000000018001ef40 f   merging_emxutil.obj
 0001:0001df40       emxFree_int32_T            000000018001ef40 f   merging_emxutil.obj
 0001:0001df40       emxFree_boolean_T          000000018001ef40 f   merging_emxutil.obj
 0001:0001e1e0       b_emxCopyStruct_struct_T   000000018001f1e0 f   merging_emxutil.obj
 0001:0001e230       b_emxFreeStruct_struct_T   000000018001f230 f   merging_emxutil.obj
 0001:0001e2b0       b_emxFree_struct_T         000000018001f2b0 f   merging_emxutil.obj
 0001:0001e3e0       b_emxInitStruct_struct_T   000000018001f3e0 f   merging_emxutil.obj
 0001:0001e450       emxInit_int32_T            000000018001f450 f   merging_emxutil.obj
 0001:0001e450       emxInit_real_T             000000018001f450 f   merging_emxutil.obj
 0001:0001e450       emxInit_boolean_T          000000018001f450 f   merging_emxutil.obj
 0001:0001e450       b_emxInit_boolean_T        000000018001f450 f   merging_emxutil.obj
 0001:0001e450       c_emxInit_real_T           000000018001f450 f   merging_emxutil.obj
 0001:0001e450       b_emxInit_real_T           000000018001f450 f   merging_emxutil.obj
 0001:0001e520       b_emxInit_struct_T         000000018001f520 f   merging_emxutil.obj
 0001:0001e5f0       emxCopyStruct_struct_T     000000018001f5f0 f   merging_emxutil.obj
 0001:0001e600       emxFree_struct_T           000000018001f600 f   merging_emxutil.obj
 0001:0001e6f0       emxInitStruct_struct_T     000000018001f6f0 f   merging_emxutil.obj
 0001:0001e710       emxInit_struct_T           000000018001f710 f   merging_emxutil.obj
 0001:0001eb60       b_emxEnsureCapacity_struct_T 000000018001fb60 f   merging_emxutil.obj
 0001:0001ec90       emxEnsureCapacity_struct_T 000000018001fc90 f   merging_emxutil.obj
 0001:0001ef20       merging_atexit_wrapper     000000018001ff20 f   merging_mex.obj
 0001:0001ef50       mexFunction                000000018001ff50 f   merging_mex.obj
 0001:0004c330       emlrtMexFcnResolvedFunctionsInfo 000000018004d330 f   _coder_merging_info.obj
 0001:0004c3b0       emlrtMexFcnProperties      000000018004d3b0 f   _coder_merging_info.obj
 0001:0004c520       mxCreateString             000000018004d520 f   libmx:libmx.dll
 0001:0004c526       mxCreateCharArray_700      000000018004d526 f   libmx:libmx.dll
 0001:0004c52c       mxGetData                  000000018004d52c f   libmx:libmx.dll
 0001:0004c532       mxCreateNumericMatrix_700  000000018004d532 f   libmx:libmx.dll
 0001:0004c538       mxGetPr                    000000018004d538 f   libmx:libmx.dll
 0001:0004c53e       mxCreateNumericArray_700   000000018004d53e f   libmx:libmx.dll
 0001:0004c544       mxCreateStructArray_700    000000018004d544 f   libmx:libmx.dll
 0001:0004c54a       mxCreateStructMatrix_700   000000018004d54a f   libmx:libmx.dll
 0001:0004c550       mxCreateDoubleScalar       000000018004d550 f   libmx:libmx.dll
 0001:0004c556       mxSetFieldByNumber_700     000000018004d556 f   libmx:libmx.dll
 0001:0004c55c       mxCreateLogicalMatrix_700  000000018004d55c f   libmx:libmx.dll
 0001:0004c562       mexAtExit                  000000018004d562 f   libmex:libmex.dll
 0001:0004c568       emlrtCallMATLABR2012b      000000018004d568 f   libemlrt:libemlrt.dll
 0001:0004c56e       emlrtFirstTimeR2012b       000000018004d56e f   libemlrt:libemlrt.dll
 0001:0004c574       emlrtEnterRtStackR2012b    000000018004d574 f   libemlrt:libemlrt.dll
 0001:0004c57a       emlrtClearAllocCountR2012b 000000018004d57a f   libemlrt:libemlrt.dll
 0001:0004c580       emlrtCreateRootTLS         000000018004d580 f   libemlrt:libemlrt.dll
 0001:0004c586       emlrtGetBreakCheckFlagAddressR2012b 000000018004d586 f   libemlrt:libemlrt.dll
 0001:0004c58c       emlrtDestroyRootTLS        000000018004d58c f   libemlrt:libemlrt.dll
 0001:0004c592       emlrtLeaveRtStackR2012b    000000018004d592 f   libemlrt:libemlrt.dll
 0001:0004c598       emlrtHeapReferenceStackLeaveFcnR2012b 000000018004d598 f   libemlrt:libemlrt.dll
 0001:0004c59e       emlrtAssign                000000018004d59e f   libemlrt:libemlrt.dll
 0001:0004c5a4       emlrtInitCharArrayR2013a   000000018004d5a4 f   libemlrt:libemlrt.dll
 0001:0004c5aa       emlrtHeapReferenceStackEnterFcnR2012b 000000018004d5aa f   libemlrt:libemlrt.dll
 0001:0004c5b0       emlrtSizeEqCheck1DR2012b   000000018004d5b0 f   libemlrt:libemlrt.dll
 0001:0004c5b6       emlrtSubAssignSizeCheckR2012b 000000018004d5b6 f   libemlrt:libemlrt.dll
 0001:0004c5bc       emlrtIntegerCheckR2012b    000000018004d5bc f   libemlrt:libemlrt.dll
 0001:0004c5c2       emlrtBreakCheckR2012b      000000018004d5c2 f   libemlrt:libemlrt.dll
 0001:0004c5c8       emlrtSizeEqCheckNDR2012b   000000018004d5c8 f   libemlrt:libemlrt.dll
 0001:0004c5ce       emlrtForLoopVectorCheckR2012b 000000018004d5ce f   libemlrt:libemlrt.dll
 0001:0004c5d4       emlrtDynamicBoundsCheckR2012b 000000018004d5d4 f   libemlrt:libemlrt.dll
 0001:0004c5da       emlrtErrorWithMessageIdR2012b 000000018004d5da f   libemlrt:libemlrt.dll
 0001:0004c5e0       emlrtNonNegativeCheckR2012b 000000018004d5e0 f   libemlrt:libemlrt.dll
 0001:0004c5e6       emlrtAddField              000000018004d5e6 f   libemlrt:libemlrt.dll
 0001:0004c5ec       emlrtDestroyArray          000000018004d5ec f   libemlrt:libemlrt.dll
 0001:0004c5f2       emlrtImportArrayR2011b     000000018004d5f2 f   libemlrt:libemlrt.dll
 0001:0004c5f8       emlrtCheckVsBuiltInR2012b  000000018004d5f8 f   libemlrt:libemlrt.dll
 0001:0004c5fe       emlrtAlias                 000000018004d5fe f   libemlrt:libemlrt.dll
 0001:0004c604       emlrtGetFieldR2013a        000000018004d604 f   libemlrt:libemlrt.dll
 0001:0004c60a       emlrtCheckVsStructR2012b   000000018004d60a f   libemlrt:libemlrt.dll
 0001:0004c610       emlrtAliasP                000000018004d610 f   libemlrt:libemlrt.dll
 0001:0004c616       emlrtFreeMex               000000018004d616 f   libemlrt:libemlrt.dll
 0001:0004c61c       emlrtHeapAllocationErrorR2012b 000000018004d61c f   libemlrt:libemlrt.dll
 0001:0004c622       emlrtCallocMex             000000018004d622 f   libemlrt:libemlrt.dll
 0001:0004c628       emlrtSizeMulR2012b         000000018004d628 f   libemlrt:libemlrt.dll
 0001:0004c62e       emlrtPushHeapReferenceStackR2012b 000000018004d62e f   libemlrt:libemlrt.dll
 0001:0004c634       emlrtMallocMex             000000018004d634 f   libemlrt:libemlrt.dll
 0001:0004c63a       emlrtReturnArrayR2009a     000000018004d63a f   libemlrt:libemlrt.dll
 0001:0004c640       emlrtErrMsgIdAndTxt        000000018004d640 f   libemlrt:libemlrt.dll
 0001:0004c646       emlrtCreateCellArray       000000018004d646 f   libemlrt:libemlrt.dll
 0001:0004c64c       emlrtNameCapturePostProcessR2013b 000000018004d64c f   libemlrt:libemlrt.dll
 0001:0004c652       dgemm                      000000018004d652 f   libmwblas:libmwblas.dll
 0001:0004c658       daxpy                      000000018004d658 f   libmwblas:libmwblas.dll
 0001:0004c65e       dnrm2                      000000018004d65e f   libmwblas:libmwblas.dll
 0001:0004c664       dscal                      000000018004d664 f   libmwblas:libmwblas.dll
 0001:0004c66a       ddot                       000000018004d66a f   libmwblas:libmwblas.dll
 0001:0004c670       drot                       000000018004d670 f   libmwblas:libmwblas.dll
 0001:0004c676       drotg                      000000018004d676 f   libmwblas:libmwblas.dll
 0001:0004c67c       muDoubleScalarFloor        000000018004d67c f   libmwmathutil:libmwmathutil.dll
 0001:0004c682       muDoubleScalarIsNaN        000000018004d682 f   libmwmathutil:libmwmathutil.dll
 0001:0004c688       muDoubleScalarIsInf        000000018004d688 f   libmwmathutil:libmwmathutil.dll
 0001:0004c68e       muDoubleScalarAbs          000000018004d68e f   libmwmathutil:libmwmathutil.dll
 0001:0004c694       muDoubleScalarRound        000000018004d694 f   libmwmathutil:libmwmathutil.dll
 0001:0004c69a       muDoubleScalarCeil         000000018004d69a f   libmwmathutil:libmwmathutil.dll
 0001:0004c6a0       muDoubleScalarPower        000000018004d6a0 f   libmwmathutil:libmwmathutil.dll
 0001:0004c6a6       muDoubleScalarMax          000000018004d6a6 f   libmwmathutil:libmwmathutil.dll
 0001:0004c6ac       muIntScalarMax_sint32      000000018004d6ac f   libmwmathutil:libmwmathutil.dll
 0001:0004c6b2       muIntScalarMin_sint32      000000018004d6b2 f   libmwmathutil:libmwmathutil.dll
 0001:0004c6b8       muDoubleScalarSqrt         000000018004d6b8 f   libmwmathutil:libmwmathutil.dll
 0001:0004c6c0       __GSHandlerCheckCommon     000000018004d6c0 f   MSVCRT:gshandler.obj
 0001:0004c724       __GSHandlerCheck           000000018004d724 f   MSVCRT:gshandler.obj
 0001:0004c760       __security_check_cookie    000000018004d760 f   MSVCRT:amdsecgs.obj
 0001:0004c780       memset                     000000018004d780 f   MSVCRT:MSVCR100.dll
 0001:0004c786       memcpy                     000000018004d786 f   MSVCRT:MSVCR100.dll
 0001:0004c7ec       _CRT_INIT                  000000018004d7ec f   MSVCRT:crtdll.obj
 0001:0004cb84       _DllMainCRTStartup         000000018004db84 f   MSVCRT:crtdll.obj
 0001:0004cbc4       __report_gsfailure         000000018004dbc4 f   MSVCRT:gs_report.obj
 0001:0004cd10       __clean_type_info_names    000000018004dd10 f   MSVCRT:tncleanup.obj
 0001:0004cd1c       _onexit                    000000018004dd1c f   MSVCRT:atonexit.obj
 0001:0004cdcc       atexit                     000000018004ddcc f   MSVCRT:atonexit.obj
 0001:0004cde4       _RTC_Initialize            000000018004dde4 f   MSVCRT:_initsect_.obj
 0001:0004ce1c       _RTC_Terminate             000000018004de1c f   MSVCRT:_initsect_.obj
 0001:0004ce60       _ValidateImageBase         000000018004de60 f   MSVCRT:pesect.obj
 0001:0004ce90       _FindPESection             000000018004de90 f   MSVCRT:pesect.obj
 0001:0004cee0       _IsNonwritableInCurrentImage 000000018004dee0 f   MSVCRT:pesect.obj
 0001:0004cf22       _initterm                  000000018004df22 f   MSVCRT:MSVCR100.dll
 0001:0004cf28       _initterm_e                000000018004df28 f   MSVCRT:MSVCR100.dll
 0001:0004cf2e       _amsg_exit                 000000018004df2e f   MSVCRT:MSVCR100.dll
 0001:0004cf34       __C_specific_handler       000000018004df34 f   MSVCRT:MSVCR100.dll
 0001:0004cf3a       __CppXcptFilter            000000018004df3a f   MSVCRT:MSVCR100.dll
 0001:0004cf40       DllMain                    000000018004df40 f   MSVCRT:dllmain.obj
 0001:0004cf64       __security_init_cookie     000000018004df64 f   MSVCRT:gs_support.obj
 0001:0004d018       __crt_debugger_hook        000000018004e018 f   MSVCRT:MSVCR100.dll
 0001:0004d01e       __clean_type_info_names_internal 000000018004e01e f   MSVCRT:MSVCR100.dll
 0001:0004d024       _unlock                    000000018004e024 f   MSVCRT:MSVCR100.dll
 0001:0004d02a       __dllonexit                000000018004e02a f   MSVCRT:MSVCR100.dll
 0001:0004d030       _lock                      000000018004e030 f   MSVCRT:MSVCR100.dll
 0001:0004d036       RtlVirtualUnwind           000000018004e036 f   kernel32:KERNEL32.dll
 0001:0004d03c       RtlLookupFunctionEntry     000000018004e03c f   kernel32:KERNEL32.dll
 0002:00000000       __imp_GetSystemTimeAsFileTime 000000018004f000     kernel32:KERNEL32.dll
 0002:00000008       __imp_GetCurrentProcessId  000000018004f008     kernel32:KERNEL32.dll
 0002:00000010       __imp_GetCurrentThreadId   000000018004f010     kernel32:KERNEL32.dll
 0002:00000018       __imp_GetTickCount         000000018004f018     kernel32:KERNEL32.dll
 0002:00000020       __imp_QueryPerformanceCounter 000000018004f020     kernel32:KERNEL32.dll
 0002:00000028       __imp_DisableThreadLibraryCalls 000000018004f028     kernel32:KERNEL32.dll
 0002:00000030       __imp_RtlCaptureContext    000000018004f030     kernel32:KERNEL32.dll
 0002:00000038       __imp_RtlLookupFunctionEntry 000000018004f038     kernel32:KERNEL32.dll
 0002:00000040       __imp_RtlVirtualUnwind     000000018004f040     kernel32:KERNEL32.dll
 0002:00000048       __imp_IsDebuggerPresent    000000018004f048     kernel32:KERNEL32.dll
 0002:00000050       __imp_SetUnhandledExceptionFilter 000000018004f050     kernel32:KERNEL32.dll
 0002:00000058       __imp_GetCurrentProcess    000000018004f058     kernel32:KERNEL32.dll
 0002:00000060       __imp_TerminateProcess     000000018004f060     kernel32:KERNEL32.dll
 0002:00000068       __imp_Sleep                000000018004f068     kernel32:KERNEL32.dll
 0002:00000070       __imp_DecodePointer        000000018004f070     kernel32:KERNEL32.dll
 0002:00000078       __imp_EncodePointer        000000018004f078     kernel32:KERNEL32.dll
 0002:00000080       __imp_UnhandledExceptionFilter 000000018004f080     kernel32:KERNEL32.dll
 0002:00000088       \177KERNEL32_NULL_THUNK_DATA 000000018004f088     kernel32:KERNEL32.dll
 0002:00000090       __imp__initterm            000000018004f090     MSVCRT:MSVCR100.dll
 0002:00000098       __imp__malloc_crt          000000018004f098     MSVCRT:MSVCR100.dll
 0002:000000a0       __imp_memcpy               000000018004f0a0     MSVCRT:MSVCR100.dll
 0002:000000a8       __imp_memset               000000018004f0a8     MSVCRT:MSVCR100.dll
 0002:000000b0       __imp___clean_type_info_names_internal 000000018004f0b0     MSVCRT:MSVCR100.dll
 0002:000000b8       __imp__unlock              000000018004f0b8     MSVCRT:MSVCR100.dll
 0002:000000c0       __imp___dllonexit          000000018004f0c0     MSVCRT:MSVCR100.dll
 0002:000000c8       __imp__lock                000000018004f0c8     MSVCRT:MSVCR100.dll
 0002:000000d0       __imp__onexit              000000018004f0d0     MSVCRT:MSVCR100.dll
 0002:000000d8       __imp_free                 000000018004f0d8     MSVCRT:MSVCR100.dll
 0002:000000e0       __imp__encoded_null        000000018004f0e0     MSVCRT:MSVCR100.dll
 0002:000000e8       __imp__amsg_exit           000000018004f0e8     MSVCRT:MSVCR100.dll
 0002:000000f0       __imp___C_specific_handler 000000018004f0f0     MSVCRT:MSVCR100.dll
 0002:000000f8       __imp___CppXcptFilter      000000018004f0f8     MSVCRT:MSVCR100.dll
 0002:00000100       __imp__initterm_e          000000018004f100     MSVCRT:MSVCR100.dll
 0002:00000108       __imp___crt_debugger_hook  000000018004f108     MSVCRT:MSVCR100.dll
 0002:00000110       \177MSVCR100_NULL_THUNK_DATA 000000018004f110     MSVCRT:MSVCR100.dll
 0002:00000118       __imp_emlrtAddField        000000018004f118     libemlrt:libemlrt.dll
 0002:00000120       __imp_emlrtDestroyArray    000000018004f120     libemlrt:libemlrt.dll
 0002:00000128       __imp_emlrtImportArrayR2011b 000000018004f128     libemlrt:libemlrt.dll
 0002:00000130       __imp_emlrtCheckVsBuiltInR2012b 000000018004f130     libemlrt:libemlrt.dll
 0002:00000138       __imp_emlrtAlias           000000018004f138     libemlrt:libemlrt.dll
 0002:00000140       __imp_emlrtGetFieldR2013a  000000018004f140     libemlrt:libemlrt.dll
 0002:00000148       __imp_emlrtCheckVsStructR2012b 000000018004f148     libemlrt:libemlrt.dll
 0002:00000150       __imp_emlrtNonNegativeCheckR2012b 000000018004f150     libemlrt:libemlrt.dll
 0002:00000158       __imp_emlrtFreeMex         000000018004f158     libemlrt:libemlrt.dll
 0002:00000160       __imp_emlrtHeapAllocationErrorR2012b 000000018004f160     libemlrt:libemlrt.dll
 0002:00000168       __imp_emlrtCallocMex       000000018004f168     libemlrt:libemlrt.dll
 0002:00000170       __imp_emlrtSizeMulR2012b   000000018004f170     libemlrt:libemlrt.dll
 0002:00000178       __imp_emlrtPushHeapReferenceStackR2012b 000000018004f178     libemlrt:libemlrt.dll
 0002:00000180       __imp_emlrtMallocMex       000000018004f180     libemlrt:libemlrt.dll
 0002:00000188       __imp_emlrtReturnArrayR2009a 000000018004f188     libemlrt:libemlrt.dll
 0002:00000190       __imp_emlrtErrMsgIdAndTxt  000000018004f190     libemlrt:libemlrt.dll
 0002:00000198       __imp_emlrtCreateCellArray 000000018004f198     libemlrt:libemlrt.dll
 0002:000001a0       __imp_emlrtNameCapturePostProcessR2013b 000000018004f1a0     libemlrt:libemlrt.dll
 0002:000001a8       __imp_emlrtCallMATLABR2012b 000000018004f1a8     libemlrt:libemlrt.dll
 0002:000001b0       __imp_emlrtFirstTimeR2012b 000000018004f1b0     libemlrt:libemlrt.dll
 0002:000001b8       __imp_emlrtEnterRtStackR2012b 000000018004f1b8     libemlrt:libemlrt.dll
 0002:000001c0       __imp_emlrtClearAllocCountR2012b 000000018004f1c0     libemlrt:libemlrt.dll
 0002:000001c8       __imp_emlrtCreateRootTLS   000000018004f1c8     libemlrt:libemlrt.dll
 0002:000001d0       __imp_emlrtGetBreakCheckFlagAddressR2012b 000000018004f1d0     libemlrt:libemlrt.dll
 0002:000001d8       __imp_emlrtAliasP          000000018004f1d8     libemlrt:libemlrt.dll
 0002:000001e0       __imp_emlrtDestroyRootTLS  000000018004f1e0     libemlrt:libemlrt.dll
 0002:000001e8       __imp_emlrtErrorWithMessageIdR2012b 000000018004f1e8     libemlrt:libemlrt.dll
 0002:000001f0       __imp_emlrtDynamicBoundsCheckR2012b 000000018004f1f0     libemlrt:libemlrt.dll
 0002:000001f8       __imp_emlrtForLoopVectorCheckR2012b 000000018004f1f8     libemlrt:libemlrt.dll
 0002:00000200       __imp_emlrtSizeEqCheckNDR2012b 000000018004f200     libemlrt:libemlrt.dll
 0002:00000208       __imp_emlrtBreakCheckR2012b 000000018004f208     libemlrt:libemlrt.dll
 0002:00000210       __imp_emlrtIntegerCheckR2012b 000000018004f210     libemlrt:libemlrt.dll
 0002:00000218       __imp_emlrtSubAssignSizeCheckR2012b 000000018004f218     libemlrt:libemlrt.dll
 0002:00000220       __imp_emlrtSizeEqCheck1DR2012b 000000018004f220     libemlrt:libemlrt.dll
 0002:00000228       __imp_emlrtHeapReferenceStackEnterFcnR2012b 000000018004f228     libemlrt:libemlrt.dll
 0002:00000230       __imp_emlrtInitCharArrayR2013a 000000018004f230     libemlrt:libemlrt.dll
 0002:00000238       __imp_emlrtAssign          000000018004f238     libemlrt:libemlrt.dll
 0002:00000240       __imp_emlrtHeapReferenceStackLeaveFcnR2012b 000000018004f240     libemlrt:libemlrt.dll
 0002:00000248       __imp_emlrtLeaveRtStackR2012b 000000018004f248     libemlrt:libemlrt.dll
 0002:00000250       \177libemlrt_NULL_THUNK_DATA 000000018004f250     libemlrt:libemlrt.dll
 0002:00000258       __imp_mexAtExit            000000018004f258     libmex:libmex.dll
 0002:00000260       \177libmex_NULL_THUNK_DATA 000000018004f260     libmex:libmex.dll
 0002:00000268       __imp_dscal                000000018004f268     libmwblas:libmwblas.dll
 0002:00000270       __imp_dnrm2                000000018004f270     libmwblas:libmwblas.dll
 0002:00000278       __imp_daxpy                000000018004f278     libmwblas:libmwblas.dll
 0002:00000280       __imp_dgemm                000000018004f280     libmwblas:libmwblas.dll
 0002:00000288       __imp_ddot                 000000018004f288     libmwblas:libmwblas.dll
 0002:00000290       __imp_drot                 000000018004f290     libmwblas:libmwblas.dll
 0002:00000298       __imp_drotg                000000018004f298     libmwblas:libmwblas.dll
 0002:000002a0       \177libmwblas_NULL_THUNK_DATA 000000018004f2a0     libmwblas:libmwblas.dll
 0002:000002a8       __imp_muDoubleScalarSqrt   000000018004f2a8     libmwmathutil:libmwmathutil.dll
 0002:000002b0       __imp_muIntScalarMin_sint32 000000018004f2b0     libmwmathutil:libmwmathutil.dll
 0002:000002b8       __imp_muIntScalarMax_sint32 000000018004f2b8     libmwmathutil:libmwmathutil.dll
 0002:000002c0       __imp_muDoubleScalarMax    000000018004f2c0     libmwmathutil:libmwmathutil.dll
 0002:000002c8       __imp_muDoubleScalarPower  000000018004f2c8     libmwmathutil:libmwmathutil.dll
 0002:000002d0       __imp_muDoubleScalarCeil   000000018004f2d0     libmwmathutil:libmwmathutil.dll
 0002:000002d8       __imp_muDoubleScalarRound  000000018004f2d8     libmwmathutil:libmwmathutil.dll
 0002:000002e0       __imp_muDoubleScalarAbs    000000018004f2e0     libmwmathutil:libmwmathutil.dll
 0002:000002e8       __imp_muDoubleScalarIsInf  000000018004f2e8     libmwmathutil:libmwmathutil.dll
 0002:000002f0       __imp_muDoubleScalarIsNaN  000000018004f2f0     libmwmathutil:libmwmathutil.dll
 0002:000002f8       __imp_muDoubleScalarFloor  000000018004f2f8     libmwmathutil:libmwmathutil.dll
 0002:00000300       \177libmwmathutil_NULL_THUNK_DATA 000000018004f300     libmwmathutil:libmwmathutil.dll
 0002:00000308       __imp_mxCreateLogicalMatrix_700 000000018004f308     libmx:libmx.dll
 0002:00000310       __imp_mxSetFieldByNumber_700 000000018004f310     libmx:libmx.dll
 0002:00000318       __imp_mxCreateDoubleScalar 000000018004f318     libmx:libmx.dll
 0002:00000320       __imp_mxCreateStructMatrix_700 000000018004f320     libmx:libmx.dll
 0002:00000328       __imp_mxCreateStructArray_700 000000018004f328     libmx:libmx.dll
 0002:00000330       __imp_mxCreateNumericArray_700 000000018004f330     libmx:libmx.dll
 0002:00000338       __imp_mxGetPr              000000018004f338     libmx:libmx.dll
 0002:00000340       __imp_mxCreateNumericMatrix_700 000000018004f340     libmx:libmx.dll
 0002:00000348       __imp_mxGetData            000000018004f348     libmx:libmx.dll
 0002:00000350       __imp_mxCreateCharArray_700 000000018004f350     libmx:libmx.dll
 0002:00000358       __imp_mxCreateString       000000018004f358     libmx:libmx.dll
 0002:00000360       \177libmx_NULL_THUNK_DATA  000000018004f360     libmx:libmx.dll
 0002:00000368       __xc_a                     000000018004f368     MSVCRT:cinitexe.obj
 0002:00000370       __xc_z                     000000018004f370     MSVCRT:cinitexe.obj
 0002:00000378       __xi_a                     000000018004f378     MSVCRT:cinitexe.obj
 0002:00000388       __xi_z                     000000018004f388     MSVCRT:cinitexe.obj
 0002:00000390       ??_C@_05KKCIMGE@error?$AA@ 000000018004f390     merging_mexutil.obj
 0002:00000398       ??_C@_07ONPBMBOP@message?$AA@ 000000018004f398     merging_mexutil.obj
 0002:000003a0       ??_C@_0EL@EEJPKOHC@D?3?1Program?5Files?1MATLAB?1R2013b?1t@ 000000018004f3a0     merging_data.obj
 0002:000003f0       ??_C@_09BNIPEHJD@eml_xswap?$AA@ 000000018004f3f0     merging_data.obj
 0002:00000400       ??_C@_0EE@LNMJDNCP@D?3?1Program?5Files?1MATLAB?1R2013b?1t@ 000000018004f400     merging_data.obj
 0002:00000444       ??_C@_05PBJFFIGL@floor?$AA@ 000000018004f444     merging_data.obj
 0002:00000450       ??_C@_0ED@HHBILEDM@D?3?1Program?5Files?1MATLAB?1R2013b?1t@ 000000018004f450     merging_data.obj
 0002:00000494       ??_C@_04CKFJHKAP@find?$AA@ 000000018004f494     merging_data.obj
 0002:000004a0       ??_C@_0FA@CDEDNHCH@D?3?1Program?5Files?1MATLAB?1R2013b?1t@ 000000018004f4a0     merging_data.obj
 0002:000004f0       ??_C@_0BE@BNDDFGBF@eml_null_assignment?$AA@ 000000018004f4f0     merging_data.obj
 0002:00000510       ??_C@_0FG@POMOGJMD@D?3?1Program?5Files?1MATLAB?1R2013b?1t@ 000000018004f510     merging_data.obj
 0002:00000568       ??_C@_08FAALJPNL@prodsize?$AA@ 000000018004f568     merging_data.obj
 0002:00000580       ??_C@_0FK@JIDEOHPI@D?3?1Program?5Files?1MATLAB?1R2013b?1t@ 000000018004f580     merging_data.obj
 0002:000005e0       ??_C@_0BB@HGCMOCGE@eml_refblas_xrot?$AA@ 000000018004f5e0     merging_data.obj
 0002:00000600       ??_C@_0FI@ENCHNCAL@D?3?1Program?5Files?1MATLAB?1R2013b?1t@ 000000018004f600     merging_data.obj
 0002:00000658       ??_C@_0O@PKOLFAIN@eml_blas_xrot?$AA@ 000000018004f658     merging_data.obj
 0002:00000670       ??_C@_0EK@OJPNKLLO@D?3?1Program?5Files?1MATLAB?1R2013b?1t@ 000000018004f670     merging_data.obj
 0002:000006c0       ??_C@_08PFGOPFJF@eml_xrot?$AA@ 000000018004f6c0     merging_data.obj
 0002:000006d0       ??_C@_0FL@PHGNHPAN@D?3?1Program?5Files?1MATLAB?1R2013b?1t@ 000000018004f6d0     merging_data.obj
 0002:00000730       ??_C@_0BC@GABFHEMD@eml_refblas_xrotg?$AA@ 000000018004f730     merging_data.obj
 0002:00000750       ??_C@_0FJ@NDAMMPJO@D?3?1Program?5Files?1MATLAB?1R2013b?1t@ 000000018004f750     merging_data.obj
 0002:000007b0       ??_C@_0P@LJEPOJKN@eml_blas_xrotg?$AA@ 000000018004f7b0     merging_data.obj
 0002:000007c0       ??_C@_0EL@GIKDFCOE@D?3?1Program?5Files?1MATLAB?1R2013b?1t@ 000000018004f7c0     merging_data.obj
 0002:00000810       ??_C@_09KKCMPEFO@eml_xrotg?$AA@ 000000018004f810     merging_data.obj
 0002:00000820       ??_C@_0ED@GMPIMEIG@D?3?1Program?5Files?1MATLAB?1R2013b?1t@ 000000018004f820     merging_data.obj
 0002:00000864       ??_C@_04EIAKFFMI@sqrt?$AA@ 000000018004f864     merging_data.obj
 0002:00000870       ??_C@_0FL@PKMOENBB@D?3?1Program?5Files?1MATLAB?1R2013b?1t@ 000000018004f870     merging_data.obj
 0002:000008d0       ??_C@_0BC@FJNDGBLE@eml_refblas_xaxpy?$AA@ 000000018004f8d0     merging_data.obj
 0002:000008f0       ??_C@_0FJ@NOKPPNIC@D?3?1Program?5Files?1MATLAB?1R2013b?1t@ 000000018004f8f0     merging_data.obj
 0002:00000950       ??_C@_0P@IAIJPMNK@eml_blas_xaxpy?$AA@ 000000018004f950     merging_data.obj
 0002:00000960       ??_C@_0EL@GFAAGAPI@D?3?1Program?5Files?1MATLAB?1R2013b?1t@ 000000018004f960     merging_data.obj
 0002:000009b0       ??_C@_09JDOKOBCJ@eml_xaxpy?$AA@ 000000018004f9b0     merging_data.obj
 0002:000009c0       ??_C@_0FL@PLBJJBDA@D?3?1Program?5Files?1MATLAB?1R2013b?1t@ 000000018004f9c0     merging_data.obj
 0002:00000a20       ??_C@_0BC@ECOPBIHP@eml_refblas_xdotx?$AA@ 000000018004fa20     merging_data.obj
 0002:00000a40       ??_C@_0FK@ENLLAGHO@D?3?1Program?5Files?1MATLAB?1R2013b?1t@ 000000018004fa40     merging_data.obj
 0002:00000aa0       ??_C@_0BB@DFOOKCH@eml_refblas_xdot?$AA@ 000000018004faa0     merging_data.obj
 0002:00000ac0       ??_C@_0FI@JIKIDDIN@D?3?1Program?5Files?1MATLAB?1R2013b?1t@ 000000018004fac0     merging_data.obj
 0002:00000b18       ??_C@_0O@IPJJFIMO@eml_blas_xdot?$AA@ 000000018004fb18     merging_data.obj
 0002:00000b30       ??_C@_0EK@DMHCEKDI@D?3?1Program?5Files?1MATLAB?1R2013b?1t@ 000000018004fb30     merging_data.obj
 0002:00000b80       ??_C@_08IABMPNNG@eml_xdot?$AA@ 000000018004fb80     merging_data.obj
 0002:00000b90       ??_C@_0EL@ODMPGMEH@D?3?1Program?5Files?1MATLAB?1R2013b?1t@ 000000018004fb90     merging_data.obj
 0002:00000be0       ??_C@_09CBOAFDHI@eml_xdotc?$AA@ 000000018004fbe0     merging_data.obj
 0002:00000bf0       ??_C@_0FL@FJNJCLDB@D?3?1Program?5Files?1MATLAB?1R2013b?1t@ 000000018004fbf0     merging_data.obj
 0002:00000c50       ??_C@_0BC@OOLKFKJL@eml_refblas_xscal?$AA@ 000000018004fc50     merging_data.obj
 0002:00000c70       ??_C@_0FJ@HNLIJLKC@D?3?1Program?5Files?1MATLAB?1R2013b?1t@ 000000018004fc70     merging_data.obj
 0002:00000cd0       ??_C@_0P@DHOAMHPF@eml_blas_xscal?$AA@ 000000018004fcd0     merging_data.obj
 0002:00000ce0       ??_C@_0EL@MGBHAGNI@D?3?1Program?5Files?1MATLAB?1R2013b?1t@ 000000018004fce0     merging_data.obj
 0002:00000d30       ??_C@_09CEIDNKAG@eml_xscal?$AA@ 000000018004fd30     merging_data.obj
 0002:00000d40       ??_C@_0FL@HJHIJCJB@D?3?1Program?5Files?1MATLAB?1R2013b?1t@ 000000018004fd40     merging_data.obj
 0002:00000da0       ??_C@_0BC@LDENLAOM@eml_refblas_xnrm2?$AA@ 000000018004fda0     merging_data.obj
 0002:00000dc0       ??_C@_0FJ@FNBJCCAC@D?3?1Program?5Files?1MATLAB?1R2013b?1t@ 000000018004fdc0     merging_data.obj
 0002:00000e20       ??_C@_0P@GKBHCNIC@eml_blas_xnrm2?$AA@ 000000018004fe20     merging_data.obj
 0002:00000e30       ??_C@_0EL@OGLGLPHI@D?3?1Program?5Files?1MATLAB?1R2013b?1t@ 000000018004fe30     merging_data.obj
 0002:00000e80       ??_C@_09HJHEDAHB@eml_xnrm2?$AA@ 000000018004fe80     merging_data.obj
 0002:00000e90       ??_C@_0EG@LCDHGJIL@D?3?1Program?5Files?1MATLAB?1R2013b?1t@ 000000018004fe90     merging_data.obj
 0002:00000ed8       ??_C@_09NODCPLED@eml_relop?$AA@ 000000018004fed8     merging_data.obj
 0002:00000ef0       ??_C@_0FL@FFBMILEB@D?3?1Program?5Files?1MATLAB?1R2013b?1t@ 000000018004fef0     merging_data.obj
 0002:00000f50       ??_C@_0BB@NPNGANKF@eml_matlab_zsvdc?$AA@ 000000018004ff50     merging_data.obj
 0002:00000f70       ??_C@_0EH@IKMJDHGM@D?3?1Program?5Files?1MATLAB?1R2013b?1t@ 000000018004ff70     merging_data.obj
 0002:00000fb8       ??_C@_08CHCKEDFL@isfinite?$AA@ 000000018004ffb8     merging_data.obj
 0002:00000fd0       ??_C@_0FL@GBFNPKJF@D?3?1Program?5Files?1MATLAB?1R2013b?1t@ 000000018004ffd0     merging_data.obj
 0002:00001030       ??_C@_0BC@EOLAPMCA@eml_refblas_xgemm?$AA@ 0000000180050030     merging_data.obj
 0002:00001050       ??_C@_0FJ@EFDMEKAG@D?3?1Program?5Files?1MATLAB?1R2013b?1t@ 0000000180050050     merging_data.obj
 0002:000010b0       ??_C@_0P@JHOKGBEO@eml_blas_xgemm?$AA@ 00000001800500b0     merging_data.obj
 0002:000010c0       ??_C@_0EL@POJDNHHM@D?3?1Program?5Files?1MATLAB?1R2013b?1t@ 00000001800500c0     merging_data.obj
 0002:00001110       ??_C@_09IEIJHMLN@eml_xgemm?$AA@ 0000000180050110     merging_data.obj
 0002:00001120       ??_C@_0ED@OHEONNML@D?3?1Program?5Files?1MATLAB?1R2013b?1t@ 0000000180050120     merging_data.obj
 0002:00001164       ??_C@_06PCBFLGP@mtimes?$AA@ 0000000180050164     merging_data.obj
 0002:00001170       ??_C@_0EC@DMMGNLAM@D?3?1Program?5Files?1MATLAB?1R2013b?1t@ 0000000180050170     merging_data.obj
 0002:000011b4       ??_C@_05PLIADJJL@power?$AA@ 00000001800501b4     merging_data.obj
 0002:000011c0       ??_C@_0EL@MDBCGIOK@D?3?1Program?5Files?1MATLAB?1R2013b?1t@ 00000001800501c0     merging_data.obj
 0002:00001210       ??_C@_0P@PAOJKEOI@eml_min_or_max?$AA@ 0000000180050210     merging_data.obj
 0002:00001220       ??_C@_0EE@BDAMDLMM@D?3?1Program?5Files?1MATLAB?1R2013b?1t@ 0000000180050220     merging_data.obj
 0002:00001264       ??_C@_03KLIPLJLL@min?$AA@  0000000180050264     merging_data.obj
 0002:00001270       ??_C@_0ED@BBPMMBCG@D?3?1Program?5Files?1MATLAB?1R2013b?1t@ 0000000180050270     merging_data.obj
 0002:000012b4       ??_C@_04GFPJNGEK@ceil?$AA@ 00000001800502b4     merging_data.obj
 0002:000012c0       ??_C@_0EE@HKFDGICO@D?3?1Program?5Files?1MATLAB?1R2013b?1t@ 00000001800502c0     merging_data.obj
 0002:00001308       ??_C@_07KHOFHKNM@eml_div?$AA@ 0000000180050308     merging_data.obj
 0002:00001310       ??_C@_0EE@FIHFHHGD@D?3?1Program?5Files?1MATLAB?1R2013b?1t@ 0000000180050310     merging_data.obj
 0002:00001358       ??_C@_07EDECNBOH@rdivide?$AA@ 0000000180050358     merging_data.obj
 0002:00001360       ??_C@_0EC@OEFDIDFK@D?3?1Program?5Files?1MATLAB?1R2013b?1t@ 0000000180050360     merging_data.obj
 0002:000013a4       ??_C@_03FFONCNID@mod?$AA@  00000001800503a4     merging_data.obj
 0002:000013b0       ??_C@_0EN@MMMHFMFD@D?3?1Program?5Files?1MATLAB?1R2013b?1t@ 00000001800503b0     merging_data.obj
 0002:00001400       ??_C@_0BB@PACNMNAE@eml_isequal_core?$AA@ 0000000180050400     merging_data.obj
 0002:00001420       ??_C@_0EG@COBEPALK@D?3?1Program?5Files?1MATLAB?1R2013b?1t@ 0000000180050420     merging_data.obj
 0002:00001468       ??_C@_07MIMONDDE@isequal?$AA@ 0000000180050468     merging_data.obj
 0002:00001470       ??_C@_0EC@KGMPOILG@D?3?1Program?5Files?1MATLAB?1R2013b?1t@ 0000000180050470     merging_data.obj
 0002:000014b4       ??_C@_03BCGAIFPO@abs?$AA@  00000001800504b4     merging_data.obj
 0002:000014c0       ??_C@_0EL@COBFFGME@D?3?1Program?5Files?1MATLAB?1R2013b?1t@ 00000001800504c0     merging_data.obj
 0002:00001510       ??_C@_0P@JNIGDCNL@eml_index_prod?$AA@ 0000000180050510     merging_data.obj
 0002:00001520       ??_C@_0FL@BGPLNOJI@D?3?1Program?5Files?1MATLAB?1R2013b?1t@ 0000000180050520     merging_data.obj
 0002:00001580       ??_C@_0O@LFDEJHKC@indexIntRelop?$AA@ 0000000180050580     merging_data.obj
 0002:00001590       ??_C@_0FG@EMKGHNEE@D?3?1Program?5Files?1MATLAB?1R2013b?1t@ 0000000180050590     merging_data.obj
 0002:000015e8       ??_C@_0BK@POIJPMHI@eml_assert_valid_size_arg?$AA@ 00000001800505e8     merging_data.obj
 0002:00001610       ??_C@_0FL@NBBAGBIN@D?3?1Program?5Files?1MATLAB?1R2013b?1t@ 0000000180050610     merging_data.obj
 0002:00001670       ??_C@_0BP@OEONONCM@eml_int_forloop_overflow_check?$AA@ 0000000180050670     merging_data.obj
 0002:00001690       ??_C@_06MAHLMFBA@sp_val?$AA@ 0000000180050690     merging.obj
 0002:00001698       ??_C@_07LFANNLCP@ref_set?$AA@ 0000000180050698     merging.obj
 0002:000016a0       ??_C@_05LPLKEINE@ref_j?$AA@ 00000001800506a0     merging.obj
 0002:000016a8       ??_C@_06MKFCBAHH@ref_jt?$AA@ 00000001800506a8     merging.obj
 0002:000016b0       ??_C@_05JEJHBLBH@ref_i?$AA@ 00000001800506b0     merging.obj
 0002:000016b8       ??_C@_06MIBEKOCO@ref_it?$AA@ 00000001800506b8     merging.obj
 0002:000016c0       ??_C@_0M@OBAPPIEN@bspline_set?$AA@ 00000001800506c0     merging.obj
 0002:000016d0       ??_C@_0BA@JPABFFEE@adjacency_graph?$AA@ 00000001800506d0     merging.obj
 0002:000016e0       ??_C@_06HCLHAFKH@sp_set?$AA@ 00000001800506e0     merging.obj
 0002:000016e8       ??_C@_05PEAECDOC@pairs?$AA@ 00000001800506e8     merging.obj
 0002:000016f0       ??_C@_0EF@JGBHADPN@D?3?1Program?5Files?1MATLAB?1R2013b?1t@ 00000001800506f0     merging.obj
 0002:00001738       ??_C@_08GNEFHMND@mrdivide?$AA@ 0000000180050738     merging.obj
 0002:00001748       ??_C@_0CM@OKOIEANM@F?3?1Git?1correspondence?1matlab_cod@ 0000000180050748     merging.obj
 0002:00001778       ??_C@_07ELJOFCOK@merging?$AA@ 0000000180050778     merging.obj
 0002:000018b0       ??_C@_0BC@DHBLDLOI@Assertion?5failed?4?$AA@ 00000001800508b0     merging.obj
 0002:000018c8       __real@3ff0000000000000    00000001800508c8     merging.obj
 0002:000018d0       __real@4024000000000000    00000001800508d0     merging.obj
 0002:00001930       ??_C@_0EF@BMKAGAJG@D?3?1Program?5Files?1MATLAB?1R2013b?1t@ 0000000180050930     repmat.obj
 0002:00001978       ??_C@_06HDIFKNJO@repmat?$AA@ 0000000180050978     repmat.obj
 0002:000019c8       __real@c1e0000000000000    00000001800509c8     repmat.obj
 0002:000019d0       __real@41dfffffffc00000    00000001800509d0     repmat.obj
 0002:000019e0       ??_C@_0EE@JNHFINEK@D?3?1Program?5Files?1MATLAB?1R2013b?1t@ 00000001800509e0     sum.obj
 0002:00001a24       ??_C@_03CFFIJAMA@sum?$AA@  0000000180050a24     sum.obj
 0002:00001a80       __real@3cb0000000000000    0000000180050a80     mod.obj
 0002:00001a88       __real@0000000000000000    0000000180050a88     mod.obj
 0002:00001a90       __real@403e000000000000    0000000180050a90     rdivide.obj
 0002:00001a98       ??_C@_0N@EIEDKOI@param_matrix?$AA@ 0000000180050a98     bspline_inv.obj
 0002:00001aa8       ??_C@_01EANLCPLP@y?$AA@    0000000180050aa8     bspline_inv.obj
 0002:00001aac       ??_C@_01FJMABOPO@x?$AA@    0000000180050aac     bspline_inv.obj
 0002:00001ab0       ??_C@_02JGAADCOE@Ax?$AA@   0000000180050ab0     bspline_inv.obj
 0002:00001ab4       ??_C@_02IPBLADKF@Ay?$AA@   0000000180050ab4     bspline_inv.obj
 0002:00001ab8       ??_C@_01FHEEJDEE@A?$AA@    0000000180050ab8     bspline_inv.obj
 0002:00001ac0       ??_C@_0EG@NONNOBNK@D?3?1Program?5Files?1MATLAB?1R2013b?1t@ 0000000180050ac0     bspline_inv.obj
 0002:00001b08       ??_C@_07EGDDPBAO@reshape?$AA@ 0000000180050b08     bspline_inv.obj
 0002:00001b10       ??_C@_0EE@FGAOHIEO@D?3?1Program?5Files?1MATLAB?1R2013b?1t@ 0000000180050b10     bspline_inv.obj
 0002:00001b54       ??_C@_03LJAEFNNE@max?$AA@  0000000180050b54     bspline_inv.obj
 0002:00001b58       ??_C@_0DA@FOHBPLNB@F?3?1Git?1correspondence?1matlab_cod@ 0000000180050b58     bspline_inv.obj
 0002:00001b88       ??_C@_0M@OAMIMCNF@bspline_inv?$AA@ 0000000180050b88     bspline_inv.obj
 0002:00001d28       ??_C@_0DO@PCBINGDL@EMLRT?3runTime?3RepeatedExprWithDi@ 0000000180050d28     bspline_inv.obj
 0002:00001d68       __real@4010000000000000    0000000180050d68     bspline_inv.obj
 0002:00001d70       ??_C@_0EO@GBLOCDLN@D?3?1Program?5Files?1MATLAB?1R2013b?1t@ 0000000180050d70     power.obj
 0002:00001dc0       ??_C@_0BC@JEELAMCJ@eml_scalexp_alloc?$AA@ 0000000180050dc0     power.obj
 0002:00001dd8       __real@4008000000000000    0000000180050dd8     power.obj
 0002:00001de0       ??_C@_0FL@NLFBIDJL@D?3?1Program?5Files?1MATLAB?1R2013b?1t@ 0000000180050de0     pinv.obj
 0002:00001e40       ??_C@_0BC@NHLGMHAO@eml_refblas_xswap?$AA@ 0000000180050e40     pinv.obj
 0002:00001e60       ??_C@_0FJ@PPDADDAI@D?3?1Program?5Files?1MATLAB?1R2013b?1t@ 0000000180050e60     pinv.obj
 0002:00001ec0       ??_C@_0P@OOMFKGA@eml_blas_xswap?$AA@ 0000000180050ec0     pinv.obj
 0002:00001ed0       ??_C@_0FO@CPJAPFEH@D?3?1Program?5Files?1MATLAB?1R2013b?1t@ 0000000180050ed0     pinv.obj
 0002:00001f30       ??_C@_0BC@KFICGMOK@eml_lapack_xgesvd?$AA@ 0000000180050f30     pinv.obj
 0002:00001f50       ??_C@_0EO@GOLLFHN@D?3?1Program?5Files?1MATLAB?1R2013b?1t@ 0000000180050f50     pinv.obj
 0002:00001fa0       ??_C@_0L@BEHAIEND@eml_xgesvd?$AA@ 0000000180050fa0     pinv.obj
 0002:00001fb0       ??_C@_0ED@FFNBJMKM@D?3?1Program?5Files?1MATLAB?1R2013b?1t@ 0000000180050fb0     pinv.obj
 0002:00001ff4       ??_C@_03PGNMJFNA@svd?$AA@  0000000180050ff4     pinv.obj
 0002:00002000       ??_C@_0EE@PKNLINBD@D?3?1Program?5Files?1MATLAB?1R2013b?1t@ 0000000180051000     pinv.obj
 0002:00002044       ??_C@_04LNANGIPO@pinv?$AA@ 0000000180051044     pinv.obj
 0002:00002050       __real@4000000000000000    0000000180051050     pinv.obj
 0002:00002058       __real@bff0000000000000    0000000180051058     pinv.obj
 0002:00002060       __real@0350000000000000    0000000180051060     pinv.obj
 0002:00002070       __mask@@NegDouble@         0000000180051070     pinv.obj
 0002:00002080       ??_C@_0EG@PFOFFIJJ@D?3?1Program?5Files?1MATLAB?1R2013b?1t@ 0000000180051080     eml_error.obj
 0002:000020c8       ??_C@_09JANBMANM@eml_error?$AA@ 00000001800510c8     eml_error.obj
 0002:000020d8       ??_C@_0BP@KGHOLAIN@Coder?3MATLAB?3svd_NoConvergence?$AA@ 00000001800510d8     eml_error.obj
 0002:000020f8       ??_C@_0BP@KBACPONM@Coder?3toolbox?3ElFunDomainError?$AA@ 00000001800510f8     eml_error.obj
 0002:00002118       ??_C@_0CI@BHGKFKAI@Coder?3toolbox?3reshape_emptyResha@ 0000000180051118     eml_error.obj
 0002:00002140       ??_C@_0CC@PHBEIKAA@Coder?3MATLAB?3svd_matrixWithNaNIn@ 0000000180051140     eml_error.obj
 0002:00002168       ??_C@_0CM@COBCLLKG@F?3?1Git?1correspondence?1matlab_cod@ 0000000180051168     bspline.obj
 0002:00002198       ??_C@_07JOJOBLCK@bspline?$AA@ 0000000180051198     bspline.obj
 0002:00002290       ??_C@_05FKHKFDID@index?$AA@ 0000000180051290     getPixelsValue.obj
 0002:00002298       ??_C@_03BALCFKBP@val?$AA@  0000000180051298     getPixelsValue.obj
 0002:0000229c       ??_C@_03PCCGDNHJ@img?$AA@  000000018005129c     getPixelsValue.obj
 0002:000022a0       ??_C@_0DD@EHGAHANM@F?3?1Git?1correspondence?1matlab_cod@ 00000001800512a0     getPixelsValue.obj
 0002:000022d8       ??_C@_0P@HIKJAFDG@getPixelsValue?$AA@ 00000001800512d8     getPixelsValue.obj
 0002:000022f0       ??_C@_0EI@EODCEDNJ@D?3?1Program?5Files?1MATLAB?1R2013b?1t@ 00000001800512f0     getPixelsValue.obj
 0002:00002338       ??_C@_0M@LOJNOHOD@eml_li_find?$AA@ 0000000180051338     getPixelsValue.obj
 0002:00002344       ??_C@_00CNPNBAHC@?$AA@     0000000180051344     merging_api.obj
 0002:00002348       ??_C@_0M@BCBBEMM@merging_api?$AA@ 0000000180051348     merging_api.obj
 0002:00002368       ??_C@_06BNJCAIGJ@double?$AA@ 0000000180051368     merging_api.obj
 0002:00002370       ??_C@_03MCAECCCA@Ref?$AA@  0000000180051370     merging_api.obj
 0002:00002374       ??_C@_03LOICLMIO@Sp2?$AA@  0000000180051374     merging_api.obj
 0002:00002378       ??_C@_0CF@OIONOIOI@EMLRT?3runTime?3TooManyOutputArgum@ 0000000180051378     merging_mex.obj
 0002:000023a0       ??_C@_0CC@IMHDKEMC@EMLRT?3runTime?3WrongNumberOfInput@ 00000001800513a0     merging_mex.obj
 0002:000023d0       ??_C@_0FA@HLMNPFDP@?$FLILXE?$FN$matlabroot$?1toolbox?1eml?1l@ 00000001800513d0     _coder_merging_info.obj
 0002:00002420       ??_C@_0EP@DKNAOIDF@?$FLILXE?$FN$matlabroot$?1toolbox?1eml?1l@ 0000000180051420     _coder_merging_info.obj
 0002:00002470       ??_C@_0FC@KAGKIDFL@?$FLILXE?$FN$matlabroot$?1toolbox?1eml?1l@ 0000000180051470     _coder_merging_info.obj
 0002:000024d0       ??_C@_0EC@CEPHODGG@?$FLILXE?$FN$matlabroot$?1toolbox?1eml?1l@ 00000001800514d0     _coder_merging_info.obj
 0002:00002518       ??_C@_0DK@JGMDEBEG@?$FLILXE?$FN$matlabroot$?1toolbox?1eml?1l@ 0000000180051518     _coder_merging_info.obj
 0002:00002558       ??_C@_0DI@IEIPGFNC@?$FLILXE?$FN$matlabroot$?1toolbox?1eml?1l@ 0000000180051558     _coder_merging_info.obj
 0002:00002590       ??_C@_05OIHEAIFD@isinf?$AA@ 0000000180051590     _coder_merging_info.obj
 0002:00002598       ??_C@_0DL@JMMGNODA@?$FLILXE?$FN$matlabroot$?1toolbox?1eml?1l@ 0000000180051598     _coder_merging_info.obj
 0002:000025d8       ??_C@_0DH@MKLJELI@?$FLILXE?$FN$matlabroot$?1toolbox?1eml?1l@ 00000001800515d8     _coder_merging_info.obj
 0002:00002610       ??_C@_0EB@JGGFMEAJ@?$FLILXE?$FN$matlabroot$?1toolbox?1eml?1l@ 0000000180051610     _coder_merging_info.obj
 0002:00002658       ??_C@_0DI@OAFICDGG@?$FLILXE?$FN$matlabroot$?1toolbox?1eml?1l@ 0000000180051658     _coder_merging_info.obj
 0002:00002690       ??_C@_0DJ@LELBHOFI@?$FLILXE?$FN$matlabroot$?1toolbox?1eml?1l@ 0000000180051690     _coder_merging_info.obj
 0002:000026cc       ??_C@_06DHCFJIMK@intmin?$AA@ 00000001800516cc     _coder_merging_info.obj
 0002:000026e0       ??_C@_0HF@KHPAKDPE@?$FLILXE?$FN$matlabroot$?1toolbox?1eml?1l@ 00000001800516e0     _coder_merging_info.obj
 0002:00002760       ??_C@_0EA@NHKEHCBE@?$FLILXE?$FN$matlabroot$?1toolbox?1eml?1l@ 0000000180051760     _coder_merging_info.obj
 0002:000027a0       ??_C@_0BA@DCOEOBGC@eml_index_times?$AA@ 00000001800517a0     _coder_merging_info.obj
 0002:000027b0       ??_C@_0EA@FCCELNDI@?$FLILXE?$FN$matlabroot$?1toolbox?1eml?1l@ 00000001800517b0     _coder_merging_info.obj
 0002:000027f0       ??_C@_0BA@BIKOLOKP@eml_index_minus?$AA@ 00000001800517f0     _coder_merging_info.obj
 0002:00002800       ??_C@_0EP@OJBJJOB@?$FLILXE?$FN$matlabroot$?1toolbox?1eml?1l@ 0000000180051800     _coder_merging_info.obj
 0002:00002850       ??_C@_0EN@INEGCLMI@?$FLILXE?$FN$matlabroot$?1toolbox?1eml?1l@ 0000000180051850     _coder_merging_info.obj
 0002:000028a0       ??_C@_0EF@OACOOKJN@?$FLILXE?$FN$matlabroot$?1toolbox?1eml?1l@ 00000001800518a0     _coder_merging_info.obj
 0002:000028e8       ??_C@_0BA@OPOLJENJ@eml_blas_inline?$AA@ 00000001800518e8     _coder_merging_info.obj
 0002:000028f8       ??_C@_0DP@KKDHCFNH@?$FLILXE?$FN$matlabroot$?1toolbox?1eml?1l@ 00000001800518f8     _coder_merging_info.obj
 0002:00002938       ??_C@_0DH@LODENFNP@?$FLILXE?$FN$matlabroot$?1toolbox?1eml?1l@ 0000000180051938     _coder_merging_info.obj
 0002:00002970       ??_C@_0EJ@ICIFOOJM@?$FLILXE?$FN$matlabroot$?1toolbox?1eml?1l@ 0000000180051970     _coder_merging_info.obj
 0002:000029c0       ??_C@_0EC@EDKCHFKG@?$FLILXE?$FN$matlabroot$?1toolbox?1eml?1l@ 00000001800519c0     _coder_merging_info.obj
 0002:00002a08       ??_C@_0DP@JAKKLAFJ@?$FLILXE?$FN$matlabroot$?1toolbox?1eml?1l@ 0000000180051a08     _coder_merging_info.obj
 0002:00002a48       ??_C@_0DG@PFPDNIHA@?$FLILXE?$FN$matlabroot$?1toolbox?1eml?1l@ 0000000180051a48     _coder_merging_info.obj
 0002:00002a80       ??_C@_0ED@BIIMGNAK@?$FLILXE?$FN$matlabroot$?1toolbox?1eml?1l@ 0000000180051a80     _coder_merging_info.obj
 0002:00002ac8       ??_C@_0BB@DKCPHGKF@eml_scalar_floor?$AA@ 0000000180051ac8     _coder_merging_info.obj
 0002:00002ae0       ??_C@_0DI@KHEKJDFK@?$FLILXE?$FN$matlabroot$?1toolbox?1eml?1l@ 0000000180051ae0     _coder_merging_info.obj
 0002:00002b18       ??_C@_0DI@EMINNGDL@?$FLILXE?$FN$matlabroot$?1toolbox?1eml?1l@ 0000000180051b18     _coder_merging_info.obj
 0002:00002b50       ??_C@_0DI@ECPGNJBG@?$FLILXE?$FN$matlabroot$?1toolbox?1eml?1l@ 0000000180051b50     _coder_merging_info.obj
 0002:00002b88       ??_C@_0DK@NBBBHAFE@?$FLILXE?$FN$matlabroot$?1toolbox?1eml?1l@ 0000000180051b88     _coder_merging_info.obj
 0002:00002bc8       ??_C@_0BA@DMFOHEOD@function_handle?$AA@ 0000000180051bc8     _coder_merging_info.obj
 0002:00002be0       ??_C@_0EP@LONMACPJ@?$FLILXE?$FN$matlabroot$?1toolbox?1eml?1l@ 0000000180051be0     _coder_merging_info.obj
 0002:00002c30       ??_C@_0DP@KEPDCHIB@?$FLILXE?$FN$matlabroot$?1toolbox?1eml?1l@ 0000000180051c30     _coder_merging_info.obj
 0002:00002c70       ??_C@_0BI@MOBBIOAA@coder?4internal?4indexInt?$AA@ 0000000180051c70     _coder_merging_info.obj
 0002:00002c88       ??_C@_0P@DJHCLAEH@eml_index_plus?$AA@ 0000000180051c88     _coder_merging_info.obj
 0002:00002c98       ??_C@_0DI@NOGOOKFE@?$FLILXE?$FN$matlabroot$?1toolbox?1eml?1l@ 0000000180051c98     _coder_merging_info.obj
 0002:00002cd0       ??_C@_05LGCGPNNP@isnan?$AA@ 0000000180051cd0     _coder_merging_info.obj
 0002:00002ce0       ??_C@_0FA@NLJKFOCK@?$FLILXE?$FN$matlabroot$?1toolbox?1eml?1l@ 0000000180051ce0     _coder_merging_info.obj
 0002:00002d30       ??_C@_0EA@GLIAMHNI@?$FLILXE?$FN$matlabroot$?1toolbox?1eml?1l@ 0000000180051d30     _coder_merging_info.obj
 0002:00002d70       ??_C@_0BA@LGKKDMEL@eml_index_class?$AA@ 0000000180051d70     _coder_merging_info.obj
 0002:00002d80       ??_C@_0DO@FIFFNPJ@?$FLILXE?$FN$matlabroot$?1toolbox?1eml?1l@ 0000000180051d80     _coder_merging_info.obj
 0002:00002dc0       ??_C@_0O@DGEIFEHG@eml_scalar_eg?$AA@ 0000000180051dc0     _coder_merging_info.obj
 0002:00002dd0       ??_C@_0EL@PHDBKCJB@?$FLILXE?$FN$matlabroot$?1toolbox?1eml?1l@ 0000000180051dd0     _coder_merging_info.obj
 0002:00002e20       ??_C@_0BL@CDOFOJKC@eml_const_nonsingleton_dim?$AA@ 0000000180051e20     _coder_merging_info.obj
 0002:00002e40       ??_C@_0EM@LIFKDPLC@?$FLILXE?$FN$matlabroot$?1toolbox?1eml?1l@ 0000000180051e40     _coder_merging_info.obj
 0002:00002e90       ??_C@_0DP@JHLGJKEB@?$FLILXE?$FN$matlabroot$?1toolbox?1eml?1l@ 0000000180051e90     _coder_merging_info.obj
 0002:00002ed0       ??_C@_04ENMBGAPA@char?$AA@ 0000000180051ed0     _coder_merging_info.obj
 0002:00002ed8       ??_C@_0DI@JIPJFLJ@?$FLILXE?$FN$matlabroot$?1toolbox?1eml?1l@ 0000000180051ed8     _coder_merging_info.obj
 0002:00002f10       ??_C@_0DJ@LGGCAFOA@?$FLILXE?$FN$matlabroot$?1toolbox?1eml?1l@ 0000000180051f10     _coder_merging_info.obj
 0002:00002f50       ??_C@_0DD@MPEGEKC@?$FLE?$FNF?3?1Git?1correspondence?1matlab_@ 0000000180051f50     _coder_merging_info.obj
 0002:00002f88       ??_C@_0CP@JODJEPBC@?$FLE?$FNF?3?1Git?1correspondence?1matlab_@ 0000000180051f88     _coder_merging_info.obj
 0002:00002fc0       ??_C@_0EC@FOBJIPAB@?$FLILXE?$FN$matlabroot$?1toolbox?1eml?1l@ 0000000180051fc0     _coder_merging_info.obj
 0002:00003008       ??_C@_0BA@LOGEJEPK@eml_scalar_ceil?$AA@ 0000000180052008     _coder_merging_info.obj
 0002:00003018       ??_C@_03ONJNNIPF@lhs?$AA@  0000000180052018     _coder_merging_info.obj
 0002:0000301c       ??_C@_03FNFLPIFJ@rhs?$AA@  000000018005201c     _coder_merging_info.obj
 0002:00003020       ??_C@_0M@FMAJFPGC@mFileTimeHi?$AA@ 0000000180052020     _coder_merging_info.obj
 0002:00003030       ??_C@_0M@NFKFADI@mFileTimeLo?$AA@ 0000000180052030     _coder_merging_info.obj
 0002:00003040       ??_C@_0L@HMDKMKNA@fileTimeHi?$AA@ 0000000180052040     _coder_merging_info.obj
 0002:00003050       ??_C@_0L@CNGJMFIK@fileTimeLo?$AA@ 0000000180052050     _coder_merging_info.obj
 0002:00003060       ??_C@_08CGJBBLIA@resolved?$AA@ 0000000180052060     _coder_merging_info.obj
 0002:00003070       ??_C@_0FB@CNDLNLEB@?$FLIXE?$FN$matlabroot$?1toolbox?1shared@ 0000000180052070     _coder_merging_info.obj
 0002:000030c8       ??_C@_0N@IGLAPNJK@dominantType?$AA@ 00000001800520c8     _coder_merging_info.obj
 0002:000030d8       ??_C@_04MEMAJGDJ@name?$AA@ 00000001800520d8     _coder_merging_info.obj
 0002:000030e0       ??_C@_0CA@GGIPMLJM@coder?4internal?4isBuiltInNumeric?$AA@ 00000001800520e0     _coder_merging_info.obj
 0002:00003100       ??_C@_07JKKCBBMM@context?$AA@ 0000000180052100     _coder_merging_info.obj
 0002:00003108       ??_C@_0DH@EIIGMJDC@?$FLILXE?$FN$matlabroot$?1toolbox?1eml?1l@ 0000000180052108     _coder_merging_info.obj
 0002:00003140       ??_C@_0DN@PMMHPPNL@?$FLILXE?$FN$matlabroot$?1toolbox?1eml?1l@ 0000000180052140     _coder_merging_info.obj
 0002:00003180       ??_C@_0N@DLHLLFPN@eml_isa_uint?$AA@ 0000000180052180     _coder_merging_info.obj
 0002:00003190       ??_C@_0EP@JFACCOGF@?$FLILXE?$FN$matlabroot$?1toolbox?1eml?1l@ 0000000180052190     _coder_merging_info.obj
 0002:000031e0       ??_C@_0EN@BGNFJMEM@?$FLILXE?$FN$matlabroot$?1toolbox?1eml?1l@ 00000001800521e0     _coder_merging_info.obj
 0002:00003230       ??_C@_0DP@DBKEJCFD@?$FLILXE?$FN$matlabroot$?1toolbox?1eml?1l@ 0000000180052230     _coder_merging_info.obj
 0002:00003270       ??_C@_0FH@FFMAOMLE@?$FLILXE?$FN$matlabroot$?1toolbox?1eml?1l@ 0000000180052270     _coder_merging_info.obj
 0002:000032d0       ??_C@_0EP@JENFPCEE@?$FLILXE?$FN$matlabroot$?1toolbox?1eml?1l@ 00000001800522d0     _coder_merging_info.obj
 0002:00003320       ??_C@_0EO@DBKPJDKI@?$FLILXE?$FN$matlabroot$?1toolbox?1eml?1l@ 0000000180052320     _coder_merging_info.obj
 0002:00003370       ??_C@_0EM@DFJIHNLP@?$FLILXE?$FN$matlabroot$?1toolbox?1eml?1l@ 0000000180052370     _coder_merging_info.obj
 0002:000033c0       ??_C@_0DO@EGNHMIMO@?$FLILXE?$FN$matlabroot$?1toolbox?1eml?1l@ 00000001800523c0     _coder_merging_info.obj
 0002:00003400       ??_C@_0DP@LHGLJOOM@?$FLILXE?$FN$matlabroot$?1toolbox?1eml?1l@ 0000000180052400     _coder_merging_info.obj
 0002:00003440       ??_C@_0EP@DGBFEIEF@?$FLILXE?$FN$matlabroot$?1toolbox?1eml?1l@ 0000000180052440     _coder_merging_info.obj
 0002:00003490       ??_C@_0EN@LFMCPKGM@?$FLILXE?$FN$matlabroot$?1toolbox?1eml?1l@ 0000000180052490     _coder_merging_info.obj
 0002:000034e0       ??_C@_0DP@JCLDPEHD@?$FLILXE?$FN$matlabroot$?1toolbox?1eml?1l@ 00000001800524e0     _coder_merging_info.obj
 0002:00003520       ??_C@_0DI@GANAMGFL@?$FLILXE?$FN$matlabroot$?1toolbox?1eml?1l@ 0000000180052520     _coder_merging_info.obj
 0002:00003560       ??_C@_0EA@BFEKENJA@?$FLILXE?$FN$matlabroot$?1toolbox?1eml?1l@ 0000000180052560     _coder_merging_info.obj
 0002:000035a0       ??_C@_0BA@PBHEJPIB@eml_float_model?$AA@ 00000001800525a0     _coder_merging_info.obj
 0002:000035b0       ??_C@_0DM@IBJBHDMD@?$FLILXE?$FN$matlabroot$?1toolbox?1eml?1l@ 00000001800525b0     _coder_merging_info.obj
 0002:000035f0       ??_C@_0M@BEAOLJKK@eml_realmin?$AA@ 00000001800525f0     _coder_merging_info.obj
 0002:00003600       ??_C@_0DK@LKBJFIMJ@?$FLILXE?$FN$matlabroot$?1toolbox?1eml?1l@ 0000000180052600     _coder_merging_info.obj
 0002:00003640       ??_C@_07EHHIAKNC@realmin?$AA@ 0000000180052640     _coder_merging_info.obj
 0002:00003648       ??_C@_0DG@GPPKOLMK@?$FLILXE?$FN$matlabroot$?1toolbox?1eml?1l@ 0000000180052648     _coder_merging_info.obj
 0002:00003680       ??_C@_0EP@BGLEPBOF@?$FLILXE?$FN$matlabroot$?1toolbox?1eml?1l@ 0000000180052680     _coder_merging_info.obj
 0002:000036d0       ??_C@_0EN@JFGDEDMM@?$FLILXE?$FN$matlabroot$?1toolbox?1eml?1l@ 00000001800526d0     _coder_merging_info.obj
 0002:00003720       ??_C@_0DP@LCBCENND@?$FLILXE?$FN$matlabroot$?1toolbox?1eml?1l@ 0000000180052720     _coder_merging_info.obj
 0002:00003760       ??_C@_0EO@OCDIBMGI@?$FLIXE?$FN$matlabroot$?1toolbox?1shared@ 0000000180052760     _coder_merging_info.obj
 0002:000037b0       ??_C@_0BN@EIMLBOBO@coder?4internal?4indexIntRelop?$AA@ 00000001800527b0     _coder_merging_info.obj
 0002:000037d0       ??_C@_0FH@BDMJPNAA@?$FLILXE?$FN$matlabroot$?1toolbox?1eml?1l@ 00000001800527d0     _coder_merging_info.obj
 0002:00003830       ??_C@_0EJ@HLMHKLKO@?$FLIXE?$FN$matlabroot$?1toolbox?1shared@ 0000000180052830     _coder_merging_info.obj
 0002:00003880       ??_C@_0BI@LDCJGPIC@coder?4internal?4prodsize?$AA@ 0000000180052880     _coder_merging_info.obj
 0002:000038a0       ??_C@_0ED@JIBDCDEA@?$FLILXE?$FN$matlabroot$?1toolbox?1eml?1l@ 00000001800528a0     _coder_merging_info.obj
 0002:000038e8       ??_C@_0BD@PIJOPFN@eml_matrix_vstride?$AA@ 00000001800528e8     _coder_merging_info.obj
 0002:00003900       ??_C@_0DJ@PBLDDNNK@?$FLILXE?$FN$matlabroot$?1toolbox?1eml?1l@ 0000000180052900     _coder_merging_info.obj
 0002:0000393c       ??_C@_06CFKOHMKF@intmax?$AA@ 000000018005293c     _coder_merging_info.obj
 0002:00003950       ??_C@_0EF@MJHDOJL@?$FLILXE?$FN$matlabroot$?1toolbox?1eml?1l@ 0000000180052950     _coder_merging_info.obj
 0002:00003998       ??_C@_0BF@ILCPNKP@eml_assert_valid_dim?$AA@ 0000000180052998     _coder_merging_info.obj
 0002:000039b0       ??_C@_0DI@IHPGCDDP@?$FLILXE?$FN$matlabroot$?1toolbox?1eml?1l@ 00000001800529b0     _coder_merging_info.obj
 0002:000039e8       ??_C@_0DP@HKLBKEGP@?$FLILXE?$FN$matlabroot$?1toolbox?1eml?1l@ 00000001800529e8     _coder_merging_info.obj
 0002:00003a30       ??_C@_0EK@OCGHDCDA@?$FLILXE?$FN$matlabroot$?1toolbox?1eml?1l@ 0000000180052a30     _coder_merging_info.obj
 0002:00003a80       ??_C@_0EK@JNKAINMC@?$FLILXE?$FN$matlabroot$?1toolbox?1eml?1l@ 0000000180052a80     _coder_merging_info.obj
 0002:00003ad0       ??_C@_0DK@LNPLPIAF@?$FLILXE?$FN$matlabroot$?1toolbox?1eml?1l@ 0000000180052ad0     _coder_merging_info.obj
 0002:00003b10       ??_C@_0EB@JMHDJNBF@?$FLILXE?$FN$matlabroot$?1toolbox?1eml?1l@ 0000000180052b10     _coder_merging_info.obj
 0002:00003b58       ??_C@_0P@DEOLODNE@eml_scalar_abs?$AA@ 0000000180052b58     _coder_merging_info.obj
 0002:00003b70       ??_C@_0EP@LEJNOAOP@?$FLILXE?$FN$matlabroot$?1toolbox?1eml?1l@ 0000000180052b70     _coder_merging_info.obj
 0002:00003bc0       ??_C@_0EN@DHEKFCMG@?$FLILXE?$FN$matlabroot$?1toolbox?1eml?1l@ 0000000180052bc0     _coder_merging_info.obj
 0002:00003c10       ??_C@_0DP@BADLFMNJ@?$FLILXE?$FN$matlabroot$?1toolbox?1eml?1l@ 0000000180052c10     _coder_merging_info.obj
 0002:00003c50       ??_C@_0EO@OECAHCCO@?$FLILXE?$FN$matlabroot$?1toolbox?1eml?1l@ 0000000180052c50     _coder_merging_info.obj
 0002:00003ca0       ??_C@_0EM@OABHJMDJ@?$FLILXE?$FN$matlabroot$?1toolbox?1eml?1l@ 0000000180052ca0     _coder_merging_info.obj
 0002:00003cf0       ??_C@_0DO@JDFICJEI@?$FLILXE?$FN$matlabroot$?1toolbox?1eml?1l@ 0000000180052cf0     _coder_merging_info.obj
 0002:00003d30       ??_C@_0FN@JMEPLDJD@?$FLILXE?$FN$matlabroot$?1toolbox?1eml?1l@ 0000000180052d30     _coder_merging_info.obj
 0002:00003d90       ??_C@_0EP@JIKBBMHJ@?$FLILXE?$FN$matlabroot$?1toolbox?1eml?1l@ 0000000180052d90     _coder_merging_info.obj
 0002:00003de0       ??_C@_0EN@BLHGKOFA@?$FLILXE?$FN$matlabroot$?1toolbox?1eml?1l@ 0000000180052de0     _coder_merging_info.obj
 0002:00003e30       ??_C@_0DP@DMAHKAEP@?$FLILXE?$FN$matlabroot$?1toolbox?1eml?1l@ 0000000180052e30     _coder_merging_info.obj
 0002:00003e70       ??_C@_0EC@CDBNIKKB@?$FLILXE?$FN$matlabroot$?1toolbox?1eml?1l@ 0000000180052e70     _coder_merging_info.obj
 0002:00003eb8       ??_C@_0BA@JDJHBHHI@eml_scalar_sqrt?$AA@ 0000000180052eb8     _coder_merging_info.obj
 0002:00003ec8       ??_C@_0DH@DFICMMJC@?$FLILXE?$FN$matlabroot$?1toolbox?1eml?1l@ 0000000180052ec8     _coder_merging_info.obj
 0002:00003f00       ??_C@_0DG@KPMKIFH@?$FLILXE?$FN$matlabroot$?1toolbox?1eml?1l@ 0000000180052f00     _coder_merging_info.obj
 0002:00003f38       ??_C@_03ICKAGFLH@eps?$AA@  0000000180052f38     _coder_merging_info.obj
 0002:00003f40       ??_C@_0FL@GPBDMKGF@?$FLILXE?$FN$matlabroot$?1toolbox?1eml?1l@ 0000000180052f40     _coder_merging_info.obj
 0002:00003fa0       ??_C@_0FD@MCJDAGBD@?$FLILXE?$FN$matlabroot$?1toolbox?1eml?1l@ 0000000180052fa0     _coder_merging_info.obj
 0002:00004000       ??_C@_0FA@NDJMCNLE@?$FLILXE?$FN$matlabroot$?1toolbox?1eml?1l@ 0000000180053000     _coder_merging_info.obj
 0002:00004050       ??_C@_0FB@BNILGHPG@?$FLILXE?$FN$matlabroot$?1toolbox?1eml?1l@ 0000000180053050     _coder_merging_info.obj
 0002:000040b0       ??_C@_0EE@IHNMKGA@?$FLILXE?$FN$matlabroot$?1toolbox?1eml?1l@ 00000001800530b0     _coder_merging_info.obj
 0002:000040f8       ??_C@_0DG@HKNMEHPN@?$FLE?$FNF?3?1Git?1correspondence?1matlab_@ 00000001800530f8     _coder_merging_info.obj
 0002:00004130       ??_C@_0EK@DAIIEKFK@?$FLILXE?$FN$matlabroot$?1toolbox?1eml?1l@ 0000000180053130     _coder_merging_info.obj
 0002:00004180       ??_C@_0DM@CMPJFBOP@?$FLILXE?$FN$matlabroot$?1toolbox?1eml?1l@ 0000000180053180     _coder_merging_info.obj
 0002:000041c0       ??_C@_0CP@FKMDLEGI@?$FLE?$FNF?3?1Git?1correspondence?1matlab_@ 00000001800531c0     _coder_merging_info.obj
 0002:000041f0       ??_C@_06PBJBIPGK@struct?$AA@ 00000001800531f0     _coder_merging_info.obj
 0002:00004200       ??_C@_0EF@MHCOAOPO@?$FLILXE?$FN$matlabroot$?1toolbox?1eml?1l@ 0000000180053200     _coder_merging_info.obj
 0002:00004250       ??_C@_0EC@KCMPNKKM@?$FLILXE?$FN$matlabroot$?1toolbox?1eml?1l@ 0000000180053250     _coder_merging_info.obj
 0002:00004298       ??_C@_0BC@KFDFJODE@eml_matrix_npages?$AA@ 0000000180053298     _coder_merging_info.obj
 0002:000042b0       ??_C@_0EH@ELBOGDPJ@?$FLILXE?$FN$matlabroot$?1toolbox?1eml?1l@ 00000001800532b0     _coder_merging_info.obj
 0002:000042f8       ??_C@_0BH@LFDIDDBI@eml_scalexp_compatible?$AA@ 00000001800532f8     _coder_merging_info.obj
 0002:00004310       ??_C@_0DI@PBKCBADP@?$FLILXE?$FN$matlabroot$?1toolbox?1eml?1l@ 0000000180053310     _coder_merging_info.obj
 0002:00004348       ??_C@_07HBNJHBAD@eml_eps?$AA@ 0000000180053348     _coder_merging_info.obj
 0002:00004350       ??_C@_0ED@NGEOFMII@?$FLILXE?$FN$matlabroot$?1toolbox?1eml?1l@ 0000000180053350     _coder_merging_info.obj
 0002:00004398       ??_C@_0BD@EACIBKCB@eml_is_float_class?$AA@ 0000000180053398     _coder_merging_info.obj
 0002:000043b0       ??_C@_0ED@DLMKEIEI@?$FLILXE?$FN$matlabroot$?1toolbox?1eml?1l@ 00000001800533b0     _coder_merging_info.obj
 0002:000043f8       ??_C@_0BB@MHDGCEOD@eml_scalar_round?$AA@ 00000001800533f8     _coder_merging_info.obj
 0002:00004410       ??_C@_0DP@MAHEJPGM@?$FLILXE?$FN$matlabroot$?1toolbox?1eml?1l@ 0000000180053410     _coder_merging_info.obj
 0002:00004450       ??_C@_0DG@CNGGIACG@?$FLILXE?$FN$matlabroot$?1toolbox?1eml?1l@ 0000000180053450     _coder_merging_info.obj
 0002:00004490       ??_C@_0EB@NCIHPOOF@?$FLILXE?$FN$matlabroot$?1toolbox?1eml?1l@ 0000000180053490     _coder_merging_info.obj
 0002:000044d8       ??_C@_0DK@ENDCOJGF@?$FLILXE?$FN$matlabroot$?1toolbox?1eml?1l@ 00000001800534d8     _coder_merging_info.obj
 0002:00004520       ??_C@_0FJ@NLDFBDAC@?$FLILXE?$FN$matlabroot$?1toolbox?1eml?1l@ 0000000180053520     _coder_merging_info.obj
 0002:00004580       ??_C@_0GG@OHNAOPF@?$FLIXE?$FN$matlabroot$?1toolbox?1shared@ 0000000180053580     _coder_merging_info.obj
 0002:000045f0       ??_C@_0HB@PKGEOBOK@?$FLIXE?$FN$matlabroot$?1toolbox?1shared@ 00000001800535f0     _coder_merging_info.obj
 0002:00004670       ??_C@_0EF@DPCDEFCH@?$FLILXE?$FN$matlabroot$?1toolbox?1eml?1l@ 0000000180053670     _coder_merging_info.obj
 0002:000046b8       ??_C@_0BF@NDLHKLNB@eml_is_integer_class?$AA@ 00000001800536b8     _coder_merging_info.obj
 0002:000046d0       ??_C@_0FF@HJMFBFKK@?$FLILXE?$FN$matlabroot$?1toolbox?1eml?1l@ 00000001800536d0     _coder_merging_info.obj
 0002:00004730       ??_C@_0FF@BHCOHPII@?$FLILXE?$FN$matlabroot$?1toolbox?1eml?1l@ 0000000180053730     _coder_merging_info.obj
 0002:00004788       ??_C@_0DJ@DMNFGGIL@?$FLILXE?$FN$matlabroot$?1toolbox?1eml?1l@ 0000000180053788     _coder_merging_info.obj
 0002:000047d0       ??_C@_0EA@MGDACNOI@?$FLILXE?$FN$matlabroot$?1toolbox?1eml?1l@ 00000001800537d0     _coder_merging_info.obj
 0002:00004810       ??_C@_0DH@COGCLMCI@?$FLILXE?$FN$matlabroot$?1toolbox?1eml?1l@ 0000000180053810     _coder_merging_info.obj
 0002:00004848       ??_C@_07EIHKFOOB@logical?$AA@ 0000000180053848     _coder_merging_info.obj
 0002:00004850       ??_C@_0BD@OBCMJNNI@8?42?40?4701?5?$CIR2013b?$CJ?$AA@ 0000000180053850     _coder_merging_info.obj
 0002:00004868       __real@4018000000000000    0000000180053868     _coder_merging_info.obj
 0002:00004870       ??_C@_0P@FDPDNMBC@ConstantInputs?$AA@ 0000000180053870     _coder_merging_info.obj
 0002:00004880       ??_C@_0BA@HBLCOFA@NumberOfOutputs?$AA@ 0000000180053880     _coder_merging_info.obj
 0002:00004890       ??_C@_0P@DJPKAEOC@NumberOfInputs?$AA@ 0000000180053890     _coder_merging_info.obj
 0002:000048a0       ??_C@_04FABLJDN@Name?$AA@  00000001800538a0     _coder_merging_info.obj
 0002:000048a8       ??_C@_0N@HPEKDNOD@CoverageInfo?$AA@ 00000001800538a8     _coder_merging_info.obj
 0002:000048b8       ??_C@_0M@HOOGCLMJ@EntryPoints?$AA@ 00000001800538b8     _coder_merging_info.obj
 0002:000048c8       ??_C@_0BC@PFKIGKIM@ResolvedFunctions?$AA@ 00000001800538c8     _coder_merging_info.obj
 0002:000048e0       ??_C@_07NGFJPNPN@Version?$AA@ 00000001800538e0     _coder_merging_info.obj
 0002:000048e8       _pDefaultRawDllMain        00000001800538e8     MSVCRT:crtdll.obj
 0002:000048e8       _pRawDllMain               00000001800538e8     MSVCRT:crtdll.obj
 0002:00004900       __rtc_iaa                  0000000180053900     MSVCRT:_initsect_.obj
 0002:00004908       __rtc_izz                  0000000180053908     MSVCRT:_initsect_.obj
 0002:00004910       __rtc_taa                  0000000180053910     MSVCRT:_initsect_.obj
 0002:00004918       __rtc_tzz                  0000000180053918     MSVCRT:_initsect_.obj
 0002:00005394       __IMPORT_DESCRIPTOR_libmx  0000000180054394     libmx:libmx.dll
 0002:000053a8       __IMPORT_DESCRIPTOR_libmex 00000001800543a8     libmex:libmex.dll
 0002:000053bc       __IMPORT_DESCRIPTOR_libemlrt 00000001800543bc     libemlrt:libemlrt.dll
 0002:000053d0       __IMPORT_DESCRIPTOR_libmwblas 00000001800543d0     libmwblas:libmwblas.dll
 0002:000053e4       __IMPORT_DESCRIPTOR_libmwmathutil 00000001800543e4     libmwmathutil:libmwmathutil.dll
 0002:000053f8       __IMPORT_DESCRIPTOR_MSVCR100 00000001800543f8     MSVCRT:MSVCR100.dll
 0002:0000540c       __IMPORT_DESCRIPTOR_KERNEL32 000000018005440c     kernel32:KERNEL32.dll
 0002:00005420       __NULL_IMPORT_DESCRIPTOR   0000000180054420     libmx:libmx.dll
 0003:00000000       pb_emlrtRSI                0000000180056000     merging_data.obj
 0003:00000018       qb_emlrtRSI                0000000180056018     merging_data.obj
 0003:00000030       yb_emlrtRSI                0000000180056030     merging_data.obj
 0003:00000048       ac_emlrtRSI                0000000180056048     merging_data.obj
 0003:00000060       cc_emlrtRSI                0000000180056060     merging_data.obj
 0003:00000078       dc_emlrtRSI                0000000180056078     merging_data.obj
 0003:00000090       ec_emlrtRSI                0000000180056090     merging_data.obj
 0003:000000a8       hc_emlrtRSI                00000001800560a8     merging_data.obj
 0003:000000c0       ic_emlrtRSI                00000001800560c0     merging_data.obj
 0003:000000d8       jc_emlrtRSI                00000001800560d8     merging_data.obj
 0003:000000f0       mc_emlrtRSI                00000001800560f0     merging_data.obj
 0003:00000108       nc_emlrtRSI                0000000180056108     merging_data.obj
 0003:00000120       oc_emlrtRSI                0000000180056120     merging_data.obj
 0003:00000138       pc_emlrtRSI                0000000180056138     merging_data.obj
 0003:00000150       qc_emlrtRSI                0000000180056150     merging_data.obj
 0003:00000168       rc_emlrtRSI                0000000180056168     merging_data.obj
 0003:00000180       sc_emlrtRSI                0000000180056180     merging_data.obj
 0003:00000198       tc_emlrtRSI                0000000180056198     merging_data.obj
 0003:000001b0       uc_emlrtRSI                00000001800561b0     merging_data.obj
 0003:000001c8       wc_emlrtRSI                00000001800561c8     merging_data.obj
 0003:000001e0       xc_emlrtRSI                00000001800561e0     merging_data.obj
 0003:000001f8       yc_emlrtRSI                00000001800561f8     merging_data.obj
 0003:00000210       td_emlrtRSI                0000000180056210     merging_data.obj
 0003:00000228       ud_emlrtRSI                0000000180056228     merging_data.obj
 0003:00000240       wd_emlrtRSI                0000000180056240     merging_data.obj
 0003:00000258       xd_emlrtRSI                0000000180056258     merging_data.obj
 0003:00000270       yd_emlrtRSI                0000000180056270     merging_data.obj
 0003:00000288       ae_emlrtRSI                0000000180056288     merging_data.obj
 0003:000002a0       be_emlrtRSI                00000001800562a0     merging_data.obj
 0003:000002b8       he_emlrtRSI                00000001800562b8     merging_data.obj
 0003:000002d0       ie_emlrtRSI                00000001800562d0     merging_data.obj
 0003:000002e8       je_emlrtRSI                00000001800562e8     merging_data.obj
 0003:00000300       ke_emlrtRSI                0000000180056300     merging_data.obj
 0003:00000318       le_emlrtRSI                0000000180056318     merging_data.obj
 0003:00000330       me_emlrtRSI                0000000180056330     merging_data.obj
 0003:00000348       ne_emlrtRSI                0000000180056348     merging_data.obj
 0003:00000360       oe_emlrtRSI                0000000180056360     merging_data.obj
 0003:00000378       pe_emlrtRSI                0000000180056378     merging_data.obj
 0003:00000390       qe_emlrtRSI                0000000180056390     merging_data.obj
 0003:000003a8       re_emlrtRSI                00000001800563a8     merging_data.obj
 0003:000003c0       se_emlrtRSI                00000001800563c0     merging_data.obj
 0003:000003d8       te_emlrtRSI                00000001800563d8     merging_data.obj
 0003:000003f0       ue_emlrtRSI                00000001800563f0     merging_data.obj
 0003:00000408       ve_emlrtRSI                0000000180056408     merging_data.obj
 0003:00000420       we_emlrtRSI                0000000180056420     merging_data.obj
 0003:00000438       xe_emlrtRSI                0000000180056438     merging_data.obj
 0003:00000450       ye_emlrtRSI                0000000180056450     merging_data.obj
 0003:00000468       af_emlrtRSI                0000000180056468     merging_data.obj
 0003:00000480       bf_emlrtRSI                0000000180056480     merging_data.obj
 0003:00000498       cf_emlrtRSI                0000000180056498     merging_data.obj
 0003:000004b0       df_emlrtRSI                00000001800564b0     merging_data.obj
 0003:000004c8       ef_emlrtRSI                00000001800564c8     merging_data.obj
 0003:000004e0       tf_emlrtRSI                00000001800564e0     merging_data.obj
 0003:000004f8       lj_emlrtRSI                00000001800564f8     merging_data.obj
 0003:00000510       mj_emlrtRSI                0000000180056510     merging_data.obj
 0003:00000528       dm_emlrtRSI                0000000180056528     merging_data.obj
 0003:00000540       em_emlrtRSI                0000000180056540     merging_data.obj
 0003:00000558       fm_emlrtRSI                0000000180056558     merging_data.obj
 0003:00000570       gm_emlrtRSI                0000000180056570     merging_data.obj
 0003:00000588       hm_emlrtRSI                0000000180056588     merging_data.obj
 0003:000005a0       im_emlrtRSI                00000001800565a0     merging_data.obj
 0003:000005b8       jm_emlrtRSI                00000001800565b8     merging_data.obj
 0003:000005d0       km_emlrtRSI                00000001800565d0     merging_data.obj
 0003:000005e8       lm_emlrtRSI                00000001800565e8     merging_data.obj
 0003:00000600       mm_emlrtRSI                0000000180056600     merging_data.obj
 0003:00000618       nm_emlrtRSI                0000000180056618     merging_data.obj
 0003:00000630       om_emlrtRSI                0000000180056630     merging_data.obj
 0003:00000648       pm_emlrtRSI                0000000180056648     merging_data.obj
 0003:00000660       qm_emlrtRSI                0000000180056660     merging_data.obj
 0003:00000678       rm_emlrtRSI                0000000180056678     merging_data.obj
 0003:00000690       sm_emlrtRSI                0000000180056690     merging_data.obj
 0003:000006a8       tm_emlrtRSI                00000001800566a8     merging_data.obj
 0003:000006c0       um_emlrtRSI                00000001800566c0     merging_data.obj
 0003:000006d8       vm_emlrtRSI                00000001800566d8     merging_data.obj
 0003:000006f0       wm_emlrtRSI                00000001800566f0     merging_data.obj
 0003:00000708       xm_emlrtRSI                0000000180056708     merging_data.obj
 0003:00000720       ym_emlrtRSI                0000000180056720     merging_data.obj
 0003:00000738       an_emlrtRSI                0000000180056738     merging_data.obj
 0003:00000750       bn_emlrtRSI                0000000180056750     merging_data.obj
 0003:00000768       cn_emlrtRSI                0000000180056768     merging_data.obj
 0003:00000780       dn_emlrtRSI                0000000180056780     merging_data.obj
 0003:00000798       en_emlrtRSI                0000000180056798     merging_data.obj
 0003:000007b0       fn_emlrtRSI                00000001800567b0     merging_data.obj
 0003:000007c8       gn_emlrtRSI                00000001800567c8     merging_data.obj
 0003:000007e0       hn_emlrtRSI                00000001800567e0     merging_data.obj
 0003:000007f8       in_emlrtRSI                00000001800567f8     merging_data.obj
 0003:00000810       jn_emlrtRSI                0000000180056810     merging_data.obj
 0003:00000828       kn_emlrtRSI                0000000180056828     merging_data.obj
 0003:00000840       ln_emlrtRSI                0000000180056840     merging_data.obj
 0003:00000858       mn_emlrtRSI                0000000180056858     merging_data.obj
 0003:00000870       nn_emlrtRSI                0000000180056870     merging_data.obj
 0003:00000888       on_emlrtRSI                0000000180056888     merging_data.obj
 0003:000008a0       pn_emlrtRSI                00000001800568a0     merging_data.obj
 0003:000008b8       qn_emlrtRSI                00000001800568b8     merging_data.obj
 0003:000008d0       rn_emlrtRSI                00000001800568d0     merging_data.obj
 0003:000008e8       sn_emlrtRSI                00000001800568e8     merging_data.obj
 0003:00000900       tn_emlrtRSI                0000000180056900     merging_data.obj
 0003:00000918       un_emlrtRSI                0000000180056918     merging_data.obj
 0003:00000930       vn_emlrtRSI                0000000180056930     merging_data.obj
 0003:00000948       wn_emlrtRSI                0000000180056948     merging_data.obj
 0003:00000960       xn_emlrtRSI                0000000180056960     merging_data.obj
 0003:00000978       yn_emlrtRSI                0000000180056978     merging_data.obj
 0003:00000990       ao_emlrtRSI                0000000180056990     merging_data.obj
 0003:000009a8       bo_emlrtRSI                00000001800569a8     merging_data.obj
 0003:000009c0       co_emlrtRSI                00000001800569c0     merging_data.obj
 0003:000009d8       eo_emlrtRSI                00000001800569d8     merging_data.obj
 0003:000009f0       fo_emlrtRSI                00000001800569f0     merging_data.obj
 0003:00000a08       go_emlrtRSI                0000000180056a08     merging_data.obj
 0003:00000a20       ho_emlrtRSI                0000000180056a20     merging_data.obj
 0003:00000a38       io_emlrtRSI                0000000180056a38     merging_data.obj
 0003:00000a50       jo_emlrtRSI                0000000180056a50     merging_data.obj
 0003:00000a68       ko_emlrtRSI                0000000180056a68     merging_data.obj
 0003:00000a80       lo_emlrtRSI                0000000180056a80     merging_data.obj
 0003:00000a98       mo_emlrtRSI                0000000180056a98     merging_data.obj
 0003:00000ab0       no_emlrtRSI                0000000180056ab0     merging_data.obj
 0003:00000ac8       oo_emlrtRSI                0000000180056ac8     merging_data.obj
 0003:00000ae0       po_emlrtRSI                0000000180056ae0     merging_data.obj
 0003:00000af8       qo_emlrtRSI                0000000180056af8     merging_data.obj
 0003:00000b10       ro_emlrtRSI                0000000180056b10     merging_data.obj
 0003:00000b28       so_emlrtRSI                0000000180056b28     merging_data.obj
 0003:00000b40       to_emlrtRSI                0000000180056b40     merging_data.obj
 0003:00000b58       uo_emlrtRSI                0000000180056b58     merging_data.obj
 0003:00000b70       vo_emlrtRSI                0000000180056b70     merging_data.obj
 0003:00000b88       wo_emlrtRSI                0000000180056b88     merging_data.obj
 0003:00000ba0       xo_emlrtRSI                0000000180056ba0     merging_data.obj
 0003:00000bb8       yo_emlrtRSI                0000000180056bb8     merging_data.obj
 0003:00000bd0       ap_emlrtRSI                0000000180056bd0     merging_data.obj
 0003:00000be8       bp_emlrtRSI                0000000180056be8     merging_data.obj
 0003:00000c00       cp_emlrtRSI                0000000180056c00     merging_data.obj
 0003:00000c18       dp_emlrtRSI                0000000180056c18     merging_data.obj
 0003:00000c30       jp_emlrtRSI                0000000180056c30     merging_data.obj
 0003:00000c48       kp_emlrtRSI                0000000180056c48     merging_data.obj
 0003:00000c60       lp_emlrtRSI                0000000180056c60     merging_data.obj
 0003:00000c78       mp_emlrtRSI                0000000180056c78     merging_data.obj
 0003:00000c90       np_emlrtRSI                0000000180056c90     merging_data.obj
 0003:00000ca8       op_emlrtRSI                0000000180056ca8     merging_data.obj
 0003:00000cc0       pp_emlrtRSI                0000000180056cc0     merging_data.obj
 0003:00000cd8       qp_emlrtRSI                0000000180056cd8     merging_data.obj
 0003:00000cf0       rp_emlrtRSI                0000000180056cf0     merging_data.obj
 0003:00000d08       eq_emlrtRSI                0000000180056d08     merging_data.obj
 0003:00000d20       qr_emlrtRSI                0000000180056d20     merging_data.obj
 0003:00000d38       rr_emlrtRSI                0000000180056d38     merging_data.obj
 0003:00000d50       emlrtMCI                   0000000180056d50     merging_data.obj
 0003:00000d68       q_emlrtMCI                 0000000180056d68     merging_data.obj
 0003:00000d80       r_emlrtMCI                 0000000180056d80     merging_data.obj
 0003:00000d98       s_emlrtMCI                 0000000180056d98     merging_data.obj
 0003:00000db0       t_emlrtMCI                 0000000180056db0     merging_data.obj
 0003:00000dc8       u_emlrtMCI                 0000000180056dc8     merging_data.obj
 0003:00000de0       v_emlrtMCI                 0000000180056de0     merging_data.obj
 0003:00000df8       q_emlrtRTEI                0000000180056df8     merging_data.obj
 0003:00000e10       s_emlrtRTEI                0000000180056e10     merging_data.obj
 0003:00000e28       eb_emlrtRTEI               0000000180056e28     merging_data.obj
 0003:00000e40       fb_emlrtRTEI               0000000180056e40     merging_data.obj
 0003:00000e58       gb_emlrtRTEI               0000000180056e58     merging_data.obj
 0003:00000e70       hb_emlrtRTEI               0000000180056e70     merging_data.obj
 0003:00000e88       os_emlrtRSI                0000000180056e88     merging_data.obj
 0003:00000ea0       qs_emlrtRSI                0000000180056ea0     merging_data.obj
 0003:00000eb8       rs_emlrtRSI                0000000180056eb8     merging_data.obj
 0003:00000ed0       at_emlrtRSI                0000000180056ed0     merging_data.obj
 0003:00000ee8       bt_emlrtRSI                0000000180056ee8     merging_data.obj
 0003:00000f00       ct_emlrtRSI                0000000180056f00     merging_data.obj
 0003:00004c00       emlrtContextGlobal         000000018005ac00     merging_mex.obj
 0003:00004c40       __security_cookie          000000018005ac40     MSVCRT:gs_cookie.obj
 0003:00004c48       __security_cookie_complement 000000018005ac48     MSVCRT:gs_cookie.obj
 0003:00004c50       _fltused                   000000018005ac50     MSVCRT:dllsupp.obj
 0003:00004c60       __native_dllmain_reason    000000018005ac60     MSVCRT:natstart.obj
 0003:00004c64       __native_vcclrit_reason    000000018005ac64     MSVCRT:natstart.obj
 0003:00004c70       emlrtRootTLSGlobal         000000018005ac70     merging_mex.obj
 0003:000051f0       ?__type_info_root_node@@3U__type_info_node@@A 000000018005b1f0     MSVCRT:tncleanup.obj
 0003:00005200       emlrtBreakCheckR2012bFlagVar 000000018005b200     <common>
 0003:00005208       __native_startup_state     000000018005b208     <common>
 0003:00005210       __native_startup_lock      000000018005b210     <common>
 0003:00005218       __onexitend                000000018005b218     <common>
 0003:00005220       __onexitbegin              000000018005b220     <common>
 0003:00005228       __dyn_tls_init_callback    000000018005b228     <common>

 entry point at        0001:0004cb84

 Static symbols

 0001:00000180       c_eml_null_assignment      0000000180001180 f   merging.obj
 0001:00000590       d_eml_null_assignment      0000000180001590 f   merging.obj
 0001:000009a0       b_eml_null_assignment      00000001800019a0 f   merging.obj
 0001:00001340       eml_null_assignment        0000000180002340 f   merging.obj
 0001:0000b4c0       b_eml_xgemm                000000018000c4c0 f   bspline_inv.obj
 0001:00013e40       c_eml_xgemm                0000000180014e40 f   pinv.obj
 0001:00013f30       eml_xswap                  0000000180014f30 f   pinv.obj
 0001:000140e0       eml_xgesvd                 00000001800150e0 f   pinv.obj
 0001:00016ca0       eml_pinv                   0000000180017ca0 f   pinv.obj
 0001:0001b490       b_eml_li_find              000000018001c490 f   getPixelsValue.obj
 0001:0001c700       c_emlrt_marshallOut        000000018001d700 f   merging_api.obj
 0001:0001c7d0       emlrt_marshallOut          000000018001d7d0 f   merging_api.obj
 0001:0001cae0       m_emlrt_marshallIn         000000018001dae0 f   merging_api.obj
 0001:0001cbe0       q_emlrt_marshallIn         000000018001dbe0 f   merging_api.obj
 0001:0001ccf0       b_emlrt_marshallOut        000000018001dcf0 f   merging_api.obj
 0001:0001d100       b_emlrt_marshallIn         000000018001e100 f   merging_api.obj
 0001:0001d3c0       d_emlrt_marshallIn         000000018001e3c0 f   merging_api.obj
 0001:0001d4c0       g_emlrt_marshallIn         000000018001e4c0 f   merging_api.obj
 0001:0001da20       i_emlrt_marshallIn         000000018001ea20 f   merging_api.obj
 0001:0001df80       emxCopy_real_T             000000018001ef80 f   merging_emxutil.obj
 0001:0001e7e0       b_emxExpand_struct_T       000000018001f7e0 f   merging_emxutil.obj
 0001:0001e930       b_emxTrim_struct_T         000000018001f930 f   merging_emxutil.obj
 0001:0001ea00       emxExpand_struct_T         000000018001fa00 f   merging_emxutil.obj
 0001:0001ead0       emxTrim_struct_T           000000018001fad0 f   merging_emxutil.obj
 0001:0001edd0       merging_mexFunction        000000018001fdd0 f   merging_mex.obj
 0001:0001efa0       b_emlrt_marshallOut        000000018001ffa0 f   _coder_merging_info.obj
 0001:0001f000       b_info_helper              0000000180020000 f   _coder_merging_info.obj
 0001:00028110       c_info_helper              0000000180029110 f   _coder_merging_info.obj
 0001:00031720       d_info_helper              0000000180032720 f   _coder_merging_info.obj
 0001:0003ad30       e_info_helper              000000018003bd30 f   _coder_merging_info.obj
 0001:00043220       info_helper                0000000180044220 f   _coder_merging_info.obj
 0001:0004c78c       pre_c_init                 000000018004d78c f   MSVCRT:crtdll.obj
 0001:0004ca48       __DllMainCRTStartup        000000018004da48 f   MSVCRT:crtdll.obj
 0001:0004d050       __DllMainCRTStartup$filt$0 000000018004e050 f   MSVCRT:crtdll.obj
 0001:0004d080       __DllMainCRTStartup$fin$1  000000018004e080 f   MSVCRT:crtdll.obj
 0001:0004d09a       _onexit$fin$0              000000018004e09a f   MSVCRT:atonexit.obj
 0001:0004d0c0       _IsNonwritableInCurrentImage$filt$0 000000018004e0c0 f   MSVCRT:pesect.obj
