 segmentation_mex

 Timestamp is 573fc3f9 (Sat May 21 10:12:09 2016)

 Preferred load address is 0000000180000000

 Start         Length     Name                   Class
 0001:00000000 00039702H .text                   CODE
 0001:00039710 00000092H .text$x                 CODE
 0002:00000000 00000358H .idata$5                DATA
 0002:00000358 00000008H .CRT$XCA                DATA
 0002:00000360 00000008H .CRT$XCZ                DATA
 0002:00000368 00000008H .CRT$XIA                DATA
 0002:00000370 00000008H .CRT$XIAA               DATA
 0002:00000378 00000008H .CRT$XIZ                DATA
 0002:00000380 00004040H .rdata                  DATA
 0002:000043c0 00000008H .rtc$IAA                DATA
 0002:000043c8 00000008H .rtc$IZZ                DATA
 0002:000043d0 00000008H .rtc$TAA                DATA
 0002:000043d8 00000008H .rtc$TZZ                DATA
 0002:000043e0 000009b0H .xdata                  DATA
 0002:00004d90 0000008cH .idata$2                DATA
 0002:00004e1c 00000014H .idata$3                DATA
 0002:00004e30 00000358H .idata$4                DATA
 0002:00005188 0000089eH .idata$6                DATA
 0002:00005a30 000000eeH .edata                  DATA
 0003:00000000 00003da8H .data                   DATA
 0003:00003db0 000005c0H .bss                    DATA
 0004:00000000 00000708H .pdata                  DATA

  Address         Publics by Value              Rva+Base               Lib:Object

 0000:00000000       ___safe_se_handler_count   0000000000000000     <absolute>
 0000:00000000       ___safe_se_handler_table   0000000000000000     <absolute>
 0000:00000000       __ImageBase                0000000180000000     <linker-defined>
 0001:00000000       error                      0000000180001000 f   segmentation_mexutil.obj
 0001:00000040       message                    0000000180001040 f   segmentation_mexutil.obj
 0001:00000090       segmentation_initialize    0000000180001090 f   segmentation_initialize.obj
 0001:00000100       segmentation_atexit        0000000180001100 f   segmentation_terminate.obj
 0001:00000160       segmentation_terminate     0000000180001160 f   segmentation_terminate.obj
 0001:00000c60       segmentation               0000000180001c60 f   segmentation.obj
 0001:00005580       check_forloop_overflow_error 0000000180006580 f   eml_int_forloop_overflow_check.obj
 0001:00005740       sum                        0000000180006740 f   sum.obj
 0001:00005980       b_mod                      0000000180006980 f   mod.obj
 0001:00005b50       rdivide                    0000000180006b50 f   rdivide.obj
 0001:00005c70       b_floor                    0000000180006c70 f   floor.obj
 0001:00005c90       c_floor                    0000000180006c90 f   floor.obj
 0001:000061b0       bspline_inv                00000001800071b0 f   bspline_inv.obj
 0001:0000e2b0       b_power                    000000018000f2b0 f   power.obj
 0001:0000e3a0       power                      000000018000f3a0 f   power.obj
 0001:00011a70       pinv                       0000000180012a70 f   pinv.obj
 0001:00011e80       b_eml_error                0000000180012e80 f   eml_error.obj
 0001:00011ea0       c_eml_error                0000000180012ea0 f   eml_error.obj
 0001:00011ee0       d_eml_error                0000000180012ee0 f   eml_error.obj
 0001:00011f00       eml_error                  0000000180012f00 f   eml_error.obj
 0001:00011f20       b_abs                      0000000180012f20 f   abs.obj
 0001:00011f30       b_sqrt                     0000000180012f30 f   sqrt.obj
 0001:000129c0       segmentation_api           00000001800139c0 f   segmentation_api.obj
 0001:00012c90       emxEnsureCapacity          0000000180013c90 f   segmentation_emxutil.obj
 0001:00012d90       emxFreeStruct_struct_T     0000000180013d90 f   segmentation_emxutil.obj
 0001:00012d90       emxFree_real_T             0000000180013d90 f   segmentation_emxutil.obj
 0001:00012d90       emxFree_int32_T            0000000180013d90 f   segmentation_emxutil.obj
 0001:00012d90       emxFree_boolean_T          0000000180013d90 f   segmentation_emxutil.obj
 0001:00012dd0       emxInit_real_T             0000000180013dd0 f   segmentation_emxutil.obj
 0001:00012dd0       b_emxInit_real_T           0000000180013dd0 f   segmentation_emxutil.obj
 0001:00012dd0       emxInit_int32_T            0000000180013dd0 f   segmentation_emxutil.obj
 0001:00012dd0       c_emxInit_real_T           0000000180013dd0 f   segmentation_emxutil.obj
 0001:00012dd0       b_emxInit_boolean_T        0000000180013dd0 f   segmentation_emxutil.obj
 0001:00012dd0       emxInit_boolean_T          0000000180013dd0 f   segmentation_emxutil.obj
 0001:00013100       b_emxCopyStruct_struct_T   0000000180014100 f   segmentation_emxutil.obj
 0001:00013150       b_emxFreeStruct_struct_T   0000000180014150 f   segmentation_emxutil.obj
 0001:000131d0       b_emxFree_struct_T         00000001800141d0 f   segmentation_emxutil.obj
 0001:00013300       b_emxInitStruct_struct_T   0000000180014300 f   segmentation_emxutil.obj
 0001:00013370       b_emxInit_struct_T         0000000180014370 f   segmentation_emxutil.obj
 0001:00013440       emxCopyStruct_struct_T     0000000180014440 f   segmentation_emxutil.obj
 0001:00013450       emxFree_struct_T           0000000180014450 f   segmentation_emxutil.obj
 0001:00013540       emxInitStruct_struct_T     0000000180014540 f   segmentation_emxutil.obj
 0001:00013560       emxInit_struct_T           0000000180014560 f   segmentation_emxutil.obj
 0001:000139b0       b_emxEnsureCapacity_struct_T 00000001800149b0 f   segmentation_emxutil.obj
 0001:00013ae0       emxEnsureCapacity_struct_T 0000000180014ae0 f   segmentation_emxutil.obj
 0001:00013d70       segmentation_atexit_wrapper 0000000180014d70 f   segmentation_mex.obj
 0001:00013da0       mexFunction                0000000180014da0 f   segmentation_mex.obj
 0001:00038a10       emlrtMexFcnResolvedFunctionsInfo 0000000180039a10 f   _coder_segmentation_info.obj
 0001:00038a80       emlrtMexFcnProperties      0000000180039a80 f   _coder_segmentation_info.obj
 0001:00038bf0       mxCreateString             0000000180039bf0 f   libmx:libmx.dll
 0001:00038bf6       mxCreateCharArray_700      0000000180039bf6 f   libmx:libmx.dll
 0001:00038bfc       mxGetData                  0000000180039bfc f   libmx:libmx.dll
 0001:00038c02       mxCreateNumericMatrix_700  0000000180039c02 f   libmx:libmx.dll
 0001:00038c08       mxSetDimensions_700        0000000180039c08 f   libmx:libmx.dll
 0001:00038c0e       mxSetData                  0000000180039c0e f   libmx:libmx.dll
 0001:00038c14       mxCreateNumericArray_700   0000000180039c14 f   libmx:libmx.dll
 0001:00038c1a       mxGetPr                    0000000180039c1a f   libmx:libmx.dll
 0001:00038c20       mxCreateStructArray_700    0000000180039c20 f   libmx:libmx.dll
 0001:00038c26       mxCreateStructMatrix_700   0000000180039c26 f   libmx:libmx.dll
 0001:00038c2c       mxCreateDoubleScalar       0000000180039c2c f   libmx:libmx.dll
 0001:00038c32       mxSetFieldByNumber_700     0000000180039c32 f   libmx:libmx.dll
 0001:00038c38       mxCreateLogicalMatrix_700  0000000180039c38 f   libmx:libmx.dll
 0001:00038c3e       mexAtExit                  0000000180039c3e f   libmex:libmex.dll
 0001:00038c44       emlrtCallMATLABR2012b      0000000180039c44 f   libemlrt:libemlrt.dll
 0001:00038c4a       emlrtFirstTimeR2012b       0000000180039c4a f   libemlrt:libemlrt.dll
 0001:00038c50       emlrtEnterRtStackR2012b    0000000180039c50 f   libemlrt:libemlrt.dll
 0001:00038c56       emlrtClearAllocCountR2012b 0000000180039c56 f   libemlrt:libemlrt.dll
 0001:00038c5c       emlrtCreateRootTLS         0000000180039c5c f   libemlrt:libemlrt.dll
 0001:00038c62       emlrtGetBreakCheckFlagAddressR2012b 0000000180039c62 f   libemlrt:libemlrt.dll
 0001:00038c68       emlrtDestroyRootTLS        0000000180039c68 f   libemlrt:libemlrt.dll
 0001:00038c6e       emlrtLeaveRtStackR2012b    0000000180039c6e f   libemlrt:libemlrt.dll
 0001:00038c74       emlrtNonNegativeCheckR2012b 0000000180039c74 f   libemlrt:libemlrt.dll
 0001:00038c7a       emlrtAssign                0000000180039c7a f   libemlrt:libemlrt.dll
 0001:00038c80       emlrtHeapReferenceStackLeaveFcnR2012b 0000000180039c80 f   libemlrt:libemlrt.dll
 0001:00038c86       emlrtInitCharArrayR2013a   0000000180039c86 f   libemlrt:libemlrt.dll
 0001:00038c8c       emlrtHeapReferenceStackEnterFcnR2012b 0000000180039c8c f   libemlrt:libemlrt.dll
 0001:00038c92       emlrtDimSizeEqCheckR2012b  0000000180039c92 f   libemlrt:libemlrt.dll
 0001:00038c98       emlrtIntegerCheckR2012b    0000000180039c98 f   libemlrt:libemlrt.dll
 0001:00038c9e       emlrtBreakCheckR2012b      0000000180039c9e f   libemlrt:libemlrt.dll
 0001:00038ca4       emlrtSubAssignSizeCheckR2012b 0000000180039ca4 f   libemlrt:libemlrt.dll
 0001:00038caa       emlrtDynamicBoundsCheckR2012b 0000000180039caa f   libemlrt:libemlrt.dll
 0001:00038cb0       emlrtErrorWithMessageIdR2012b 0000000180039cb0 f   libemlrt:libemlrt.dll
 0001:00038cb6       emlrtSizeEqCheck1DR2012b   0000000180039cb6 f   libemlrt:libemlrt.dll
 0001:00038cbc       emlrtDestroyArray          0000000180039cbc f   libemlrt:libemlrt.dll
 0001:00038cc2       emlrtCheckVsBuiltInR2012b  0000000180039cc2 f   libemlrt:libemlrt.dll
 0001:00038cc8       emlrtAddField              0000000180039cc8 f   libemlrt:libemlrt.dll
 0001:00038cce       emlrtAlias                 0000000180039cce f   libemlrt:libemlrt.dll
 0001:00038cd4       emlrtFreeMex               0000000180039cd4 f   libemlrt:libemlrt.dll
 0001:00038cda       emlrtHeapAllocationErrorR2012b 0000000180039cda f   libemlrt:libemlrt.dll
 0001:00038ce0       emlrtCallocMex             0000000180039ce0 f   libemlrt:libemlrt.dll
 0001:00038ce6       emlrtSizeMulR2012b         0000000180039ce6 f   libemlrt:libemlrt.dll
 0001:00038cec       emlrtPushHeapReferenceStackR2012b 0000000180039cec f   libemlrt:libemlrt.dll
 0001:00038cf2       emlrtMallocMex             0000000180039cf2 f   libemlrt:libemlrt.dll
 0001:00038cf8       emlrtReturnArrayR2009a     0000000180039cf8 f   libemlrt:libemlrt.dll
 0001:00038cfe       emlrtErrMsgIdAndTxt        0000000180039cfe f   libemlrt:libemlrt.dll
 0001:00038d04       emlrtAliasP                0000000180039d04 f   libemlrt:libemlrt.dll
 0001:00038d0a       emlrtCreateCellArray       0000000180039d0a f   libemlrt:libemlrt.dll
 0001:00038d10       emlrtNameCapturePostProcessR2013b 0000000180039d10 f   libemlrt:libemlrt.dll
 0001:00038d16       dgemm                      0000000180039d16 f   libmwblas:libmwblas.dll
 0001:00038d1c       daxpy                      0000000180039d1c f   libmwblas:libmwblas.dll
 0001:00038d22       dnrm2                      0000000180039d22 f   libmwblas:libmwblas.dll
 0001:00038d28       dscal                      0000000180039d28 f   libmwblas:libmwblas.dll
 0001:00038d2e       ddot                       0000000180039d2e f   libmwblas:libmwblas.dll
 0001:00038d34       drot                       0000000180039d34 f   libmwblas:libmwblas.dll
 0001:00038d3a       drotg                      0000000180039d3a f   libmwblas:libmwblas.dll
 0001:00038d40       muDoubleScalarCeil         0000000180039d40 f   libmwmathutil:libmwmathutil.dll
 0001:00038d46       muDoubleScalarAbs          0000000180039d46 f   libmwmathutil:libmwmathutil.dll
 0001:00038d4c       muDoubleScalarRound        0000000180039d4c f   libmwmathutil:libmwmathutil.dll
 0001:00038d52       muDoubleScalarFloor        0000000180039d52 f   libmwmathutil:libmwmathutil.dll
 0001:00038d58       muDoubleScalarIsInf        0000000180039d58 f   libmwmathutil:libmwmathutil.dll
 0001:00038d5e       muDoubleScalarIsNaN        0000000180039d5e f   libmwmathutil:libmwmathutil.dll
 0001:00038d64       muDoubleScalarPower        0000000180039d64 f   libmwmathutil:libmwmathutil.dll
 0001:00038d6a       muDoubleScalarMax          0000000180039d6a f   libmwmathutil:libmwmathutil.dll
 0001:00038d70       muIntScalarMax_sint32      0000000180039d70 f   libmwmathutil:libmwmathutil.dll
 0001:00038d76       muIntScalarMin_sint32      0000000180039d76 f   libmwmathutil:libmwmathutil.dll
 0001:00038d7c       muDoubleScalarSqrt         0000000180039d7c f   libmwmathutil:libmwmathutil.dll
 0001:00038d84       __GSHandlerCheckCommon     0000000180039d84 f   MSVCRT:gshandler.obj
 0001:00038de8       __GSHandlerCheck           0000000180039de8 f   MSVCRT:gshandler.obj
 0001:00038e20       __security_check_cookie    0000000180039e20 f   MSVCRT:amdsecgs.obj
 0001:00038e40       memset                     0000000180039e40 f   MSVCRT:MSVCR100.dll
 0001:00038e46       memcpy                     0000000180039e46 f   MSVCRT:MSVCR100.dll
 0001:00038eac       _CRT_INIT                  0000000180039eac f   MSVCRT:crtdll.obj
 0001:00039244       _DllMainCRTStartup         000000018003a244 f   MSVCRT:crtdll.obj
 0001:00039284       __report_gsfailure         000000018003a284 f   MSVCRT:gs_report.obj
 0001:000393d0       __clean_type_info_names    000000018003a3d0 f   MSVCRT:tncleanup.obj
 0001:000393dc       _onexit                    000000018003a3dc f   MSVCRT:atonexit.obj
 0001:0003948c       atexit                     000000018003a48c f   MSVCRT:atonexit.obj
 0001:000394a4       _RTC_Initialize            000000018003a4a4 f   MSVCRT:_initsect_.obj
 0001:000394dc       _RTC_Terminate             000000018003a4dc f   MSVCRT:_initsect_.obj
 0001:00039520       _ValidateImageBase         000000018003a520 f   MSVCRT:pesect.obj
 0001:00039550       _FindPESection             000000018003a550 f   MSVCRT:pesect.obj
 0001:000395a0       _IsNonwritableInCurrentImage 000000018003a5a0 f   MSVCRT:pesect.obj
 0001:000395e2       _initterm                  000000018003a5e2 f   MSVCRT:MSVCR100.dll
 0001:000395e8       _initterm_e                000000018003a5e8 f   MSVCRT:MSVCR100.dll
 0001:000395ee       _amsg_exit                 000000018003a5ee f   MSVCRT:MSVCR100.dll
 0001:000395f4       __C_specific_handler       000000018003a5f4 f   MSVCRT:MSVCR100.dll
 0001:000395fa       __CppXcptFilter            000000018003a5fa f   MSVCRT:MSVCR100.dll
 0001:00039600       DllMain                    000000018003a600 f   MSVCRT:dllmain.obj
 0001:00039624       __security_init_cookie     000000018003a624 f   MSVCRT:gs_support.obj
 0001:000396d8       __crt_debugger_hook        000000018003a6d8 f   MSVCRT:MSVCR100.dll
 0001:000396de       __clean_type_info_names_internal 000000018003a6de f   MSVCRT:MSVCR100.dll
 0001:000396e4       _unlock                    000000018003a6e4 f   MSVCRT:MSVCR100.dll
 0001:000396ea       __dllonexit                000000018003a6ea f   MSVCRT:MSVCR100.dll
 0001:000396f0       _lock                      000000018003a6f0 f   MSVCRT:MSVCR100.dll
 0001:000396f6       RtlVirtualUnwind           000000018003a6f6 f   kernel32:KERNEL32.dll
 0001:000396fc       RtlLookupFunctionEntry     000000018003a6fc f   kernel32:KERNEL32.dll
 0002:00000000       __imp_GetSystemTimeAsFileTime 000000018003b000     kernel32:KERNEL32.dll
 0002:00000008       __imp_GetCurrentProcessId  000000018003b008     kernel32:KERNEL32.dll
 0002:00000010       __imp_GetCurrentThreadId   000000018003b010     kernel32:KERNEL32.dll
 0002:00000018       __imp_GetTickCount         000000018003b018     kernel32:KERNEL32.dll
 0002:00000020       __imp_QueryPerformanceCounter 000000018003b020     kernel32:KERNEL32.dll
 0002:00000028       __imp_DisableThreadLibraryCalls 000000018003b028     kernel32:KERNEL32.dll
 0002:00000030       __imp_RtlCaptureContext    000000018003b030     kernel32:KERNEL32.dll
 0002:00000038       __imp_RtlLookupFunctionEntry 000000018003b038     kernel32:KERNEL32.dll
 0002:00000040       __imp_RtlVirtualUnwind     000000018003b040     kernel32:KERNEL32.dll
 0002:00000048       __imp_IsDebuggerPresent    000000018003b048     kernel32:KERNEL32.dll
 0002:00000050       __imp_SetUnhandledExceptionFilter 000000018003b050     kernel32:KERNEL32.dll
 0002:00000058       __imp_UnhandledExceptionFilter 000000018003b058     kernel32:KERNEL32.dll
 0002:00000060       __imp_GetCurrentProcess    000000018003b060     kernel32:KERNEL32.dll
 0002:00000068       __imp_Sleep                000000018003b068     kernel32:KERNEL32.dll
 0002:00000070       __imp_DecodePointer        000000018003b070     kernel32:KERNEL32.dll
 0002:00000078       __imp_EncodePointer        000000018003b078     kernel32:KERNEL32.dll
 0002:00000080       __imp_TerminateProcess     000000018003b080     kernel32:KERNEL32.dll
 0002:00000088       \177KERNEL32_NULL_THUNK_DATA 000000018003b088     kernel32:KERNEL32.dll
 0002:00000090       __imp__initterm            000000018003b090     MSVCRT:MSVCR100.dll
 0002:00000098       __imp__malloc_crt          000000018003b098     MSVCRT:MSVCR100.dll
 0002:000000a0       __imp_memcpy               000000018003b0a0     MSVCRT:MSVCR100.dll
 0002:000000a8       __imp_memset               000000018003b0a8     MSVCRT:MSVCR100.dll
 0002:000000b0       __imp___CppXcptFilter      000000018003b0b0     MSVCRT:MSVCR100.dll
 0002:000000b8       __imp___crt_debugger_hook  000000018003b0b8     MSVCRT:MSVCR100.dll
 0002:000000c0       __imp___clean_type_info_names_internal 000000018003b0c0     MSVCRT:MSVCR100.dll
 0002:000000c8       __imp__unlock              000000018003b0c8     MSVCRT:MSVCR100.dll
 0002:000000d0       __imp___dllonexit          000000018003b0d0     MSVCRT:MSVCR100.dll
 0002:000000d8       __imp__lock                000000018003b0d8     MSVCRT:MSVCR100.dll
 0002:000000e0       __imp__onexit              000000018003b0e0     MSVCRT:MSVCR100.dll
 0002:000000e8       __imp_free                 000000018003b0e8     MSVCRT:MSVCR100.dll
 0002:000000f0       __imp__encoded_null        000000018003b0f0     MSVCRT:MSVCR100.dll
 0002:000000f8       __imp__amsg_exit           000000018003b0f8     MSVCRT:MSVCR100.dll
 0002:00000100       __imp__initterm_e          000000018003b100     MSVCRT:MSVCR100.dll
 0002:00000108       __imp___C_specific_handler 000000018003b108     MSVCRT:MSVCR100.dll
 0002:00000110       \177MSVCR100_NULL_THUNK_DATA 000000018003b110     MSVCRT:MSVCR100.dll
 0002:00000118       __imp_emlrtSizeEqCheck1DR2012b 000000018003b118     libemlrt:libemlrt.dll
 0002:00000120       __imp_emlrtDestroyArray    000000018003b120     libemlrt:libemlrt.dll
 0002:00000128       __imp_emlrtCheckVsBuiltInR2012b 000000018003b128     libemlrt:libemlrt.dll
 0002:00000130       __imp_emlrtAddField        000000018003b130     libemlrt:libemlrt.dll
 0002:00000138       __imp_emlrtAlias           000000018003b138     libemlrt:libemlrt.dll
 0002:00000140       __imp_emlrtErrorWithMessageIdR2012b 000000018003b140     libemlrt:libemlrt.dll
 0002:00000148       __imp_emlrtHeapAllocationErrorR2012b 000000018003b148     libemlrt:libemlrt.dll
 0002:00000150       __imp_emlrtCallocMex       000000018003b150     libemlrt:libemlrt.dll
 0002:00000158       __imp_emlrtSizeMulR2012b   000000018003b158     libemlrt:libemlrt.dll
 0002:00000160       __imp_emlrtPushHeapReferenceStackR2012b 000000018003b160     libemlrt:libemlrt.dll
 0002:00000168       __imp_emlrtMallocMex       000000018003b168     libemlrt:libemlrt.dll
 0002:00000170       __imp_emlrtReturnArrayR2009a 000000018003b170     libemlrt:libemlrt.dll
 0002:00000178       __imp_emlrtErrMsgIdAndTxt  000000018003b178     libemlrt:libemlrt.dll
 0002:00000180       __imp_emlrtAliasP          000000018003b180     libemlrt:libemlrt.dll
 0002:00000188       __imp_emlrtCreateCellArray 000000018003b188     libemlrt:libemlrt.dll
 0002:00000190       __imp_emlrtNameCapturePostProcessR2013b 000000018003b190     libemlrt:libemlrt.dll
 0002:00000198       __imp_emlrtCallMATLABR2012b 000000018003b198     libemlrt:libemlrt.dll
 0002:000001a0       __imp_emlrtFirstTimeR2012b 000000018003b1a0     libemlrt:libemlrt.dll
 0002:000001a8       __imp_emlrtEnterRtStackR2012b 000000018003b1a8     libemlrt:libemlrt.dll
 0002:000001b0       __imp_emlrtClearAllocCountR2012b 000000018003b1b0     libemlrt:libemlrt.dll
 0002:000001b8       __imp_emlrtCreateRootTLS   000000018003b1b8     libemlrt:libemlrt.dll
 0002:000001c0       __imp_emlrtGetBreakCheckFlagAddressR2012b 000000018003b1c0     libemlrt:libemlrt.dll
 0002:000001c8       __imp_emlrtFreeMex         000000018003b1c8     libemlrt:libemlrt.dll
 0002:000001d0       __imp_emlrtDestroyRootTLS  000000018003b1d0     libemlrt:libemlrt.dll
 0002:000001d8       __imp_emlrtDynamicBoundsCheckR2012b 000000018003b1d8     libemlrt:libemlrt.dll
 0002:000001e0       __imp_emlrtSubAssignSizeCheckR2012b 000000018003b1e0     libemlrt:libemlrt.dll
 0002:000001e8       __imp_emlrtBreakCheckR2012b 000000018003b1e8     libemlrt:libemlrt.dll
 0002:000001f0       __imp_emlrtIntegerCheckR2012b 000000018003b1f0     libemlrt:libemlrt.dll
 0002:000001f8       __imp_emlrtDimSizeEqCheckR2012b 000000018003b1f8     libemlrt:libemlrt.dll
 0002:00000200       __imp_emlrtHeapReferenceStackEnterFcnR2012b 000000018003b200     libemlrt:libemlrt.dll
 0002:00000208       __imp_emlrtInitCharArrayR2013a 000000018003b208     libemlrt:libemlrt.dll
 0002:00000210       __imp_emlrtHeapReferenceStackLeaveFcnR2012b 000000018003b210     libemlrt:libemlrt.dll
 0002:00000218       __imp_emlrtAssign          000000018003b218     libemlrt:libemlrt.dll
 0002:00000220       __imp_emlrtNonNegativeCheckR2012b 000000018003b220     libemlrt:libemlrt.dll
 0002:00000228       __imp_emlrtLeaveRtStackR2012b 000000018003b228     libemlrt:libemlrt.dll
 0002:00000230       \177libemlrt_NULL_THUNK_DATA 000000018003b230     libemlrt:libemlrt.dll
 0002:00000238       __imp_mexAtExit            000000018003b238     libmex:libmex.dll
 0002:00000240       \177libmex_NULL_THUNK_DATA 000000018003b240     libmex:libmex.dll
 0002:00000248       __imp_dscal                000000018003b248     libmwblas:libmwblas.dll
 0002:00000250       __imp_dnrm2                000000018003b250     libmwblas:libmwblas.dll
 0002:00000258       __imp_daxpy                000000018003b258     libmwblas:libmwblas.dll
 0002:00000260       __imp_dgemm                000000018003b260     libmwblas:libmwblas.dll
 0002:00000268       __imp_ddot                 000000018003b268     libmwblas:libmwblas.dll
 0002:00000270       __imp_drot                 000000018003b270     libmwblas:libmwblas.dll
 0002:00000278       __imp_drotg                000000018003b278     libmwblas:libmwblas.dll
 0002:00000280       \177libmwblas_NULL_THUNK_DATA 000000018003b280     libmwblas:libmwblas.dll
 0002:00000288       __imp_muDoubleScalarSqrt   000000018003b288     libmwmathutil:libmwmathutil.dll
 0002:00000290       __imp_muIntScalarMin_sint32 000000018003b290     libmwmathutil:libmwmathutil.dll
 0002:00000298       __imp_muIntScalarMax_sint32 000000018003b298     libmwmathutil:libmwmathutil.dll
 0002:000002a0       __imp_muDoubleScalarMax    000000018003b2a0     libmwmathutil:libmwmathutil.dll
 0002:000002a8       __imp_muDoubleScalarPower  000000018003b2a8     libmwmathutil:libmwmathutil.dll
 0002:000002b0       __imp_muDoubleScalarIsNaN  000000018003b2b0     libmwmathutil:libmwmathutil.dll
 0002:000002b8       __imp_muDoubleScalarIsInf  000000018003b2b8     libmwmathutil:libmwmathutil.dll
 0002:000002c0       __imp_muDoubleScalarFloor  000000018003b2c0     libmwmathutil:libmwmathutil.dll
 0002:000002c8       __imp_muDoubleScalarRound  000000018003b2c8     libmwmathutil:libmwmathutil.dll
 0002:000002d0       __imp_muDoubleScalarAbs    000000018003b2d0     libmwmathutil:libmwmathutil.dll
 0002:000002d8       __imp_muDoubleScalarCeil   000000018003b2d8     libmwmathutil:libmwmathutil.dll
 0002:000002e0       \177libmwmathutil_NULL_THUNK_DATA 000000018003b2e0     libmwmathutil:libmwmathutil.dll
 0002:000002e8       __imp_mxCreateLogicalMatrix_700 000000018003b2e8     libmx:libmx.dll
 0002:000002f0       __imp_mxSetFieldByNumber_700 000000018003b2f0     libmx:libmx.dll
 0002:000002f8       __imp_mxCreateDoubleScalar 000000018003b2f8     libmx:libmx.dll
 0002:00000300       __imp_mxCreateStructMatrix_700 000000018003b300     libmx:libmx.dll
 0002:00000308       __imp_mxCreateStructArray_700 000000018003b308     libmx:libmx.dll
 0002:00000310       __imp_mxGetPr              000000018003b310     libmx:libmx.dll
 0002:00000318       __imp_mxCreateNumericArray_700 000000018003b318     libmx:libmx.dll
 0002:00000320       __imp_mxSetData            000000018003b320     libmx:libmx.dll
 0002:00000328       __imp_mxSetDimensions_700  000000018003b328     libmx:libmx.dll
 0002:00000330       __imp_mxCreateNumericMatrix_700 000000018003b330     libmx:libmx.dll
 0002:00000338       __imp_mxGetData            000000018003b338     libmx:libmx.dll
 0002:00000340       __imp_mxCreateCharArray_700 000000018003b340     libmx:libmx.dll
 0002:00000348       __imp_mxCreateString       000000018003b348     libmx:libmx.dll
 0002:00000350       \177libmx_NULL_THUNK_DATA  000000018003b350     libmx:libmx.dll
 0002:00000358       __xc_a                     000000018003b358     MSVCRT:cinitexe.obj
 0002:00000360       __xc_z                     000000018003b360     MSVCRT:cinitexe.obj
 0002:00000368       __xi_a                     000000018003b368     MSVCRT:cinitexe.obj
 0002:00000378       __xi_z                     000000018003b378     MSVCRT:cinitexe.obj
 0002:00000380       ??_C@_05KKCIMGE@error?$AA@ 000000018003b380     segmentation_mexutil.obj
 0002:00000388       ??_C@_07ONPBMBOP@message?$AA@ 000000018003b388     segmentation_mexutil.obj
 0002:00000390       ??_C@_0EL@EEJPKOHC@D?3?1Program?5Files?1MATLAB?1R2013b?1t@ 000000018003b390     segmentation_data.obj
 0002:000003e0       ??_C@_09BNIPEHJD@eml_xswap?$AA@ 000000018003b3e0     segmentation_data.obj
 0002:000003f0       ??_C@_0EL@POJDNHHM@D?3?1Program?5Files?1MATLAB?1R2013b?1t@ 000000018003b3f0     segmentation_data.obj
 0002:00000440       ??_C@_09IEIJHMLN@eml_xgemm?$AA@ 000000018003b440     segmentation_data.obj
 0002:00000450       ??_C@_0EO@GBLOCDLN@D?3?1Program?5Files?1MATLAB?1R2013b?1t@ 000000018003b450     segmentation_data.obj
 0002:000004a0       ??_C@_0BC@JEELAMCJ@eml_scalexp_alloc?$AA@ 000000018003b4a0     segmentation_data.obj
 0002:000004c0       ??_C@_0ED@HHBILEDM@D?3?1Program?5Files?1MATLAB?1R2013b?1t@ 000000018003b4c0     segmentation_data.obj
 0002:00000504       ??_C@_04CKFJHKAP@find?$AA@ 000000018003b504     segmentation_data.obj
 0002:00000510       ??_C@_0EL@COBFFGME@D?3?1Program?5Files?1MATLAB?1R2013b?1t@ 000000018003b510     segmentation_data.obj
 0002:00000560       ??_C@_0P@JNIGDCNL@eml_index_prod?$AA@ 000000018003b560     segmentation_data.obj
 0002:00000570       ??_C@_0FG@EMKGHNEE@D?3?1Program?5Files?1MATLAB?1R2013b?1t@ 000000018003b570     segmentation_data.obj
 0002:000005c8       ??_C@_0BK@POIJPMHI@eml_assert_valid_size_arg?$AA@ 000000018003b5c8     segmentation_data.obj
 0002:000005f0       ??_C@_0FK@JIDEOHPI@D?3?1Program?5Files?1MATLAB?1R2013b?1t@ 000000018003b5f0     segmentation_data.obj
 0002:00000650       ??_C@_0BB@HGCMOCGE@eml_refblas_xrot?$AA@ 000000018003b650     segmentation_data.obj
 0002:00000670       ??_C@_0FI@ENCHNCAL@D?3?1Program?5Files?1MATLAB?1R2013b?1t@ 000000018003b670     segmentation_data.obj
 0002:000006c8       ??_C@_0O@PKOLFAIN@eml_blas_xrot?$AA@ 000000018003b6c8     segmentation_data.obj
 0002:000006e0       ??_C@_0EK@OJPNKLLO@D?3?1Program?5Files?1MATLAB?1R2013b?1t@ 000000018003b6e0     segmentation_data.obj
 0002:00000730       ??_C@_08PFGOPFJF@eml_xrot?$AA@ 000000018003b730     segmentation_data.obj
 0002:00000740       ??_C@_0FL@PHGNHPAN@D?3?1Program?5Files?1MATLAB?1R2013b?1t@ 000000018003b740     segmentation_data.obj
 0002:000007a0       ??_C@_0BC@GABFHEMD@eml_refblas_xrotg?$AA@ 000000018003b7a0     segmentation_data.obj
 0002:000007c0       ??_C@_0FJ@NDAMMPJO@D?3?1Program?5Files?1MATLAB?1R2013b?1t@ 000000018003b7c0     segmentation_data.obj
 0002:00000820       ??_C@_0P@LJEPOJKN@eml_blas_xrotg?$AA@ 000000018003b820     segmentation_data.obj
 0002:00000830       ??_C@_0EL@GIKDFCOE@D?3?1Program?5Files?1MATLAB?1R2013b?1t@ 000000018003b830     segmentation_data.obj
 0002:00000880       ??_C@_09KKCMPEFO@eml_xrotg?$AA@ 000000018003b880     segmentation_data.obj
 0002:00000890       ??_C@_0ED@GMPIMEIG@D?3?1Program?5Files?1MATLAB?1R2013b?1t@ 000000018003b890     segmentation_data.obj
 0002:000008d4       ??_C@_04EIAKFFMI@sqrt?$AA@ 000000018003b8d4     segmentation_data.obj
 0002:000008e0       ??_C@_0FL@PKMOENBB@D?3?1Program?5Files?1MATLAB?1R2013b?1t@ 000000018003b8e0     segmentation_data.obj
 0002:00000940       ??_C@_0BC@FJNDGBLE@eml_refblas_xaxpy?$AA@ 000000018003b940     segmentation_data.obj
 0002:00000960       ??_C@_0FJ@NOKPPNIC@D?3?1Program?5Files?1MATLAB?1R2013b?1t@ 000000018003b960     segmentation_data.obj
 0002:000009c0       ??_C@_0P@IAIJPMNK@eml_blas_xaxpy?$AA@ 000000018003b9c0     segmentation_data.obj
 0002:000009d0       ??_C@_0EL@GFAAGAPI@D?3?1Program?5Files?1MATLAB?1R2013b?1t@ 000000018003b9d0     segmentation_data.obj
 0002:00000a20       ??_C@_09JDOKOBCJ@eml_xaxpy?$AA@ 000000018003ba20     segmentation_data.obj
 0002:00000a30       ??_C@_0FL@PLBJJBDA@D?3?1Program?5Files?1MATLAB?1R2013b?1t@ 000000018003ba30     segmentation_data.obj
 0002:00000a90       ??_C@_0BC@ECOPBIHP@eml_refblas_xdotx?$AA@ 000000018003ba90     segmentation_data.obj
 0002:00000ab0       ??_C@_0FK@ENLLAGHO@D?3?1Program?5Files?1MATLAB?1R2013b?1t@ 000000018003bab0     segmentation_data.obj
 0002:00000b10       ??_C@_0BB@DFOOKCH@eml_refblas_xdot?$AA@ 000000018003bb10     segmentation_data.obj
 0002:00000b30       ??_C@_0FI@JIKIDDIN@D?3?1Program?5Files?1MATLAB?1R2013b?1t@ 000000018003bb30     segmentation_data.obj
 0002:00000b88       ??_C@_0O@IPJJFIMO@eml_blas_xdot?$AA@ 000000018003bb88     segmentation_data.obj
 0002:00000ba0       ??_C@_0EK@DMHCEKDI@D?3?1Program?5Files?1MATLAB?1R2013b?1t@ 000000018003bba0     segmentation_data.obj
 0002:00000bf0       ??_C@_08IABMPNNG@eml_xdot?$AA@ 000000018003bbf0     segmentation_data.obj
 0002:00000c00       ??_C@_0EL@ODMPGMEH@D?3?1Program?5Files?1MATLAB?1R2013b?1t@ 000000018003bc00     segmentation_data.obj
 0002:00000c50       ??_C@_09CBOAFDHI@eml_xdotc?$AA@ 000000018003bc50     segmentation_data.obj
 0002:00000c60       ??_C@_0FL@FJNJCLDB@D?3?1Program?5Files?1MATLAB?1R2013b?1t@ 000000018003bc60     segmentation_data.obj
 0002:00000cc0       ??_C@_0BC@OOLKFKJL@eml_refblas_xscal?$AA@ 000000018003bcc0     segmentation_data.obj
 0002:00000ce0       ??_C@_0FJ@HNLIJLKC@D?3?1Program?5Files?1MATLAB?1R2013b?1t@ 000000018003bce0     segmentation_data.obj
 0002:00000d40       ??_C@_0P@DHOAMHPF@eml_blas_xscal?$AA@ 000000018003bd40     segmentation_data.obj
 0002:00000d50       ??_C@_0EL@MGBHAGNI@D?3?1Program?5Files?1MATLAB?1R2013b?1t@ 000000018003bd50     segmentation_data.obj
 0002:00000da0       ??_C@_09CEIDNKAG@eml_xscal?$AA@ 000000018003bda0     segmentation_data.obj
 0002:00000db0       ??_C@_0EC@KGMPOILG@D?3?1Program?5Files?1MATLAB?1R2013b?1t@ 000000018003bdb0     segmentation_data.obj
 0002:00000df4       ??_C@_03BCGAIFPO@abs?$AA@  000000018003bdf4     segmentation_data.obj
 0002:00000e00       ??_C@_0FL@HJHIJCJB@D?3?1Program?5Files?1MATLAB?1R2013b?1t@ 000000018003be00     segmentation_data.obj
 0002:00000e60       ??_C@_0BC@LDENLAOM@eml_refblas_xnrm2?$AA@ 000000018003be60     segmentation_data.obj
 0002:00000e80       ??_C@_0FJ@FNBJCCAC@D?3?1Program?5Files?1MATLAB?1R2013b?1t@ 000000018003be80     segmentation_data.obj
 0002:00000ee0       ??_C@_0P@GKBHCNIC@eml_blas_xnrm2?$AA@ 000000018003bee0     segmentation_data.obj
 0002:00000ef0       ??_C@_0EL@OGLGLPHI@D?3?1Program?5Files?1MATLAB?1R2013b?1t@ 000000018003bef0     segmentation_data.obj
 0002:00000f40       ??_C@_09HJHEDAHB@eml_xnrm2?$AA@ 000000018003bf40     segmentation_data.obj
 0002:00000f50       ??_C@_0EG@LCDHGJIL@D?3?1Program?5Files?1MATLAB?1R2013b?1t@ 000000018003bf50     segmentation_data.obj
 0002:00000f98       ??_C@_09NODCPLED@eml_relop?$AA@ 000000018003bf98     segmentation_data.obj
 0002:00000fb0       ??_C@_0EL@MDBCGIOK@D?3?1Program?5Files?1MATLAB?1R2013b?1t@ 000000018003bfb0     segmentation_data.obj
 0002:00001000       ??_C@_0P@PAOJKEOI@eml_min_or_max?$AA@ 000000018003c000     segmentation_data.obj
 0002:00001010       ??_C@_0FL@FFBMILEB@D?3?1Program?5Files?1MATLAB?1R2013b?1t@ 000000018003c010     segmentation_data.obj
 0002:00001070       ??_C@_0BB@NPNGANKF@eml_matlab_zsvdc?$AA@ 000000018003c070     segmentation_data.obj
 0002:00001090       ??_C@_0EH@IKMJDHGM@D?3?1Program?5Files?1MATLAB?1R2013b?1t@ 000000018003c090     segmentation_data.obj
 0002:000010d8       ??_C@_08CHCKEDFL@isfinite?$AA@ 000000018003c0d8     segmentation_data.obj
 0002:000010f0       ??_C@_0FL@GBFNPKJF@D?3?1Program?5Files?1MATLAB?1R2013b?1t@ 000000018003c0f0     segmentation_data.obj
 0002:00001150       ??_C@_0BC@EOLAPMCA@eml_refblas_xgemm?$AA@ 000000018003c150     segmentation_data.obj
 0002:00001170       ??_C@_0FJ@EFDMEKAG@D?3?1Program?5Files?1MATLAB?1R2013b?1t@ 000000018003c170     segmentation_data.obj
 0002:000011d0       ??_C@_0P@JHOKGBEO@eml_blas_xgemm?$AA@ 000000018003c1d0     segmentation_data.obj
 0002:000011e0       ??_C@_0EC@DMMGNLAM@D?3?1Program?5Files?1MATLAB?1R2013b?1t@ 000000018003c1e0     segmentation_data.obj
 0002:00001224       ??_C@_05PLIADJJL@power?$AA@ 000000018003c224     segmentation_data.obj
 0002:00001230       ??_C@_0EE@LNMJDNCP@D?3?1Program?5Files?1MATLAB?1R2013b?1t@ 000000018003c230     segmentation_data.obj
 0002:00001274       ??_C@_05PBJFFIGL@floor?$AA@ 000000018003c274     segmentation_data.obj
 0002:00001280       ??_C@_0FL@BGPLNOJI@D?3?1Program?5Files?1MATLAB?1R2013b?1t@ 000000018003c280     segmentation_data.obj
 0002:000012e0       ??_C@_0O@LFDEJHKC@indexIntRelop?$AA@ 000000018003c2e0     segmentation_data.obj
 0002:000012f0       ??_C@_0FA@CDEDNHCH@D?3?1Program?5Files?1MATLAB?1R2013b?1t@ 000000018003c2f0     segmentation_data.obj
 0002:00001340       ??_C@_0BE@BNDDFGBF@eml_null_assignment?$AA@ 000000018003c340     segmentation_data.obj
 0002:00001360       ??_C@_0EE@HKFDGICO@D?3?1Program?5Files?1MATLAB?1R2013b?1t@ 000000018003c360     segmentation_data.obj
 0002:000013a8       ??_C@_07KHOFHKNM@eml_div?$AA@ 000000018003c3a8     segmentation_data.obj
 0002:000013b0       ??_C@_0EE@FIHFHHGD@D?3?1Program?5Files?1MATLAB?1R2013b?1t@ 000000018003c3b0     segmentation_data.obj
 0002:000013f8       ??_C@_07EDECNBOH@rdivide?$AA@ 000000018003c3f8     segmentation_data.obj
 0002:00001400       ??_C@_0EF@JGBHADPN@D?3?1Program?5Files?1MATLAB?1R2013b?1t@ 000000018003c400     segmentation_data.obj
 0002:00001448       ??_C@_08GNEFHMND@mrdivide?$AA@ 000000018003c448     segmentation_data.obj
 0002:00001460       ??_C@_0EC@OEFDIDFK@D?3?1Program?5Files?1MATLAB?1R2013b?1t@ 000000018003c460     segmentation_data.obj
 0002:000014a4       ??_C@_03FFONCNID@mod?$AA@  000000018003c4a4     segmentation_data.obj
 0002:000014b0       ??_C@_0EN@MMMHFMFD@D?3?1Program?5Files?1MATLAB?1R2013b?1t@ 000000018003c4b0     segmentation_data.obj
 0002:00001500       ??_C@_0BB@PACNMNAE@eml_isequal_core?$AA@ 000000018003c500     segmentation_data.obj
 0002:00001520       ??_C@_0EG@COBEPALK@D?3?1Program?5Files?1MATLAB?1R2013b?1t@ 000000018003c520     segmentation_data.obj
 0002:00001568       ??_C@_07MIMONDDE@isequal?$AA@ 000000018003c568     segmentation_data.obj
 0002:00001570       ??_C@_0FL@NBBAGBIN@D?3?1Program?5Files?1MATLAB?1R2013b?1t@ 000000018003c570     segmentation_data.obj
 0002:000015d0       ??_C@_0BP@OEONONCM@eml_int_forloop_overflow_check?$AA@ 000000018003c5d0     segmentation_data.obj
 0002:000015f0       ??_C@_07FGJDCOHF@new_set?$AA@ 000000018003c5f0     segmentation.obj
 0002:000015f8       ??_C@_03LOICLMIO@Sp2?$AA@  000000018003c5f8     segmentation.obj
 0002:00001600       ??_C@_0L@CMGAELOG@Confidence?$AA@ 000000018003c600     segmentation.obj
 0002:00001610       ??_C@_09GEFADJKJ@ref_point?$AA@ 000000018003c610     segmentation.obj
 0002:00001620       ??_C@_07LFANNLCP@ref_set?$AA@ 000000018003c620     segmentation.obj
 0002:00001628       ??_C@_06MAHLMFBA@sp_val?$AA@ 000000018003c628     segmentation.obj
 0002:00001630       ??_C@_0M@OBAPPIEN@bspline_set?$AA@ 000000018003c630     segmentation.obj
 0002:00001640       ??_C@_09OGAJFHJE@error_set?$AA@ 000000018003c640     segmentation.obj
 0002:0000164c       ??_C@_03BODCDEJD@DCF?$AA@  000000018003c64c     segmentation.obj
 0002:00001650       ??_C@_01CBDEGOCN@j?$AA@    000000018003c650     segmentation.obj
 0002:00001654       ??_C@_06HCLHAFKH@sp_set?$AA@ 000000018003c654     segmentation.obj
 0002:00001660       ??_C@_0EI@EODCEDNJ@D?3?1Program?5Files?1MATLAB?1R2013b?1t@ 000000018003c660     segmentation.obj
 0002:000016a8       ??_C@_0M@LOJNOHOD@eml_li_find?$AA@ 000000018003c6a8     segmentation.obj
 0002:000016c0       ??_C@_0ED@BBPMMBCG@D?3?1Program?5Files?1MATLAB?1R2013b?1t@ 000000018003c6c0     segmentation.obj
 0002:00001704       ??_C@_04GFPJNGEK@ceil?$AA@ 000000018003c704     segmentation.obj
 0002:00001710       ??_C@_0DB@KODDIPJI@F?3?1Git?1correspondence?1matlab_cod@ 000000018003c710     segmentation.obj
 0002:00001748       ??_C@_0N@OACBNEED@segmentation?$AA@ 000000018003c748     segmentation.obj
 0002:000017d8       ??_C@_0BC@DHBLDLOI@Assertion?5failed?4?$AA@ 000000018003c7d8     segmentation.obj
 0002:000017f0       __real@4024000000000000    000000018003c7f0     segmentation.obj
 0002:000017f8       __real@3ff0000000000000    000000018003c7f8     segmentation.obj
 0002:00001800       __real@3fe0000000000000    000000018003c800     segmentation.obj
 0002:00001860       ??_C@_0EE@JNHFINEK@D?3?1Program?5Files?1MATLAB?1R2013b?1t@ 000000018003c860     sum.obj
 0002:000018a4       ??_C@_03CFFIJAMA@sum?$AA@  000000018003c8a4     sum.obj
 0002:00001900       __real@3cb0000000000000    000000018003c900     mod.obj
 0002:00001908       ??_C@_0N@EIEDKOI@param_matrix?$AA@ 000000018003c908     bspline_inv.obj
 0002:00001918       ??_C@_01EANLCPLP@y?$AA@    000000018003c918     bspline_inv.obj
 0002:0000191c       ??_C@_01FJMABOPO@x?$AA@    000000018003c91c     bspline_inv.obj
 0002:00001920       ??_C@_03LOJEKLML@src?$AA@  000000018003c920     bspline_inv.obj
 0002:00001924       ??_C@_02JGAADCOE@Ax?$AA@   000000018003c924     bspline_inv.obj
 0002:00001928       ??_C@_02IPBLADKF@Ay?$AA@   000000018003c928     bspline_inv.obj
 0002:0000192c       ??_C@_01FHEEJDEE@A?$AA@    000000018003c92c     bspline_inv.obj
 0002:00001930       ??_C@_0EG@NONNOBNK@D?3?1Program?5Files?1MATLAB?1R2013b?1t@ 000000018003c930     bspline_inv.obj
 0002:00001978       ??_C@_07EGDDPBAO@reshape?$AA@ 000000018003c978     bspline_inv.obj
 0002:00001980       ??_C@_0ED@OHEONNML@D?3?1Program?5Files?1MATLAB?1R2013b?1t@ 000000018003c980     bspline_inv.obj
 0002:000019c4       ??_C@_06PCBFLGP@mtimes?$AA@ 000000018003c9c4     bspline_inv.obj
 0002:000019d0       ??_C@_0EE@FGAOHIEO@D?3?1Program?5Files?1MATLAB?1R2013b?1t@ 000000018003c9d0     bspline_inv.obj
 0002:00001a14       ??_C@_03LJAEFNNE@max?$AA@  000000018003ca14     bspline_inv.obj
 0002:00001a20       ??_C@_0EE@BDAMDLMM@D?3?1Program?5Files?1MATLAB?1R2013b?1t@ 000000018003ca20     bspline_inv.obj
 0002:00001a64       ??_C@_03KLIPLJLL@min?$AA@  000000018003ca64     bspline_inv.obj
 0002:00001a68       ??_C@_0DA@FOHBPLNB@F?3?1Git?1correspondence?1matlab_cod@ 000000018003ca68     bspline_inv.obj
 0002:00001a98       ??_C@_0M@OAMIMCNF@bspline_inv?$AA@ 000000018003ca98     bspline_inv.obj
 0002:00001d08       __real@c1e0000000000000    000000018003cd08     bspline_inv.obj
 0002:00001d10       __real@41dfffffffc00000    000000018003cd10     bspline_inv.obj
 0002:00001d18       ??_C@_0DO@PCBINGDL@EMLRT?3runTime?3RepeatedExprWithDi@ 000000018003cd18     bspline_inv.obj
 0002:00001d58       __real@4010000000000000    000000018003cd58     bspline_inv.obj
 0002:00001d60       __real@403e000000000000    000000018003cd60     bspline_inv.obj
 0002:00001d68       __real@4008000000000000    000000018003cd68     power.obj
 0002:00001d70       ??_C@_0FL@NLFBIDJL@D?3?1Program?5Files?1MATLAB?1R2013b?1t@ 000000018003cd70     pinv.obj
 0002:00001dd0       ??_C@_0BC@NHLGMHAO@eml_refblas_xswap?$AA@ 000000018003cdd0     pinv.obj
 0002:00001df0       ??_C@_0FJ@PPDADDAI@D?3?1Program?5Files?1MATLAB?1R2013b?1t@ 000000018003cdf0     pinv.obj
 0002:00001e50       ??_C@_0P@OOMFKGA@eml_blas_xswap?$AA@ 000000018003ce50     pinv.obj
 0002:00001e60       ??_C@_0FO@CPJAPFEH@D?3?1Program?5Files?1MATLAB?1R2013b?1t@ 000000018003ce60     pinv.obj
 0002:00001ec0       ??_C@_0BC@KFICGMOK@eml_lapack_xgesvd?$AA@ 000000018003cec0     pinv.obj
 0002:00001ee0       ??_C@_0EO@GOLLFHN@D?3?1Program?5Files?1MATLAB?1R2013b?1t@ 000000018003cee0     pinv.obj
 0002:00001f30       ??_C@_0L@BEHAIEND@eml_xgesvd?$AA@ 000000018003cf30     pinv.obj
 0002:00001f40       ??_C@_0ED@FFNBJMKM@D?3?1Program?5Files?1MATLAB?1R2013b?1t@ 000000018003cf40     pinv.obj
 0002:00001f84       ??_C@_03PGNMJFNA@svd?$AA@  000000018003cf84     pinv.obj
 0002:00001f90       ??_C@_0EE@PKNLINBD@D?3?1Program?5Files?1MATLAB?1R2013b?1t@ 000000018003cf90     pinv.obj
 0002:00001fd4       ??_C@_04LNANGIPO@pinv?$AA@ 000000018003cfd4     pinv.obj
 0002:00001fe0       __real@4000000000000000    000000018003cfe0     pinv.obj
 0002:00001fe8       __real@bff0000000000000    000000018003cfe8     pinv.obj
 0002:00001ff0       __real@0010000000000000    000000018003cff0     pinv.obj
 0002:00002000       __mask@@NegDouble@         000000018003d000     pinv.obj
 0002:00002010       ??_C@_0EG@PFOFFIJJ@D?3?1Program?5Files?1MATLAB?1R2013b?1t@ 000000018003d010     eml_error.obj
 0002:00002058       ??_C@_09JANBMANM@eml_error?$AA@ 000000018003d058     eml_error.obj
 0002:00002068       ??_C@_0BP@KGHOLAIN@Coder?3MATLAB?3svd_NoConvergence?$AA@ 000000018003d068     eml_error.obj
 0002:00002088       ??_C@_0BP@KBACPONM@Coder?3toolbox?3ElFunDomainError?$AA@ 000000018003d088     eml_error.obj
 0002:000020a8       ??_C@_0CI@BHGKFKAI@Coder?3toolbox?3reshape_emptyResha@ 000000018003d0a8     eml_error.obj
 0002:000020d0       ??_C@_0CC@PHBEIKAA@Coder?3MATLAB?3svd_matrixWithNaNIn@ 000000018003d0d0     eml_error.obj
 0002:000020f2       ??_C@_00CNPNBAHC@?$AA@     000000018003d0f2     segmentation_api.obj
 0002:000020f8       ??_C@_0BB@PGKDONGG@segmentation_api?$AA@ 000000018003d0f8     segmentation_api.obj
 0002:00002120       ??_C@_06BNJCAIGJ@double?$AA@ 000000018003d120     segmentation_api.obj
 0002:00002128       ??_C@_03BALCFKBP@val?$AA@  000000018003d128     segmentation_api.obj
 0002:00002130       ??_C@_0CF@OIONOIOI@EMLRT?3runTime?3TooManyOutputArgum@ 000000018003d130     segmentation_mex.obj
 0002:00002158       ??_C@_0CC@IMHDKEMC@EMLRT?3runTime?3WrongNumberOfInput@ 000000018003d158     segmentation_mex.obj
 0002:00002180       ??_C@_0FH@BDMJPNAA@?$FLILXE?$FN$matlabroot$?1toolbox?1eml?1l@ 000000018003d180     _coder_segmentation_info.obj
 0002:000021e0       ??_C@_0FA@HLMNPFDP@?$FLILXE?$FN$matlabroot$?1toolbox?1eml?1l@ 000000018003d1e0     _coder_segmentation_info.obj
 0002:00002230       ??_C@_0DI@JIPJFLJ@?$FLILXE?$FN$matlabroot$?1toolbox?1eml?1l@ 000000018003d230     _coder_segmentation_info.obj
 0002:00002270       ??_C@_0EP@DKNAOIDF@?$FLILXE?$FN$matlabroot$?1toolbox?1eml?1l@ 000000018003d270     _coder_segmentation_info.obj
 0002:000022c0       ??_C@_0FC@KAGKIDFL@?$FLILXE?$FN$matlabroot$?1toolbox?1eml?1l@ 000000018003d2c0     _coder_segmentation_info.obj
 0002:00002320       ??_C@_0EC@CEPHODGG@?$FLILXE?$FN$matlabroot$?1toolbox?1eml?1l@ 000000018003d320     _coder_segmentation_info.obj
 0002:00002368       ??_C@_0DK@JGMDEBEG@?$FLILXE?$FN$matlabroot$?1toolbox?1eml?1l@ 000000018003d368     _coder_segmentation_info.obj
 0002:000023a8       ??_C@_0DI@IEIPGFNC@?$FLILXE?$FN$matlabroot$?1toolbox?1eml?1l@ 000000018003d3a8     _coder_segmentation_info.obj
 0002:000023e0       ??_C@_05OIHEAIFD@isinf?$AA@ 000000018003d3e0     _coder_segmentation_info.obj
 0002:000023e8       ??_C@_0DL@JMMGNODA@?$FLILXE?$FN$matlabroot$?1toolbox?1eml?1l@ 000000018003d3e8     _coder_segmentation_info.obj
 0002:00002428       ??_C@_0DH@MKLJELI@?$FLILXE?$FN$matlabroot$?1toolbox?1eml?1l@ 000000018003d428     _coder_segmentation_info.obj
 0002:00002460       ??_C@_0EB@JGGFMEAJ@?$FLILXE?$FN$matlabroot$?1toolbox?1eml?1l@ 000000018003d460     _coder_segmentation_info.obj
 0002:000024a8       ??_C@_0DI@OAFICDGG@?$FLILXE?$FN$matlabroot$?1toolbox?1eml?1l@ 000000018003d4a8     _coder_segmentation_info.obj
 0002:000024e0       ??_C@_0DJ@LELBHOFI@?$FLILXE?$FN$matlabroot$?1toolbox?1eml?1l@ 000000018003d4e0     _coder_segmentation_info.obj
 0002:0000251c       ??_C@_06DHCFJIMK@intmin?$AA@ 000000018003d51c     _coder_segmentation_info.obj
 0002:00002530       ??_C@_0HF@KHPAKDPE@?$FLILXE?$FN$matlabroot$?1toolbox?1eml?1l@ 000000018003d530     _coder_segmentation_info.obj
 0002:000025b0       ??_C@_0EA@NHKEHCBE@?$FLILXE?$FN$matlabroot$?1toolbox?1eml?1l@ 000000018003d5b0     _coder_segmentation_info.obj
 0002:000025f0       ??_C@_0BA@DCOEOBGC@eml_index_times?$AA@ 000000018003d5f0     _coder_segmentation_info.obj
 0002:00002600       ??_C@_0EA@FCCELNDI@?$FLILXE?$FN$matlabroot$?1toolbox?1eml?1l@ 000000018003d600     _coder_segmentation_info.obj
 0002:00002640       ??_C@_0BA@BIKOLOKP@eml_index_minus?$AA@ 000000018003d640     _coder_segmentation_info.obj
 0002:00002650       ??_C@_0EP@OJBJJOB@?$FLILXE?$FN$matlabroot$?1toolbox?1eml?1l@ 000000018003d650     _coder_segmentation_info.obj
 0002:000026a0       ??_C@_0EN@INEGCLMI@?$FLILXE?$FN$matlabroot$?1toolbox?1eml?1l@ 000000018003d6a0     _coder_segmentation_info.obj
 0002:000026f0       ??_C@_0EF@OACOOKJN@?$FLILXE?$FN$matlabroot$?1toolbox?1eml?1l@ 000000018003d6f0     _coder_segmentation_info.obj
 0002:00002738       ??_C@_0BA@OPOLJENJ@eml_blas_inline?$AA@ 000000018003d738     _coder_segmentation_info.obj
 0002:00002748       ??_C@_0DP@KKDHCFNH@?$FLILXE?$FN$matlabroot$?1toolbox?1eml?1l@ 000000018003d748     _coder_segmentation_info.obj
 0002:00002788       ??_C@_0DH@LODENFNP@?$FLILXE?$FN$matlabroot$?1toolbox?1eml?1l@ 000000018003d788     _coder_segmentation_info.obj
 0002:000027c0       ??_C@_0EJ@ICIFOOJM@?$FLILXE?$FN$matlabroot$?1toolbox?1eml?1l@ 000000018003d7c0     _coder_segmentation_info.obj
 0002:00002810       ??_C@_0EC@EDKCHFKG@?$FLILXE?$FN$matlabroot$?1toolbox?1eml?1l@ 000000018003d810     _coder_segmentation_info.obj
 0002:00002858       ??_C@_0DO@FIFFNPJ@?$FLILXE?$FN$matlabroot$?1toolbox?1eml?1l@ 000000018003d858     _coder_segmentation_info.obj
 0002:00002898       ??_C@_0O@DGEIFEHG@eml_scalar_eg?$AA@ 000000018003d898     _coder_segmentation_info.obj
 0002:000028a8       ??_C@_0DP@JAKKLAFJ@?$FLILXE?$FN$matlabroot$?1toolbox?1eml?1l@ 000000018003d8a8     _coder_segmentation_info.obj
 0002:000028e8       ??_C@_0DG@PFPDNIHA@?$FLILXE?$FN$matlabroot$?1toolbox?1eml?1l@ 000000018003d8e8     _coder_segmentation_info.obj
 0002:00002920       ??_C@_0DI@KHEKJDFK@?$FLILXE?$FN$matlabroot$?1toolbox?1eml?1l@ 000000018003d920     _coder_segmentation_info.obj
 0002:00002958       ??_C@_0DP@JHLGJKEB@?$FLILXE?$FN$matlabroot$?1toolbox?1eml?1l@ 000000018003d958     _coder_segmentation_info.obj
 0002:00002998       ??_C@_04ENMBGAPA@char?$AA@ 000000018003d998     _coder_segmentation_info.obj
 0002:000029a0       ??_C@_0DI@EMINNGDL@?$FLILXE?$FN$matlabroot$?1toolbox?1eml?1l@ 000000018003d9a0     _coder_segmentation_info.obj
 0002:000029d8       ??_C@_0DI@ECPGNJBG@?$FLILXE?$FN$matlabroot$?1toolbox?1eml?1l@ 000000018003d9d8     _coder_segmentation_info.obj
 0002:00002a10       ??_C@_0DD@MPEGEKC@?$FLE?$FNF?3?1Git?1correspondence?1matlab_@ 000000018003da10     _coder_segmentation_info.obj
 0002:00002a48       ??_C@_0DK@NBBBHAFE@?$FLILXE?$FN$matlabroot$?1toolbox?1eml?1l@ 000000018003da48     _coder_segmentation_info.obj
 0002:00002a88       ??_C@_0BA@DMFOHEOD@function_handle?$AA@ 000000018003da88     _coder_segmentation_info.obj
 0002:00002aa0       ??_C@_0EP@LONMACPJ@?$FLILXE?$FN$matlabroot$?1toolbox?1eml?1l@ 000000018003daa0     _coder_segmentation_info.obj
 0002:00002af0       ??_C@_0DP@KEPDCHIB@?$FLILXE?$FN$matlabroot$?1toolbox?1eml?1l@ 000000018003daf0     _coder_segmentation_info.obj
 0002:00002b30       ??_C@_0BI@MOBBIOAA@coder?4internal?4indexInt?$AA@ 000000018003db30     _coder_segmentation_info.obj
 0002:00002b48       ??_C@_0P@DJHCLAEH@eml_index_plus?$AA@ 000000018003db48     _coder_segmentation_info.obj
 0002:00002b60       ??_C@_0FB@CNDLNLEB@?$FLIXE?$FN$matlabroot$?1toolbox?1shared@ 000000018003db60     _coder_segmentation_info.obj
 0002:00002bb8       ??_C@_0CA@GGIPMLJM@coder?4internal?4isBuiltInNumeric?$AA@ 000000018003dbb8     _coder_segmentation_info.obj
 0002:00002bd8       ??_C@_0DI@NOGOOKFE@?$FLILXE?$FN$matlabroot$?1toolbox?1eml?1l@ 000000018003dbd8     _coder_segmentation_info.obj
 0002:00002c10       ??_C@_05LGCGPNNP@isnan?$AA@ 000000018003dc10     _coder_segmentation_info.obj
 0002:00002c18       ??_C@_03ONJNNIPF@lhs?$AA@  000000018003dc18     _coder_segmentation_info.obj
 0002:00002c1c       ??_C@_03FNFLPIFJ@rhs?$AA@  000000018003dc1c     _coder_segmentation_info.obj
 0002:00002c20       ??_C@_0M@FMAJFPGC@mFileTimeHi?$AA@ 000000018003dc20     _coder_segmentation_info.obj
 0002:00002c30       ??_C@_0M@NFKFADI@mFileTimeLo?$AA@ 000000018003dc30     _coder_segmentation_info.obj
 0002:00002c40       ??_C@_0L@HMDKMKNA@fileTimeHi?$AA@ 000000018003dc40     _coder_segmentation_info.obj
 0002:00002c50       ??_C@_0L@CNGJMFIK@fileTimeLo?$AA@ 000000018003dc50     _coder_segmentation_info.obj
 0002:00002c60       ??_C@_08CGJBBLIA@resolved?$AA@ 000000018003dc60     _coder_segmentation_info.obj
 0002:00002c70       ??_C@_0EA@GLIAMHNI@?$FLILXE?$FN$matlabroot$?1toolbox?1eml?1l@ 000000018003dc70     _coder_segmentation_info.obj
 0002:00002cb0       ??_C@_0N@IGLAPNJK@dominantType?$AA@ 000000018003dcb0     _coder_segmentation_info.obj
 0002:00002cc0       ??_C@_04MEMAJGDJ@name?$AA@ 000000018003dcc0     _coder_segmentation_info.obj
 0002:00002cc8       ??_C@_0BA@LGKKDMEL@eml_index_class?$AA@ 000000018003dcc8     _coder_segmentation_info.obj
 0002:00002cd8       ??_C@_07JKKCBBMM@context?$AA@ 000000018003dcd8     _coder_segmentation_info.obj
 0002:00002ce0       ??_C@_0FA@NLJKFOCK@?$FLILXE?$FN$matlabroot$?1toolbox?1eml?1l@ 000000018003dce0     _coder_segmentation_info.obj
 0002:00002d30       ??_C@_0DG@KPMKIFH@?$FLILXE?$FN$matlabroot$?1toolbox?1eml?1l@ 000000018003dd30     _coder_segmentation_info.obj
 0002:00002d68       ??_C@_03ICKAGFLH@eps?$AA@  000000018003dd68     _coder_segmentation_info.obj
 0002:00002d70       ??_C@_0DN@PMMHPPNL@?$FLILXE?$FN$matlabroot$?1toolbox?1eml?1l@ 000000018003dd70     _coder_segmentation_info.obj
 0002:00002db0       ??_C@_0N@DLHLLFPN@eml_isa_uint?$AA@ 000000018003ddb0     _coder_segmentation_info.obj
 0002:00002dc0       ??_C@_0EP@JFACCOGF@?$FLILXE?$FN$matlabroot$?1toolbox?1eml?1l@ 000000018003ddc0     _coder_segmentation_info.obj
 0002:00002e10       ??_C@_0EN@BGNFJMEM@?$FLILXE?$FN$matlabroot$?1toolbox?1eml?1l@ 000000018003de10     _coder_segmentation_info.obj
 0002:00002e60       ??_C@_0DP@DBKEJCFD@?$FLILXE?$FN$matlabroot$?1toolbox?1eml?1l@ 000000018003de60     _coder_segmentation_info.obj
 0002:00002ea0       ??_C@_0FH@FFMAOMLE@?$FLILXE?$FN$matlabroot$?1toolbox?1eml?1l@ 000000018003dea0     _coder_segmentation_info.obj
 0002:00002f00       ??_C@_0EP@JENFPCEE@?$FLILXE?$FN$matlabroot$?1toolbox?1eml?1l@ 000000018003df00     _coder_segmentation_info.obj
 0002:00002f50       ??_C@_0EO@DBKPJDKI@?$FLILXE?$FN$matlabroot$?1toolbox?1eml?1l@ 000000018003df50     _coder_segmentation_info.obj
 0002:00002fa0       ??_C@_0EM@DFJIHNLP@?$FLILXE?$FN$matlabroot$?1toolbox?1eml?1l@ 000000018003dfa0     _coder_segmentation_info.obj
 0002:00002ff0       ??_C@_0DO@EGNHMIMO@?$FLILXE?$FN$matlabroot$?1toolbox?1eml?1l@ 000000018003dff0     _coder_segmentation_info.obj
 0002:00003030       ??_C@_0DP@LHGLJOOM@?$FLILXE?$FN$matlabroot$?1toolbox?1eml?1l@ 000000018003e030     _coder_segmentation_info.obj
 0002:00003070       ??_C@_0EP@DGBFEIEF@?$FLILXE?$FN$matlabroot$?1toolbox?1eml?1l@ 000000018003e070     _coder_segmentation_info.obj
 0002:000030c0       ??_C@_0EN@LFMCPKGM@?$FLILXE?$FN$matlabroot$?1toolbox?1eml?1l@ 000000018003e0c0     _coder_segmentation_info.obj
 0002:00003110       ??_C@_0DP@JCLDPEHD@?$FLILXE?$FN$matlabroot$?1toolbox?1eml?1l@ 000000018003e110     _coder_segmentation_info.obj
 0002:00003150       ??_C@_0DI@GANAMGFL@?$FLILXE?$FN$matlabroot$?1toolbox?1eml?1l@ 000000018003e150     _coder_segmentation_info.obj
 0002:00003190       ??_C@_0EA@BFEKENJA@?$FLILXE?$FN$matlabroot$?1toolbox?1eml?1l@ 000000018003e190     _coder_segmentation_info.obj
 0002:000031d0       ??_C@_0BA@PBHEJPIB@eml_float_model?$AA@ 000000018003e1d0     _coder_segmentation_info.obj
 0002:000031e0       ??_C@_0DM@IBJBHDMD@?$FLILXE?$FN$matlabroot$?1toolbox?1eml?1l@ 000000018003e1e0     _coder_segmentation_info.obj
 0002:00003220       ??_C@_0M@BEAOLJKK@eml_realmin?$AA@ 000000018003e220     _coder_segmentation_info.obj
 0002:00003230       ??_C@_0DK@LKBJFIMJ@?$FLILXE?$FN$matlabroot$?1toolbox?1eml?1l@ 000000018003e230     _coder_segmentation_info.obj
 0002:00003270       ??_C@_07EHHIAKNC@realmin?$AA@ 000000018003e270     _coder_segmentation_info.obj
 0002:00003280       ??_C@_0EB@JMHDJNBF@?$FLILXE?$FN$matlabroot$?1toolbox?1eml?1l@ 000000018003e280     _coder_segmentation_info.obj
 0002:000032c8       ??_C@_0P@DEOLODNE@eml_scalar_abs?$AA@ 000000018003e2c8     _coder_segmentation_info.obj
 0002:000032d8       ??_C@_0DG@GPPKOLMK@?$FLILXE?$FN$matlabroot$?1toolbox?1eml?1l@ 000000018003e2d8     _coder_segmentation_info.obj
 0002:00003310       ??_C@_0EP@BGLEPBOF@?$FLILXE?$FN$matlabroot$?1toolbox?1eml?1l@ 000000018003e310     _coder_segmentation_info.obj
 0002:00003360       ??_C@_0EN@JFGDEDMM@?$FLILXE?$FN$matlabroot$?1toolbox?1eml?1l@ 000000018003e360     _coder_segmentation_info.obj
 0002:000033b0       ??_C@_0DP@LCBCENND@?$FLILXE?$FN$matlabroot$?1toolbox?1eml?1l@ 000000018003e3b0     _coder_segmentation_info.obj
 0002:000033f0       ??_C@_0EO@OCDIBMGI@?$FLIXE?$FN$matlabroot$?1toolbox?1shared@ 000000018003e3f0     _coder_segmentation_info.obj
 0002:00003440       ??_C@_0BN@EIMLBOBO@coder?4internal?4indexIntRelop?$AA@ 000000018003e440     _coder_segmentation_info.obj
 0002:00003460       ??_C@_0DI@IHPGCDDP@?$FLILXE?$FN$matlabroot$?1toolbox?1eml?1l@ 000000018003e460     _coder_segmentation_info.obj
 0002:00003498       ??_C@_0DP@HKLBKEGP@?$FLILXE?$FN$matlabroot$?1toolbox?1eml?1l@ 000000018003e498     _coder_segmentation_info.obj
 0002:000034e0       ??_C@_0FJ@NLDFBDAC@?$FLILXE?$FN$matlabroot$?1toolbox?1eml?1l@ 000000018003e4e0     _coder_segmentation_info.obj
 0002:00003540       ??_C@_0DJ@PBLDDNNK@?$FLILXE?$FN$matlabroot$?1toolbox?1eml?1l@ 000000018003e540     _coder_segmentation_info.obj
 0002:0000357c       ??_C@_06CFKOHMKF@intmax?$AA@ 000000018003e57c     _coder_segmentation_info.obj
 0002:00003590       ??_C@_0EF@DPCDEFCH@?$FLILXE?$FN$matlabroot$?1toolbox?1eml?1l@ 000000018003e590     _coder_segmentation_info.obj
 0002:000035d8       ??_C@_0BF@NDLHKLNB@eml_is_integer_class?$AA@ 000000018003e5d8     _coder_segmentation_info.obj
 0002:000035f0       ??_C@_0FF@HJMFBFKK@?$FLILXE?$FN$matlabroot$?1toolbox?1eml?1l@ 000000018003e5f0     _coder_segmentation_info.obj
 0002:00003650       ??_C@_0FF@BHCOHPII@?$FLILXE?$FN$matlabroot$?1toolbox?1eml?1l@ 000000018003e650     _coder_segmentation_info.obj
 0002:000036b0       ??_C@_0EK@OCGHDCDA@?$FLILXE?$FN$matlabroot$?1toolbox?1eml?1l@ 000000018003e6b0     _coder_segmentation_info.obj
 0002:00003700       ??_C@_0EK@JNKAINMC@?$FLILXE?$FN$matlabroot$?1toolbox?1eml?1l@ 000000018003e700     _coder_segmentation_info.obj
 0002:00003750       ??_C@_0DK@LNPLPIAF@?$FLILXE?$FN$matlabroot$?1toolbox?1eml?1l@ 000000018003e750     _coder_segmentation_info.obj
 0002:00003790       ??_C@_0EP@LEJNOAOP@?$FLILXE?$FN$matlabroot$?1toolbox?1eml?1l@ 000000018003e790     _coder_segmentation_info.obj
 0002:000037e0       ??_C@_0EN@DHEKFCMG@?$FLILXE?$FN$matlabroot$?1toolbox?1eml?1l@ 000000018003e7e0     _coder_segmentation_info.obj
 0002:00003830       ??_C@_0DP@BADLFMNJ@?$FLILXE?$FN$matlabroot$?1toolbox?1eml?1l@ 000000018003e830     _coder_segmentation_info.obj
 0002:00003870       ??_C@_0EO@OECAHCCO@?$FLILXE?$FN$matlabroot$?1toolbox?1eml?1l@ 000000018003e870     _coder_segmentation_info.obj
 0002:000038c0       ??_C@_0EM@OABHJMDJ@?$FLILXE?$FN$matlabroot$?1toolbox?1eml?1l@ 000000018003e8c0     _coder_segmentation_info.obj
 0002:00003910       ??_C@_0DO@JDFICJEI@?$FLILXE?$FN$matlabroot$?1toolbox?1eml?1l@ 000000018003e910     _coder_segmentation_info.obj
 0002:00003950       ??_C@_0FN@JMEPLDJD@?$FLILXE?$FN$matlabroot$?1toolbox?1eml?1l@ 000000018003e950     _coder_segmentation_info.obj
 0002:000039b0       ??_C@_0DJ@LGGCAFOA@?$FLILXE?$FN$matlabroot$?1toolbox?1eml?1l@ 000000018003e9b0     _coder_segmentation_info.obj
 0002:000039f0       ??_C@_0EP@JIKBBMHJ@?$FLILXE?$FN$matlabroot$?1toolbox?1eml?1l@ 000000018003e9f0     _coder_segmentation_info.obj
 0002:00003a40       ??_C@_0EN@BLHGKOFA@?$FLILXE?$FN$matlabroot$?1toolbox?1eml?1l@ 000000018003ea40     _coder_segmentation_info.obj
 0002:00003a90       ??_C@_0DP@DMAHKAEP@?$FLILXE?$FN$matlabroot$?1toolbox?1eml?1l@ 000000018003ea90     _coder_segmentation_info.obj
 0002:00003ad0       ??_C@_0EC@CDBNIKKB@?$FLILXE?$FN$matlabroot$?1toolbox?1eml?1l@ 000000018003ead0     _coder_segmentation_info.obj
 0002:00003b18       ??_C@_0BA@JDJHBHHI@eml_scalar_sqrt?$AA@ 000000018003eb18     _coder_segmentation_info.obj
 0002:00003b28       ??_C@_0DH@DFICMMJC@?$FLILXE?$FN$matlabroot$?1toolbox?1eml?1l@ 000000018003eb28     _coder_segmentation_info.obj
 0002:00003b60       ??_C@_0EM@LIFKDPLC@?$FLILXE?$FN$matlabroot$?1toolbox?1eml?1l@ 000000018003eb60     _coder_segmentation_info.obj
 0002:00003bb0       ??_C@_0FL@GPBDMKGF@?$FLILXE?$FN$matlabroot$?1toolbox?1eml?1l@ 000000018003ebb0     _coder_segmentation_info.obj
 0002:00003c10       ??_C@_0GG@OHNAOPF@?$FLIXE?$FN$matlabroot$?1toolbox?1shared@ 000000018003ec10     _coder_segmentation_info.obj
 0002:00003c80       ??_C@_0HB@PKGEOBOK@?$FLIXE?$FN$matlabroot$?1toolbox?1shared@ 000000018003ec80     _coder_segmentation_info.obj
 0002:00003d00       ??_C@_0FB@BNILGHPG@?$FLILXE?$FN$matlabroot$?1toolbox?1eml?1l@ 000000018003ed00     _coder_segmentation_info.obj
 0002:00003d60       ??_C@_0EE@IHNMKGA@?$FLILXE?$FN$matlabroot$?1toolbox?1eml?1l@ 000000018003ed60     _coder_segmentation_info.obj
 0002:00003db0       ??_C@_0EK@DAIIEKFK@?$FLILXE?$FN$matlabroot$?1toolbox?1eml?1l@ 000000018003edb0     _coder_segmentation_info.obj
 0002:00003e00       ??_C@_0DM@CMPJFBOP@?$FLILXE?$FN$matlabroot$?1toolbox?1eml?1l@ 000000018003ee00     _coder_segmentation_info.obj
 0002:00003e40       ??_C@_0EC@FOBJIPAB@?$FLILXE?$FN$matlabroot$?1toolbox?1eml?1l@ 000000018003ee40     _coder_segmentation_info.obj
 0002:00003e88       ??_C@_0BA@LOGEJEPK@eml_scalar_ceil?$AA@ 000000018003ee88     _coder_segmentation_info.obj
 0002:00003e98       ??_C@_0DH@EIIGMJDC@?$FLILXE?$FN$matlabroot$?1toolbox?1eml?1l@ 000000018003ee98     _coder_segmentation_info.obj
 0002:00003ed0       ??_C@_0EH@ELBOGDPJ@?$FLILXE?$FN$matlabroot$?1toolbox?1eml?1l@ 000000018003eed0     _coder_segmentation_info.obj
 0002:00003f18       ??_C@_0BH@LFDIDDBI@eml_scalexp_compatible?$AA@ 000000018003ef18     _coder_segmentation_info.obj
 0002:00003f30       ??_C@_0EF@MHCOAOPO@?$FLILXE?$FN$matlabroot$?1toolbox?1eml?1l@ 000000018003ef30     _coder_segmentation_info.obj
 0002:00003f78       ??_C@_0DI@PBKCBADP@?$FLILXE?$FN$matlabroot$?1toolbox?1eml?1l@ 000000018003ef78     _coder_segmentation_info.obj
 0002:00003fb0       ??_C@_07HBNJHBAD@eml_eps?$AA@ 000000018003efb0     _coder_segmentation_info.obj
 0002:00003fc0       ??_C@_0ED@NGEOFMII@?$FLILXE?$FN$matlabroot$?1toolbox?1eml?1l@ 000000018003efc0     _coder_segmentation_info.obj
 0002:00004008       ??_C@_0BD@EACIBKCB@eml_is_float_class?$AA@ 000000018003f008     _coder_segmentation_info.obj
 0002:00004020       ??_C@_0ED@DLMKEIEI@?$FLILXE?$FN$matlabroot$?1toolbox?1eml?1l@ 000000018003f020     _coder_segmentation_info.obj
 0002:00004068       ??_C@_0BB@MHDGCEOD@eml_scalar_round?$AA@ 000000018003f068     _coder_segmentation_info.obj
 0002:00004080       ??_C@_0ED@BIIMGNAK@?$FLILXE?$FN$matlabroot$?1toolbox?1eml?1l@ 000000018003f080     _coder_segmentation_info.obj
 0002:000040c8       ??_C@_0BB@DKCPHGKF@eml_scalar_floor?$AA@ 000000018003f0c8     _coder_segmentation_info.obj
 0002:000040e0       ??_C@_0DP@MAHEJPGM@?$FLILXE?$FN$matlabroot$?1toolbox?1eml?1l@ 000000018003f0e0     _coder_segmentation_info.obj
 0002:00004120       ??_C@_0DG@CNGGIACG@?$FLILXE?$FN$matlabroot$?1toolbox?1eml?1l@ 000000018003f120     _coder_segmentation_info.obj
 0002:00004160       ??_C@_0EL@PHDBKCJB@?$FLILXE?$FN$matlabroot$?1toolbox?1eml?1l@ 000000018003f160     _coder_segmentation_info.obj
 0002:000041b0       ??_C@_0BL@CDOFOJKC@eml_const_nonsingleton_dim?$AA@ 000000018003f1b0     _coder_segmentation_info.obj
 0002:000041d0       ??_C@_0EB@NCIHPOOF@?$FLILXE?$FN$matlabroot$?1toolbox?1eml?1l@ 000000018003f1d0     _coder_segmentation_info.obj
 0002:00004218       ??_C@_0DK@ENDCOJGF@?$FLILXE?$FN$matlabroot$?1toolbox?1eml?1l@ 000000018003f218     _coder_segmentation_info.obj
 0002:00004260       ??_C@_0EA@MGDACNOI@?$FLILXE?$FN$matlabroot$?1toolbox?1eml?1l@ 000000018003f260     _coder_segmentation_info.obj
 0002:000042a0       ??_C@_0DH@COGCLMCI@?$FLILXE?$FN$matlabroot$?1toolbox?1eml?1l@ 000000018003f2a0     _coder_segmentation_info.obj
 0002:000042d8       ??_C@_07EIHKFOOB@logical?$AA@ 000000018003f2d8     _coder_segmentation_info.obj
 0002:000042e0       ??_C@_0DE@GHGNCKIB@?$FLE?$FNF?3?1Git?1correspondence?1matlab_@ 000000018003f2e0     _coder_segmentation_info.obj
 0002:00004318       ??_C@_0BD@OBCMJNNI@8?42?40?4701?5?$CIR2013b?$CJ?$AA@ 000000018003f318     _coder_segmentation_info.obj
 0002:00004330       ??_C@_0P@FDPDNMBC@ConstantInputs?$AA@ 000000018003f330     _coder_segmentation_info.obj
 0002:00004340       ??_C@_0BA@HBLCOFA@NumberOfOutputs?$AA@ 000000018003f340     _coder_segmentation_info.obj
 0002:00004350       ??_C@_0P@DJPKAEOC@NumberOfInputs?$AA@ 000000018003f350     _coder_segmentation_info.obj
 0002:00004360       ??_C@_04FABLJDN@Name?$AA@  000000018003f360     _coder_segmentation_info.obj
 0002:00004368       ??_C@_0N@HPEKDNOD@CoverageInfo?$AA@ 000000018003f368     _coder_segmentation_info.obj
 0002:00004378       ??_C@_0M@HOOGCLMJ@EntryPoints?$AA@ 000000018003f378     _coder_segmentation_info.obj
 0002:00004388       ??_C@_0BC@PFKIGKIM@ResolvedFunctions?$AA@ 000000018003f388     _coder_segmentation_info.obj
 0002:000043a0       ??_C@_07NGFJPNPN@Version?$AA@ 000000018003f3a0     _coder_segmentation_info.obj
 0002:000043a8       _pRawDllMain               000000018003f3a8     MSVCRT:crtdll.obj
 0002:000043a8       _pDefaultRawDllMain        000000018003f3a8     MSVCRT:crtdll.obj
 0002:000043c0       __rtc_iaa                  000000018003f3c0     MSVCRT:_initsect_.obj
 0002:000043c8       __rtc_izz                  000000018003f3c8     MSVCRT:_initsect_.obj
 0002:000043d0       __rtc_taa                  000000018003f3d0     MSVCRT:_initsect_.obj
 0002:000043d8       __rtc_tzz                  000000018003f3d8     MSVCRT:_initsect_.obj
 0002:00004d90       __IMPORT_DESCRIPTOR_libmx  000000018003fd90     libmx:libmx.dll
 0002:00004da4       __IMPORT_DESCRIPTOR_libmex 000000018003fda4     libmex:libmex.dll
 0002:00004db8       __IMPORT_DESCRIPTOR_libemlrt 000000018003fdb8     libemlrt:libemlrt.dll
 0002:00004dcc       __IMPORT_DESCRIPTOR_libmwblas 000000018003fdcc     libmwblas:libmwblas.dll
 0002:00004de0       __IMPORT_DESCRIPTOR_libmwmathutil 000000018003fde0     libmwmathutil:libmwmathutil.dll
 0002:00004df4       __IMPORT_DESCRIPTOR_MSVCR100 000000018003fdf4     MSVCRT:MSVCR100.dll
 0002:00004e08       __IMPORT_DESCRIPTOR_KERNEL32 000000018003fe08     kernel32:KERNEL32.dll
 0002:00004e1c       __NULL_IMPORT_DESCRIPTOR   000000018003fe1c     libmx:libmx.dll
 0003:00000000       v_emlrtRSI                 0000000180041000     segmentation_data.obj
 0003:00000018       w_emlrtRSI                 0000000180041018     segmentation_data.obj
 0003:00000030       ab_emlrtRSI                0000000180041030     segmentation_data.obj
 0003:00000048       bb_emlrtRSI                0000000180041048     segmentation_data.obj
 0003:00000060       cb_emlrtRSI                0000000180041060     segmentation_data.obj
 0003:00000078       fb_emlrtRSI                0000000180041078     segmentation_data.obj
 0003:00000090       gb_emlrtRSI                0000000180041090     segmentation_data.obj
 0003:000000a8       hb_emlrtRSI                00000001800410a8     segmentation_data.obj
 0003:000000c0       ib_emlrtRSI                00000001800410c0     segmentation_data.obj
 0003:000000d8       jb_emlrtRSI                00000001800410d8     segmentation_data.obj
 0003:000000f0       kb_emlrtRSI                00000001800410f0     segmentation_data.obj
 0003:00000108       lb_emlrtRSI                0000000180041108     segmentation_data.obj
 0003:00000120       mb_emlrtRSI                0000000180041120     segmentation_data.obj
 0003:00000138       wb_emlrtRSI                0000000180041138     segmentation_data.obj
 0003:00000150       yb_emlrtRSI                0000000180041150     segmentation_data.obj
 0003:00000168       ac_emlrtRSI                0000000180041168     segmentation_data.obj
 0003:00000180       kd_emlrtRSI                0000000180041180     segmentation_data.obj
 0003:00000198       od_emlrtRSI                0000000180041198     segmentation_data.obj
 0003:000001b0       qd_emlrtRSI                00000001800411b0     segmentation_data.obj
 0003:000001c8       rd_emlrtRSI                00000001800411c8     segmentation_data.obj
 0003:000001e0       sd_emlrtRSI                00000001800411e0     segmentation_data.obj
 0003:000001f8       td_emlrtRSI                00000001800411f8     segmentation_data.obj
 0003:00000210       ud_emlrtRSI                0000000180041210     segmentation_data.obj
 0003:00000228       vd_emlrtRSI                0000000180041228     segmentation_data.obj
 0003:00000240       wd_emlrtRSI                0000000180041240     segmentation_data.obj
 0003:00000258       xd_emlrtRSI                0000000180041258     segmentation_data.obj
 0003:00000270       yd_emlrtRSI                0000000180041270     segmentation_data.obj
 0003:00000288       he_emlrtRSI                0000000180041288     segmentation_data.obj
 0003:000002a0       we_emlrtRSI                00000001800412a0     segmentation_data.obj
 0003:000002b8       pi_emlrtRSI                00000001800412b8     segmentation_data.obj
 0003:000002d0       qi_emlrtRSI                00000001800412d0     segmentation_data.obj
 0003:000002e8       hl_emlrtRSI                00000001800412e8     segmentation_data.obj
 0003:00000300       il_emlrtRSI                0000000180041300     segmentation_data.obj
 0003:00000318       jl_emlrtRSI                0000000180041318     segmentation_data.obj
 0003:00000330       kl_emlrtRSI                0000000180041330     segmentation_data.obj
 0003:00000348       ll_emlrtRSI                0000000180041348     segmentation_data.obj
 0003:00000360       ml_emlrtRSI                0000000180041360     segmentation_data.obj
 0003:00000378       nl_emlrtRSI                0000000180041378     segmentation_data.obj
 0003:00000390       ol_emlrtRSI                0000000180041390     segmentation_data.obj
 0003:000003a8       pl_emlrtRSI                00000001800413a8     segmentation_data.obj
 0003:000003c0       ql_emlrtRSI                00000001800413c0     segmentation_data.obj
 0003:000003d8       rl_emlrtRSI                00000001800413d8     segmentation_data.obj
 0003:000003f0       sl_emlrtRSI                00000001800413f0     segmentation_data.obj
 0003:00000408       tl_emlrtRSI                0000000180041408     segmentation_data.obj
 0003:00000420       ul_emlrtRSI                0000000180041420     segmentation_data.obj
 0003:00000438       vl_emlrtRSI                0000000180041438     segmentation_data.obj
 0003:00000450       wl_emlrtRSI                0000000180041450     segmentation_data.obj
 0003:00000468       xl_emlrtRSI                0000000180041468     segmentation_data.obj
 0003:00000480       yl_emlrtRSI                0000000180041480     segmentation_data.obj
 0003:00000498       am_emlrtRSI                0000000180041498     segmentation_data.obj
 0003:000004b0       bm_emlrtRSI                00000001800414b0     segmentation_data.obj
 0003:000004c8       cm_emlrtRSI                00000001800414c8     segmentation_data.obj
 0003:000004e0       dm_emlrtRSI                00000001800414e0     segmentation_data.obj
 0003:000004f8       em_emlrtRSI                00000001800414f8     segmentation_data.obj
 0003:00000510       fm_emlrtRSI                0000000180041510     segmentation_data.obj
 0003:00000528       gm_emlrtRSI                0000000180041528     segmentation_data.obj
 0003:00000540       hm_emlrtRSI                0000000180041540     segmentation_data.obj
 0003:00000558       im_emlrtRSI                0000000180041558     segmentation_data.obj
 0003:00000570       jm_emlrtRSI                0000000180041570     segmentation_data.obj
 0003:00000588       km_emlrtRSI                0000000180041588     segmentation_data.obj
 0003:000005a0       lm_emlrtRSI                00000001800415a0     segmentation_data.obj
 0003:000005b8       mm_emlrtRSI                00000001800415b8     segmentation_data.obj
 0003:000005d0       nm_emlrtRSI                00000001800415d0     segmentation_data.obj
 0003:000005e8       om_emlrtRSI                00000001800415e8     segmentation_data.obj
 0003:00000600       pm_emlrtRSI                0000000180041600     segmentation_data.obj
 0003:00000618       qm_emlrtRSI                0000000180041618     segmentation_data.obj
 0003:00000630       rm_emlrtRSI                0000000180041630     segmentation_data.obj
 0003:00000648       sm_emlrtRSI                0000000180041648     segmentation_data.obj
 0003:00000660       tm_emlrtRSI                0000000180041660     segmentation_data.obj
 0003:00000678       um_emlrtRSI                0000000180041678     segmentation_data.obj
 0003:00000690       vm_emlrtRSI                0000000180041690     segmentation_data.obj
 0003:000006a8       wm_emlrtRSI                00000001800416a8     segmentation_data.obj
 0003:000006c0       xm_emlrtRSI                00000001800416c0     segmentation_data.obj
 0003:000006d8       ym_emlrtRSI                00000001800416d8     segmentation_data.obj
 0003:000006f0       an_emlrtRSI                00000001800416f0     segmentation_data.obj
 0003:00000708       bn_emlrtRSI                0000000180041708     segmentation_data.obj
 0003:00000720       cn_emlrtRSI                0000000180041720     segmentation_data.obj
 0003:00000738       dn_emlrtRSI                0000000180041738     segmentation_data.obj
 0003:00000750       en_emlrtRSI                0000000180041750     segmentation_data.obj
 0003:00000768       fn_emlrtRSI                0000000180041768     segmentation_data.obj
 0003:00000780       gn_emlrtRSI                0000000180041780     segmentation_data.obj
 0003:00000798       hn_emlrtRSI                0000000180041798     segmentation_data.obj
 0003:000007b0       jn_emlrtRSI                00000001800417b0     segmentation_data.obj
 0003:000007c8       kn_emlrtRSI                00000001800417c8     segmentation_data.obj
 0003:000007e0       ln_emlrtRSI                00000001800417e0     segmentation_data.obj
 0003:000007f8       mn_emlrtRSI                00000001800417f8     segmentation_data.obj
 0003:00000810       nn_emlrtRSI                0000000180041810     segmentation_data.obj
 0003:00000828       on_emlrtRSI                0000000180041828     segmentation_data.obj
 0003:00000840       pn_emlrtRSI                0000000180041840     segmentation_data.obj
 0003:00000858       qn_emlrtRSI                0000000180041858     segmentation_data.obj
 0003:00000870       rn_emlrtRSI                0000000180041870     segmentation_data.obj
 0003:00000888       sn_emlrtRSI                0000000180041888     segmentation_data.obj
 0003:000008a0       tn_emlrtRSI                00000001800418a0     segmentation_data.obj
 0003:000008b8       un_emlrtRSI                00000001800418b8     segmentation_data.obj
 0003:000008d0       vn_emlrtRSI                00000001800418d0     segmentation_data.obj
 0003:000008e8       wn_emlrtRSI                00000001800418e8     segmentation_data.obj
 0003:00000900       xn_emlrtRSI                0000000180041900     segmentation_data.obj
 0003:00000918       yn_emlrtRSI                0000000180041918     segmentation_data.obj
 0003:00000930       ao_emlrtRSI                0000000180041930     segmentation_data.obj
 0003:00000948       bo_emlrtRSI                0000000180041948     segmentation_data.obj
 0003:00000960       co_emlrtRSI                0000000180041960     segmentation_data.obj
 0003:00000978       do_emlrtRSI                0000000180041978     segmentation_data.obj
 0003:00000990       eo_emlrtRSI                0000000180041990     segmentation_data.obj
 0003:000009a8       fo_emlrtRSI                00000001800419a8     segmentation_data.obj
 0003:000009c0       go_emlrtRSI                00000001800419c0     segmentation_data.obj
 0003:000009d8       ho_emlrtRSI                00000001800419d8     segmentation_data.obj
 0003:000009f0       io_emlrtRSI                00000001800419f0     segmentation_data.obj
 0003:00000a08       oo_emlrtRSI                0000000180041a08     segmentation_data.obj
 0003:00000a20       po_emlrtRSI                0000000180041a20     segmentation_data.obj
 0003:00000a38       qo_emlrtRSI                0000000180041a38     segmentation_data.obj
 0003:00000a50       ro_emlrtRSI                0000000180041a50     segmentation_data.obj
 0003:00000a68       so_emlrtRSI                0000000180041a68     segmentation_data.obj
 0003:00000a80       to_emlrtRSI                0000000180041a80     segmentation_data.obj
 0003:00000a98       uo_emlrtRSI                0000000180041a98     segmentation_data.obj
 0003:00000ab0       dp_emlrtRSI                0000000180041ab0     segmentation_data.obj
 0003:00000ac8       ep_emlrtRSI                0000000180041ac8     segmentation_data.obj
 0003:00000ae0       fp_emlrtRSI                0000000180041ae0     segmentation_data.obj
 0003:00000af8       gp_emlrtRSI                0000000180041af8     segmentation_data.obj
 0003:00000b10       hp_emlrtRSI                0000000180041b10     segmentation_data.obj
 0003:00000b28       ip_emlrtRSI                0000000180041b28     segmentation_data.obj
 0003:00000b40       jp_emlrtRSI                0000000180041b40     segmentation_data.obj
 0003:00000b58       emlrtMCI                   0000000180041b58     segmentation_data.obj
 0003:00000b70       k_emlrtRTEI                0000000180041b70     segmentation_data.obj
 0003:00000b88       bb_emlrtRTEI               0000000180041b88     segmentation_data.obj
 0003:00000ba0       cb_emlrtRTEI               0000000180041ba0     segmentation_data.obj
 0003:00000bb8       nb_emlrtRTEI               0000000180041bb8     segmentation_data.obj
 0003:00000bd0       ob_emlrtRTEI               0000000180041bd0     segmentation_data.obj
 0003:00000be8       pb_emlrtRTEI               0000000180041be8     segmentation_data.obj
 0003:00000c00       qb_emlrtRTEI               0000000180041c00     segmentation_data.obj
 0003:00003d40       emlrtContextGlobal         0000000180044d40     segmentation_mex.obj
 0003:00003d80       _fltused                   0000000180044d80     MSVCRT:dllsupp.obj
 0003:00003d88       __security_cookie          0000000180044d88     MSVCRT:gs_cookie.obj
 0003:00003d90       __security_cookie_complement 0000000180044d90     MSVCRT:gs_cookie.obj
 0003:00003da0       __native_dllmain_reason    0000000180044da0     MSVCRT:natstart.obj
 0003:00003da4       __native_vcclrit_reason    0000000180044da4     MSVCRT:natstart.obj
 0003:00003db0       emlrtRootTLSGlobal         0000000180044db0     segmentation_mex.obj
 0003:00004330       ?__type_info_root_node@@3U__type_info_node@@A 0000000180045330     MSVCRT:tncleanup.obj
 0003:00004340       emlrtBreakCheckR2012bFlagVar 0000000180045340     <common>
 0003:00004348       __native_startup_state     0000000180045348     <common>
 0003:00004350       __native_startup_lock      0000000180045350     <common>
 0003:00004358       __onexitend                0000000180045358     <common>
 0003:00004360       __onexitbegin              0000000180045360     <common>
 0003:00004368       __dyn_tls_init_callback    0000000180045368     <common>

 entry point at        0001:00039244

 Static symbols

 0001:00000180       b_eml_li_find              0000000180001180 f   segmentation.obj
 0001:00000370       b_eml_null_assignment      0000000180001370 f   segmentation.obj
 0001:00000700       eml_li_find                0000000180001700 f   segmentation.obj
 0001:000008d0       eml_null_assignment        00000001800018d0 f   segmentation.obj
 0001:00005cf0       b_eml_xgemm                0000000180006cf0 f   bspline_inv.obj
 0001:00005df0       eml_assert_valid_size_arg  0000000180006df0 f   bspline_inv.obj
 0001:000060d0       eml_xgemm                  00000001800070d0 f   bspline_inv.obj
 0001:0000e4f0       c_eml_xgemm                000000018000f4f0 f   pinv.obj
 0001:0000e5e0       eml_xswap                  000000018000f5e0 f   pinv.obj
 0001:0000e790       eml_xgesvd                 000000018000f790 f   pinv.obj
 0001:00011360       eml_pinv                   0000000180012360 f   pinv.obj
 0001:00011f80       d_emlrt_marshallOut        0000000180012f80 f   segmentation_api.obj
 0001:00012050       emlrt_marshallOut          0000000180013050 f   segmentation_api.obj
 0001:00012390       f_emlrt_marshallIn         0000000180013390 f   segmentation_api.obj
 0001:000124a0       c_emlrt_marshallOut        00000001800134a0 f   segmentation_api.obj
 0001:000128b0       emlrt_marshallIn           00000001800138b0 f   segmentation_api.obj
 0001:00012ea0       emxCopy_real_T             0000000180013ea0 f   segmentation_emxutil.obj
 0001:00013630       b_emxExpand_struct_T       0000000180014630 f   segmentation_emxutil.obj
 0001:00013780       b_emxTrim_struct_T         0000000180014780 f   segmentation_emxutil.obj
 0001:00013850       emxExpand_struct_T         0000000180014850 f   segmentation_emxutil.obj
 0001:00013920       emxTrim_struct_T           0000000180014920 f   segmentation_emxutil.obj
 0001:00013c20       segmentation_mexFunction   0000000180014c20 f   segmentation_mex.obj
 0001:00013df0       b_emlrt_marshallOut        0000000180014df0 f   _coder_segmentation_info.obj
 0001:00013e50       b_info_helper              0000000180014e50 f   _coder_segmentation_info.obj
 0001:0001cf60       c_info_helper              000000018001df60 f   _coder_segmentation_info.obj
 0001:00026570       d_info_helper              0000000180027570 f   _coder_segmentation_info.obj
 0001:0002f900       info_helper                0000000180030900 f   _coder_segmentation_info.obj
 0001:00038e4c       pre_c_init                 0000000180039e4c f   MSVCRT:crtdll.obj
 0001:00039108       __DllMainCRTStartup        000000018003a108 f   MSVCRT:crtdll.obj
 0001:00039710       __DllMainCRTStartup$filt$0 000000018003a710 f   MSVCRT:crtdll.obj
 0001:00039740       __DllMainCRTStartup$fin$1  000000018003a740 f   MSVCRT:crtdll.obj
 0001:0003975a       _onexit$fin$0              000000018003a75a f   MSVCRT:atonexit.obj
 0001:00039780       _IsNonwritableInCurrentImage$filt$0 000000018003a780 f   MSVCRT:pesect.obj
