 extension_mex

 Timestamp is 578753e7 (Thu Jul 14 16:57:11 2016)

 Preferred load address is 0000000180000000

 Start         Length     Name                   Class
 0001:00000000 0006fd22H .text                   CODE
 0001:0006fd30 00000092H .text$x                 CODE
 0002:00000000 000003a0H .idata$5                DATA
 0002:000003a0 00000008H .CRT$XCA                DATA
 0002:000003a8 00000008H .CRT$XCZ                DATA
 0002:000003b0 00000008H .CRT$XIA                DATA
 0002:000003b8 00000008H .CRT$XIAA               DATA
 0002:000003c0 00000008H .CRT$XIZ                DATA
 0002:000003d0 00005ec0H .rdata                  DATA
 0002:00006290 00000008H .rtc$IAA                DATA
 0002:00006298 00000008H .rtc$IZZ                DATA
 0002:000062a0 00000008H .rtc$TAA                DATA
 0002:000062a8 00000008H .rtc$TZZ                DATA
 0002:000062b0 00000ec8H .xdata                  DATA
 0002:00007178 0000008cH .idata$2                DATA
 0002:00007204 00000014H .idata$3                DATA
 0002:00007218 000003a0H .idata$4                DATA
 0002:000075b8 00000958H .idata$6                DATA
 0002:00007f10 000000dfH .edata                  DATA
 0003:00000000 00006428H .data                   DATA
 0003:00006430 000005c0H .bss                    DATA
 0004:00000000 00000a20H .pdata                  DATA

  Address         Publics by Value              Rva+Base               Lib:Object

 0000:00000000       ___safe_se_handler_count   0000000000000000     <absolute>
 0000:00000000       ___safe_se_handler_table   0000000000000000     <absolute>
 0000:00000000       __ImageBase                0000000180000000     <linker-defined>
 0001:00000000       b_message                  0000000180001000 f   extension_mexutil.obj
 0001:00000050       error                      0000000180001050 f   extension_mexutil.obj
 0001:00000090       extension_initialize       0000000180001090 f   extension_initialize.obj
 0001:00000100       extension_atexit           0000000180001100 f   extension_terminate.obj
 0001:00000160       extension_terminate        0000000180001160 f   extension_terminate.obj
 0001:00000960       extension                  0000000180001960 f   extension.obj
 0001:000075f0       b_floor                    00000001800085f0 f   floor.obj
 0001:00007610       c_floor                    0000000180008610 f   floor.obj
 0001:00007670       b_abs                      0000000180008670 f   abs.obj
 0001:00007680       c_abs                      0000000180008680 f   abs.obj
 0001:00007730       b_rdivide                  0000000180008730 f   rdivide.obj
 0001:00007850       c_rdivide                  0000000180008850 f   rdivide.obj
 0001:000078f0       rdivide                    00000001800088f0 f   rdivide.obj
 0001:00007900       eml_assert_valid_size_arg  0000000180008900 f   repmat.obj
 0001:00007be0       f_repmat                   0000000180008be0 f   repmat.obj
 0001:00007c30       g_repmat                   0000000180008c30 f   repmat.obj
 0001:00007cc0       repmat                     0000000180008cc0 f   repmat.obj
 0001:00007d70       b_repmat                   0000000180008d70 f   repmat.obj
 0001:00007f00       c_repmat                   0000000180008f00 f   repmat.obj
 0001:00008100       d_repmat                   0000000180009100 f   repmat.obj
 0001:00008360       e_repmat                   0000000180009360 f   repmat.obj
 0001:00008510       check_forloop_overflow_error 0000000180009510 f   eml_int_forloop_overflow_check.obj
 0001:000086d0       b_bspline                  00000001800096d0 f   bspline.obj
 0001:0000c090       bspline                    000000018000d090 f   bspline.obj
 0001:0000faa0       b_power                    0000000180010aa0 f   power.obj
 0001:0000fb90       c_power                    0000000180010b90 f   power.obj
 0001:0000fba0       d_power                    0000000180010ba0 f   power.obj
 0001:0000fbb0       e_power                    0000000180010bb0 f   power.obj
 0001:0000fc40       power                      0000000180010c40 f   power.obj
 0001:00010320       sortrows                   0000000180011320 f   sortrows.obj
 0001:00010a60       b_sortrows                 0000000180011a60 f   sortrows.obj
 0001:000113f0       b_do_rows                  00000001800123f0 f   eml_setop.obj
 0001:00011b70       do_rows                    0000000180012b70 f   eml_setop.obj
 0001:00012660       b_issorted                 0000000180013660 f   issorted.obj
 0001:00012750       eml_sort_le                0000000180013750 f   issorted.obj
 0001:00012840       issorted                   0000000180013840 f   issorted.obj
 0001:00012980       b_eml_error                0000000180013980 f   eml_error.obj
 0001:000129a0       c_eml_error                00000001800139a0 f   eml_error.obj
 0001:000129e0       d_eml_error                00000001800139e0 f   eml_error.obj
 0001:00012a00       e_eml_error                0000000180013a00 f   eml_error.obj
 0001:00012a20       eml_error                  0000000180013a20 f   eml_error.obj
 0001:00012a40       b_bspline_single           0000000180013a40 f   bspline_single.obj
 0001:00015180       bspline_single             0000000180016180 f   bspline_single.obj
 0001:00017a80       b_sum                      0000000180018a80 f   sum.obj
 0001:00017af0       c_sum                      0000000180018af0 f   sum.obj
 0001:00017b00       d_sum                      0000000180018b00 f   sum.obj
 0001:00017d40       sum                        0000000180018d40 f   sum.obj
 0001:00017d60       b_cos                      0000000180018d60 f   cos.obj
 0001:00017d80       b_sin                      0000000180018d80 f   sin.obj
 0001:00017da0       getPixelsValue             0000000180018da0 f   getPixelsValue.obj
 0001:0001a0d0       mean                       000000018001b0d0 f   mean.obj
 0001:0001a190       b_std                      000000018001b190 f   std.obj
 0001:0001a380       b_sqrt                     000000018001b380 f   sqrt.obj
 0001:0001a4d0       b_eml_xgemm                000000018001b4d0 f   bspline_inv.obj
 0001:0001a5c0       eml_xgemm                  000000018001b5c0 f   bspline_inv.obj
 0001:0001a6a0       bspline_inv                000000018001b6a0 f   bspline_inv.obj
 0001:000261d0       pinv                       00000001800271d0 f   pinv.obj
 0001:00027800       extension_api              0000000180028800 f   extension_api.obj
 0001:00027bd0       emxEnsureCapacity          0000000180028bd0 f   extension_emxutil.obj
 0001:00027cd0       emxFreeStruct_struct_T     0000000180028cd0 f   extension_emxutil.obj
 0001:00027cd0       emxFree_int32_T            0000000180028cd0 f   extension_emxutil.obj
 0001:00027cd0       emxFree_real_T             0000000180028cd0 f   extension_emxutil.obj
 0001:00027cd0       emxFree_boolean_T          0000000180028cd0 f   extension_emxutil.obj
 0001:00027d10       b_emxInit_real_T           0000000180028d10 f   extension_emxutil.obj
 0001:00027d10       c_emxInit_real_T           0000000180028d10 f   extension_emxutil.obj
 0001:00027d10       emxInit_real_T             0000000180028d10 f   extension_emxutil.obj
 0001:00027d10       emxInit_boolean_T          0000000180028d10 f   extension_emxutil.obj
 0001:00027d10       emxInit_int32_T            0000000180028d10 f   extension_emxutil.obj
 0001:00028040       b_emxCopyStruct_struct_T   0000000180029040 f   extension_emxutil.obj
 0001:00028090       b_emxFreeStruct_struct_T   0000000180029090 f   extension_emxutil.obj
 0001:00028110       b_emxFree_struct_T         0000000180029110 f   extension_emxutil.obj
 0001:00028240       b_emxInitStruct_struct_T   0000000180029240 f   extension_emxutil.obj
 0001:000282b0       b_emxInit_struct_T         00000001800292b0 f   extension_emxutil.obj
 0001:00028380       emxCopyStruct_struct_T     0000000180029380 f   extension_emxutil.obj
 0001:00028390       emxFree_struct_T           0000000180029390 f   extension_emxutil.obj
 0001:00028480       emxInitStruct_struct_T     0000000180029480 f   extension_emxutil.obj
 0001:000284a0       emxInit_struct_T           00000001800294a0 f   extension_emxutil.obj
 0001:000288f0       b_emxEnsureCapacity_struct_T 00000001800298f0 f   extension_emxutil.obj
 0001:00028a20       emxEnsureCapacity_struct_T 0000000180029a20 f   extension_emxutil.obj
 0001:00028cb0       extension_atexit_wrapper   0000000180029cb0 f   extension_mex.obj
 0001:00028ce0       mexFunction                0000000180029ce0 f   extension_mex.obj
 0001:0006ef80       emlrtMexFcnResolvedFunctionsInfo 000000018006ff80 f   _coder_extension_info.obj
 0001:0006f020       emlrtMexFcnProperties      0000000180070020 f   _coder_extension_info.obj
 0001:0006f190       mxCreateString             0000000180070190 f   libmx:libmx.dll
 0001:0006f196       mxCreateCharArray_700      0000000180070196 f   libmx:libmx.dll
 0001:0006f19c       mxGetData                  000000018007019c f   libmx:libmx.dll
 0001:0006f1a2       mxCreateNumericMatrix_700  00000001800701a2 f   libmx:libmx.dll
 0001:0006f1a8       mxGetNaN                   00000001800701a8 f   libmx:libmx.dll
 0001:0006f1ae       mxGetPr                    00000001800701ae f   libmx:libmx.dll
 0001:0006f1b4       mxCreateNumericArray_700   00000001800701b4 f   libmx:libmx.dll
 0001:0006f1ba       mxCreateStructArray_700    00000001800701ba f   libmx:libmx.dll
 0001:0006f1c0       mxSetDimensions_700        00000001800701c0 f   libmx:libmx.dll
 0001:0006f1c6       mxSetData                  00000001800701c6 f   libmx:libmx.dll
 0001:0006f1cc       mxCreateStructMatrix_700   00000001800701cc f   libmx:libmx.dll
 0001:0006f1d2       mxCreateDoubleScalar       00000001800701d2 f   libmx:libmx.dll
 0001:0006f1d8       mxSetFieldByNumber_700     00000001800701d8 f   libmx:libmx.dll
 0001:0006f1de       mxCreateLogicalMatrix_700  00000001800701de f   libmx:libmx.dll
 0001:0006f1e4       mexAtExit                  00000001800701e4 f   libmex:libmex.dll
 0001:0006f1ea       emlrtCallMATLABR2012b      00000001800701ea f   libemlrt:libemlrt.dll
 0001:0006f1f0       emlrtFirstTimeR2012b       00000001800701f0 f   libemlrt:libemlrt.dll
 0001:0006f1f6       emlrtEnterRtStackR2012b    00000001800701f6 f   libemlrt:libemlrt.dll
 0001:0006f1fc       emlrtClearAllocCountR2012b 00000001800701fc f   libemlrt:libemlrt.dll
 0001:0006f202       emlrtCreateRootTLS         0000000180070202 f   libemlrt:libemlrt.dll
 0001:0006f208       emlrtGetBreakCheckFlagAddressR2012b 0000000180070208 f   libemlrt:libemlrt.dll
 0001:0006f20e       emlrtDestroyRootTLS        000000018007020e f   libemlrt:libemlrt.dll
 0001:0006f214       emlrtLeaveRtStackR2012b    0000000180070214 f   libemlrt:libemlrt.dll
 0001:0006f21a       emlrtHeapReferenceStackLeaveFcnR2012b 000000018007021a f   libemlrt:libemlrt.dll
 0001:0006f220       emlrtAssign                0000000180070220 f   libemlrt:libemlrt.dll
 0001:0006f226       emlrtInitCharArrayR2013a   0000000180070226 f   libemlrt:libemlrt.dll
 0001:0006f22c       emlrtHeapReferenceStackEnterFcnR2012b 000000018007022c f   libemlrt:libemlrt.dll
 0001:0006f232       emlrtMatrixMatrixIndexCheckR2012b 0000000180070232 f   libemlrt:libemlrt.dll
 0001:0006f238       emlrtSizeEqCheck1DR2012b   0000000180070238 f   libemlrt:libemlrt.dll
 0001:0006f23e       emlrtSizeEqCheckNDR2012b   000000018007023e f   libemlrt:libemlrt.dll
 0001:0006f244       emlrtDimSizeEqCheckR2012b  0000000180070244 f   libemlrt:libemlrt.dll
 0001:0006f24a       emlrtBreakCheckR2012b      000000018007024a f   libemlrt:libemlrt.dll
 0001:0006f250       emlrtIntegerCheckR2012b    0000000180070250 f   libemlrt:libemlrt.dll
 0001:0006f256       emlrtDynamicBoundsCheckR2012b 0000000180070256 f   libemlrt:libemlrt.dll
 0001:0006f25c       emlrtErrorWithMessageIdR2012b 000000018007025c f   libemlrt:libemlrt.dll
 0001:0006f262       emlrtSubAssignSizeCheckR2012b 0000000180070262 f   libemlrt:libemlrt.dll
 0001:0006f268       emlrtNonNegativeCheckR2012b 0000000180070268 f   libemlrt:libemlrt.dll
 0001:0006f26e       emlrtAddField              000000018007026e f   libemlrt:libemlrt.dll
 0001:0006f274       emlrtDestroyArray          0000000180070274 f   libemlrt:libemlrt.dll
 0001:0006f27a       emlrtImportArrayR2011b     000000018007027a f   libemlrt:libemlrt.dll
 0001:0006f280       emlrtCheckVsBuiltInR2012b  0000000180070280 f   libemlrt:libemlrt.dll
 0001:0006f286       emlrtAlias                 0000000180070286 f   libemlrt:libemlrt.dll
 0001:0006f28c       emlrtGetFieldR2013a        000000018007028c f   libemlrt:libemlrt.dll
 0001:0006f292       emlrtCheckVsStructR2012b   0000000180070292 f   libemlrt:libemlrt.dll
 0001:0006f298       emlrtAliasP                0000000180070298 f   libemlrt:libemlrt.dll
 0001:0006f29e       emlrtFreeMex               000000018007029e f   libemlrt:libemlrt.dll
 0001:0006f2a4       emlrtHeapAllocationErrorR2012b 00000001800702a4 f   libemlrt:libemlrt.dll
 0001:0006f2aa       emlrtCallocMex             00000001800702aa f   libemlrt:libemlrt.dll
 0001:0006f2b0       emlrtSizeMulR2012b         00000001800702b0 f   libemlrt:libemlrt.dll
 0001:0006f2b6       emlrtPushHeapReferenceStackR2012b 00000001800702b6 f   libemlrt:libemlrt.dll
 0001:0006f2bc       emlrtMallocMex             00000001800702bc f   libemlrt:libemlrt.dll
 0001:0006f2c2       emlrtReturnArrayR2009a     00000001800702c2 f   libemlrt:libemlrt.dll
 0001:0006f2c8       emlrtErrMsgIdAndTxt        00000001800702c8 f   libemlrt:libemlrt.dll
 0001:0006f2ce       emlrtCreateCellArray       00000001800702ce f   libemlrt:libemlrt.dll
 0001:0006f2d4       emlrtNameCapturePostProcessR2013b 00000001800702d4 f   libemlrt:libemlrt.dll
 0001:0006f2da       ddot                       00000001800702da f   libmwblas:libmwblas.dll
 0001:0006f2e0       dgemm                      00000001800702e0 f   libmwblas:libmwblas.dll
 0001:0006f2e6       daxpy                      00000001800702e6 f   libmwblas:libmwblas.dll
 0001:0006f2ec       dnrm2                      00000001800702ec f   libmwblas:libmwblas.dll
 0001:0006f2f2       dscal                      00000001800702f2 f   libmwblas:libmwblas.dll
 0001:0006f2f8       drot                       00000001800702f8 f   libmwblas:libmwblas.dll
 0001:0006f2fe       drotg                      00000001800702fe f   libmwblas:libmwblas.dll
 0001:0006f304       muDoubleScalarIsNaN        0000000180070304 f   libmwmathutil:libmwmathutil.dll
 0001:0006f30a       muDoubleScalarFloor        000000018007030a f   libmwmathutil:libmwmathutil.dll
 0001:0006f310       muDoubleScalarAbs          0000000180070310 f   libmwmathutil:libmwmathutil.dll
 0001:0006f316       muDoubleScalarIsInf        0000000180070316 f   libmwmathutil:libmwmathutil.dll
 0001:0006f31c       muDoubleScalarPower        000000018007031c f   libmwmathutil:libmwmathutil.dll
 0001:0006f322       muDoubleScalarCos          0000000180070322 f   libmwmathutil:libmwmathutil.dll
 0001:0006f328       muDoubleScalarSin          0000000180070328 f   libmwmathutil:libmwmathutil.dll
 0001:0006f32e       muDoubleScalarCeil         000000018007032e f   libmwmathutil:libmwmathutil.dll
 0001:0006f334       muDoubleScalarSqrt         0000000180070334 f   libmwmathutil:libmwmathutil.dll
 0001:0006f33a       muDoubleScalarMax          000000018007033a f   libmwmathutil:libmwmathutil.dll
 0001:0006f340       muIntScalarMax_sint32      0000000180070340 f   libmwmathutil:libmwmathutil.dll
 0001:0006f346       muIntScalarMin_sint32      0000000180070346 f   libmwmathutil:libmwmathutil.dll
 0001:0006f34c       __GSHandlerCheckCommon     000000018007034c f   MSVCRT:gshandler.obj
 0001:0006f3b0       __GSHandlerCheck           00000001800703b0 f   MSVCRT:gshandler.obj
 0001:0006f3e0       __security_check_cookie    00000001800703e0 f   MSVCRT:amdsecgs.obj
 0001:0006f410       __chkstk                   0000000180070410 f   MSVCRT:chkstk.obj
 0001:0006f410       _alloca_probe              0000000180070410     MSVCRT:chkstk.obj
 0001:0006f45e       memset                     000000018007045e f   MSVCRT:MSVCR100.dll
 0001:0006f464       memcpy                     0000000180070464 f   MSVCRT:MSVCR100.dll
 0001:0006f4cc       _CRT_INIT                  00000001800704cc f   MSVCRT:crtdll.obj
 0001:0006f864       _DllMainCRTStartup         0000000180070864 f   MSVCRT:crtdll.obj
 0001:0006f8a4       __report_gsfailure         00000001800708a4 f   MSVCRT:gs_report.obj
 0001:0006f9f0       __clean_type_info_names    00000001800709f0 f   MSVCRT:tncleanup.obj
 0001:0006f9fc       _onexit                    00000001800709fc f   MSVCRT:atonexit.obj
 0001:0006faac       atexit                     0000000180070aac f   MSVCRT:atonexit.obj
 0001:0006fac4       _RTC_Initialize            0000000180070ac4 f   MSVCRT:_initsect_.obj
 0001:0006fafc       _RTC_Terminate             0000000180070afc f   MSVCRT:_initsect_.obj
 0001:0006fb40       _ValidateImageBase         0000000180070b40 f   MSVCRT:pesect.obj
 0001:0006fb70       _FindPESection             0000000180070b70 f   MSVCRT:pesect.obj
 0001:0006fbc0       _IsNonwritableInCurrentImage 0000000180070bc0 f   MSVCRT:pesect.obj
 0001:0006fc02       _initterm                  0000000180070c02 f   MSVCRT:MSVCR100.dll
 0001:0006fc08       _initterm_e                0000000180070c08 f   MSVCRT:MSVCR100.dll
 0001:0006fc0e       _amsg_exit                 0000000180070c0e f   MSVCRT:MSVCR100.dll
 0001:0006fc14       __C_specific_handler       0000000180070c14 f   MSVCRT:MSVCR100.dll
 0001:0006fc1a       __CppXcptFilter            0000000180070c1a f   MSVCRT:MSVCR100.dll
 0001:0006fc20       DllMain                    0000000180070c20 f   MSVCRT:dllmain.obj
 0001:0006fc44       __security_init_cookie     0000000180070c44 f   MSVCRT:gs_support.obj
 0001:0006fcf8       __crt_debugger_hook        0000000180070cf8 f   MSVCRT:MSVCR100.dll
 0001:0006fcfe       __clean_type_info_names_internal 0000000180070cfe f   MSVCRT:MSVCR100.dll
 0001:0006fd04       _unlock                    0000000180070d04 f   MSVCRT:MSVCR100.dll
 0001:0006fd0a       __dllonexit                0000000180070d0a f   MSVCRT:MSVCR100.dll
 0001:0006fd10       _lock                      0000000180070d10 f   MSVCRT:MSVCR100.dll
 0001:0006fd16       RtlVirtualUnwind           0000000180070d16 f   kernel32:KERNEL32.dll
 0001:0006fd1c       RtlLookupFunctionEntry     0000000180070d1c f   kernel32:KERNEL32.dll
 0002:00000000       __imp_GetSystemTimeAsFileTime 0000000180071000     kernel32:KERNEL32.dll
 0002:00000008       __imp_GetCurrentProcessId  0000000180071008     kernel32:KERNEL32.dll
 0002:00000010       __imp_GetCurrentThreadId   0000000180071010     kernel32:KERNEL32.dll
 0002:00000018       __imp_GetTickCount         0000000180071018     kernel32:KERNEL32.dll
 0002:00000020       __imp_QueryPerformanceCounter 0000000180071020     kernel32:KERNEL32.dll
 0002:00000028       __imp_DisableThreadLibraryCalls 0000000180071028     kernel32:KERNEL32.dll
 0002:00000030       __imp_RtlCaptureContext    0000000180071030     kernel32:KERNEL32.dll
 0002:00000038       __imp_RtlLookupFunctionEntry 0000000180071038     kernel32:KERNEL32.dll
 0002:00000040       __imp_RtlVirtualUnwind     0000000180071040     kernel32:KERNEL32.dll
 0002:00000048       __imp_IsDebuggerPresent    0000000180071048     kernel32:KERNEL32.dll
 0002:00000050       __imp_SetUnhandledExceptionFilter 0000000180071050     kernel32:KERNEL32.dll
 0002:00000058       __imp_UnhandledExceptionFilter 0000000180071058     kernel32:KERNEL32.dll
 0002:00000060       __imp_GetCurrentProcess    0000000180071060     kernel32:KERNEL32.dll
 0002:00000068       __imp_TerminateProcess     0000000180071068     kernel32:KERNEL32.dll
 0002:00000070       __imp_DecodePointer        0000000180071070     kernel32:KERNEL32.dll
 0002:00000078       __imp_EncodePointer        0000000180071078     kernel32:KERNEL32.dll
 0002:00000080       __imp_Sleep                0000000180071080     kernel32:KERNEL32.dll
 0002:00000088       \177KERNEL32_NULL_THUNK_DATA 0000000180071088     kernel32:KERNEL32.dll
 0002:00000090       __imp__initterm            0000000180071090     MSVCRT:MSVCR100.dll
 0002:00000098       __imp_memcpy               0000000180071098     MSVCRT:MSVCR100.dll
 0002:000000a0       __imp_frexp                00000001800710a0     MSVCRT:MSVCR100.dll
 0002:000000a8       __imp_ldexp                00000001800710a8     MSVCRT:MSVCR100.dll
 0002:000000b0       __imp_memset               00000001800710b0     MSVCRT:MSVCR100.dll
 0002:000000b8       __imp__amsg_exit           00000001800710b8     MSVCRT:MSVCR100.dll
 0002:000000c0       __imp___C_specific_handler 00000001800710c0     MSVCRT:MSVCR100.dll
 0002:000000c8       __imp___CppXcptFilter      00000001800710c8     MSVCRT:MSVCR100.dll
 0002:000000d0       __imp___crt_debugger_hook  00000001800710d0     MSVCRT:MSVCR100.dll
 0002:000000d8       __imp___clean_type_info_names_internal 00000001800710d8     MSVCRT:MSVCR100.dll
 0002:000000e0       __imp__unlock              00000001800710e0     MSVCRT:MSVCR100.dll
 0002:000000e8       __imp___dllonexit          00000001800710e8     MSVCRT:MSVCR100.dll
 0002:000000f0       __imp__lock                00000001800710f0     MSVCRT:MSVCR100.dll
 0002:000000f8       __imp__onexit              00000001800710f8     MSVCRT:MSVCR100.dll
 0002:00000100       __imp__initterm_e          0000000180071100     MSVCRT:MSVCR100.dll
 0002:00000108       __imp_free                 0000000180071108     MSVCRT:MSVCR100.dll
 0002:00000110       __imp__malloc_crt          0000000180071110     MSVCRT:MSVCR100.dll
 0002:00000118       __imp__encoded_null        0000000180071118     MSVCRT:MSVCR100.dll
 0002:00000120       \177MSVCR100_NULL_THUNK_DATA 0000000180071120     MSVCRT:MSVCR100.dll
 0002:00000128       __imp_emlrtSubAssignSizeCheckR2012b 0000000180071128     libemlrt:libemlrt.dll
 0002:00000130       __imp_emlrtNonNegativeCheckR2012b 0000000180071130     libemlrt:libemlrt.dll
 0002:00000138       __imp_emlrtAddField        0000000180071138     libemlrt:libemlrt.dll
 0002:00000140       __imp_emlrtDestroyArray    0000000180071140     libemlrt:libemlrt.dll
 0002:00000148       __imp_emlrtImportArrayR2011b 0000000180071148     libemlrt:libemlrt.dll
 0002:00000150       __imp_emlrtCheckVsBuiltInR2012b 0000000180071150     libemlrt:libemlrt.dll
 0002:00000158       __imp_emlrtAlias           0000000180071158     libemlrt:libemlrt.dll
 0002:00000160       __imp_emlrtErrorWithMessageIdR2012b 0000000180071160     libemlrt:libemlrt.dll
 0002:00000168       __imp_emlrtCheckVsStructR2012b 0000000180071168     libemlrt:libemlrt.dll
 0002:00000170       __imp_emlrtAliasP          0000000180071170     libemlrt:libemlrt.dll
 0002:00000178       __imp_emlrtFreeMex         0000000180071178     libemlrt:libemlrt.dll
 0002:00000180       __imp_emlrtHeapAllocationErrorR2012b 0000000180071180     libemlrt:libemlrt.dll
 0002:00000188       __imp_emlrtCallocMex       0000000180071188     libemlrt:libemlrt.dll
 0002:00000190       __imp_emlrtSizeMulR2012b   0000000180071190     libemlrt:libemlrt.dll
 0002:00000198       __imp_emlrtPushHeapReferenceStackR2012b 0000000180071198     libemlrt:libemlrt.dll
 0002:000001a0       __imp_emlrtMallocMex       00000001800711a0     libemlrt:libemlrt.dll
 0002:000001a8       __imp_emlrtReturnArrayR2009a 00000001800711a8     libemlrt:libemlrt.dll
 0002:000001b0       __imp_emlrtErrMsgIdAndTxt  00000001800711b0     libemlrt:libemlrt.dll
 0002:000001b8       __imp_emlrtCreateCellArray 00000001800711b8     libemlrt:libemlrt.dll
 0002:000001c0       __imp_emlrtNameCapturePostProcessR2013b 00000001800711c0     libemlrt:libemlrt.dll
 0002:000001c8       __imp_emlrtCallMATLABR2012b 00000001800711c8     libemlrt:libemlrt.dll
 0002:000001d0       __imp_emlrtFirstTimeR2012b 00000001800711d0     libemlrt:libemlrt.dll
 0002:000001d8       __imp_emlrtEnterRtStackR2012b 00000001800711d8     libemlrt:libemlrt.dll
 0002:000001e0       __imp_emlrtClearAllocCountR2012b 00000001800711e0     libemlrt:libemlrt.dll
 0002:000001e8       __imp_emlrtGetFieldR2013a  00000001800711e8     libemlrt:libemlrt.dll
 0002:000001f0       __imp_emlrtCreateRootTLS   00000001800711f0     libemlrt:libemlrt.dll
 0002:000001f8       __imp_emlrtGetBreakCheckFlagAddressR2012b 00000001800711f8     libemlrt:libemlrt.dll
 0002:00000200       __imp_emlrtDestroyRootTLS  0000000180071200     libemlrt:libemlrt.dll
 0002:00000208       __imp_emlrtDynamicBoundsCheckR2012b 0000000180071208     libemlrt:libemlrt.dll
 0002:00000210       __imp_emlrtIntegerCheckR2012b 0000000180071210     libemlrt:libemlrt.dll
 0002:00000218       __imp_emlrtBreakCheckR2012b 0000000180071218     libemlrt:libemlrt.dll
 0002:00000220       __imp_emlrtDimSizeEqCheckR2012b 0000000180071220     libemlrt:libemlrt.dll
 0002:00000228       __imp_emlrtSizeEqCheckNDR2012b 0000000180071228     libemlrt:libemlrt.dll
 0002:00000230       __imp_emlrtSizeEqCheck1DR2012b 0000000180071230     libemlrt:libemlrt.dll
 0002:00000238       __imp_emlrtMatrixMatrixIndexCheckR2012b 0000000180071238     libemlrt:libemlrt.dll
 0002:00000240       __imp_emlrtHeapReferenceStackEnterFcnR2012b 0000000180071240     libemlrt:libemlrt.dll
 0002:00000248       __imp_emlrtInitCharArrayR2013a 0000000180071248     libemlrt:libemlrt.dll
 0002:00000250       __imp_emlrtAssign          0000000180071250     libemlrt:libemlrt.dll
 0002:00000258       __imp_emlrtHeapReferenceStackLeaveFcnR2012b 0000000180071258     libemlrt:libemlrt.dll
 0002:00000260       __imp_emlrtLeaveRtStackR2012b 0000000180071260     libemlrt:libemlrt.dll
 0002:00000268       \177libemlrt_NULL_THUNK_DATA 0000000180071268     libemlrt:libemlrt.dll
 0002:00000270       __imp_mexAtExit            0000000180071270     libmex:libmex.dll
 0002:00000278       \177libmex_NULL_THUNK_DATA 0000000180071278     libmex:libmex.dll
 0002:00000280       __imp_dnrm2                0000000180071280     libmwblas:libmwblas.dll
 0002:00000288       __imp_daxpy                0000000180071288     libmwblas:libmwblas.dll
 0002:00000290       __imp_dgemm                0000000180071290     libmwblas:libmwblas.dll
 0002:00000298       __imp_ddot                 0000000180071298     libmwblas:libmwblas.dll
 0002:000002a0       __imp_drot                 00000001800712a0     libmwblas:libmwblas.dll
 0002:000002a8       __imp_drotg                00000001800712a8     libmwblas:libmwblas.dll
 0002:000002b0       __imp_dscal                00000001800712b0     libmwblas:libmwblas.dll
 0002:000002b8       \177libmwblas_NULL_THUNK_DATA 00000001800712b8     libmwblas:libmwblas.dll
 0002:000002c0       __imp_muIntScalarMin_sint32 00000001800712c0     libmwmathutil:libmwmathutil.dll
 0002:000002c8       __imp_muIntScalarMax_sint32 00000001800712c8     libmwmathutil:libmwmathutil.dll
 0002:000002d0       __imp_muDoubleScalarMax    00000001800712d0     libmwmathutil:libmwmathutil.dll
 0002:000002d8       __imp_muDoubleScalarSqrt   00000001800712d8     libmwmathutil:libmwmathutil.dll
 0002:000002e0       __imp_muDoubleScalarCeil   00000001800712e0     libmwmathutil:libmwmathutil.dll
 0002:000002e8       __imp_muDoubleScalarSin    00000001800712e8     libmwmathutil:libmwmathutil.dll
 0002:000002f0       __imp_muDoubleScalarCos    00000001800712f0     libmwmathutil:libmwmathutil.dll
 0002:000002f8       __imp_muDoubleScalarPower  00000001800712f8     libmwmathutil:libmwmathutil.dll
 0002:00000300       __imp_muDoubleScalarIsInf  0000000180071300     libmwmathutil:libmwmathutil.dll
 0002:00000308       __imp_muDoubleScalarAbs    0000000180071308     libmwmathutil:libmwmathutil.dll
 0002:00000310       __imp_muDoubleScalarFloor  0000000180071310     libmwmathutil:libmwmathutil.dll
 0002:00000318       __imp_muDoubleScalarIsNaN  0000000180071318     libmwmathutil:libmwmathutil.dll
 0002:00000320       \177libmwmathutil_NULL_THUNK_DATA 0000000180071320     libmwmathutil:libmwmathutil.dll
 0002:00000328       __imp_mxCreateLogicalMatrix_700 0000000180071328     libmx:libmx.dll
 0002:00000330       __imp_mxSetFieldByNumber_700 0000000180071330     libmx:libmx.dll
 0002:00000338       __imp_mxCreateDoubleScalar 0000000180071338     libmx:libmx.dll
 0002:00000340       __imp_mxCreateStructMatrix_700 0000000180071340     libmx:libmx.dll
 0002:00000348       __imp_mxSetData            0000000180071348     libmx:libmx.dll
 0002:00000350       __imp_mxSetDimensions_700  0000000180071350     libmx:libmx.dll
 0002:00000358       __imp_mxCreateStructArray_700 0000000180071358     libmx:libmx.dll
 0002:00000360       __imp_mxCreateNumericArray_700 0000000180071360     libmx:libmx.dll
 0002:00000368       __imp_mxGetPr              0000000180071368     libmx:libmx.dll
 0002:00000370       __imp_mxGetNaN             0000000180071370     libmx:libmx.dll
 0002:00000378       __imp_mxCreateNumericMatrix_700 0000000180071378     libmx:libmx.dll
 0002:00000380       __imp_mxGetData            0000000180071380     libmx:libmx.dll
 0002:00000388       __imp_mxCreateCharArray_700 0000000180071388     libmx:libmx.dll
 0002:00000390       __imp_mxCreateString       0000000180071390     libmx:libmx.dll
 0002:00000398       \177libmx_NULL_THUNK_DATA  0000000180071398     libmx:libmx.dll
 0002:000003a0       __xc_a                     00000001800713a0     MSVCRT:cinitexe.obj
 0002:000003a8       __xc_z                     00000001800713a8     MSVCRT:cinitexe.obj
 0002:000003b0       __xi_a                     00000001800713b0     MSVCRT:cinitexe.obj
 0002:000003c0       __xi_z                     00000001800713c0     MSVCRT:cinitexe.obj
 0002:000003d0       ??_C@_07ONPBMBOP@message?$AA@ 00000001800713d0     extension_mexutil.obj
 0002:000003d8       ??_C@_05KKCIMGE@error?$AA@ 00000001800713d8     extension_mexutil.obj
 0002:000003e0       ??_C@_0EL@EEJPKOHC@D?3?1Program?5Files?1MATLAB?1R2013b?1t@ 00000001800713e0     extension_data.obj
 0002:00000430       ??_C@_09BNIPEHJD@eml_xswap?$AA@ 0000000180071430     extension_data.obj
 0002:00000440       ??_C@_0EJ@KEHKBPGI@D?3?1Program?5Files?1MATLAB?1R2013b?1t@ 0000000180071440     extension_data.obj
 0002:00000490       ??_C@_08IHKMCIJJ@sortrows?$AA@ 0000000180071490     extension_data.obj
 0002:000004a0       ??_C@_0EE@LNMJDNCP@D?3?1Program?5Files?1MATLAB?1R2013b?1t@ 00000001800714a0     extension_data.obj
 0002:000004e4       ??_C@_05PBJFFIGL@floor?$AA@ 00000001800714e4     extension_data.obj
 0002:000004f0       ??_C@_0FK@JIDEOHPI@D?3?1Program?5Files?1MATLAB?1R2013b?1t@ 00000001800714f0     extension_data.obj
 0002:00000550       ??_C@_0BB@HGCMOCGE@eml_refblas_xrot?$AA@ 0000000180071550     extension_data.obj
 0002:00000570       ??_C@_0FI@ENCHNCAL@D?3?1Program?5Files?1MATLAB?1R2013b?1t@ 0000000180071570     extension_data.obj
 0002:000005c8       ??_C@_0O@PKOLFAIN@eml_blas_xrot?$AA@ 00000001800715c8     extension_data.obj
 0002:000005e0       ??_C@_0EK@OJPNKLLO@D?3?1Program?5Files?1MATLAB?1R2013b?1t@ 00000001800715e0     extension_data.obj
 0002:00000630       ??_C@_08PFGOPFJF@eml_xrot?$AA@ 0000000180071630     extension_data.obj
 0002:00000640       ??_C@_0FL@PHGNHPAN@D?3?1Program?5Files?1MATLAB?1R2013b?1t@ 0000000180071640     extension_data.obj
 0002:000006a0       ??_C@_0BC@GABFHEMD@eml_refblas_xrotg?$AA@ 00000001800716a0     extension_data.obj
 0002:000006c0       ??_C@_0FJ@NDAMMPJO@D?3?1Program?5Files?1MATLAB?1R2013b?1t@ 00000001800716c0     extension_data.obj
 0002:00000720       ??_C@_0P@LJEPOJKN@eml_blas_xrotg?$AA@ 0000000180071720     extension_data.obj
 0002:00000730       ??_C@_0EL@GIKDFCOE@D?3?1Program?5Files?1MATLAB?1R2013b?1t@ 0000000180071730     extension_data.obj
 0002:00000780       ??_C@_09KKCMPEFO@eml_xrotg?$AA@ 0000000180071780     extension_data.obj
 0002:00000790       ??_C@_0FL@PKMOENBB@D?3?1Program?5Files?1MATLAB?1R2013b?1t@ 0000000180071790     extension_data.obj
 0002:000007f0       ??_C@_0BC@FJNDGBLE@eml_refblas_xaxpy?$AA@ 00000001800717f0     extension_data.obj
 0002:00000810       ??_C@_0FJ@NOKPPNIC@D?3?1Program?5Files?1MATLAB?1R2013b?1t@ 0000000180071810     extension_data.obj
 0002:00000870       ??_C@_0P@IAIJPMNK@eml_blas_xaxpy?$AA@ 0000000180071870     extension_data.obj
 0002:00000880       ??_C@_0EL@GFAAGAPI@D?3?1Program?5Files?1MATLAB?1R2013b?1t@ 0000000180071880     extension_data.obj
 0002:000008d0       ??_C@_09JDOKOBCJ@eml_xaxpy?$AA@ 00000001800718d0     extension_data.obj
 0002:000008e0       ??_C@_0EL@ODMPGMEH@D?3?1Program?5Files?1MATLAB?1R2013b?1t@ 00000001800718e0     extension_data.obj
 0002:00000930       ??_C@_09CBOAFDHI@eml_xdotc?$AA@ 0000000180071930     extension_data.obj
 0002:00000940       ??_C@_0FL@FJNJCLDB@D?3?1Program?5Files?1MATLAB?1R2013b?1t@ 0000000180071940     extension_data.obj
 0002:000009a0       ??_C@_0BC@OOLKFKJL@eml_refblas_xscal?$AA@ 00000001800719a0     extension_data.obj
 0002:000009c0       ??_C@_0FJ@HNLIJLKC@D?3?1Program?5Files?1MATLAB?1R2013b?1t@ 00000001800719c0     extension_data.obj
 0002:00000a20       ??_C@_0P@DHOAMHPF@eml_blas_xscal?$AA@ 0000000180071a20     extension_data.obj
 0002:00000a30       ??_C@_0EL@MGBHAGNI@D?3?1Program?5Files?1MATLAB?1R2013b?1t@ 0000000180071a30     extension_data.obj
 0002:00000a80       ??_C@_09CEIDNKAG@eml_xscal?$AA@ 0000000180071a80     extension_data.obj
 0002:00000a90       ??_C@_0FL@HJHIJCJB@D?3?1Program?5Files?1MATLAB?1R2013b?1t@ 0000000180071a90     extension_data.obj
 0002:00000af0       ??_C@_0BC@LDENLAOM@eml_refblas_xnrm2?$AA@ 0000000180071af0     extension_data.obj
 0002:00000b10       ??_C@_0FJ@FNBJCCAC@D?3?1Program?5Files?1MATLAB?1R2013b?1t@ 0000000180071b10     extension_data.obj
 0002:00000b70       ??_C@_0P@GKBHCNIC@eml_blas_xnrm2?$AA@ 0000000180071b70     extension_data.obj
 0002:00000b80       ??_C@_0EL@OGLGLPHI@D?3?1Program?5Files?1MATLAB?1R2013b?1t@ 0000000180071b80     extension_data.obj
 0002:00000bd0       ??_C@_09HJHEDAHB@eml_xnrm2?$AA@ 0000000180071bd0     extension_data.obj
 0002:00000be0       ??_C@_0FL@FFBMILEB@D?3?1Program?5Files?1MATLAB?1R2013b?1t@ 0000000180071be0     extension_data.obj
 0002:00000c40       ??_C@_0BB@NPNGANKF@eml_matlab_zsvdc?$AA@ 0000000180071c40     extension_data.obj
 0002:00000c60       ??_C@_0EN@MMMHFMFD@D?3?1Program?5Files?1MATLAB?1R2013b?1t@ 0000000180071c60     extension_data.obj
 0002:00000cb0       ??_C@_0BB@PACNMNAE@eml_isequal_core?$AA@ 0000000180071cb0     extension_data.obj
 0002:00000cd0       ??_C@_0EG@COBEPALK@D?3?1Program?5Files?1MATLAB?1R2013b?1t@ 0000000180071cd0     extension_data.obj
 0002:00000d18       ??_C@_07MIMONDDE@isequal?$AA@ 0000000180071d18     extension_data.obj
 0002:00000d20       ??_C@_0ED@GMPIMEIG@D?3?1Program?5Files?1MATLAB?1R2013b?1t@ 0000000180071d20     extension_data.obj
 0002:00000d64       ??_C@_04EIAKFFMI@sqrt?$AA@ 0000000180071d64     extension_data.obj
 0002:00000d70       ??_C@_0EE@FAKCGKHC@D?3?1Program?5Files?1MATLAB?1R2013b?1t@ 0000000180071d70     extension_data.obj
 0002:00000db4       ??_C@_03MEPDGFMA@var?$AA@  0000000180071db4     extension_data.obj
 0002:00000dc0       ??_C@_0EE@JNHFINEK@D?3?1Program?5Files?1MATLAB?1R2013b?1t@ 0000000180071dc0     extension_data.obj
 0002:00000e04       ??_C@_03CFFIJAMA@sum?$AA@  0000000180071e04     extension_data.obj
 0002:00000e10       ??_C@_0EF@FOMIKLEE@D?3?1Program?5Files?1MATLAB?1R2013b?1t@ 0000000180071e10     extension_data.obj
 0002:00000e58       ??_C@_04OGOMFLBB@mean?$AA@ 0000000180071e58     extension_data.obj
 0002:00000e60       ??_C@_0EG@LCDHGJIL@D?3?1Program?5Files?1MATLAB?1R2013b?1t@ 0000000180071e60     extension_data.obj
 0002:00000ea8       ??_C@_09NODCPLED@eml_relop?$AA@ 0000000180071ea8     extension_data.obj
 0002:00000ec0       ??_C@_0EG@NONNOBNK@D?3?1Program?5Files?1MATLAB?1R2013b?1t@ 0000000180071ec0     extension_data.obj
 0002:00000f08       ??_C@_07EGDDPBAO@reshape?$AA@ 0000000180071f08     extension_data.obj
 0002:00000f10       ??_C@_0EI@EODCEDNJ@D?3?1Program?5Files?1MATLAB?1R2013b?1t@ 0000000180071f10     extension_data.obj
 0002:00000f58       ??_C@_0M@LOJNOHOD@eml_li_find?$AA@ 0000000180071f58     extension_data.obj
 0002:00000f70       ??_C@_0ED@BBPMMBCG@D?3?1Program?5Files?1MATLAB?1R2013b?1t@ 0000000180071f70     extension_data.obj
 0002:00000fb4       ??_C@_04GFPJNGEK@ceil?$AA@ 0000000180071fb4     extension_data.obj
 0002:00000fc0       ??_C@_0EC@DNHCPFHF@D?3?1Program?5Files?1MATLAB?1R2013b?1t@ 0000000180071fc0     extension_data.obj
 0002:00001004       ??_C@_03BLEJJJBH@sin?$AA@  0000000180072004     extension_data.obj
 0002:00001010       ??_C@_0EC@BDJHINAM@D?3?1Program?5Files?1MATLAB?1R2013b?1t@ 0000000180072010     extension_data.obj
 0002:00001054       ??_C@_03LALBNOCG@cos?$AA@  0000000180072054     extension_data.obj
 0002:00001060       ??_C@_0FL@PLBJJBDA@D?3?1Program?5Files?1MATLAB?1R2013b?1t@ 0000000180072060     extension_data.obj
 0002:000010c0       ??_C@_0BC@ECOPBIHP@eml_refblas_xdotx?$AA@ 00000001800720c0     extension_data.obj
 0002:000010e0       ??_C@_0FK@ENLLAGHO@D?3?1Program?5Files?1MATLAB?1R2013b?1t@ 00000001800720e0     extension_data.obj
 0002:00001140       ??_C@_0BB@DFOOKCH@eml_refblas_xdot?$AA@ 0000000180072140     extension_data.obj
 0002:00001160       ??_C@_0FI@JIKIDDIN@D?3?1Program?5Files?1MATLAB?1R2013b?1t@ 0000000180072160     extension_data.obj
 0002:000011b8       ??_C@_0O@IPJJFIMO@eml_blas_xdot?$AA@ 00000001800721b8     extension_data.obj
 0002:000011d0       ??_C@_0FA@CDEDNHCH@D?3?1Program?5Files?1MATLAB?1R2013b?1t@ 00000001800721d0     extension_data.obj
 0002:00001220       ??_C@_0BE@BNDDFGBF@eml_null_assignment?$AA@ 0000000180072220     extension_data.obj
 0002:00001240       ??_C@_0EI@IBEFPKBJ@D?3?1Program?5Files?1MATLAB?1R2013b?1t@ 0000000180072240     extension_data.obj
 0002:00001288       ??_C@_0M@EFMCECBG@eml_sort_lt?$AA@ 0000000180072288     extension_data.obj
 0002:000012a0       ??_C@_0EC@MDMJKLCL@D?3?1Program?5Files?1MATLAB?1R2013b?1t@ 00000001800722a0     extension_data.obj
 0002:000012e4       ??_C@_03ICKAGFLH@eps?$AA@  00000001800722e4     extension_data.obj
 0002:000012f0       ??_C@_0EI@EKBBBLGD@D?3?1Program?5Files?1MATLAB?1R2013b?1t@ 00000001800722f0     extension_data.obj
 0002:00001338       ??_C@_0M@KCJMAIDO@eml_safe_eq?$AA@ 0000000180072338     extension_data.obj
 0002:00001350       ??_C@_0EG@ONOBDGBG@D?3?1Program?5Files?1MATLAB?1R2013b?1t@ 0000000180072350     extension_data.obj
 0002:00001398       ??_C@_09IAMDFHJG@eml_setop?$AA@ 0000000180072398     extension_data.obj
 0002:000013b0       ??_C@_0EJ@FNOEICOD@D?3?1Program?5Files?1MATLAB?1R2013b?1t@ 00000001800723b0     extension_data.obj
 0002:00001400       ??_C@_08MHAJBOOI@issorted?$AA@ 0000000180072400     extension_data.obj
 0002:00001410       ??_C@_0EC@PHJMOPBK@D?3?1Program?5Files?1MATLAB?1R2013b?1t@ 0000000180072410     extension_data.obj
 0002:00001454       ??_C@_05BCDKEBLL@colon?$AA@ 0000000180072454     extension_data.obj
 0002:00001460       ??_C@_0FL@GBFNPKJF@D?3?1Program?5Files?1MATLAB?1R2013b?1t@ 0000000180072460     extension_data.obj
 0002:000014c0       ??_C@_0BC@EOLAPMCA@eml_refblas_xgemm?$AA@ 00000001800724c0     extension_data.obj
 0002:000014e0       ??_C@_0FJ@EFDMEKAG@D?3?1Program?5Files?1MATLAB?1R2013b?1t@ 00000001800724e0     extension_data.obj
 0002:00001540       ??_C@_0P@JHOKGBEO@eml_blas_xgemm?$AA@ 0000000180072540     extension_data.obj
 0002:00001550       ??_C@_0EL@POJDNHHM@D?3?1Program?5Files?1MATLAB?1R2013b?1t@ 0000000180072550     extension_data.obj
 0002:000015a0       ??_C@_09IEIJHMLN@eml_xgemm?$AA@ 00000001800725a0     extension_data.obj
 0002:000015b0       ??_C@_0ED@OHEONNML@D?3?1Program?5Files?1MATLAB?1R2013b?1t@ 00000001800725b0     extension_data.obj
 0002:000015f4       ??_C@_06PCBFLGP@mtimes?$AA@ 00000001800725f4     extension_data.obj
 0002:00001600       ??_C@_0EC@DMMGNLAM@D?3?1Program?5Files?1MATLAB?1R2013b?1t@ 0000000180072600     extension_data.obj
 0002:00001644       ??_C@_05PLIADJJL@power?$AA@ 0000000180072644     extension_data.obj
 0002:00001650       ??_C@_0FG@POMOGJMD@D?3?1Program?5Files?1MATLAB?1R2013b?1t@ 0000000180072650     extension_data.obj
 0002:000016a8       ??_C@_08FAALJPNL@prodsize?$AA@ 00000001800726a8     extension_data.obj
 0002:000016c0       ??_C@_0EL@MDBCGIOK@D?3?1Program?5Files?1MATLAB?1R2013b?1t@ 00000001800726c0     extension_data.obj
 0002:00001710       ??_C@_0P@PAOJKEOI@eml_min_or_max?$AA@ 0000000180072710     extension_data.obj
 0002:00001720       ??_C@_0EE@BDAMDLMM@D?3?1Program?5Files?1MATLAB?1R2013b?1t@ 0000000180072720     extension_data.obj
 0002:00001764       ??_C@_03KLIPLJLL@min?$AA@  0000000180072764     extension_data.obj
 0002:00001770       ??_C@_0FL@NBBAGBIN@D?3?1Program?5Files?1MATLAB?1R2013b?1t@ 0000000180072770     extension_data.obj
 0002:000017d0       ??_C@_0BP@OEONONCM@eml_int_forloop_overflow_check?$AA@ 00000001800727d0     extension_data.obj
 0002:000017f0       ??_C@_0EF@FLDDHAIP@D?3?1Program?5Files?1MATLAB?1R2013b?1t@ 00000001800727f0     extension_data.obj
 0002:00001838       ??_C@_08DEDDHLOF@eml_sort?$AA@ 0000000180072838     extension_data.obj
 0002:00001850       ??_C@_0EI@GJOAMKOD@D?3?1Program?5Files?1MATLAB?1R2013b?1t@ 0000000180072850     extension_data.obj
 0002:00001898       ??_C@_0M@BGBLGBAG@eml_sort_le?$AA@ 0000000180072898     extension_data.obj
 0002:000018b0       ??_C@_0EL@COBFFGME@D?3?1Program?5Files?1MATLAB?1R2013b?1t@ 00000001800728b0     extension_data.obj
 0002:00001900       ??_C@_0P@JNIGDCNL@eml_index_prod?$AA@ 0000000180072900     extension_data.obj
 0002:00001910       ??_C@_0FL@BGPLNOJI@D?3?1Program?5Files?1MATLAB?1R2013b?1t@ 0000000180072910     extension_data.obj
 0002:00001970       ??_C@_0O@LFDEJHKC@indexIntRelop?$AA@ 0000000180072970     extension_data.obj
 0002:00001980       ??_C@_0FG@EMKGHNEE@D?3?1Program?5Files?1MATLAB?1R2013b?1t@ 0000000180072980     extension_data.obj
 0002:000019d8       ??_C@_0BK@POIJPMHI@eml_assert_valid_size_arg?$AA@ 00000001800729d8     extension_data.obj
 0002:00001a00       ??_C@_0EE@HKFDGICO@D?3?1Program?5Files?1MATLAB?1R2013b?1t@ 0000000180072a00     extension_data.obj
 0002:00001a48       ??_C@_07KHOFHKNM@eml_div?$AA@ 0000000180072a48     extension_data.obj
 0002:00001a50       ??_C@_0EE@FIHFHHGD@D?3?1Program?5Files?1MATLAB?1R2013b?1t@ 0000000180072a50     extension_data.obj
 0002:00001a98       ??_C@_07EDECNBOH@rdivide?$AA@ 0000000180072a98     extension_data.obj
 0002:00001aa0       ??_C@_0EF@JGBHADPN@D?3?1Program?5Files?1MATLAB?1R2013b?1t@ 0000000180072aa0     extension_data.obj
 0002:00001ae8       ??_C@_08GNEFHMND@mrdivide?$AA@ 0000000180072ae8     extension_data.obj
 0002:00001b00       ??_C@_0EC@KGMPOILG@D?3?1Program?5Files?1MATLAB?1R2013b?1t@ 0000000180072b00     extension_data.obj
 0002:00001b44       ??_C@_03BCGAIFPO@abs?$AA@  0000000180072b44     extension_data.obj
 0002:00001b50       ??_C@_0EH@IKMJDHGM@D?3?1Program?5Files?1MATLAB?1R2013b?1t@ 0000000180072b50     extension_data.obj
 0002:00001b98       ??_C@_08CHCKEDFL@isfinite?$AA@ 0000000180072b98     extension_data.obj
 0002:00001ba4       ??_C@_06DEFEOALK@Sp_new?$AA@ 0000000180072ba4     extension.obj
 0002:00001bac       ??_C@_04PLHGKGE@Corr?$AA@  0000000180072bac     extension.obj
 0002:00001bb8       ??_C@_07LFANNLCP@ref_set?$AA@ 0000000180072bb8     extension.obj
 0002:00001bc0       ??_C@_0P@FKGCNBBI@single_ref_set?$AA@ 0000000180072bc0     extension.obj
 0002:00001bd0       ??_C@_0L@EGFICFNL@superpixel?$AA@ 0000000180072bd0     extension.obj
 0002:00001bdc       ??_C@_05OLLLNAFN@omega?$AA@ 0000000180072bdc     extension.obj
 0002:00001be4       ??_C@_01CBDEGOCN@j?$AA@    0000000180072be4     extension.obj
 0002:00001be8       ??_C@_0M@OBAPPIEN@bspline_set?$AA@ 0000000180072be8     extension.obj
 0002:00001bf4       ??_C@_01JLIPDDHJ@?3?$AA@   0000000180072bf4     extension.obj
 0002:00001bf8       ??_C@_06HCLHAFKH@sp_set?$AA@ 0000000180072bf8     extension.obj
 0002:00001c00       ??_C@_0EE@NPEGFNIN@D?3?1Program?5Files?1MATLAB?1R2013b?1t@ 0000000180072c00     extension.obj
 0002:00001c48       ??_C@_07KEFOIIMH@setdiff?$AA@ 0000000180072c48     extension.obj
 0002:00001c50       ??_C@_0EC@LLPCENLB@D?3?1Program?5Files?1MATLAB?1R2013b?1t@ 0000000180072c50     extension.obj
 0002:00001c94       ??_C@_05MNALHJLP@union?$AA@ 0000000180072c94     extension.obj
 0002:00001ca0       ??_C@_0EO@IANDIMLH@D?3?1Program?5Files?1MATLAB?1R2013b?1t@ 0000000180072ca0     extension.obj
 0002:00001cf0       ??_C@_0BC@KFDFJODE@eml_matrix_npages?$AA@ 0000000180072cf0     extension.obj
 0002:00001d08       ??_C@_0DA@MLDNMEDE@F?3?1Git?1correspondence?1matlab_cod@ 0000000180072d08     extension.obj
 0002:00001d38       ??_C@_09ODADEDNA@extension?$AA@ 0000000180072d38     extension.obj
 0002:00001e38       ??_C@_0BC@DHBLDLOI@Assertion?5failed?4?$AA@ 0000000180072e38     extension.obj
 0002:00001e50       __real@4062c00000000000    0000000180072e50     extension.obj
 0002:00001e58       __real@416312d000000000    0000000180072e58     extension.obj
 0002:00001e60       __real@3fb9999999999998    0000000180072e60     extension.obj
 0002:00001e70       __mask@@NegDouble@         0000000180072e70     extension.obj
 0002:00001e80       __real@3feccccccccccccd    0000000180072e80     extension.obj
 0002:00001e88       __real@3fb657184ae74487    0000000180072e88     extension.obj
 0002:00001e90       __real@4014000000000000    0000000180072e90     extension.obj
 0002:00001e98       __real@3ff0000000000000    0000000180072e98     extension.obj
 0002:00001ea0       __real@403e000000000000    0000000180072ea0     rdivide.obj
 0002:00001eb0       ??_C@_0EF@BMKAGAJG@D?3?1Program?5Files?1MATLAB?1R2013b?1t@ 0000000180072eb0     repmat.obj
 0002:00001ef8       ??_C@_06HDIFKNJO@repmat?$AA@ 0000000180072ef8     repmat.obj
 0002:00001f48       __real@c1e0000000000000    0000000180072f48     repmat.obj
 0002:00001f50       __real@41dfffffffc00000    0000000180072f50     repmat.obj
 0002:00001f58       __real@4018000000000000    0000000180072f58     repmat.obj
 0002:00001f60       __real@4010000000000000    0000000180072f60     repmat.obj
 0002:00001f68       __real@4000000000000000    0000000180072f68     repmat.obj
 0002:00001f70       __real@4008000000000000    0000000180072f70     repmat.obj
 0002:00001fc8       ??_C@_0N@EIEDKOI@param_matrix?$AA@ 0000000180072fc8     bspline.obj
 0002:00001fd8       ??_C@_01FHEEJDEE@A?$AA@    0000000180072fd8     bspline.obj
 0002:00001fdc       ??_C@_01EANLCPLP@y?$AA@    0000000180072fdc     bspline.obj
 0002:00001fe0       ??_C@_01FJMABOPO@x?$AA@    0000000180072fe0     bspline.obj
 0002:00001fe4       ??_C@_02IPBLADKF@Ay?$AA@   0000000180072fe4     bspline.obj
 0002:00001fe8       ??_C@_02JGAADCOE@Ax?$AA@   0000000180072fe8     bspline.obj
 0002:00001fec       ??_C@_03LOJEKLML@src?$AA@  0000000180072fec     bspline.obj
 0002:00001ff0       ??_C@_05PFKAILG@bound?$AA@ 0000000180072ff0     bspline.obj
 0002:00001ff8       ??_C@_0CO@PMIJBPJD@F?3?1Git?1correspondence?1matlab_cod@ 0000000180072ff8     bspline.obj
 0002:00002028       ??_C@_07JOJOBLCK@bspline?$AA@ 0000000180073028     bspline.obj
 0002:00002100       ??_C@_0DO@PCBINGDL@EMLRT?3runTime?3RepeatedExprWithDi@ 0000000180073100     bspline.obj
 0002:00002140       ??_C@_0EO@GBLOCDLN@D?3?1Program?5Files?1MATLAB?1R2013b?1t@ 0000000180073140     power.obj
 0002:00002190       ??_C@_0BC@JEELAMCJ@eml_scalexp_alloc?$AA@ 0000000180073190     power.obj
 0002:000021b0       ??_C@_0EJ@BICOJNAG@D?3?1Program?5Files?1MATLAB?1R2013b?1t@ 00000001800731b0     sortrows.obj
 0002:00002200       ??_C@_0N@DIIPNHKP@eml_sort_idx?$AA@ 0000000180073200     sortrows.obj
 0002:00002210       __real@0000000000000001    0000000180073210     eml_setop.obj
 0002:00002218       __real@0010000000000000    0000000180073218     eml_setop.obj
 0002:00002220       ??_C@_0EG@PFOFFIJJ@D?3?1Program?5Files?1MATLAB?1R2013b?1t@ 0000000180073220     eml_error.obj
 0002:00002268       ??_C@_09JANBMANM@eml_error?$AA@ 0000000180073268     eml_error.obj
 0002:00002278       ??_C@_0CI@BHGKFKAI@Coder?3toolbox?3reshape_emptyResha@ 0000000180073278     eml_error.obj
 0002:000022a0       ??_C@_0BP@KBACPONM@Coder?3toolbox?3ElFunDomainError?$AA@ 00000001800732a0     eml_error.obj
 0002:000022c0       ??_C@_0CC@PHBEIKAA@Coder?3MATLAB?3svd_matrixWithNaNIn@ 00000001800732c0     eml_error.obj
 0002:000022e8       ??_C@_0BP@KGHOLAIN@Coder?3MATLAB?3svd_NoConvergence?$AA@ 00000001800732e8     eml_error.obj
 0002:00002308       ??_C@_0CG@DAMLLMLI@Coder?3toolbox?3eml_setop_unsorted@ 0000000180073308     eml_error.obj
 0002:00002330       ??_C@_0EK@DMHCEKDI@D?3?1Program?5Files?1MATLAB?1R2013b?1t@ 0000000180073330     bspline_single.obj
 0002:00002380       ??_C@_08IABMPNNG@eml_xdot?$AA@ 0000000180073380     bspline_single.obj
 0002:00002390       ??_C@_0EL@JGLNGEAE@D?3?1Program?5Files?1MATLAB?1R2013b?1t@ 0000000180073390     bspline_single.obj
 0002:000023e0       ??_C@_09DNHIOGKP@eml_xdotu?$AA@ 00000001800733e0     bspline_single.obj
 0002:000023f0       ??_C@_0DF@JCAJIAOB@F?3?1Git?1correspondence?1matlab_cod@ 00000001800733f0     bspline_single.obj
 0002:00002428       ??_C@_0P@JGLMEFBC@bspline_single?$AA@ 0000000180073428     bspline_single.obj
 0002:00002610       __real@3fa1111111111111    0000000180073610     bspline_single.obj
 0002:00002618       __real@3cc0000000000000    0000000180073618     bspline_single.obj
 0002:00002674       ??_C@_03PCCGDNHJ@img?$AA@  0000000180073674     getPixelsValue.obj
 0002:00002678       ??_C@_0DF@BFDNMOMC@F?3?1Git?1correspondence?1matlab_cod@ 0000000180073678     getPixelsValue.obj
 0002:000026b0       ??_C@_0P@HIKJAFDG@getPixelsValue?$AA@ 00000001800736b0     getPixelsValue.obj
 0002:000026c0       __real@4048800000000000    00000001800736c0     mean.obj
 0002:000026d0       ??_C@_0EE@NNBNOLHA@D?3?1Program?5Files?1MATLAB?1R2013b?1t@ 00000001800736d0     std.obj
 0002:00002714       ??_C@_03PFFIEBLO@std?$AA@  0000000180073714     std.obj
 0002:00002718       __real@4048000000000000    0000000180073718     std.obj
 0002:00002720       ??_C@_0DC@LNJNOGNH@F?3?1Git?1correspondence?1matlab_cod@ 0000000180073720     bspline_inv.obj
 0002:00002758       ??_C@_0M@OAMIMCNF@bspline_inv?$AA@ 0000000180073758     bspline_inv.obj
 0002:00002770       ??_C@_0EE@FGAOHIEO@D?3?1Program?5Files?1MATLAB?1R2013b?1t@ 0000000180073770     bspline_inv.obj
 0002:000027b4       ??_C@_03LJAEFNNE@max?$AA@  00000001800737b4     bspline_inv.obj
 0002:000029d0       ??_C@_0FL@NLFBIDJL@D?3?1Program?5Files?1MATLAB?1R2013b?1t@ 00000001800739d0     pinv.obj
 0002:00002a30       ??_C@_0BC@NHLGMHAO@eml_refblas_xswap?$AA@ 0000000180073a30     pinv.obj
 0002:00002a50       ??_C@_0FJ@PPDADDAI@D?3?1Program?5Files?1MATLAB?1R2013b?1t@ 0000000180073a50     pinv.obj
 0002:00002ab0       ??_C@_0P@OOMFKGA@eml_blas_xswap?$AA@ 0000000180073ab0     pinv.obj
 0002:00002ac0       ??_C@_0FO@CPJAPFEH@D?3?1Program?5Files?1MATLAB?1R2013b?1t@ 0000000180073ac0     pinv.obj
 0002:00002b20       ??_C@_0BC@KFICGMOK@eml_lapack_xgesvd?$AA@ 0000000180073b20     pinv.obj
 0002:00002b40       ??_C@_0EO@GOLLFHN@D?3?1Program?5Files?1MATLAB?1R2013b?1t@ 0000000180073b40     pinv.obj
 0002:00002b90       ??_C@_0L@BEHAIEND@eml_xgesvd?$AA@ 0000000180073b90     pinv.obj
 0002:00002ba0       ??_C@_0ED@FFNBJMKM@D?3?1Program?5Files?1MATLAB?1R2013b?1t@ 0000000180073ba0     pinv.obj
 0002:00002be4       ??_C@_03PGNMJFNA@svd?$AA@  0000000180073be4     pinv.obj
 0002:00002bf0       ??_C@_0EE@PKNLINBD@D?3?1Program?5Files?1MATLAB?1R2013b?1t@ 0000000180073bf0     pinv.obj
 0002:00002c34       ??_C@_04LNANGIPO@pinv?$AA@ 0000000180073c34     pinv.obj
 0002:00002c40       __real@bff0000000000000    0000000180073c40     pinv.obj
 0002:00002c48       __real@3cb0000000000000    0000000180073c48     pinv.obj
 0002:00002c50       ??_C@_03BALCFKBP@val?$AA@  0000000180073c50     extension_api.obj
 0002:00002c54       ??_C@_00CNPNBAHC@?$AA@     0000000180073c54     extension_api.obj
 0002:00002c58       ??_C@_0O@JPLBBKMD@extension_api?$AA@ 0000000180073c58     extension_api.obj
 0002:00002c88       ??_C@_06BNJCAIGJ@double?$AA@ 0000000180073c88     extension_api.obj
 0002:00002c90       ??_C@_07FPJAODLL@Ref_lab?$AA@ 0000000180073c90     extension_api.obj
 0002:00002c98       ??_C@_07GBIONANG@Src_lab?$AA@ 0000000180073c98     extension_api.obj
 0002:00002ca0       ??_C@_03LOICLMIO@Sp2?$AA@  0000000180073ca0     extension_api.obj
 0002:00002ca8       ??_C@_0CF@OIONOIOI@EMLRT?3runTime?3TooManyOutputArgum@ 0000000180073ca8     extension_mex.obj
 0002:00002cd0       ??_C@_0CC@IMHDKEMC@EMLRT?3runTime?3WrongNumberOfInput@ 0000000180073cd0     extension_mex.obj
 0002:00002d00       ??_C@_0EN@INEGCLMI@?$FLILXE?$FN$matlabroot$?1toolbox?1eml?1l@ 0000000180073d00     _coder_extension_info.obj
 0002:00002d50       ??_C@_0EF@OACOOKJN@?$FLILXE?$FN$matlabroot$?1toolbox?1eml?1l@ 0000000180073d50     _coder_extension_info.obj
 0002:00002d98       ??_C@_0BA@OPOLJENJ@eml_blas_inline?$AA@ 0000000180073d98     _coder_extension_info.obj
 0002:00002da8       ??_C@_0DP@KKDHCFNH@?$FLILXE?$FN$matlabroot$?1toolbox?1eml?1l@ 0000000180073da8     _coder_extension_info.obj
 0002:00002df0       ??_C@_0EJ@ICIFOOJM@?$FLILXE?$FN$matlabroot$?1toolbox?1eml?1l@ 0000000180073df0     _coder_extension_info.obj
 0002:00002e40       ??_C@_0EC@EDKCHFKG@?$FLILXE?$FN$matlabroot$?1toolbox?1eml?1l@ 0000000180073e40     _coder_extension_info.obj
 0002:00002e88       ??_C@_0DP@JAKKLAFJ@?$FLILXE?$FN$matlabroot$?1toolbox?1eml?1l@ 0000000180073e88     _coder_extension_info.obj
 0002:00002ec8       ??_C@_0DG@PFPDNIHA@?$FLILXE?$FN$matlabroot$?1toolbox?1eml?1l@ 0000000180073ec8     _coder_extension_info.obj
 0002:00002f00       ??_C@_0DI@KHEKJDFK@?$FLILXE?$FN$matlabroot$?1toolbox?1eml?1l@ 0000000180073f00     _coder_extension_info.obj
 0002:00002f38       ??_C@_0DI@ECPGNJBG@?$FLILXE?$FN$matlabroot$?1toolbox?1eml?1l@ 0000000180073f38     _coder_extension_info.obj
 0002:00002f70       ??_C@_0DJ@LGGCAFOA@?$FLILXE?$FN$matlabroot$?1toolbox?1eml?1l@ 0000000180073f70     _coder_extension_info.obj
 0002:00002fb0       ??_C@_0DB@DJEPIMBD@?$FLE?$FNF?3?1Git?1correspondence?1matlab_@ 0000000180073fb0     _coder_extension_info.obj
 0002:00002fe4       ??_C@_06PBJBIPGK@struct?$AA@ 0000000180073fe4     _coder_extension_info.obj
 0002:00002ff0       ??_C@_0FA@NLJKFOCK@?$FLILXE?$FN$matlabroot$?1toolbox?1eml?1l@ 0000000180073ff0     _coder_extension_info.obj
 0002:00003040       ??_C@_0EF@MHCOAOPO@?$FLILXE?$FN$matlabroot$?1toolbox?1eml?1l@ 0000000180074040     _coder_extension_info.obj
 0002:00003088       ??_C@_0DH@LODENFNP@?$FLILXE?$FN$matlabroot$?1toolbox?1eml?1l@ 0000000180074088     _coder_extension_info.obj
 0002:000030c0       ??_C@_0EC@KCMPNKKM@?$FLILXE?$FN$matlabroot$?1toolbox?1eml?1l@ 00000001800740c0     _coder_extension_info.obj
 0002:00003110       ??_C@_0EJ@HLMHKLKO@?$FLIXE?$FN$matlabroot$?1toolbox?1shared@ 0000000180074110     _coder_extension_info.obj
 0002:00003160       ??_C@_0BI@LDCJGPIC@coder?4internal?4prodsize?$AA@ 0000000180074160     _coder_extension_info.obj
 0002:00003180       ??_C@_0ED@JIBDCDEA@?$FLILXE?$FN$matlabroot$?1toolbox?1eml?1l@ 0000000180074180     _coder_extension_info.obj
 0002:000031c8       ??_C@_0BD@PIJOPFN@eml_matrix_vstride?$AA@ 00000001800741c8     _coder_extension_info.obj
 0002:000031e0       ??_C@_0EL@PHDBKCJB@?$FLILXE?$FN$matlabroot$?1toolbox?1eml?1l@ 00000001800741e0     _coder_extension_info.obj
 0002:00003230       ??_C@_0BL@CDOFOJKC@eml_const_nonsingleton_dim?$AA@ 0000000180074230     _coder_extension_info.obj
 0002:00003250       ??_C@_0EM@LIFKDPLC@?$FLILXE?$FN$matlabroot$?1toolbox?1eml?1l@ 0000000180074250     _coder_extension_info.obj
 0002:000032a0       ??_C@_0DP@JHLGJKEB@?$FLILXE?$FN$matlabroot$?1toolbox?1eml?1l@ 00000001800742a0     _coder_extension_info.obj
 0002:000032e0       ??_C@_0DI@JIPJFLJ@?$FLILXE?$FN$matlabroot$?1toolbox?1eml?1l@ 00000001800742e0     _coder_extension_info.obj
 0002:00003318       ??_C@_0DD@JJLIFLEH@?$FLE?$FNF?3?1Git?1correspondence?1matlab_@ 0000000180074318     _coder_extension_info.obj
 0002:00003350       ??_C@_0EA@NHKEHCBE@?$FLILXE?$FN$matlabroot$?1toolbox?1eml?1l@ 0000000180074350     _coder_extension_info.obj
 0002:00003390       ??_C@_0BA@DCOEOBGC@eml_index_times?$AA@ 0000000180074390     _coder_extension_info.obj
 0002:000033a0       ??_C@_0DI@NOGOOKFE@?$FLILXE?$FN$matlabroot$?1toolbox?1eml?1l@ 00000001800743a0     _coder_extension_info.obj
 0002:000033d8       ??_C@_05LGCGPNNP@isnan?$AA@ 00000001800743d8     _coder_extension_info.obj
 0002:000033e0       ??_C@_0DK@NBBBHAFE@?$FLILXE?$FN$matlabroot$?1toolbox?1eml?1l@ 00000001800743e0     _coder_extension_info.obj
 0002:00003420       ??_C@_0BA@DMFOHEOD@function_handle?$AA@ 0000000180074420     _coder_extension_info.obj
 0002:00003430       ??_C@_0FC@LHGDBAGP@?$FLILXE?$FN$matlabroot$?1toolbox?1eml?1l@ 0000000180074430     _coder_extension_info.obj
 0002:00003488       ??_C@_0DM@LCLNINF@?$FLILXE?$FN$matlabroot$?1toolbox?1eml?1l@ 0000000180074488     _coder_extension_info.obj
 0002:000034d0       ??_C@_0EA@FCCELNDI@?$FLILXE?$FN$matlabroot$?1toolbox?1eml?1l@ 00000001800744d0     _coder_extension_info.obj
 0002:00003510       ??_C@_0BA@BIKOLOKP@eml_index_minus?$AA@ 0000000180074510     _coder_extension_info.obj
 0002:00003520       ??_C@_0EP@LONMACPJ@?$FLILXE?$FN$matlabroot$?1toolbox?1eml?1l@ 0000000180074520     _coder_extension_info.obj
 0002:00003570       ??_C@_0DP@KEPDCHIB@?$FLILXE?$FN$matlabroot$?1toolbox?1eml?1l@ 0000000180074570     _coder_extension_info.obj
 0002:000035b0       ??_C@_0P@DJHCLAEH@eml_index_plus?$AA@ 00000001800745b0     _coder_extension_info.obj
 0002:000035c0       ??_C@_0ED@MLNFPDEJ@?$FLILXE?$FN$matlabroot$?1toolbox?1eml?1l@ 00000001800745c0     _coder_extension_info.obj
 0002:00003608       ??_C@_0BD@CGBDIBJP@eml_unsigned_class?$AA@ 0000000180074608     _coder_extension_info.obj
 0002:00003620       ??_C@_0EA@IHBCIHBN@?$FLILXE?$FN$matlabroot$?1toolbox?1eml?1l@ 0000000180074620     _coder_extension_info.obj
 0002:00003660       ??_C@_0BA@NAKLLPJK@eml_size_ispow2?$AA@ 0000000180074660     _coder_extension_info.obj
 0002:00003670       ??_C@_0DN@NHPGMDIN@?$FLILXE?$FN$matlabroot$?1toolbox?1eml?1l@ 0000000180074670     _coder_extension_info.obj
 0002:000036b0       ??_C@_0DO@FIFFNPJ@?$FLILXE?$FN$matlabroot$?1toolbox?1eml?1l@ 00000001800746b0     _coder_extension_info.obj
 0002:000036f0       ??_C@_0O@DGEIFEHG@eml_scalar_eg?$AA@ 00000001800746f0     _coder_extension_info.obj
 0002:00003700       ??_C@_0DJ@PBLDDNNK@?$FLILXE?$FN$matlabroot$?1toolbox?1eml?1l@ 0000000180074700     _coder_extension_info.obj
 0002:0000373c       ??_C@_04ENMBGAPA@char?$AA@ 000000018007473c     _coder_extension_info.obj
 0002:00003744       ??_C@_06CFKOHMKF@intmax?$AA@ 0000000180074744     _coder_extension_info.obj
 0002:00003750       ??_C@_0ED@BIIMGNAK@?$FLILXE?$FN$matlabroot$?1toolbox?1eml?1l@ 0000000180074750     _coder_extension_info.obj
 0002:00003798       ??_C@_0BB@DKCPHGKF@eml_scalar_floor?$AA@ 0000000180074798     _coder_extension_info.obj
 0002:000037b0       ??_C@_0FB@CNDLNLEB@?$FLIXE?$FN$matlabroot$?1toolbox?1shared@ 00000001800747b0     _coder_extension_info.obj
 0002:00003808       ??_C@_0CA@GGIPMLJM@coder?4internal?4isBuiltInNumeric?$AA@ 0000000180074808     _coder_extension_info.obj
 0002:00003830       ??_C@_0EF@MJHDOJL@?$FLILXE?$FN$matlabroot$?1toolbox?1eml?1l@ 0000000180074830     _coder_extension_info.obj
 0002:00003878       ??_C@_0BI@MOBBIOAA@coder?4internal?4indexInt?$AA@ 0000000180074878     _coder_extension_info.obj
 0002:00003890       ??_C@_0BF@ILCPNKP@eml_assert_valid_dim?$AA@ 0000000180074890     _coder_extension_info.obj
 0002:000038b0       ??_C@_0EA@GLIAMHNI@?$FLILXE?$FN$matlabroot$?1toolbox?1eml?1l@ 00000001800748b0     _coder_extension_info.obj
 0002:000038f0       ??_C@_0BA@LGKKDMEL@eml_index_class?$AA@ 00000001800748f0     _coder_extension_info.obj
 0002:00003900       ??_C@_0EF@DODHNDBH@?$FLILXE?$FN$matlabroot$?1toolbox?1eml?1l@ 0000000180074900     _coder_extension_info.obj
 0002:00003948       ??_C@_0BF@IOBEHDOH@eml_nonsingleton_dim?$AA@ 0000000180074948     _coder_extension_info.obj
 0002:00003960       ??_C@_03ONJNNIPF@lhs?$AA@  0000000180074960     _coder_extension_info.obj
 0002:00003964       ??_C@_03FNFLPIFJ@rhs?$AA@  0000000180074964     _coder_extension_info.obj
 0002:00003968       ??_C@_0M@FMAJFPGC@mFileTimeHi?$AA@ 0000000180074968     _coder_extension_info.obj
 0002:00003978       ??_C@_0M@NFKFADI@mFileTimeLo?$AA@ 0000000180074978     _coder_extension_info.obj
 0002:00003988       ??_C@_0L@HMDKMKNA@fileTimeHi?$AA@ 0000000180074988     _coder_extension_info.obj
 0002:00003998       ??_C@_0L@CNGJMFIK@fileTimeLo?$AA@ 0000000180074998     _coder_extension_info.obj
 0002:000039a8       ??_C@_08CGJBBLIA@resolved?$AA@ 00000001800749a8     _coder_extension_info.obj
 0002:000039b8       ??_C@_0DJ@HLEGHGJC@?$FLILXE?$FN$matlabroot$?1toolbox?1eml?1l@ 00000001800749b8     _coder_extension_info.obj
 0002:000039f8       ??_C@_0N@IGLAPNJK@dominantType?$AA@ 00000001800749f8     _coder_extension_info.obj
 0002:00003a08       ??_C@_04MEMAJGDJ@name?$AA@ 0000000180074a08     _coder_extension_info.obj
 0002:00003a10       ??_C@_07JKKCBBMM@context?$AA@ 0000000180074a10     _coder_extension_info.obj
 0002:00003a18       ??_C@_0DJ@PACDDDAF@?$FLILXE?$FN$matlabroot$?1toolbox?1eml?1l@ 0000000180074a18     _coder_extension_info.obj
 0002:00003a60       ??_C@_0FH@BDMJPNAA@?$FLILXE?$FN$matlabroot$?1toolbox?1eml?1l@ 0000000180074a60     _coder_extension_info.obj
 0002:00003ac0       ??_C@_0FA@HLMNPFDP@?$FLILXE?$FN$matlabroot$?1toolbox?1eml?1l@ 0000000180074ac0     _coder_extension_info.obj
 0002:00003b10       ??_C@_0DL@FNMKLGPB@?$FLILXE?$FN$matlabroot$?1toolbox?1eml?1l@ 0000000180074b10     _coder_extension_info.obj
 0002:00003b50       ??_C@_08IPKEJGEO@ismatrix?$AA@ 0000000180074b50     _coder_extension_info.obj
 0002:00003b60       ??_C@_0EC@KKNBILAD@?$FLILXE?$FN$matlabroot$?1toolbox?1eml?1l@ 0000000180074b60     _coder_extension_info.obj
 0002:00003ba8       ??_C@_0DM@MODOKCIN@?$FLILXE?$FN$matlabroot$?1toolbox?1eml?1l@ 0000000180074ba8     _coder_extension_info.obj
 0002:00003be8       ??_C@_0M@FNOGJFKP@eml_tolower?$AA@ 0000000180074be8     _coder_extension_info.obj
 0002:00003bf8       ??_C@_0DI@JLDMKPND@?$FLILXE?$FN$matlabroot$?1toolbox?1eml?1l@ 0000000180074bf8     _coder_extension_info.obj
 0002:00003c30       ??_C@_0EP@CIFFBLGH@?$FLILXE?$FN$matlabroot$?1toolbox?1eml?1l@ 0000000180074c30     _coder_extension_info.obj
 0002:00003c80       ??_C@_0FD@FAKKKKHN@?$FLILXE?$FN$matlabroot$?1toolbox?1eml?1l@ 0000000180074c80     _coder_extension_info.obj
 0002:00003cd8       ??_C@_0DN@PMMHPPNL@?$FLILXE?$FN$matlabroot$?1toolbox?1eml?1l@ 0000000180074cd8     _coder_extension_info.obj
 0002:00003d18       ??_C@_0N@DLHLLFPN@eml_isa_uint?$AA@ 0000000180074d18     _coder_extension_info.obj
 0002:00003d30       ??_C@_0FD@PNHABOJM@?$FLILXE?$FN$matlabroot$?1toolbox?1eml?1l@ 0000000180074d30     _coder_extension_info.obj
 0002:00003d90       ??_C@_0EB@GIBPKMLK@?$FLILXE?$FN$matlabroot$?1toolbox?1eml?1l@ 0000000180074d90     _coder_extension_info.obj
 0002:00003dd8       ??_C@_0DG@DOKJOMGG@?$FLILXE?$FN$matlabroot$?1toolbox?1eml?1l@ 0000000180074dd8     _coder_extension_info.obj
 0002:00003e10       ??_C@_04DCGBOBJJ@int8?$AA@ 0000000180074e10     _coder_extension_info.obj
 0002:00003e18       ??_C@_0DP@FAONKOCI@?$FLILXE?$FN$matlabroot$?1toolbox?1eml?1l@ 0000000180074e18     _coder_extension_info.obj
 0002:00003e58       ??_C@_0M@IJDCEFD@eml_charmax?$AA@ 0000000180074e58     _coder_extension_info.obj
 0002:00003e70       ??_C@_0FH@OENNHMKO@?$FLILXE?$FN$matlabroot$?1toolbox?1eml?1l@ 0000000180074e70     _coder_extension_info.obj
 0002:00003ed0       ??_C@_0EP@HAOCELBK@?$FLILXE?$FN$matlabroot$?1toolbox?1eml?1l@ 0000000180074ed0     _coder_extension_info.obj
 0002:00003f20       ??_C@_0BM@KNFFDCAF@eml_assert_supported_string?$AA@ 0000000180074f20     _coder_extension_info.obj
 0002:00003f40       ??_C@_0EI@MMIJLIMP@?$FLILXE?$FN$matlabroot$?1toolbox?1eml?1l@ 0000000180074f40     _coder_extension_info.obj
 0002:00003f88       ??_C@_0BF@EKJJMABK@eml_string_transform?$AA@ 0000000180074f88     _coder_extension_info.obj
 0002:00003fa0       ??_C@_0DJ@MILKFJAB@?$FLILXE?$FN$matlabroot$?1toolbox?1eml?1l@ 0000000180074fa0     _coder_extension_info.obj
 0002:00003fdc       ??_C@_05NECKJAMC@upper?$AA@ 0000000180074fdc     _coder_extension_info.obj
 0002:00003ff0       ??_C@_0EG@JBOIBCA@?$FLILXE?$FN$matlabroot$?1toolbox?1eml?1l@ 0000000180074ff0     _coder_extension_info.obj
 0002:00004038       ??_C@_0DK@IOMHCPMJ@?$FLILXE?$FN$matlabroot$?1toolbox?1eml?1l@ 0000000180075038     _coder_extension_info.obj
 0002:00004078       ??_C@_0DG@HCMHEOMN@?$FLILXE?$FN$matlabroot$?1toolbox?1eml?1l@ 0000000180075078     _coder_extension_info.obj
 0002:000040b0       ??_C@_0FD@EANLMPBE@?$FLILXE?$FN$matlabroot$?1toolbox?1eml?1l@ 00000001800750b0     _coder_extension_info.obj
 0002:00004110       ??_C@_0FD@NJKBCEJH@?$FLILXE?$FN$matlabroot$?1toolbox?1eml?1l@ 0000000180075110     _coder_extension_info.obj
 0002:00004170       ??_C@_0EB@JMHDJNBF@?$FLILXE?$FN$matlabroot$?1toolbox?1eml?1l@ 0000000180075170     _coder_extension_info.obj
 0002:000041b8       ??_C@_0P@DEOLODNE@eml_scalar_abs?$AA@ 00000001800751b8     _coder_extension_info.obj
 0002:000041c8       ??_C@_0DN@GLKCEBOD@?$FLILXE?$FN$matlabroot$?1toolbox?1eml?1l@ 00000001800751c8     _coder_extension_info.obj
 0002:00004208       ??_C@_0DG@GPPKOLMK@?$FLILXE?$FN$matlabroot$?1toolbox?1eml?1l@ 0000000180075208     _coder_extension_info.obj
 0002:00004240       ??_C@_0EO@OCDIBMGI@?$FLIXE?$FN$matlabroot$?1toolbox?1shared@ 0000000180075240     _coder_extension_info.obj
 0002:00004290       ??_C@_0BN@EIMLBOBO@coder?4internal?4indexIntRelop?$AA@ 0000000180075290     _coder_extension_info.obj
 0002:000042b0       ??_C@_0EK@OCGHDCDA@?$FLILXE?$FN$matlabroot$?1toolbox?1eml?1l@ 00000001800752b0     _coder_extension_info.obj
 0002:00004300       ??_C@_0DJ@LELBHOFI@?$FLILXE?$FN$matlabroot$?1toolbox?1eml?1l@ 0000000180075300     _coder_extension_info.obj
 0002:0000433c       ??_C@_06DHCFJIMK@intmin?$AA@ 000000018007533c     _coder_extension_info.obj
 0002:00004350       ??_C@_0HF@KHPAKDPE@?$FLILXE?$FN$matlabroot$?1toolbox?1eml?1l@ 0000000180075350     _coder_extension_info.obj
 0002:000043d0       ??_C@_0EP@OJBJJOB@?$FLILXE?$FN$matlabroot$?1toolbox?1eml?1l@ 00000001800753d0     _coder_extension_info.obj
 0002:00004420       ??_C@_0EJ@MLHIMBFI@?$FLILXE?$FN$matlabroot$?1toolbox?1eml?1l@ 0000000180075420     _coder_extension_info.obj
 0002:00004470       ??_C@_0EB@NCIHPOOF@?$FLILXE?$FN$matlabroot$?1toolbox?1eml?1l@ 0000000180075470     _coder_extension_info.obj
 0002:000044b8       ??_C@_0DK@ENDCOJGF@?$FLILXE?$FN$matlabroot$?1toolbox?1eml?1l@ 00000001800754b8     _coder_extension_info.obj
 0002:000044f8       ??_C@_0DI@IHPGCDDP@?$FLILXE?$FN$matlabroot$?1toolbox?1eml?1l@ 00000001800754f8     _coder_extension_info.obj
 0002:00004530       ??_C@_0FN@HDPBNEGM@?$FLILXE?$FN$matlabroot$?1toolbox?1eml?1l@ 0000000180075530     _coder_extension_info.obj
 0002:00004590       ??_C@_0DI@KGCLANLB@?$FLE?$FNF?3?1Git?1correspondence?1matlab_@ 0000000180075590     _coder_extension_info.obj
 0002:000045d0       ??_C@_0EN@JGAKMILH@?$FLILXE?$FN$matlabroot$?1toolbox?1eml?1l@ 00000001800755d0     _coder_extension_info.obj
 0002:00004620       ??_C@_0FA@NDJMCNLE@?$FLILXE?$FN$matlabroot$?1toolbox?1eml?1l@ 0000000180075620     _coder_extension_info.obj
 0002:00004670       ??_C@_0FB@BNILGHPG@?$FLILXE?$FN$matlabroot$?1toolbox?1eml?1l@ 0000000180075670     _coder_extension_info.obj
 0002:000046d0       ??_C@_0EO@HPJBKFKG@?$FLILXE?$FN$matlabroot$?1toolbox?1eml?1l@ 00000001800756d0     _coder_extension_info.obj
 0002:00004720       ??_C@_0EE@IHNMKGA@?$FLILXE?$FN$matlabroot$?1toolbox?1eml?1l@ 0000000180075720     _coder_extension_info.obj
 0002:00004768       ??_C@_0DI@MFMFPDPI@?$FLILXE?$FN$matlabroot$?1toolbox?1eml?1l@ 0000000180075768     _coder_extension_info.obj
 0002:000047a0       ??_C@_0DM@ODIOOICP@?$FLILXE?$FN$matlabroot$?1toolbox?1eml?1l@ 00000001800757a0     _coder_extension_info.obj
 0002:000047e0       ??_C@_0DI@IEIPGFNC@?$FLILXE?$FN$matlabroot$?1toolbox?1eml?1l@ 00000001800757e0     _coder_extension_info.obj
 0002:00004818       ??_C@_05OIHEAIFD@isinf?$AA@ 0000000180075818     _coder_extension_info.obj
 0002:00004820       ??_C@_0EA@LAHNEJPA@?$FLILXE?$FN$matlabroot$?1toolbox?1eml?1l@ 0000000180075820     _coder_extension_info.obj
 0002:00004860       ??_C@_0BA@JIOKGPOE@eml_guarded_nan?$AA@ 0000000180075860     _coder_extension_info.obj
 0002:00004870       ??_C@_0DG@KPMKIFH@?$FLILXE?$FN$matlabroot$?1toolbox?1eml?1l@ 0000000180075870     _coder_extension_info.obj
 0002:000048a8       ??_C@_0DM@CINKAJFF@?$FLILXE?$FN$matlabroot$?1toolbox?1eml?1l@ 00000001800758a8     _coder_extension_info.obj
 0002:000048f0       ??_C@_0EF@PLGGKKOE@?$FLILXE?$FN$matlabroot$?1toolbox?1eml?1l@ 00000001800758f0     _coder_extension_info.obj
 0002:00004940       ??_C@_0FB@IHCHDAC@?$FLILXE?$FN$matlabroot$?1toolbox?1eml?1l@ 0000000180075940     _coder_extension_info.obj
 0002:00004998       ??_C@_0DK@JGMDEBEG@?$FLILXE?$FN$matlabroot$?1toolbox?1eml?1l@ 0000000180075998     _coder_extension_info.obj
 0002:000049d8       ??_C@_0DN@JCDMNMGI@?$FLILXE?$FN$matlabroot$?1toolbox?1eml?1l@ 00000001800759d8     _coder_extension_info.obj
 0002:00004a18       ??_C@_0DI@EMINNGDL@?$FLILXE?$FN$matlabroot$?1toolbox?1eml?1l@ 0000000180075a18     _coder_extension_info.obj
 0002:00004a50       ??_C@_0DP@HKLBKEGP@?$FLILXE?$FN$matlabroot$?1toolbox?1eml?1l@ 0000000180075a50     _coder_extension_info.obj
 0002:00004a90       ??_C@_0EK@JNKAINMC@?$FLILXE?$FN$matlabroot$?1toolbox?1eml?1l@ 0000000180075a90     _coder_extension_info.obj
 0002:00004ae0       ??_C@_0FD@KAPFKDKK@?$FLILXE?$FN$matlabroot$?1toolbox?1eml?1l@ 0000000180075ae0     _coder_extension_info.obj
 0002:00004b38       ??_C@_0DK@LNPLPIAF@?$FLILXE?$FN$matlabroot$?1toolbox?1eml?1l@ 0000000180075b38     _coder_extension_info.obj
 0002:00004b80       ??_C@_0EK@DAIIEKFK@?$FLILXE?$FN$matlabroot$?1toolbox?1eml?1l@ 0000000180075b80     _coder_extension_info.obj
 0002:00004bd0       ??_C@_0DM@CMPJFBOP@?$FLILXE?$FN$matlabroot$?1toolbox?1eml?1l@ 0000000180075bd0     _coder_extension_info.obj
 0002:00004c10       ??_C@_0EC@FOBJIPAB@?$FLILXE?$FN$matlabroot$?1toolbox?1eml?1l@ 0000000180075c10     _coder_extension_info.obj
 0002:00004c58       ??_C@_0BA@LOGEJEPK@eml_scalar_ceil?$AA@ 0000000180075c58     _coder_extension_info.obj
 0002:00004c68       ??_C@_0DH@EIIGMJDC@?$FLILXE?$FN$matlabroot$?1toolbox?1eml?1l@ 0000000180075c68     _coder_extension_info.obj
 0002:00004ca0       ??_C@_0DI@CBBPEDJC@?$FLE?$FNF?3?1Git?1correspondence?1matlab_@ 0000000180075ca0     _coder_extension_info.obj
 0002:00004ce0       ??_C@_0EB@HMOIANG@?$FLILXE?$FN$matlabroot$?1toolbox?1eml?1l@ 0000000180075ce0     _coder_extension_info.obj
 0002:00004d28       ??_C@_0P@DNMCPPDN@eml_scalar_sin?$AA@ 0000000180075d28     _coder_extension_info.obj
 0002:00004d38       ??_C@_0DG@PEEHPGAJ@?$FLILXE?$FN$matlabroot$?1toolbox?1eml?1l@ 0000000180075d38     _coder_extension_info.obj
 0002:00004d70       ??_C@_0EB@CJCLPIKP@?$FLILXE?$FN$matlabroot$?1toolbox?1eml?1l@ 0000000180075d70     _coder_extension_info.obj
 0002:00004db8       ??_C@_0P@JGDKLIAM@eml_scalar_cos?$AA@ 0000000180075db8     _coder_extension_info.obj
 0002:00004dc8       ??_C@_0DG@NKKCIOHA@?$FLILXE?$FN$matlabroot$?1toolbox?1eml?1l@ 0000000180075dc8     _coder_extension_info.obj
 0002:00004e00       ??_C@_07EIHKFOOB@logical?$AA@ 0000000180075e00     _coder_extension_info.obj
 0002:00004e10       ??_C@_0FH@FFMAOMLE@?$FLILXE?$FN$matlabroot$?1toolbox?1eml?1l@ 0000000180075e10     _coder_extension_info.obj
 0002:00004e70       ??_C@_0EP@JENFPCEE@?$FLILXE?$FN$matlabroot$?1toolbox?1eml?1l@ 0000000180075e70     _coder_extension_info.obj
 0002:00004ec0       ??_C@_0EO@DBKPJDKI@?$FLILXE?$FN$matlabroot$?1toolbox?1eml?1l@ 0000000180075ec0     _coder_extension_info.obj
 0002:00004f10       ??_C@_0EM@DFJIHNLP@?$FLILXE?$FN$matlabroot$?1toolbox?1eml?1l@ 0000000180075f10     _coder_extension_info.obj
 0002:00004f60       ??_C@_0DO@EGNHMIMO@?$FLILXE?$FN$matlabroot$?1toolbox?1eml?1l@ 0000000180075f60     _coder_extension_info.obj
 0002:00004fa0       ??_C@_0DP@MCBJJGKP@?$FLILXE?$FN$matlabroot$?1toolbox?1eml?1l@ 0000000180075fa0     _coder_extension_info.obj
 0002:00004fe0       ??_C@_0DJ@DMNFGGIL@?$FLILXE?$FN$matlabroot$?1toolbox?1eml?1l@ 0000000180075fe0     _coder_extension_info.obj
 0002:00005020       ??_C@_0EC@CJLCDIKC@?$FLILXE?$FN$matlabroot$?1toolbox?1eml?1l@ 0000000180076020     _coder_extension_info.obj
 0002:00005068       ??_C@_0BC@PDFPGFMJ@eml_index_rdivide?$AA@ 0000000180076068     _coder_extension_info.obj
 0002:00005080       ??_C@_0EG@LFGIANGD@?$FLILXE?$FN$matlabroot$?1toolbox?1eml?1l@ 0000000180076080     _coder_extension_info.obj
 0002:000050d0       ??_C@_0EA@BFEKENJA@?$FLILXE?$FN$matlabroot$?1toolbox?1eml?1l@ 00000001800760d0     _coder_extension_info.obj
 0002:00005110       ??_C@_0BA@PBHEJPIB@eml_float_model?$AA@ 0000000180076110     _coder_extension_info.obj
 0002:00005120       ??_C@_0DI@PBKCBADP@?$FLILXE?$FN$matlabroot$?1toolbox?1eml?1l@ 0000000180076120     _coder_extension_info.obj
 0002:00005158       ??_C@_07HBNJHBAD@eml_eps?$AA@ 0000000180076158     _coder_extension_info.obj
 0002:00005160       ??_C@_0ED@NGEOFMII@?$FLILXE?$FN$matlabroot$?1toolbox?1eml?1l@ 0000000180076160     _coder_extension_info.obj
 0002:000051a8       ??_C@_0BD@EACIBKCB@eml_is_float_class?$AA@ 00000001800761a8     _coder_extension_info.obj
 0002:000051c0       ??_C@_0DL@JMMGNODA@?$FLILXE?$FN$matlabroot$?1toolbox?1eml?1l@ 00000001800761c0     _coder_extension_info.obj
 0002:00005200       ??_C@_0DH@MKLJELI@?$FLILXE?$FN$matlabroot$?1toolbox?1eml?1l@ 0000000180076200     _coder_extension_info.obj
 0002:00005240       ??_C@_0EB@JGGFMEAJ@?$FLILXE?$FN$matlabroot$?1toolbox?1eml?1l@ 0000000180076240     _coder_extension_info.obj
 0002:00005288       ??_C@_0DI@OAFICDGG@?$FLILXE?$FN$matlabroot$?1toolbox?1eml?1l@ 0000000180076288     _coder_extension_info.obj
 0002:000052c0       ??_C@_0DF@NJDPBALC@?$FLE?$FNF?3?1Git?1correspondence?1matlab_@ 00000001800762c0     _coder_extension_info.obj
 0002:00005300       ??_C@_0FA@BCFOBJKC@?$FLILXE?$FN$matlabroot$?1toolbox?1eml?1l@ 0000000180076300     _coder_extension_info.obj
 0002:00005350       ??_C@_0EH@ELBOGDPJ@?$FLILXE?$FN$matlabroot$?1toolbox?1eml?1l@ 0000000180076350     _coder_extension_info.obj
 0002:000053a0       ??_C@_0EC@CDBNIKKB@?$FLILXE?$FN$matlabroot$?1toolbox?1eml?1l@ 00000001800763a0     _coder_extension_info.obj
 0002:000053e8       ??_C@_0BA@JDJHBHHI@eml_scalar_sqrt?$AA@ 00000001800763e8     _coder_extension_info.obj
 0002:000053f8       ??_C@_0DH@DFICMMJC@?$FLILXE?$FN$matlabroot$?1toolbox?1eml?1l@ 00000001800763f8     _coder_extension_info.obj
 0002:00005430       ??_C@_0EI@MNNOPPBG@?$FLILXE?$FN$matlabroot$?1toolbox?1eml?1l@ 0000000180076430     _coder_extension_info.obj
 0002:00005478       ??_C@_0DI@GANAMGFL@?$FLILXE?$FN$matlabroot$?1toolbox?1eml?1l@ 0000000180076478     _coder_extension_info.obj
 0002:000054b0       ??_C@_0EI@KICJGIAN@?$FLILXE?$FN$matlabroot$?1toolbox?1eml?1l@ 00000001800764b0     _coder_extension_info.obj
 0002:000054f8       ??_C@_0DI@EKCBMEAH@?$FLILXE?$FN$matlabroot$?1toolbox?1eml?1l@ 00000001800764f8     _coder_extension_info.obj
 0002:00005530       ??_C@_0DI@MHJOEFAF@?$FLILXE?$FN$matlabroot$?1toolbox?1eml?1l@ 0000000180076530     _coder_extension_info.obj
 0002:00005568       ??_C@_0DJ@HOLNKNFJ@?$FLILXE?$FN$matlabroot$?1toolbox?1eml?1l@ 0000000180076568     _coder_extension_info.obj
 0002:000055b0       ??_C@_0EP@JIKBBMHJ@?$FLILXE?$FN$matlabroot$?1toolbox?1eml?1l@ 00000001800765b0     _coder_extension_info.obj
 0002:00005600       ??_C@_0EN@BLHGKOFA@?$FLILXE?$FN$matlabroot$?1toolbox?1eml?1l@ 0000000180076600     _coder_extension_info.obj
 0002:00005650       ??_C@_0DP@DMAHKAEP@?$FLILXE?$FN$matlabroot$?1toolbox?1eml?1l@ 0000000180076650     _coder_extension_info.obj
 0002:00005690       ??_C@_0EP@JFACCOGF@?$FLILXE?$FN$matlabroot$?1toolbox?1eml?1l@ 0000000180076690     _coder_extension_info.obj
 0002:000056e0       ??_C@_0EN@BGNFJMEM@?$FLILXE?$FN$matlabroot$?1toolbox?1eml?1l@ 00000001800766e0     _coder_extension_info.obj
 0002:00005730       ??_C@_0DP@DBKEJCFD@?$FLILXE?$FN$matlabroot$?1toolbox?1eml?1l@ 0000000180076730     _coder_extension_info.obj
 0002:00005770       ??_C@_0DP@LHGLJOOM@?$FLILXE?$FN$matlabroot$?1toolbox?1eml?1l@ 0000000180076770     _coder_extension_info.obj
 0002:000057b0       ??_C@_0EP@DGBFEIEF@?$FLILXE?$FN$matlabroot$?1toolbox?1eml?1l@ 00000001800767b0     _coder_extension_info.obj
 0002:00005800       ??_C@_0EN@LFMCPKGM@?$FLILXE?$FN$matlabroot$?1toolbox?1eml?1l@ 0000000180076800     _coder_extension_info.obj
 0002:00005850       ??_C@_0DP@JCLDPEHD@?$FLILXE?$FN$matlabroot$?1toolbox?1eml?1l@ 0000000180076850     _coder_extension_info.obj
 0002:00005890       ??_C@_0DM@IBJBHDMD@?$FLILXE?$FN$matlabroot$?1toolbox?1eml?1l@ 0000000180076890     _coder_extension_info.obj
 0002:000058d0       ??_C@_0M@BEAOLJKK@eml_realmin?$AA@ 00000001800768d0     _coder_extension_info.obj
 0002:000058e0       ??_C@_0DK@LKBJFIMJ@?$FLILXE?$FN$matlabroot$?1toolbox?1eml?1l@ 00000001800768e0     _coder_extension_info.obj
 0002:00005920       ??_C@_07EHHIAKNC@realmin?$AA@ 0000000180076920     _coder_extension_info.obj
 0002:00005930       ??_C@_0EP@BGLEPBOF@?$FLILXE?$FN$matlabroot$?1toolbox?1eml?1l@ 0000000180076930     _coder_extension_info.obj
 0002:00005980       ??_C@_0EN@JFGDEDMM@?$FLILXE?$FN$matlabroot$?1toolbox?1eml?1l@ 0000000180076980     _coder_extension_info.obj
 0002:000059d0       ??_C@_0DP@LCBCENND@?$FLILXE?$FN$matlabroot$?1toolbox?1eml?1l@ 00000001800769d0     _coder_extension_info.obj
 0002:00005a10       ??_C@_0EP@DKNAOIDF@?$FLILXE?$FN$matlabroot$?1toolbox?1eml?1l@ 0000000180076a10     _coder_extension_info.obj
 0002:00005a60       ??_C@_0FC@KAGKIDFL@?$FLILXE?$FN$matlabroot$?1toolbox?1eml?1l@ 0000000180076a60     _coder_extension_info.obj
 0002:00005ac0       ??_C@_0EC@CEPHODGG@?$FLILXE?$FN$matlabroot$?1toolbox?1eml?1l@ 0000000180076ac0     _coder_extension_info.obj
 0002:00005b10       ??_C@_0EP@LEJNOAOP@?$FLILXE?$FN$matlabroot$?1toolbox?1eml?1l@ 0000000180076b10     _coder_extension_info.obj
 0002:00005b60       ??_C@_0EN@DHEKFCMG@?$FLILXE?$FN$matlabroot$?1toolbox?1eml?1l@ 0000000180076b60     _coder_extension_info.obj
 0002:00005bb0       ??_C@_0DP@BADLFMNJ@?$FLILXE?$FN$matlabroot$?1toolbox?1eml?1l@ 0000000180076bb0     _coder_extension_info.obj
 0002:00005bf0       ??_C@_0EO@OECAHCCO@?$FLILXE?$FN$matlabroot$?1toolbox?1eml?1l@ 0000000180076bf0     _coder_extension_info.obj
 0002:00005c40       ??_C@_0EM@OABHJMDJ@?$FLILXE?$FN$matlabroot$?1toolbox?1eml?1l@ 0000000180076c40     _coder_extension_info.obj
 0002:00005c90       ??_C@_0DO@JDFICJEI@?$FLILXE?$FN$matlabroot$?1toolbox?1eml?1l@ 0000000180076c90     _coder_extension_info.obj
 0002:00005cd0       ??_C@_0FN@JMEPLDJD@?$FLILXE?$FN$matlabroot$?1toolbox?1eml?1l@ 0000000180076cd0     _coder_extension_info.obj
 0002:00005d30       ??_C@_04PIMMHFGE@sort?$AA@ 0000000180076d30     _coder_extension_info.obj
 0002:00005d40       ??_C@_0FJ@NLDFBDAC@?$FLILXE?$FN$matlabroot$?1toolbox?1eml?1l@ 0000000180076d40     _coder_extension_info.obj
 0002:00005da0       ??_C@_0GG@OHNAOPF@?$FLIXE?$FN$matlabroot$?1toolbox?1shared@ 0000000180076da0     _coder_extension_info.obj
 0002:00005e10       ??_C@_0HB@PKGEOBOK@?$FLIXE?$FN$matlabroot$?1toolbox?1shared@ 0000000180076e10     _coder_extension_info.obj
 0002:00005e90       ??_C@_0EF@DPCDEFCH@?$FLILXE?$FN$matlabroot$?1toolbox?1eml?1l@ 0000000180076e90     _coder_extension_info.obj
 0002:00005ed8       ??_C@_0BF@NDLHKLNB@eml_is_integer_class?$AA@ 0000000180076ed8     _coder_extension_info.obj
 0002:00005ef0       ??_C@_0FF@HJMFBFKK@?$FLILXE?$FN$matlabroot$?1toolbox?1eml?1l@ 0000000180076ef0     _coder_extension_info.obj
 0002:00005f50       ??_C@_0FF@BHCOHPII@?$FLILXE?$FN$matlabroot$?1toolbox?1eml?1l@ 0000000180076f50     _coder_extension_info.obj
[...]
 0003:000005d0       th_emlrtRSI                00000001800795d0     extension_data.obj
 0003:000005e8       vh_emlrtRSI                00000001800795e8     extension_data.obj
 0003:00000600       wh_emlrtRSI                0000000180079600     extension_data.obj
 0003:00000618       xh_emlrtRSI                0000000180079618     extension_data.obj
 0003:00000630       yh_emlrtRSI                0000000180079630     extension_data.obj
 0003:00000648       ai_emlrtRSI                0000000180079648     extension_data.obj
 0003:00000660       bi_emlrtRSI                0000000180079660     extension_data.obj
 0003:00000678       ci_emlrtRSI                0000000180079678     extension_data.obj
 0003:00000690       di_emlrtRSI                0000000180079690     extension_data.obj
 0003:000006a8       ei_emlrtRSI                00000001800796a8     extension_data.obj
 0003:000006c0       fi_emlrtRSI                00000001800796c0     extension_data.obj
 0003:000006d8       gi_emlrtRSI                00000001800796d8     extension_data.obj
 0003:000006f0       hi_emlrtRSI                00000001800796f0     extension_data.obj
 0003:00000708       ii_emlrtRSI                0000000180079708     extension_data.obj
 0003:00000720       ji_emlrtRSI                0000000180079720     extension_data.obj
 0003:00000738       ki_emlrtRSI                0000000180079738     extension_data.obj
 0003:00000750       li_emlrtRSI                0000000180079750     extension_data.obj
 0003:00000768       mi_emlrtRSI                0000000180079768     extension_data.obj
 0003:00000780       ni_emlrtRSI                0000000180079780     extension_data.obj
 0003:00000798       ti_emlrtRSI                0000000180079798     extension_data.obj
 0003:000007b0       ui_emlrtRSI                00000001800797b0     extension_data.obj
 0003:000007c8       gj_emlrtRSI                00000001800797c8     extension_data.obj
 0003:000007e0       bk_emlrtRSI                00000001800797e0     extension_data.obj
 0003:000007f8       pk_emlrtRSI                00000001800797f8     extension_data.obj
 0003:00000810       qk_emlrtRSI                0000000180079810     extension_data.obj
 0003:00000828       rk_emlrtRSI                0000000180079828     extension_data.obj
 0003:00000840       sk_emlrtRSI                0000000180079840     extension_data.obj
 0003:00000858       tk_emlrtRSI                0000000180079858     extension_data.obj
 0003:00000870       uk_emlrtRSI                0000000180079870     extension_data.obj
 0003:00000888       bl_emlrtRSI                0000000180079888     extension_data.obj
 0003:000008a0       cl_emlrtRSI                00000001800798a0     extension_data.obj
 0003:000008b8       dl_emlrtRSI                00000001800798b8     extension_data.obj
 0003:000008d0       el_emlrtRSI                00000001800798d0     extension_data.obj
 0003:000008e8       fl_emlrtRSI                00000001800798e8     extension_data.obj
 0003:00000900       gl_emlrtRSI                0000000180079900     extension_data.obj
 0003:00000918       hl_emlrtRSI                0000000180079918     extension_data.obj
 0003:00000930       il_emlrtRSI                0000000180079930     extension_data.obj
 0003:00000948       jl_emlrtRSI                0000000180079948     extension_data.obj
 0003:00000960       sl_emlrtRSI                0000000180079960     extension_data.obj
 0003:00000978       tl_emlrtRSI                0000000180079978     extension_data.obj
 0003:00000990       lm_emlrtRSI                0000000180079990     extension_data.obj
 0003:000009a8       om_emlrtRSI                00000001800799a8     extension_data.obj
 0003:000009c0       pm_emlrtRSI                00000001800799c0     extension_data.obj
 0003:000009d8       qm_emlrtRSI                00000001800799d8     extension_data.obj
 0003:000009f0       rm_emlrtRSI                00000001800799f0     extension_data.obj
 0003:00000a08       sm_emlrtRSI                0000000180079a08     extension_data.obj
 0003:00000a20       tm_emlrtRSI                0000000180079a20     extension_data.obj
 0003:00000a38       um_emlrtRSI                0000000180079a38     extension_data.obj
 0003:00000a50       vm_emlrtRSI                0000000180079a50     extension_data.obj
 0003:00000a68       wm_emlrtRSI                0000000180079a68     extension_data.obj
 0003:00000a80       xm_emlrtRSI                0000000180079a80     extension_data.obj
 0003:00000a98       an_emlrtRSI                0000000180079a98     extension_data.obj
 0003:00000ab0       bn_emlrtRSI                0000000180079ab0     extension_data.obj
 0003:00000ac8       cn_emlrtRSI                0000000180079ac8     extension_data.obj
 0003:00000ae0       dn_emlrtRSI                0000000180079ae0     extension_data.obj
 0003:00000af8       en_emlrtRSI                0000000180079af8     extension_data.obj
 0003:00000b10       fn_emlrtRSI                0000000180079b10     extension_data.obj
 0003:00000b28       gn_emlrtRSI                0000000180079b28     extension_data.obj
 0003:00000b40       hn_emlrtRSI                0000000180079b40     extension_data.obj
 0003:00000b58       in_emlrtRSI                0000000180079b58     extension_data.obj
 0003:00000b70       jn_emlrtRSI                0000000180079b70     extension_data.obj
 0003:00000b88       kn_emlrtRSI                0000000180079b88     extension_data.obj
 0003:00000ba0       ln_emlrtRSI                0000000180079ba0     extension_data.obj
 0003:00000bb8       mn_emlrtRSI                0000000180079bb8     extension_data.obj
 0003:00000bd0       nn_emlrtRSI                0000000180079bd0     extension_data.obj
 0003:00000be8       on_emlrtRSI                0000000180079be8     extension_data.obj
 0003:00000c00       pn_emlrtRSI                0000000180079c00     extension_data.obj
 0003:00000c18       qn_emlrtRSI                0000000180079c18     extension_data.obj
 0003:00000c30       lo_emlrtRSI                0000000180079c30     extension_data.obj
 0003:00000c48       ss_emlrtRSI                0000000180079c48     extension_data.obj
 0003:00000c60       ts_emlrtRSI                0000000180079c60     extension_data.obj
 0003:00000c78       jv_emlrtRSI                0000000180079c78     extension_data.obj
 0003:00000c90       kv_emlrtRSI                0000000180079c90     extension_data.obj
 0003:00000ca8       lv_emlrtRSI                0000000180079ca8     extension_data.obj
 0003:00000cc0       mv_emlrtRSI                0000000180079cc0     extension_data.obj
 0003:00000cd8       nv_emlrtRSI                0000000180079cd8     extension_data.obj
 0003:00000cf0       ov_emlrtRSI                0000000180079cf0     extension_data.obj
 0003:00000d08       pv_emlrtRSI                0000000180079d08     extension_data.obj
 0003:00000d20       qv_emlrtRSI                0000000180079d20     extension_data.obj
 0003:00000d38       rv_emlrtRSI                0000000180079d38     extension_data.obj
 0003:00000d50       sv_emlrtRSI                0000000180079d50     extension_data.obj
 0003:00000d68       tv_emlrtRSI                0000000180079d68     extension_data.obj
 0003:00000d80       uv_emlrtRSI                0000000180079d80     extension_data.obj
 0003:00000d98       vv_emlrtRSI                0000000180079d98     extension_data.obj
 0003:00000db0       wv_emlrtRSI                0000000180079db0     extension_data.obj
 0003:00000dc8       xv_emlrtRSI                0000000180079dc8     extension_data.obj
 0003:00000de0       yv_emlrtRSI                0000000180079de0     extension_data.obj
 0003:00000df8       aw_emlrtRSI                0000000180079df8     extension_data.obj
 0003:00000e10       bw_emlrtRSI                0000000180079e10     extension_data.obj
 0003:00000e28       cw_emlrtRSI                0000000180079e28     extension_data.obj
 0003:00000e40       dw_emlrtRSI                0000000180079e40     extension_data.obj
 0003:00000e58       ew_emlrtRSI                0000000180079e58     extension_data.obj
 0003:00000e70       fw_emlrtRSI                0000000180079e70     extension_data.obj
 0003:00000e88       gw_emlrtRSI                0000000180079e88     extension_data.obj
 0003:00000ea0       hw_emlrtRSI                0000000180079ea0     extension_data.obj
 0003:00000eb8       iw_emlrtRSI                0000000180079eb8     extension_data.obj
 0003:00000ed0       jw_emlrtRSI                0000000180079ed0     extension_data.obj
 0003:00000ee8       kw_emlrtRSI                0000000180079ee8     extension_data.obj
 0003:00000f00       lw_emlrtRSI                0000000180079f00     extension_data.obj
 0003:00000f18       mw_emlrtRSI                0000000180079f18     extension_data.obj
 0003:00000f30       nw_emlrtRSI                0000000180079f30     extension_data.obj
 0003:00000f48       ow_emlrtRSI                0000000180079f48     extension_data.obj
 0003:00000f60       pw_emlrtRSI                0000000180079f60     extension_data.obj
 0003:00000f78       qw_emlrtRSI                0000000180079f78     extension_data.obj
 0003:00000f90       rw_emlrtRSI                0000000180079f90     extension_data.obj
 0003:00000fa8       sw_emlrtRSI                0000000180079fa8     extension_data.obj
 0003:00000fc0       tw_emlrtRSI                0000000180079fc0     extension_data.obj
 0003:00000fd8       uw_emlrtRSI                0000000180079fd8     extension_data.obj
 0003:00000ff0       vw_emlrtRSI                0000000180079ff0     extension_data.obj
 0003:00001008       ww_emlrtRSI                000000018007a008     extension_data.obj
 0003:00001020       xw_emlrtRSI                000000018007a020     extension_data.obj
 0003:00001038       yw_emlrtRSI                000000018007a038     extension_data.obj
 0003:00001050       ax_emlrtRSI                000000018007a050     extension_data.obj
 0003:00001068       bx_emlrtRSI                000000018007a068     extension_data.obj
 0003:00001080       cx_emlrtRSI                000000018007a080     extension_data.obj
 0003:00001098       dx_emlrtRSI                000000018007a098     extension_data.obj
 0003:000010b0       ex_emlrtRSI                000000018007a0b0     extension_data.obj
 0003:000010c8       fx_emlrtRSI                000000018007a0c8     extension_data.obj
 0003:000010e0       gx_emlrtRSI                000000018007a0e0     extension_data.obj
 0003:000010f8       hx_emlrtRSI                000000018007a0f8     extension_data.obj
 0003:00001110       ix_emlrtRSI                000000018007a110     extension_data.obj
 0003:00001128       jx_emlrtRSI                000000018007a128     extension_data.obj
 0003:00001140       kx_emlrtRSI                000000018007a140     extension_data.obj
 0003:00001158       lx_emlrtRSI                000000018007a158     extension_data.obj
 0003:00001170       mx_emlrtRSI                000000018007a170     extension_data.obj
 0003:00001188       nx_emlrtRSI                000000018007a188     extension_data.obj
 0003:000011a0       ox_emlrtRSI                000000018007a1a0     extension_data.obj
 0003:000011b8       px_emlrtRSI                000000018007a1b8     extension_data.obj
 0003:000011d0       qx_emlrtRSI                000000018007a1d0     extension_data.obj
 0003:000011e8       rx_emlrtRSI                000000018007a1e8     extension_data.obj
 0003:00001200       sx_emlrtRSI                000000018007a200     extension_data.obj
 0003:00001218       tx_emlrtRSI                000000018007a218     extension_data.obj
 0003:00001230       ux_emlrtRSI                000000018007a230     extension_data.obj
 0003:00001248       by_emlrtRSI                000000018007a248     extension_data.obj
 0003:00001260       cy_emlrtRSI                000000018007a260     extension_data.obj
 0003:00001278       dy_emlrtRSI                000000018007a278     extension_data.obj
 0003:00001290       ey_emlrtRSI                000000018007a290     extension_data.obj
 0003:000012a8       fy_emlrtRSI                000000018007a2a8     extension_data.obj
 0003:000012c0       gy_emlrtRSI                000000018007a2c0     extension_data.obj
 0003:000012d8       hy_emlrtRSI                000000018007a2d8     extension_data.obj
 0003:000012f0       qy_emlrtRSI                000000018007a2f0     extension_data.obj
 0003:00001308       c_emlrtMCI                 000000018007a308     extension_data.obj
 0003:00001320       d_emlrtMCI                 000000018007a320     extension_data.obj
 0003:00001338       e_emlrtMCI                 000000018007a338     extension_data.obj
 0003:00001350       f_emlrtMCI                 000000018007a350     extension_data.obj
 0003:00001368       g_emlrtMCI                 000000018007a368     extension_data.obj
 0003:00001380       h_emlrtMCI                 000000018007a380     extension_data.obj
 0003:00001398       i_emlrtMCI                 000000018007a398     extension_data.obj
 0003:000013b0       j_emlrtMCI                 000000018007a3b0     extension_data.obj
 0003:000013c8       r_emlrtMCI                 000000018007a3c8     extension_data.obj
 0003:000013e0       s_emlrtMCI                 000000018007a3e0     extension_data.obj
 0003:000013f8       t_emlrtMCI                 000000018007a3f8     extension_data.obj
 0003:00001410       u_emlrtMCI                 000000018007a410     extension_data.obj
 0003:00001428       v_emlrtMCI                 000000018007a428     extension_data.obj
 0003:00001440       w_emlrtMCI                 000000018007a440     extension_data.obj
 0003:00001458       l_emlrtRTEI                000000018007a458     extension_data.obj
 0003:00001470       n_emlrtRTEI                000000018007a470     extension_data.obj
 0003:00001488       p_emlrtRTEI                000000018007a488     extension_data.obj
 0003:000014a0       x_emlrtRTEI                000000018007a4a0     extension_data.obj
 0003:000014b8       hb_emlrtRTEI               000000018007a4b8     extension_data.obj
 0003:000014d0       fc_emlrtRTEI               000000018007a4d0     extension_data.obj
 0003:000014e8       gc_emlrtRTEI               000000018007a4e8     extension_data.obj
 0003:00001500       hc_emlrtRTEI               000000018007a500     extension_data.obj
 0003:00001518       ic_emlrtRTEI               000000018007a518     extension_data.obj
 0003:00001530       bd_emlrtRTEI               000000018007a530     extension_data.obj
 0003:00001548       sy_emlrtRSI                000000018007a548     extension_data.obj
 0003:00001560       ty_emlrtRSI                000000018007a560     extension_data.obj
 0003:00001578       vy_emlrtRSI                000000018007a578     extension_data.obj
 0003:00001590       wy_emlrtRSI                000000018007a590     extension_data.obj
 0003:000015a8       fab_emlrtRSI               000000018007a5a8     extension_data.obj
 0003:000015c0       gab_emlrtRSI               000000018007a5c0     extension_data.obj
 0003:000015d8       jab_emlrtRSI               000000018007a5d8     extension_data.obj
 0003:000015f0       kab_emlrtRSI               000000018007a5f0     extension_data.obj
 0003:000063c0       emlrtContextGlobal         000000018007f3c0     extension_mex.obj
 0003:00006400       __security_cookie          000000018007f400     MSVCRT:gs_cookie.obj
 0003:00006408       __security_cookie_complement 000000018007f408     MSVCRT:gs_cookie.obj
 0003:00006410       _fltused                   000000018007f410     MSVCRT:dllsupp.obj
 0003:00006420       __native_dllmain_reason    000000018007f420     MSVCRT:natstart.obj
 0003:00006424       __native_vcclrit_reason    000000018007f424     MSVCRT:natstart.obj
 0003:00006430       emlrtRootTLSGlobal         000000018007f430     extension_mex.obj
 0003:000069b0       ?__type_info_root_node@@3U__type_info_node@@A 000000018007f9b0     MSVCRT:tncleanup.obj
 0003:000069c0       emlrtBreakCheckR2012bFlagVar 000000018007f9c0     <common>
 0003:000069c8       __native_startup_state     000000018007f9c8     <common>
 0003:000069d0       __native_startup_lock      000000018007f9d0     <common>
 0003:000069d8       __onexitend                000000018007f9d8     <common>
 0003:000069e0       __onexitbegin              000000018007f9e0     <common>
 0003:000069e8       __dyn_tls_init_callback    000000018007f9e8     <common>

 entry point at        0001:0006f864

 Static symbols

 0001:00000180       eml_null_assignment        0000000180001180 f   extension.obj
 0001:0000fd90       b_eml_sort_le              0000000180010d90 f   sortrows.obj
 0001:0000fe70       eml_sort_idx               0000000180010e70 f   sortrows.obj
 0001:000105b0       b_eml_sort_idx             00000001800115b0 f   sortrows.obj
 0001:00010cd0       b_skip_to_last_equal_row   0000000180011cd0 f   eml_setop.obj
 0001:00010f30       relop_rows                 0000000180011f30 f   eml_setop.obj
 0001:00011190       skip_to_last_equal_row     0000000180012190 f   eml_setop.obj
 0001:0001a3d0       c_eml_xgemm                000000018001b3d0 f   bspline_inv.obj
 0001:00022c50       d_eml_xgemm                0000000180023c50 f   pinv.obj
 0001:00022d40       eml_xswap                  0000000180023d40 f   pinv.obj
 0001:00022ef0       eml_xgesvd                 0000000180023ef0 f   pinv.obj
 0001:00025ac0       eml_pinv                   0000000180026ac0 f   pinv.obj
 0001:000265e0       c_emlrt_marshallOut        00000001800275e0 f   extension_api.obj
 0001:000266b0       d_emlrt_marshallOut        00000001800276b0 f   extension_api.obj
 0001:00026ac0       l_emlrt_marshallIn         0000000180027ac0 f   extension_api.obj
 0001:00026bd0       b_emlrt_marshallOut        0000000180027bd0 f   extension_api.obj
 0001:00026e20       e_emlrt_marshallIn         0000000180027e20 f   extension_api.obj
 0001:00027380       b_emlrt_marshallIn         0000000180028380 f   extension_api.obj
 0001:000276f0       f_emlrt_marshallIn         00000001800286f0 f   extension_api.obj
 0001:00027de0       emxCopy_real_T             0000000180028de0 f   extension_emxutil.obj
 0001:00028570       b_emxExpand_struct_T       0000000180029570 f   extension_emxutil.obj
 0001:000286c0       b_emxTrim_struct_T         00000001800296c0 f   extension_emxutil.obj
 0001:00028790       emxExpand_struct_T         0000000180029790 f   extension_emxutil.obj
 0001:00028860       emxTrim_struct_T           0000000180029860 f   extension_emxutil.obj
 0001:00028b60       extension_mexFunction      0000000180029b60 f   extension_mex.obj
 0001:00028d30       b_emlrt_marshallOut        0000000180029d30 f   _coder_extension_info.obj
 0001:00028d90       b_info_helper              0000000180029d90 f   _coder_extension_info.obj
 0001:00031ea0       c_info_helper              0000000180032ea0 f   _coder_extension_info.obj
 0001:0003b4b0       d_info_helper              000000018003c4b0 f   _coder_extension_info.obj
 0001:00044ad0       e_info_helper              0000000180045ad0 f   _coder_extension_info.obj
 0001:0004e0e0       f_info_helper              000000018004f0e0 f   _coder_extension_info.obj
 0001:000576f0       g_info_helper              00000001800586f0 f   _coder_extension_info.obj
 0001:00060d00       h_info_helper              0000000180061d00 f   _coder_extension_info.obj
 0001:00065e70       info_helper                0000000180066e70 f   _coder_extension_info.obj
 0001:0006f46c       pre_c_init                 000000018007046c f   MSVCRT:crtdll.obj
 0001:0006f728       __DllMainCRTStartup        0000000180070728 f   MSVCRT:crtdll.obj
 0001:0006fd30       __DllMainCRTStartup$filt$0 0000000180070d30 f   MSVCRT:crtdll.obj
 0001:0006fd60       __DllMainCRTStartup$fin$1  0000000180070d60 f   MSVCRT:crtdll.obj
 0001:0006fd7a       _onexit$fin$0              0000000180070d7a f   MSVCRT:atonexit.obj
 0001:0006fda0       _IsNonwritableInCurrentImage$filt$0 0000000180070da0 f   MSVCRT:pesect.obj
