 extension_mex

 Timestamp is 571de02e (Mon Apr 25 17:15:26 2016)

 Preferred load address is 0000000180000000

 Start         Length     Name                   Class
 0001:00000000 00064b72H .text                   CODE
 0001:00064b80 00000092H .text$x                 CODE
 0002:00000000 000003a0H .idata$5                DATA
 0002:000003a0 00000008H .CRT$XCA                DATA
 0002:000003a8 00000008H .CRT$XCZ                DATA
 0002:000003b0 00000008H .CRT$XIA                DATA
 0002:000003b8 00000008H .CRT$XIAA               DATA
 0002:000003c0 00000008H .CRT$XIZ                DATA
 0002:000003d0 00005cd0H .rdata                  DATA
 0002:000060a0 00000008H .rtc$IAA                DATA
 0002:000060a8 00000008H .rtc$IZZ                DATA
 0002:000060b0 00000008H .rtc$TAA                DATA
 0002:000060b8 00000008H .rtc$TZZ                DATA
 0002:000060c0 00000d34H .xdata                  DATA
 0002:00006df4 0000008cH .idata$2                DATA
 0002:00006e80 00000014H .idata$3                DATA
 0002:00006e98 000003a0H .idata$4                DATA
 0002:00007238 00000958H .idata$6                DATA
 0002:00007b90 000000dfH .edata                  DATA
 0003:00000000 00005828H .data                   DATA
 0003:00005830 000005c0H .bss                    DATA
 0004:00000000 000008b8H .pdata                  DATA

  Address         Publics by Value              Rva+Base               Lib:Object

 0000:00000000       ___safe_se_handler_count   0000000000000000     <absolute>
 0000:00000000       ___safe_se_handler_table   0000000000000000     <absolute>
 0000:00000000       __ImageBase                0000000180000000     <linker-defined>
 0001:00000000       b_message                  0000000180001000 f   extension_mexutil.obj
 0001:00000050       error                      0000000180001050 f   extension_mexutil.obj
 0001:00000090       extension_initialize       0000000180001090 f   extension_initialize.obj
 0001:00000100       extension_atexit           0000000180001100 f   extension_terminate.obj
 0001:00000160       extension_terminate        0000000180001160 f   extension_terminate.obj
 0001:00000960       extension                  0000000180001960 f   extension.obj
 0001:00007290       b_floor                    0000000180008290 f   floor.obj
 0001:000072b0       c_floor                    00000001800082b0 f   floor.obj
 0001:00007310       b_abs                      0000000180008310 f   abs.obj
 0001:00007320       c_abs                      0000000180008320 f   abs.obj
 0001:000073d0       b_rdivide                  00000001800083d0 f   rdivide.obj
 0001:000074f0       c_rdivide                  00000001800084f0 f   rdivide.obj
 0001:00007590       d_rdivide                  0000000180008590 f   rdivide.obj
 0001:00007620       rdivide                    0000000180008620 f   rdivide.obj
 0001:00007630       e_repmat                   0000000180008630 f   repmat.obj
 0001:00007680       eml_assert_valid_size_arg  0000000180008680 f   repmat.obj
 0001:00007960       f_repmat                   0000000180008960 f   repmat.obj
 0001:000079f0       repmat                     00000001800089f0 f   repmat.obj
 0001:00007aa0       b_repmat                   0000000180008aa0 f   repmat.obj
 0001:00007c30       c_repmat                   0000000180008c30 f   repmat.obj
 0001:00007e30       d_repmat                   0000000180008e30 f   repmat.obj
 0001:00008030       check_forloop_overflow_error 0000000180009030 f   eml_int_forloop_overflow_check.obj
 0001:000081f0       bspline                    00000001800091f0 f   bspline.obj
 0001:0000b950       b_power                    000000018000c950 f   power.obj
 0001:0000ba40       c_power                    000000018000ca40 f   power.obj
 0001:0000ba50       d_power                    000000018000ca50 f   power.obj
 0001:0000ba60       e_power                    000000018000ca60 f   power.obj
 0001:0000baf0       power                      000000018000caf0 f   power.obj
 0001:0000c220       sortrows                   000000018000d220 f   sortrows.obj
 0001:0000ca60       b_sortrows                 000000018000da60 f   sortrows.obj
 0001:0000d480       b_do_rows                  000000018000e480 f   eml_setop.obj
 0001:0000de10       do_rows                    000000018000ee10 f   eml_setop.obj
 0001:0000ea00       eml_sort_le                000000018000fa00 f   issorted.obj
 0001:0000eb00       issorted                   000000018000fb00 f   issorted.obj
 0001:0000ed70       b_eml_error                000000018000fd70 f   eml_error.obj
 0001:0000edb0       c_eml_error                000000018000fdb0 f   eml_error.obj
 0001:0000edd0       d_eml_error                000000018000fdd0 f   eml_error.obj
 0001:0000edf0       e_eml_error                000000018000fdf0 f   eml_error.obj
 0001:0000ee10       eml_error                  000000018000fe10 f   eml_error.obj
 0001:0000ee30       b_bspline_single           000000018000fe30 f   bspline_single.obj
 0001:00010a50       bspline_single             0000000180011a50 f   bspline_single.obj
 0001:00012810       c_bspline_single           0000000180013810 f   bspline_single.obj
 0001:000143a0       b_sum                      00000001800153a0 f   sum.obj
 0001:000143b0       c_sum                      00000001800153b0 f   sum.obj
 0001:000145f0       sum                        00000001800155f0 f   sum.obj
 0001:00014660       b_cos                      0000000180015660 f   cos.obj
 0001:00014680       b_sin                      0000000180015680 f   sin.obj
 0001:000146a0       getPixelsValue             00000001800156a0 f   getPixelsValue.obj
 0001:000147e0       mean                       00000001800157e0 f   mean.obj
 0001:000148a0       b_std                      00000001800158a0 f   std.obj
 0001:00014a20       b_sqrt                     0000000180015a20 f   sqrt.obj
 0001:00014ac0       c_sqrt                     0000000180015ac0 f   sqrt.obj
 0001:00014c10       eml_xgemm                  0000000180015c10 f   bspline_inv.obj
 0001:00014cf0       bspline_inv                0000000180015cf0 f   bspline_inv.obj
 0001:00020360       pinv                       0000000180021360 f   pinv.obj
 0001:00021990       extension_api              0000000180022990 f   extension_api.obj
 0001:00021ce0       emxEnsureCapacity          0000000180022ce0 f   extension_emxutil.obj
 0001:00021de0       emxFreeStruct_struct_T     0000000180022de0 f   extension_emxutil.obj
 0001:00021de0       emxFree_boolean_T          0000000180022de0 f   extension_emxutil.obj
 0001:00021de0       emxFree_int32_T            0000000180022de0 f   extension_emxutil.obj
 0001:00021de0       emxFree_real_T             0000000180022de0 f   extension_emxutil.obj
 0001:00021e20       b_emxInit_int32_T          0000000180022e20 f   extension_emxutil.obj
 0001:00021e20       emxInit_int32_T            0000000180022e20 f   extension_emxutil.obj
 0001:00021e20       c_emxInit_real_T           0000000180022e20 f   extension_emxutil.obj
 0001:00021e20       emxInit_real_T             0000000180022e20 f   extension_emxutil.obj
 0001:00021e20       emxInit_boolean_T          0000000180022e20 f   extension_emxutil.obj
 0001:00021e20       b_emxInit_real_T           0000000180022e20 f   extension_emxutil.obj
 0001:00022150       b_emxCopyStruct_struct_T   0000000180023150 f   extension_emxutil.obj
 0001:000221a0       b_emxFreeStruct_struct_T   00000001800231a0 f   extension_emxutil.obj
 0001:00022220       b_emxFree_struct_T         0000000180023220 f   extension_emxutil.obj
 0001:00022350       b_emxInitStruct_struct_T   0000000180023350 f   extension_emxutil.obj
 0001:000223c0       b_emxInit_struct_T         00000001800233c0 f   extension_emxutil.obj
 0001:00022490       emxCopyStruct_struct_T     0000000180023490 f   extension_emxutil.obj
 0001:000224a0       emxFree_struct_T           00000001800234a0 f   extension_emxutil.obj
 0001:00022590       emxInitStruct_struct_T     0000000180023590 f   extension_emxutil.obj
 0001:000225b0       emxInit_struct_T           00000001800235b0 f   extension_emxutil.obj
 0001:00022a00       b_emxEnsureCapacity_struct_T 0000000180023a00 f   extension_emxutil.obj
 0001:00022b30       emxEnsureCapacity_struct_T 0000000180023b30 f   extension_emxutil.obj
 0001:00022dc0       extension_atexit_wrapper   0000000180023dc0 f   extension_mex.obj
 0001:00022df0       mexFunction                0000000180023df0 f   extension_mex.obj
 0001:00063de0       emlrtMexFcnResolvedFunctionsInfo 0000000180064de0 f   _coder_extension_info.obj
 0001:00063e70       emlrtMexFcnProperties      0000000180064e70 f   _coder_extension_info.obj
 0001:00063fe0       mxCreateString             0000000180064fe0 f   libmx:libmx.dll
 0001:00063fe6       mxCreateCharArray_700      0000000180064fe6 f   libmx:libmx.dll
 0001:00063fec       mxGetData                  0000000180064fec f   libmx:libmx.dll
 0001:00063ff2       mxCreateNumericMatrix_700  0000000180064ff2 f   libmx:libmx.dll
 0001:00063ff8       mxGetNaN                   0000000180064ff8 f   libmx:libmx.dll
 0001:00063ffe       mxGetPr                    0000000180064ffe f   libmx:libmx.dll
 0001:00064004       mxCreateNumericArray_700   0000000180065004 f   libmx:libmx.dll
 0001:0006400a       mxCreateStructArray_700    000000018006500a f   libmx:libmx.dll
 0001:00064010       mxSetDimensions_700        0000000180065010 f   libmx:libmx.dll
 0001:00064016       mxSetData                  0000000180065016 f   libmx:libmx.dll
 0001:0006401c       mxCreateStructMatrix_700   000000018006501c f   libmx:libmx.dll
 0001:00064022       mxCreateDoubleScalar       0000000180065022 f   libmx:libmx.dll
 0001:00064028       mxSetFieldByNumber_700     0000000180065028 f   libmx:libmx.dll
 0001:0006402e       mxCreateLogicalMatrix_700  000000018006502e f   libmx:libmx.dll
 0001:00064034       mexAtExit                  0000000180065034 f   libmex:libmex.dll
 0001:0006403a       emlrtCallMATLABR2012b      000000018006503a f   libemlrt:libemlrt.dll
 0001:00064040       emlrtFirstTimeR2012b       0000000180065040 f   libemlrt:libemlrt.dll
 0001:00064046       emlrtEnterRtStackR2012b    0000000180065046 f   libemlrt:libemlrt.dll
 0001:0006404c       emlrtClearAllocCountR2012b 000000018006504c f   libemlrt:libemlrt.dll
 0001:00064052       emlrtCreateRootTLS         0000000180065052 f   libemlrt:libemlrt.dll
 0001:00064058       emlrtGetBreakCheckFlagAddressR2012b 0000000180065058 f   libemlrt:libemlrt.dll
 0001:0006405e       emlrtDestroyRootTLS        000000018006505e f   libemlrt:libemlrt.dll
 0001:00064064       emlrtLeaveRtStackR2012b    0000000180065064 f   libemlrt:libemlrt.dll
 0001:0006406a       emlrtNonNegativeCheckR2012b 000000018006506a f   libemlrt:libemlrt.dll
 0001:00064070       emlrtAssign                0000000180065070 f   libemlrt:libemlrt.dll
 0001:00064076       emlrtHeapReferenceStackLeaveFcnR2012b 0000000180065076 f   libemlrt:libemlrt.dll
 0001:0006407c       emlrtInitCharArrayR2013a   000000018006507c f   libemlrt:libemlrt.dll
 0001:00064082       emlrtHeapReferenceStackEnterFcnR2012b 0000000180065082 f   libemlrt:libemlrt.dll
 0001:00064088       emlrtDimSizeEqCheckR2012b  0000000180065088 f   libemlrt:libemlrt.dll
 0001:0006408e       emlrtMatrixMatrixIndexCheckR2012b 000000018006508e f   libemlrt:libemlrt.dll
 0001:00064094       emlrtSizeEqCheck1DR2012b   0000000180065094 f   libemlrt:libemlrt.dll
 0001:0006409a       emlrtSizeEqCheckNDR2012b   000000018006509a f   libemlrt:libemlrt.dll
 0001:000640a0       emlrtBreakCheckR2012b      00000001800650a0 f   libemlrt:libemlrt.dll
 0001:000640a6       emlrtIntegerCheckR2012b    00000001800650a6 f   libemlrt:libemlrt.dll
 0001:000640ac       emlrtDynamicBoundsCheckR2012b 00000001800650ac f   libemlrt:libemlrt.dll
 0001:000640b2       emlrtErrorWithMessageIdR2012b 00000001800650b2 f   libemlrt:libemlrt.dll
 0001:000640b8       emlrtSubAssignSizeCheckR2012b 00000001800650b8 f   libemlrt:libemlrt.dll
 0001:000640be       emlrtAddField              00000001800650be f   libemlrt:libemlrt.dll
 0001:000640c4       emlrtDestroyArray          00000001800650c4 f   libemlrt:libemlrt.dll
 0001:000640ca       emlrtImportArrayR2011b     00000001800650ca f   libemlrt:libemlrt.dll
 0001:000640d0       emlrtCheckVsBuiltInR2012b  00000001800650d0 f   libemlrt:libemlrt.dll
 0001:000640d6       emlrtAlias                 00000001800650d6 f   libemlrt:libemlrt.dll
 0001:000640dc       emlrtGetFieldR2013a        00000001800650dc f   libemlrt:libemlrt.dll
 0001:000640e2       emlrtCheckVsStructR2012b   00000001800650e2 f   libemlrt:libemlrt.dll
 0001:000640e8       emlrtAliasP                00000001800650e8 f   libemlrt:libemlrt.dll
 0001:000640ee       emlrtFreeMex               00000001800650ee f   libemlrt:libemlrt.dll
 0001:000640f4       emlrtHeapAllocationErrorR2012b 00000001800650f4 f   libemlrt:libemlrt.dll
 0001:000640fa       emlrtCallocMex             00000001800650fa f   libemlrt:libemlrt.dll
 0001:00064100       emlrtSizeMulR2012b         0000000180065100 f   libemlrt:libemlrt.dll
 0001:00064106       emlrtPushHeapReferenceStackR2012b 0000000180065106 f   libemlrt:libemlrt.dll
 0001:0006410c       emlrtMallocMex             000000018006510c f   libemlrt:libemlrt.dll
 0001:00064112       emlrtReturnArrayR2009a     0000000180065112 f   libemlrt:libemlrt.dll
 0001:00064118       emlrtErrMsgIdAndTxt        0000000180065118 f   libemlrt:libemlrt.dll
 0001:0006411e       emlrtCreateCellArray       000000018006511e f   libemlrt:libemlrt.dll
 0001:00064124       emlrtNameCapturePostProcessR2013b 0000000180065124 f   libemlrt:libemlrt.dll
 0001:0006412a       dgemm                      000000018006512a f   libmwblas:libmwblas.dll
 0001:00064130       ddot                       0000000180065130 f   libmwblas:libmwblas.dll
 0001:00064136       daxpy                      0000000180065136 f   libmwblas:libmwblas.dll
 0001:0006413c       dnrm2                      000000018006513c f   libmwblas:libmwblas.dll
 0001:00064142       dscal                      0000000180065142 f   libmwblas:libmwblas.dll
 0001:00064148       drot                       0000000180065148 f   libmwblas:libmwblas.dll
 0001:0006414e       drotg                      000000018006514e f   libmwblas:libmwblas.dll
 0001:00064154       muDoubleScalarRound        0000000180065154 f   libmwmathutil:libmwmathutil.dll
 0001:0006415a       muDoubleScalarIsNaN        000000018006515a f   libmwmathutil:libmwmathutil.dll
 0001:00064160       muDoubleScalarFloor        0000000180065160 f   libmwmathutil:libmwmathutil.dll
 0001:00064166       muDoubleScalarAbs          0000000180065166 f   libmwmathutil:libmwmathutil.dll
 0001:0006416c       muDoubleScalarIsInf        000000018006516c f   libmwmathutil:libmwmathutil.dll
 0001:00064172       muDoubleScalarPower        0000000180065172 f   libmwmathutil:libmwmathutil.dll
 0001:00064178       muDoubleScalarCos          0000000180065178 f   libmwmathutil:libmwmathutil.dll
 0001:0006417e       muDoubleScalarSin          000000018006517e f   libmwmathutil:libmwmathutil.dll
 0001:00064184       muDoubleScalarSqrt         0000000180065184 f   libmwmathutil:libmwmathutil.dll
 0001:0006418a       muDoubleScalarMax          000000018006518a f   libmwmathutil:libmwmathutil.dll
 0001:00064190       muIntScalarMax_sint32      0000000180065190 f   libmwmathutil:libmwmathutil.dll
 0001:00064196       muIntScalarMin_sint32      0000000180065196 f   libmwmathutil:libmwmathutil.dll
 0001:0006419c       __GSHandlerCheckCommon     000000018006519c f   MSVCRT:gshandler.obj
 0001:00064200       __GSHandlerCheck           0000000180065200 f   MSVCRT:gshandler.obj
 0001:00064230       __security_check_cookie    0000000180065230 f   MSVCRT:amdsecgs.obj
 0001:00064260       __chkstk                   0000000180065260 f   MSVCRT:chkstk.obj
 0001:00064260       _alloca_probe              0000000180065260     MSVCRT:chkstk.obj
 0001:000642ae       memset                     00000001800652ae f   MSVCRT:MSVCR100.dll
 0001:000642b4       memcpy                     00000001800652b4 f   MSVCRT:MSVCR100.dll
 0001:0006431c       _CRT_INIT                  000000018006531c f   MSVCRT:crtdll.obj
 0001:000646b4       _DllMainCRTStartup         00000001800656b4 f   MSVCRT:crtdll.obj
 0001:000646f4       __report_gsfailure         00000001800656f4 f   MSVCRT:gs_report.obj
 0001:00064840       __clean_type_info_names    0000000180065840 f   MSVCRT:tncleanup.obj
 0001:0006484c       _onexit                    000000018006584c f   MSVCRT:atonexit.obj
 0001:000648fc       atexit                     00000001800658fc f   MSVCRT:atonexit.obj
 0001:00064914       _RTC_Initialize            0000000180065914 f   MSVCRT:_initsect_.obj
 0001:0006494c       _RTC_Terminate             000000018006594c f   MSVCRT:_initsect_.obj
 0001:00064990       _ValidateImageBase         0000000180065990 f   MSVCRT:pesect.obj
 0001:000649c0       _FindPESection             00000001800659c0 f   MSVCRT:pesect.obj
 0001:00064a10       _IsNonwritableInCurrentImage 0000000180065a10 f   MSVCRT:pesect.obj
 0001:00064a52       _initterm                  0000000180065a52 f   MSVCRT:MSVCR100.dll
 0001:00064a58       _initterm_e                0000000180065a58 f   MSVCRT:MSVCR100.dll
 0001:00064a5e       _amsg_exit                 0000000180065a5e f   MSVCRT:MSVCR100.dll
 0001:00064a64       __C_specific_handler       0000000180065a64 f   MSVCRT:MSVCR100.dll
 0001:00064a6a       __CppXcptFilter            0000000180065a6a f   MSVCRT:MSVCR100.dll
 0001:00064a70       DllMain                    0000000180065a70 f   MSVCRT:dllmain.obj
 0001:00064a94       __security_init_cookie     0000000180065a94 f   MSVCRT:gs_support.obj
 0001:00064b48       __crt_debugger_hook        0000000180065b48 f   MSVCRT:MSVCR100.dll
 0001:00064b4e       __clean_type_info_names_internal 0000000180065b4e f   MSVCRT:MSVCR100.dll
 0001:00064b54       _unlock                    0000000180065b54 f   MSVCRT:MSVCR100.dll
 0001:00064b5a       __dllonexit                0000000180065b5a f   MSVCRT:MSVCR100.dll
 0001:00064b60       _lock                      0000000180065b60 f   MSVCRT:MSVCR100.dll
 0001:00064b66       RtlVirtualUnwind           0000000180065b66 f   kernel32:KERNEL32.dll
 0001:00064b6c       RtlLookupFunctionEntry     0000000180065b6c f   kernel32:KERNEL32.dll
 0002:00000000       __imp_GetSystemTimeAsFileTime 0000000180066000     kernel32:KERNEL32.dll
 0002:00000008       __imp_GetCurrentProcessId  0000000180066008     kernel32:KERNEL32.dll
 0002:00000010       __imp_GetCurrentThreadId   0000000180066010     kernel32:KERNEL32.dll
 0002:00000018       __imp_GetTickCount         0000000180066018     kernel32:KERNEL32.dll
 0002:00000020       __imp_QueryPerformanceCounter 0000000180066020     kernel32:KERNEL32.dll
 0002:00000028       __imp_DisableThreadLibraryCalls 0000000180066028     kernel32:KERNEL32.dll
 0002:00000030       __imp_RtlCaptureContext    0000000180066030     kernel32:KERNEL32.dll
 0002:00000038       __imp_RtlLookupFunctionEntry 0000000180066038     kernel32:KERNEL32.dll
 0002:00000040       __imp_RtlVirtualUnwind     0000000180066040     kernel32:KERNEL32.dll
 0002:00000048       __imp_IsDebuggerPresent    0000000180066048     kernel32:KERNEL32.dll
 0002:00000050       __imp_SetUnhandledExceptionFilter 0000000180066050     kernel32:KERNEL32.dll
 0002:00000058       __imp_UnhandledExceptionFilter 0000000180066058     kernel32:KERNEL32.dll
 0002:00000060       __imp_GetCurrentProcess    0000000180066060     kernel32:KERNEL32.dll
 0002:00000068       __imp_TerminateProcess     0000000180066068     kernel32:KERNEL32.dll
 0002:00000070       __imp_DecodePointer        0000000180066070     kernel32:KERNEL32.dll
 0002:00000078       __imp_EncodePointer        0000000180066078     kernel32:KERNEL32.dll
 0002:00000080       __imp_Sleep                0000000180066080     kernel32:KERNEL32.dll
 0002:00000088       \177KERNEL32_NULL_THUNK_DATA 0000000180066088     kernel32:KERNEL32.dll
 0002:00000090       __imp__initterm            0000000180066090     MSVCRT:MSVCR100.dll
 0002:00000098       __imp_memcpy               0000000180066098     MSVCRT:MSVCR100.dll
 0002:000000a0       __imp_frexp                00000001800660a0     MSVCRT:MSVCR100.dll
 0002:000000a8       __imp_ldexp                00000001800660a8     MSVCRT:MSVCR100.dll
 0002:000000b0       __imp_memset               00000001800660b0     MSVCRT:MSVCR100.dll
 0002:000000b8       __imp__amsg_exit           00000001800660b8     MSVCRT:MSVCR100.dll
 0002:000000c0       __imp___C_specific_handler 00000001800660c0     MSVCRT:MSVCR100.dll
 0002:000000c8       __imp___CppXcptFilter      00000001800660c8     MSVCRT:MSVCR100.dll
 0002:000000d0       __imp___crt_debugger_hook  00000001800660d0     MSVCRT:MSVCR100.dll
 0002:000000d8       __imp___clean_type_info_names_internal 00000001800660d8     MSVCRT:MSVCR100.dll
 0002:000000e0       __imp__unlock              00000001800660e0     MSVCRT:MSVCR100.dll
 0002:000000e8       __imp___dllonexit          00000001800660e8     MSVCRT:MSVCR100.dll
 0002:000000f0       __imp__lock                00000001800660f0     MSVCRT:MSVCR100.dll
 0002:000000f8       __imp__onexit              00000001800660f8     MSVCRT:MSVCR100.dll
 0002:00000100       __imp__initterm_e          0000000180066100     MSVCRT:MSVCR100.dll
 0002:00000108       __imp_free                 0000000180066108     MSVCRT:MSVCR100.dll
 0002:00000110       __imp__malloc_crt          0000000180066110     MSVCRT:MSVCR100.dll
 0002:00000118       __imp__encoded_null        0000000180066118     MSVCRT:MSVCR100.dll
 0002:00000120       \177MSVCR100_NULL_THUNK_DATA 0000000180066120     MSVCRT:MSVCR100.dll
 0002:00000128       __imp_emlrtErrorWithMessageIdR2012b 0000000180066128     libemlrt:libemlrt.dll
 0002:00000130       __imp_emlrtSubAssignSizeCheckR2012b 0000000180066130     libemlrt:libemlrt.dll
 0002:00000138       __imp_emlrtAddField        0000000180066138     libemlrt:libemlrt.dll
 0002:00000140       __imp_emlrtDestroyArray    0000000180066140     libemlrt:libemlrt.dll
 0002:00000148       __imp_emlrtImportArrayR2011b 0000000180066148     libemlrt:libemlrt.dll
 0002:00000150       __imp_emlrtCheckVsBuiltInR2012b 0000000180066150     libemlrt:libemlrt.dll
 0002:00000158       __imp_emlrtAlias           0000000180066158     libemlrt:libemlrt.dll
 0002:00000160       __imp_emlrtDynamicBoundsCheckR2012b 0000000180066160     libemlrt:libemlrt.dll
 0002:00000168       __imp_emlrtCheckVsStructR2012b 0000000180066168     libemlrt:libemlrt.dll
 0002:00000170       __imp_emlrtAliasP          0000000180066170     libemlrt:libemlrt.dll
 0002:00000178       __imp_emlrtFreeMex         0000000180066178     libemlrt:libemlrt.dll
 0002:00000180       __imp_emlrtHeapAllocationErrorR2012b 0000000180066180     libemlrt:libemlrt.dll
 0002:00000188       __imp_emlrtCallocMex       0000000180066188     libemlrt:libemlrt.dll
 0002:00000190       __imp_emlrtSizeMulR2012b   0000000180066190     libemlrt:libemlrt.dll
 0002:00000198       __imp_emlrtPushHeapReferenceStackR2012b 0000000180066198     libemlrt:libemlrt.dll
 0002:000001a0       __imp_emlrtMallocMex       00000001800661a0     libemlrt:libemlrt.dll
 0002:000001a8       __imp_emlrtReturnArrayR2009a 00000001800661a8     libemlrt:libemlrt.dll
 0002:000001b0       __imp_emlrtErrMsgIdAndTxt  00000001800661b0     libemlrt:libemlrt.dll
 0002:000001b8       __imp_emlrtCreateCellArray 00000001800661b8     libemlrt:libemlrt.dll
 0002:000001c0       __imp_emlrtNameCapturePostProcessR2013b 00000001800661c0     libemlrt:libemlrt.dll
 0002:000001c8       __imp_emlrtCallMATLABR2012b 00000001800661c8     libemlrt:libemlrt.dll
 0002:000001d0       __imp_emlrtFirstTimeR2012b 00000001800661d0     libemlrt:libemlrt.dll
 0002:000001d8       __imp_emlrtEnterRtStackR2012b 00000001800661d8     libemlrt:libemlrt.dll
 0002:000001e0       __imp_emlrtClearAllocCountR2012b 00000001800661e0     libemlrt:libemlrt.dll
 0002:000001e8       __imp_emlrtGetFieldR2013a  00000001800661e8     libemlrt:libemlrt.dll
 0002:000001f0       __imp_emlrtCreateRootTLS   00000001800661f0     libemlrt:libemlrt.dll
 0002:000001f8       __imp_emlrtGetBreakCheckFlagAddressR2012b 00000001800661f8     libemlrt:libemlrt.dll
 0002:00000200       __imp_emlrtDestroyRootTLS  0000000180066200     libemlrt:libemlrt.dll
 0002:00000208       __imp_emlrtIntegerCheckR2012b 0000000180066208     libemlrt:libemlrt.dll
 0002:00000210       __imp_emlrtBreakCheckR2012b 0000000180066210     libemlrt:libemlrt.dll
 0002:00000218       __imp_emlrtSizeEqCheckNDR2012b 0000000180066218     libemlrt:libemlrt.dll
 0002:00000220       __imp_emlrtSizeEqCheck1DR2012b 0000000180066220     libemlrt:libemlrt.dll
 0002:00000228       __imp_emlrtMatrixMatrixIndexCheckR2012b 0000000180066228     libemlrt:libemlrt.dll
 0002:00000230       __imp_emlrtDimSizeEqCheckR2012b 0000000180066230     libemlrt:libemlrt.dll
 0002:00000238       __imp_emlrtHeapReferenceStackEnterFcnR2012b 0000000180066238     libemlrt:libemlrt.dll
 0002:00000240       __imp_emlrtInitCharArrayR2013a 0000000180066240     libemlrt:libemlrt.dll
 0002:00000248       __imp_emlrtHeapReferenceStackLeaveFcnR2012b 0000000180066248     libemlrt:libemlrt.dll
 0002:00000250       __imp_emlrtAssign          0000000180066250     libemlrt:libemlrt.dll
 0002:00000258       __imp_emlrtNonNegativeCheckR2012b 0000000180066258     libemlrt:libemlrt.dll
 0002:00000260       __imp_emlrtLeaveRtStackR2012b 0000000180066260     libemlrt:libemlrt.dll
 0002:00000268       \177libemlrt_NULL_THUNK_DATA 0000000180066268     libemlrt:libemlrt.dll
 0002:00000270       __imp_mexAtExit            0000000180066270     libmex:libmex.dll
 0002:00000278       \177libmex_NULL_THUNK_DATA 0000000180066278     libmex:libmex.dll
 0002:00000280       __imp_dnrm2                0000000180066280     libmwblas:libmwblas.dll
 0002:00000288       __imp_daxpy                0000000180066288     libmwblas:libmwblas.dll
 0002:00000290       __imp_ddot                 0000000180066290     libmwblas:libmwblas.dll
 0002:00000298       __imp_dgemm                0000000180066298     libmwblas:libmwblas.dll
 0002:000002a0       __imp_drot                 00000001800662a0     libmwblas:libmwblas.dll
 0002:000002a8       __imp_drotg                00000001800662a8     libmwblas:libmwblas.dll
 0002:000002b0       __imp_dscal                00000001800662b0     libmwblas:libmwblas.dll
 0002:000002b8       \177libmwblas_NULL_THUNK_DATA 00000001800662b8     libmwblas:libmwblas.dll
 0002:000002c0       __imp_muIntScalarMin_sint32 00000001800662c0     libmwmathutil:libmwmathutil.dll
 0002:000002c8       __imp_muIntScalarMax_sint32 00000001800662c8     libmwmathutil:libmwmathutil.dll
 0002:000002d0       __imp_muDoubleScalarMax    00000001800662d0     libmwmathutil:libmwmathutil.dll
 0002:000002d8       __imp_muDoubleScalarSqrt   00000001800662d8     libmwmathutil:libmwmathutil.dll
 0002:000002e0       __imp_muDoubleScalarSin    00000001800662e0     libmwmathutil:libmwmathutil.dll
 0002:000002e8       __imp_muDoubleScalarCos    00000001800662e8     libmwmathutil:libmwmathutil.dll
 0002:000002f0       __imp_muDoubleScalarPower  00000001800662f0     libmwmathutil:libmwmathutil.dll
 0002:000002f8       __imp_muDoubleScalarIsInf  00000001800662f8     libmwmathutil:libmwmathutil.dll
 0002:00000300       __imp_muDoubleScalarAbs    0000000180066300     libmwmathutil:libmwmathutil.dll
 0002:00000308       __imp_muDoubleScalarFloor  0000000180066308     libmwmathutil:libmwmathutil.dll
 0002:00000310       __imp_muDoubleScalarIsNaN  0000000180066310     libmwmathutil:libmwmathutil.dll
 0002:00000318       __imp_muDoubleScalarRound  0000000180066318     libmwmathutil:libmwmathutil.dll
 0002:00000320       \177libmwmathutil_NULL_THUNK_DATA 0000000180066320     libmwmathutil:libmwmathutil.dll
 0002:00000328       __imp_mxCreateLogicalMatrix_700 0000000180066328     libmx:libmx.dll
 0002:00000330       __imp_mxSetFieldByNumber_700 0000000180066330     libmx:libmx.dll
 0002:00000338       __imp_mxCreateDoubleScalar 0000000180066338     libmx:libmx.dll
 0002:00000340       __imp_mxCreateStructMatrix_700 0000000180066340     libmx:libmx.dll
 0002:00000348       __imp_mxSetData            0000000180066348     libmx:libmx.dll
 0002:00000350       __imp_mxSetDimensions_700  0000000180066350     libmx:libmx.dll
 0002:00000358       __imp_mxCreateStructArray_700 0000000180066358     libmx:libmx.dll
 0002:00000360       __imp_mxCreateNumericArray_700 0000000180066360     libmx:libmx.dll
 0002:00000368       __imp_mxGetPr              0000000180066368     libmx:libmx.dll
 0002:00000370       __imp_mxGetNaN             0000000180066370     libmx:libmx.dll
 0002:00000378       __imp_mxCreateNumericMatrix_700 0000000180066378     libmx:libmx.dll
 0002:00000380       __imp_mxGetData            0000000180066380     libmx:libmx.dll
 0002:00000388       __imp_mxCreateCharArray_700 0000000180066388     libmx:libmx.dll
 0002:00000390       __imp_mxCreateString       0000000180066390     libmx:libmx.dll
 0002:00000398       \177libmx_NULL_THUNK_DATA  0000000180066398     libmx:libmx.dll
 0002:000003a0       __xc_a                     00000001800663a0     MSVCRT:cinitexe.obj
 0002:000003a8       __xc_z                     00000001800663a8     MSVCRT:cinitexe.obj
 0002:000003b0       __xi_a                     00000001800663b0     MSVCRT:cinitexe.obj
 0002:000003c0       __xi_z                     00000001800663c0     MSVCRT:cinitexe.obj
 0002:000003d0       ??_C@_07ONPBMBOP@message?$AA@ 00000001800663d0     extension_mexutil.obj
 0002:000003d8       ??_C@_05KKCIMGE@error?$AA@ 00000001800663d8     extension_mexutil.obj
 0002:000003e0       ??_C@_0EL@EEJPKOHC@D?3?1Program?5Files?1MATLAB?1R2013b?1t@ 00000001800663e0     extension_data.obj
 0002:00000430       ??_C@_09BNIPEHJD@eml_xswap?$AA@ 0000000180066430     extension_data.obj
 0002:00000440       ??_C@_0EJ@KEHKBPGI@D?3?1Program?5Files?1MATLAB?1R2013b?1t@ 0000000180066440     extension_data.obj
 0002:00000490       ??_C@_08IHKMCIJJ@sortrows?$AA@ 0000000180066490     extension_data.obj
 0002:000004a0       ??_C@_0EL@COBFFGME@D?3?1Program?5Files?1MATLAB?1R2013b?1t@ 00000001800664a0     extension_data.obj
 0002:000004f0       ??_C@_0P@JNIGDCNL@eml_index_prod?$AA@ 00000001800664f0     extension_data.obj
 0002:00000500       ??_C@_0FK@JIDEOHPI@D?3?1Program?5Files?1MATLAB?1R2013b?1t@ 0000000180066500     extension_data.obj
 0002:00000560       ??_C@_0BB@HGCMOCGE@eml_refblas_xrot?$AA@ 0000000180066560     extension_data.obj
 0002:00000580       ??_C@_0FI@ENCHNCAL@D?3?1Program?5Files?1MATLAB?1R2013b?1t@ 0000000180066580     extension_data.obj
 0002:000005d8       ??_C@_0O@PKOLFAIN@eml_blas_xrot?$AA@ 00000001800665d8     extension_data.obj
 0002:000005f0       ??_C@_0EK@OJPNKLLO@D?3?1Program?5Files?1MATLAB?1R2013b?1t@ 00000001800665f0     extension_data.obj
 0002:00000640       ??_C@_08PFGOPFJF@eml_xrot?$AA@ 0000000180066640     extension_data.obj
 0002:00000650       ??_C@_0FL@PHGNHPAN@D?3?1Program?5Files?1MATLAB?1R2013b?1t@ 0000000180066650     extension_data.obj
 0002:000006b0       ??_C@_0BC@GABFHEMD@eml_refblas_xrotg?$AA@ 00000001800666b0     extension_data.obj
 0002:000006d0       ??_C@_0FJ@NDAMMPJO@D?3?1Program?5Files?1MATLAB?1R2013b?1t@ 00000001800666d0     extension_data.obj
 0002:00000730       ??_C@_0P@LJEPOJKN@eml_blas_xrotg?$AA@ 0000000180066730     extension_data.obj
 0002:00000740       ??_C@_0EL@GIKDFCOE@D?3?1Program?5Files?1MATLAB?1R2013b?1t@ 0000000180066740     extension_data.obj
 0002:00000790       ??_C@_09KKCMPEFO@eml_xrotg?$AA@ 0000000180066790     extension_data.obj
 0002:000007a0       ??_C@_0FL@PKMOENBB@D?3?1Program?5Files?1MATLAB?1R2013b?1t@ 00000001800667a0     extension_data.obj
 0002:00000800       ??_C@_0BC@FJNDGBLE@eml_refblas_xaxpy?$AA@ 0000000180066800     extension_data.obj
 0002:00000820       ??_C@_0FJ@NOKPPNIC@D?3?1Program?5Files?1MATLAB?1R2013b?1t@ 0000000180066820     extension_data.obj
 0002:00000880       ??_C@_0P@IAIJPMNK@eml_blas_xaxpy?$AA@ 0000000180066880     extension_data.obj
 0002:00000890       ??_C@_0EL@GFAAGAPI@D?3?1Program?5Files?1MATLAB?1R2013b?1t@ 0000000180066890     extension_data.obj
 0002:000008e0       ??_C@_09JDOKOBCJ@eml_xaxpy?$AA@ 00000001800668e0     extension_data.obj
 0002:000008f0       ??_C@_0EL@ODMPGMEH@D?3?1Program?5Files?1MATLAB?1R2013b?1t@ 00000001800668f0     extension_data.obj
 0002:00000940       ??_C@_09CBOAFDHI@eml_xdotc?$AA@ 0000000180066940     extension_data.obj
 0002:00000950       ??_C@_0FL@FJNJCLDB@D?3?1Program?5Files?1MATLAB?1R2013b?1t@ 0000000180066950     extension_data.obj
 0002:000009b0       ??_C@_0BC@OOLKFKJL@eml_refblas_xscal?$AA@ 00000001800669b0     extension_data.obj
 0002:000009d0       ??_C@_0FJ@HNLIJLKC@D?3?1Program?5Files?1MATLAB?1R2013b?1t@ 00000001800669d0     extension_data.obj
 0002:00000a30       ??_C@_0P@DHOAMHPF@eml_blas_xscal?$AA@ 0000000180066a30     extension_data.obj
 0002:00000a40       ??_C@_0EL@MGBHAGNI@D?3?1Program?5Files?1MATLAB?1R2013b?1t@ 0000000180066a40     extension_data.obj
 0002:00000a90       ??_C@_09CEIDNKAG@eml_xscal?$AA@ 0000000180066a90     extension_data.obj
 0002:00000aa0       ??_C@_0FL@HJHIJCJB@D?3?1Program?5Files?1MATLAB?1R2013b?1t@ 0000000180066aa0     extension_data.obj
 0002:00000b00       ??_C@_0BC@LDENLAOM@eml_refblas_xnrm2?$AA@ 0000000180066b00     extension_data.obj
 0002:00000b20       ??_C@_0FJ@FNBJCCAC@D?3?1Program?5Files?1MATLAB?1R2013b?1t@ 0000000180066b20     extension_data.obj
 0002:00000b80       ??_C@_0P@GKBHCNIC@eml_blas_xnrm2?$AA@ 0000000180066b80     extension_data.obj
 0002:00000b90       ??_C@_0EL@OGLGLPHI@D?3?1Program?5Files?1MATLAB?1R2013b?1t@ 0000000180066b90     extension_data.obj
 0002:00000be0       ??_C@_09HJHEDAHB@eml_xnrm2?$AA@ 0000000180066be0     extension_data.obj
 0002:00000bf0       ??_C@_0EG@LCDHGJIL@D?3?1Program?5Files?1MATLAB?1R2013b?1t@ 0000000180066bf0     extension_data.obj
 0002:00000c38       ??_C@_09NODCPLED@eml_relop?$AA@ 0000000180066c38     extension_data.obj
 0002:00000c50       ??_C@_0FL@FFBMILEB@D?3?1Program?5Files?1MATLAB?1R2013b?1t@ 0000000180066c50     extension_data.obj
 0002:00000cb0       ??_C@_0BB@NPNGANKF@eml_matlab_zsvdc?$AA@ 0000000180066cb0     extension_data.obj
 0002:00000cd0       ??_C@_0EN@MMMHFMFD@D?3?1Program?5Files?1MATLAB?1R2013b?1t@ 0000000180066cd0     extension_data.obj
 0002:00000d20       ??_C@_0BB@PACNMNAE@eml_isequal_core?$AA@ 0000000180066d20     extension_data.obj
 0002:00000d40       ??_C@_0EG@COBEPALK@D?3?1Program?5Files?1MATLAB?1R2013b?1t@ 0000000180066d40     extension_data.obj
 0002:00000d88       ??_C@_07MIMONDDE@isequal?$AA@ 0000000180066d88     extension_data.obj
 0002:00000d90       ??_C@_0ED@GMPIMEIG@D?3?1Program?5Files?1MATLAB?1R2013b?1t@ 0000000180066d90     extension_data.obj
 0002:00000dd4       ??_C@_04EIAKFFMI@sqrt?$AA@ 0000000180066dd4     extension_data.obj
 0002:00000de0       ??_C@_0EE@FAKCGKHC@D?3?1Program?5Files?1MATLAB?1R2013b?1t@ 0000000180066de0     extension_data.obj
 0002:00000e24       ??_C@_03MEPDGFMA@var?$AA@  0000000180066e24     extension_data.obj
 0002:00000e30       ??_C@_0EE@JNHFINEK@D?3?1Program?5Files?1MATLAB?1R2013b?1t@ 0000000180066e30     extension_data.obj
 0002:00000e74       ??_C@_03CFFIJAMA@sum?$AA@  0000000180066e74     extension_data.obj
 0002:00000e80       ??_C@_0EF@FOMIKLEE@D?3?1Program?5Files?1MATLAB?1R2013b?1t@ 0000000180066e80     extension_data.obj
 0002:00000ec8       ??_C@_04OGOMFLBB@mean?$AA@ 0000000180066ec8     extension_data.obj
 0002:00000ed0       ??_C@_0EI@EODCEDNJ@D?3?1Program?5Files?1MATLAB?1R2013b?1t@ 0000000180066ed0     extension_data.obj
 0002:00000f18       ??_C@_0M@LOJNOHOD@eml_li_find?$AA@ 0000000180066f18     extension_data.obj
 0002:00000f30       ??_C@_0EF@BMKAGAJG@D?3?1Program?5Files?1MATLAB?1R2013b?1t@ 0000000180066f30     extension_data.obj
 0002:00000f78       ??_C@_06HDIFKNJO@repmat?$AA@ 0000000180066f78     extension_data.obj
 0002:00000f80       ??_C@_0EC@DNHCPFHF@D?3?1Program?5Files?1MATLAB?1R2013b?1t@ 0000000180066f80     extension_data.obj
 0002:00000fc4       ??_C@_03BLEJJJBH@sin?$AA@  0000000180066fc4     extension_data.obj
 0002:00000fd0       ??_C@_0EC@BDJHINAM@D?3?1Program?5Files?1MATLAB?1R2013b?1t@ 0000000180066fd0     extension_data.obj
 0002:00001014       ??_C@_03LALBNOCG@cos?$AA@  0000000180067014     extension_data.obj
 0002:00001020       ??_C@_0FL@PLBJJBDA@D?3?1Program?5Files?1MATLAB?1R2013b?1t@ 0000000180067020     extension_data.obj
 0002:00001080       ??_C@_0BC@ECOPBIHP@eml_refblas_xdotx?$AA@ 0000000180067080     extension_data.obj
 0002:000010a0       ??_C@_0FK@ENLLAGHO@D?3?1Program?5Files?1MATLAB?1R2013b?1t@ 00000001800670a0     extension_data.obj
 0002:00001100       ??_C@_0BB@DFOOKCH@eml_refblas_xdot?$AA@ 0000000180067100     extension_data.obj
 0002:00001120       ??_C@_0FI@JIKIDDIN@D?3?1Program?5Files?1MATLAB?1R2013b?1t@ 0000000180067120     extension_data.obj
 0002:00001178       ??_C@_0O@IPJJFIMO@eml_blas_xdot?$AA@ 0000000180067178     extension_data.obj
 0002:00001190       ??_C@_0FA@CDEDNHCH@D?3?1Program?5Files?1MATLAB?1R2013b?1t@ 0000000180067190     extension_data.obj
 0002:000011e0       ??_C@_0BE@BNDDFGBF@eml_null_assignment?$AA@ 00000001800671e0     extension_data.obj
 0002:00001200       ??_C@_0EI@IBEFPKBJ@D?3?1Program?5Files?1MATLAB?1R2013b?1t@ 0000000180067200     extension_data.obj
 0002:00001248       ??_C@_0M@EFMCECBG@eml_sort_lt?$AA@ 0000000180067248     extension_data.obj
 0002:00001260       ??_C@_0EC@MDMJKLCL@D?3?1Program?5Files?1MATLAB?1R2013b?1t@ 0000000180067260     extension_data.obj
 0002:000012a4       ??_C@_03ICKAGFLH@eps?$AA@  00000001800672a4     extension_data.obj
 0002:000012b0       ??_C@_0EI@EKBBBLGD@D?3?1Program?5Files?1MATLAB?1R2013b?1t@ 00000001800672b0     extension_data.obj
 0002:000012f8       ??_C@_0M@KCJMAIDO@eml_safe_eq?$AA@ 00000001800672f8     extension_data.obj
 0002:00001310       ??_C@_0EG@ONOBDGBG@D?3?1Program?5Files?1MATLAB?1R2013b?1t@ 0000000180067310     extension_data.obj
 0002:00001358       ??_C@_09IAMDFHJG@eml_setop?$AA@ 0000000180067358     extension_data.obj
 0002:00001370       ??_C@_0EC@PHJMOPBK@D?3?1Program?5Files?1MATLAB?1R2013b?1t@ 0000000180067370     extension_data.obj
 0002:000013b4       ??_C@_05BCDKEBLL@colon?$AA@ 00000001800673b4     extension_data.obj
 0002:000013c0       ??_C@_0FL@GBFNPKJF@D?3?1Program?5Files?1MATLAB?1R2013b?1t@ 00000001800673c0     extension_data.obj
 0002:00001420       ??_C@_0BC@EOLAPMCA@eml_refblas_xgemm?$AA@ 0000000180067420     extension_data.obj
 0002:00001440       ??_C@_0FJ@EFDMEKAG@D?3?1Program?5Files?1MATLAB?1R2013b?1t@ 0000000180067440     extension_data.obj
 0002:000014a0       ??_C@_0P@JHOKGBEO@eml_blas_xgemm?$AA@ 00000001800674a0     extension_data.obj
 0002:000014b0       ??_C@_0EL@POJDNHHM@D?3?1Program?5Files?1MATLAB?1R2013b?1t@ 00000001800674b0     extension_data.obj
 0002:00001500       ??_C@_09IEIJHMLN@eml_xgemm?$AA@ 0000000180067500     extension_data.obj
 0002:00001510       ??_C@_0ED@OHEONNML@D?3?1Program?5Files?1MATLAB?1R2013b?1t@ 0000000180067510     extension_data.obj
 0002:00001554       ??_C@_06PCBFLGP@mtimes?$AA@ 0000000180067554     extension_data.obj
 0002:00001560       ??_C@_0EC@DMMGNLAM@D?3?1Program?5Files?1MATLAB?1R2013b?1t@ 0000000180067560     extension_data.obj
 0002:000015a4       ??_C@_05PLIADJJL@power?$AA@ 00000001800675a4     extension_data.obj
 0002:000015b0       ??_C@_0FG@POMOGJMD@D?3?1Program?5Files?1MATLAB?1R2013b?1t@ 00000001800675b0     extension_data.obj
 0002:00001608       ??_C@_08FAALJPNL@prodsize?$AA@ 0000000180067608     extension_data.obj
 0002:00001620       ??_C@_0EL@MDBCGIOK@D?3?1Program?5Files?1MATLAB?1R2013b?1t@ 0000000180067620     extension_data.obj
 0002:00001670       ??_C@_0P@PAOJKEOI@eml_min_or_max?$AA@ 0000000180067670     extension_data.obj
 0002:00001680       ??_C@_0EE@BDAMDLMM@D?3?1Program?5Files?1MATLAB?1R2013b?1t@ 0000000180067680     extension_data.obj
 0002:000016c4       ??_C@_03KLIPLJLL@min?$AA@  00000001800676c4     extension_data.obj
 0002:000016d0       ??_C@_0FL@NBBAGBIN@D?3?1Program?5Files?1MATLAB?1R2013b?1t@ 00000001800676d0     extension_data.obj
 0002:00001730       ??_C@_0BP@OEONONCM@eml_int_forloop_overflow_check?$AA@ 0000000180067730     extension_data.obj
 0002:00001750       ??_C@_0EF@FLDDHAIP@D?3?1Program?5Files?1MATLAB?1R2013b?1t@ 0000000180067750     extension_data.obj
 0002:00001798       ??_C@_08DEDDHLOF@eml_sort?$AA@ 0000000180067798     extension_data.obj
 0002:000017b0       ??_C@_0EI@GJOAMKOD@D?3?1Program?5Files?1MATLAB?1R2013b?1t@ 00000001800677b0     extension_data.obj
 0002:000017f8       ??_C@_0M@BGBLGBAG@eml_sort_le?$AA@ 00000001800677f8     extension_data.obj
 0002:00001810       ??_C@_0FL@BGPLNOJI@D?3?1Program?5Files?1MATLAB?1R2013b?1t@ 0000000180067810     extension_data.obj
 0002:00001870       ??_C@_0O@LFDEJHKC@indexIntRelop?$AA@ 0000000180067870     extension_data.obj
 0002:00001880       ??_C@_0FG@EMKGHNEE@D?3?1Program?5Files?1MATLAB?1R2013b?1t@ 0000000180067880     extension_data.obj
 0002:000018d8       ??_C@_0BK@POIJPMHI@eml_assert_valid_size_arg?$AA@ 00000001800678d8     extension_data.obj
 0002:00001900       ??_C@_0EE@HKFDGICO@D?3?1Program?5Files?1MATLAB?1R2013b?1t@ 0000000180067900     extension_data.obj
 0002:00001948       ??_C@_07KHOFHKNM@eml_div?$AA@ 0000000180067948     extension_data.obj
 0002:00001950       ??_C@_0EE@FIHFHHGD@D?3?1Program?5Files?1MATLAB?1R2013b?1t@ 0000000180067950     extension_data.obj
 0002:00001998       ??_C@_07EDECNBOH@rdivide?$AA@ 0000000180067998     extension_data.obj
 0002:000019a0       ??_C@_0EF@JGBHADPN@D?3?1Program?5Files?1MATLAB?1R2013b?1t@ 00000001800679a0     extension_data.obj
 0002:000019e8       ??_C@_08GNEFHMND@mrdivide?$AA@ 00000001800679e8     extension_data.obj
 0002:00001a00       ??_C@_0EC@KGMPOILG@D?3?1Program?5Files?1MATLAB?1R2013b?1t@ 0000000180067a00     extension_data.obj
 0002:00001a44       ??_C@_03BCGAIFPO@abs?$AA@  0000000180067a44     extension_data.obj
 0002:00001a50       ??_C@_0EE@LNMJDNCP@D?3?1Program?5Files?1MATLAB?1R2013b?1t@ 0000000180067a50     extension_data.obj
 0002:00001a94       ??_C@_05PBJFFIGL@floor?$AA@ 0000000180067a94     extension_data.obj
 0002:00001aa0       ??_C@_0EH@IKMJDHGM@D?3?1Program?5Files?1MATLAB?1R2013b?1t@ 0000000180067aa0     extension_data.obj
 0002:00001ae8       ??_C@_08CHCKEDFL@isfinite?$AA@ 0000000180067ae8     extension_data.obj
 0002:00001af4       ??_C@_06DEFEOALK@Sp_new?$AA@ 0000000180067af4     extension.obj
 0002:00001b00       ??_C@_0L@EGFICFNL@superpixel?$AA@ 0000000180067b00     extension.obj
 0002:00001b10       ??_C@_0P@FKGCNBBI@single_ref_set?$AA@ 0000000180067b10     extension.obj
 0002:00001b20       ??_C@_05OLLLNAFN@omega?$AA@ 0000000180067b20     extension.obj
 0002:00001b28       ??_C@_01CBDEGOCN@j?$AA@    0000000180067b28     extension.obj
 0002:00001b30       ??_C@_0M@OBAPPIEN@bspline_set?$AA@ 0000000180067b30     extension.obj
 0002:00001b3c       ??_C@_06HCLHAFKH@sp_set?$AA@ 0000000180067b3c     extension.obj
 0002:00001b50       ??_C@_0EE@NPEGFNIN@D?3?1Program?5Files?1MATLAB?1R2013b?1t@ 0000000180067b50     extension.obj
 0002:00001b98       ??_C@_07KEFOIIMH@setdiff?$AA@ 0000000180067b98     extension.obj
 0002:00001ba0       ??_C@_0EC@LLPCENLB@D?3?1Program?5Files?1MATLAB?1R2013b?1t@ 0000000180067ba0     extension.obj
 0002:00001be4       ??_C@_05MNALHJLP@union?$AA@ 0000000180067be4     extension.obj
 0002:00001bf0       ??_C@_0EO@IANDIMLH@D?3?1Program?5Files?1MATLAB?1R2013b?1t@ 0000000180067bf0     extension.obj
 0002:00001c40       ??_C@_0BC@KFDFJODE@eml_matrix_npages?$AA@ 0000000180067c40     extension.obj
 0002:00001c58       ??_C@_0CO@LILHLDOI@F?3?1Git?1correspondence?1matlab_cod@ 0000000180067c58     extension.obj
 0002:00001c88       ??_C@_09ODADEDNA@extension?$AA@ 0000000180067c88     extension.obj
 0002:00001d68       ??_C@_0BC@DHBLDLOI@Assertion?5failed?4?$AA@ 0000000180067d68     extension.obj
 0002:00001d80       __real@4024000000000000    0000000180067d80     extension.obj
 0002:00001d88       __real@3feccccccccccccd    0000000180067d88     extension.obj
 0002:00001d90       __real@416312d000000000    0000000180067d90     extension.obj
 0002:00001d98       __real@3fb9999999999998    0000000180067d98     extension.obj
 0002:00001da0       __mask@@NegDouble@         0000000180067da0     extension.obj
 0002:00001db0       __real@c1e0000000000000    0000000180067db0     extension.obj
 0002:00001db8       __real@41e0000000000000    0000000180067db8     extension.obj
 0002:00001dc0       __real@3fb657184ae74487    0000000180067dc0     extension.obj
 0002:00001dc8       __real@4014000000000000    0000000180067dc8     extension.obj
 0002:00001dd0       __real@3ff0000000000000    0000000180067dd0     extension.obj
 0002:00001dd8       __real@403e000000000000    0000000180067dd8     rdivide.obj
 0002:00001e30       __real@41dfffffffc00000    0000000180067e30     repmat.obj
 0002:00001e38       __real@4018000000000000    0000000180067e38     repmat.obj
 0002:00001e40       __real@4010000000000000    0000000180067e40     repmat.obj
 0002:00001e48       __real@4000000000000000    0000000180067e48     repmat.obj
 0002:00001e50       __real@4008000000000000    0000000180067e50     repmat.obj
 0002:00001ea8       ??_C@_0N@EIEDKOI@param_matrix?$AA@ 0000000180067ea8     bspline.obj
 0002:00001eb8       ??_C@_01EANLCPLP@y?$AA@    0000000180067eb8     bspline.obj
 0002:00001ebc       ??_C@_01FJMABOPO@x?$AA@    0000000180067ebc     bspline.obj
 0002:00001ec0       ??_C@_01FHEEJDEE@A?$AA@    0000000180067ec0     bspline.obj
 0002:00001ec4       ??_C@_02IPBLADKF@Ay?$AA@   0000000180067ec4     bspline.obj
 0002:00001ec8       ??_C@_02JGAADCOE@Ax?$AA@   0000000180067ec8     bspline.obj
 0002:00001ecc       ??_C@_03LOJEKLML@src?$AA@  0000000180067ecc     bspline.obj
 0002:00001ed0       ??_C@_05PFKAILG@bound?$AA@ 0000000180067ed0     bspline.obj
 0002:00001ed8       ??_C@_0CM@COBCLLKG@F?3?1Git?1correspondence?1matlab_cod@ 0000000180067ed8     bspline.obj
 0002:00001f08       ??_C@_07JOJOBLCK@bspline?$AA@ 0000000180067f08     bspline.obj
 0002:00001f78       ??_C@_0DO@PCBINGDL@EMLRT?3runTime?3RepeatedExprWithDi@ 0000000180067f78     bspline.obj
 0002:00001fc0       ??_C@_0EO@GBLOCDLN@D?3?1Program?5Files?1MATLAB?1R2013b?1t@ 0000000180067fc0     power.obj
 0002:00002010       ??_C@_0BC@JEELAMCJ@eml_scalexp_alloc?$AA@ 0000000180068010     power.obj
 0002:00002030       ??_C@_0EJ@BICOJNAG@D?3?1Program?5Files?1MATLAB?1R2013b?1t@ 0000000180068030     sortrows.obj
 0002:00002080       ??_C@_0N@DIIPNHKP@eml_sort_idx?$AA@ 0000000180068080     sortrows.obj
 0002:000020c0       __real@0010000000000000    00000001800680c0     eml_setop.obj
 0002:000020c8       __real@0000000000000001    00000001800680c8     eml_setop.obj
 0002:000020d0       ??_C@_0EJ@FNOEICOD@D?3?1Program?5Files?1MATLAB?1R2013b?1t@ 00000001800680d0     issorted.obj
 0002:00002120       ??_C@_08MHAJBOOI@issorted?$AA@ 0000000180068120     issorted.obj
 0002:00002130       ??_C@_0EG@PFOFFIJJ@D?3?1Program?5Files?1MATLAB?1R2013b?1t@ 0000000180068130     eml_error.obj
 0002:00002178       ??_C@_09JANBMANM@eml_error?$AA@ 0000000180068178     eml_error.obj
 0002:00002188       ??_C@_0BP@KBACPONM@Coder?3toolbox?3ElFunDomainError?$AA@ 0000000180068188     eml_error.obj
 0002:000021a8       ??_C@_0CC@PHBEIKAA@Coder?3MATLAB?3svd_matrixWithNaNIn@ 00000001800681a8     eml_error.obj
 0002:000021d0       ??_C@_0BP@KGHOLAIN@Coder?3MATLAB?3svd_NoConvergence?$AA@ 00000001800681d0     eml_error.obj
 0002:000021f0       ??_C@_0CI@BHGKFKAI@Coder?3toolbox?3reshape_emptyResha@ 00000001800681f0     eml_error.obj
 0002:00002218       ??_C@_0CG@DAMLLMLI@Coder?3toolbox?3eml_setop_unsorted@ 0000000180068218     eml_error.obj
 0002:00002240       ??_C@_0EK@DMHCEKDI@D?3?1Program?5Files?1MATLAB?1R2013b?1t@ 0000000180068240     bspline_single.obj
 0002:00002290       ??_C@_08IABMPNNG@eml_xdot?$AA@ 0000000180068290     bspline_single.obj
 0002:000022a0       ??_C@_0EL@JGLNGEAE@D?3?1Program?5Files?1MATLAB?1R2013b?1t@ 00000001800682a0     bspline_single.obj
 0002:000022f0       ??_C@_09DNHIOGKP@eml_xdotu?$AA@ 00000001800682f0     bspline_single.obj
 0002:00002300       ??_C@_0DD@MAFEDOPP@F?3?1Git?1correspondence?1matlab_cod@ 0000000180068300     bspline_single.obj
 0002:00002338       ??_C@_0P@JGLMEFBC@bspline_single?$AA@ 0000000180068338     bspline_single.obj
 0002:00002660       ??_C@_0DD@EHGAHANM@F?3?1Git?1correspondence?1matlab_cod@ 0000000180068660     getPixelsValue.obj
 0002:00002698       ??_C@_0P@HIKJAFDG@getPixelsValue?$AA@ 0000000180068698     getPixelsValue.obj
 0002:000026a8       ??_C@_03PCCGDNHJ@img?$AA@  00000001800686a8     getPixelsValue.obj
 0002:000026b0       __real@4048800000000000    00000001800686b0     mean.obj
 0002:000026c0       ??_C@_0EE@NNBNOLHA@D?3?1Program?5Files?1MATLAB?1R2013b?1t@ 00000001800686c0     std.obj
 0002:00002704       ??_C@_03PFFIEBLO@std?$AA@  0000000180068704     std.obj
 0002:00002708       __real@4048000000000000    0000000180068708     std.obj
 0002:00002710       ??_C@_0EG@NONNOBNK@D?3?1Program?5Files?1MATLAB?1R2013b?1t@ 0000000180068710     bspline_inv.obj
 0002:00002758       ??_C@_07EGDDPBAO@reshape?$AA@ 0000000180068758     bspline_inv.obj
 0002:00002760       ??_C@_0DA@FOHBPLNB@F?3?1Git?1correspondence?1matlab_cod@ 0000000180068760     bspline_inv.obj
 0002:00002790       ??_C@_0M@OAMIMCNF@bspline_inv?$AA@ 0000000180068790     bspline_inv.obj
 0002:000027a0       ??_C@_0EE@FGAOHIEO@D?3?1Program?5Files?1MATLAB?1R2013b?1t@ 00000001800687a0     bspline_inv.obj
 0002:000027e4       ??_C@_03LJAEFNNE@max?$AA@  00000001800687e4     bspline_inv.obj
 0002:00002a00       ??_C@_0FL@NLFBIDJL@D?3?1Program?5Files?1MATLAB?1R2013b?1t@ 0000000180068a00     pinv.obj
 0002:00002a60       ??_C@_0BC@NHLGMHAO@eml_refblas_xswap?$AA@ 0000000180068a60     pinv.obj
 0002:00002a80       ??_C@_0FJ@PPDADDAI@D?3?1Program?5Files?1MATLAB?1R2013b?1t@ 0000000180068a80     pinv.obj
 0002:00002ae0       ??_C@_0P@OOMFKGA@eml_blas_xswap?$AA@ 0000000180068ae0     pinv.obj
 0002:00002af0       ??_C@_0FO@CPJAPFEH@D?3?1Program?5Files?1MATLAB?1R2013b?1t@ 0000000180068af0     pinv.obj
 0002:00002b50       ??_C@_0BC@KFICGMOK@eml_lapack_xgesvd?$AA@ 0000000180068b50     pinv.obj
 0002:00002b70       ??_C@_0EO@GOLLFHN@D?3?1Program?5Files?1MATLAB?1R2013b?1t@ 0000000180068b70     pinv.obj
 0002:00002bc0       ??_C@_0L@BEHAIEND@eml_xgesvd?$AA@ 0000000180068bc0     pinv.obj
 0002:00002bd0       ??_C@_0ED@FFNBJMKM@D?3?1Program?5Files?1MATLAB?1R2013b?1t@ 0000000180068bd0     pinv.obj
 0002:00002c14       ??_C@_03PGNMJFNA@svd?$AA@  0000000180068c14     pinv.obj
 0002:00002c20       ??_C@_0EE@PKNLINBD@D?3?1Program?5Files?1MATLAB?1R2013b?1t@ 0000000180068c20     pinv.obj
 0002:00002c64       ??_C@_04LNANGIPO@pinv?$AA@ 0000000180068c64     pinv.obj
 0002:00002c70       __real@bff0000000000000    0000000180068c70     pinv.obj
 0002:00002c78       __real@3cb0000000000000    0000000180068c78     pinv.obj
 0002:00002c80       ??_C@_03BALCFKBP@val?$AA@  0000000180068c80     extension_api.obj
 0002:00002c84       ??_C@_00CNPNBAHC@?$AA@     0000000180068c84     extension_api.obj
 0002:00002c88       ??_C@_0O@JPLBBKMD@extension_api?$AA@ 0000000180068c88     extension_api.obj
 0002:00002cac       ??_C@_06BNJCAIGJ@double?$AA@ 0000000180068cac     extension_api.obj
 0002:00002cb8       ??_C@_07FPJAODLL@Ref_lab?$AA@ 0000000180068cb8     extension_api.obj
 0002:00002cc0       ??_C@_07GBIONANG@Src_lab?$AA@ 0000000180068cc0     extension_api.obj
 0002:00002cc8       ??_C@_03LOICLMIO@Sp2?$AA@  0000000180068cc8     extension_api.obj
 0002:00002cd0       ??_C@_0CF@OIONOIOI@EMLRT?3runTime?3TooManyOutputArgum@ 0000000180068cd0     extension_mex.obj
 0002:00002cf8       ??_C@_0CC@IMHDKEMC@EMLRT?3runTime?3WrongNumberOfInput@ 0000000180068cf8     extension_mex.obj
 0002:00002d20       ??_C@_0EN@INEGCLMI@?$FLILXE?$FN$matlabroot$?1toolbox?1eml?1l@ 0000000180068d20     _coder_extension_info.obj
 0002:00002d70       ??_C@_0EF@OACOOKJN@?$FLILXE?$FN$matlabroot$?1toolbox?1eml?1l@ 0000000180068d70     _coder_extension_info.obj
 0002:00002db8       ??_C@_0BA@OPOLJENJ@eml_blas_inline?$AA@ 0000000180068db8     _coder_extension_info.obj
 0002:00002dc8       ??_C@_0DP@KKDHCFNH@?$FLILXE?$FN$matlabroot$?1toolbox?1eml?1l@ 0000000180068dc8     _coder_extension_info.obj
 0002:00002e10       ??_C@_0EJ@ICIFOOJM@?$FLILXE?$FN$matlabroot$?1toolbox?1eml?1l@ 0000000180068e10     _coder_extension_info.obj
 0002:00002e60       ??_C@_0EC@EDKCHFKG@?$FLILXE?$FN$matlabroot$?1toolbox?1eml?1l@ 0000000180068e60     _coder_extension_info.obj
 0002:00002ea8       ??_C@_0DP@JAKKLAFJ@?$FLILXE?$FN$matlabroot$?1toolbox?1eml?1l@ 0000000180068ea8     _coder_extension_info.obj
 0002:00002ee8       ??_C@_0DG@PFPDNIHA@?$FLILXE?$FN$matlabroot$?1toolbox?1eml?1l@ 0000000180068ee8     _coder_extension_info.obj
 0002:00002f20       ??_C@_0DI@KHEKJDFK@?$FLILXE?$FN$matlabroot$?1toolbox?1eml?1l@ 0000000180068f20     _coder_extension_info.obj
 0002:00002f58       ??_C@_0DI@ECPGNJBG@?$FLILXE?$FN$matlabroot$?1toolbox?1eml?1l@ 0000000180068f58     _coder_extension_info.obj
 0002:00002f90       ??_C@_0DJ@LGGCAFOA@?$FLILXE?$FN$matlabroot$?1toolbox?1eml?1l@ 0000000180068f90     _coder_extension_info.obj
 0002:00002fd0       ??_C@_0CP@FKMDLEGI@?$FLE?$FNF?3?1Git?1correspondence?1matlab_@ 0000000180068fd0     _coder_extension_info.obj
 0002:00003000       ??_C@_06PBJBIPGK@struct?$AA@ 0000000180069000     _coder_extension_info.obj
 0002:00003010       ??_C@_0FA@NLJKFOCK@?$FLILXE?$FN$matlabroot$?1toolbox?1eml?1l@ 0000000180069010     _coder_extension_info.obj
 0002:00003060       ??_C@_0EF@MHCOAOPO@?$FLILXE?$FN$matlabroot$?1toolbox?1eml?1l@ 0000000180069060     _coder_extension_info.obj
 0002:000030a8       ??_C@_0DH@LODENFNP@?$FLILXE?$FN$matlabroot$?1toolbox?1eml?1l@ 00000001800690a8     _coder_extension_info.obj
 0002:000030e0       ??_C@_0EC@KCMPNKKM@?$FLILXE?$FN$matlabroot$?1toolbox?1eml?1l@ 00000001800690e0     _coder_extension_info.obj
 0002:00003130       ??_C@_0EJ@HLMHKLKO@?$FLIXE?$FN$matlabroot$?1toolbox?1shared@ 0000000180069130     _coder_extension_info.obj
 0002:00003180       ??_C@_0BI@LDCJGPIC@coder?4internal?4prodsize?$AA@ 0000000180069180     _coder_extension_info.obj
 0002:000031a0       ??_C@_0ED@JIBDCDEA@?$FLILXE?$FN$matlabroot$?1toolbox?1eml?1l@ 00000001800691a0     _coder_extension_info.obj
 0002:000031e8       ??_C@_0BD@PIJOPFN@eml_matrix_vstride?$AA@ 00000001800691e8     _coder_extension_info.obj
 0002:00003200       ??_C@_0EL@PHDBKCJB@?$FLILXE?$FN$matlabroot$?1toolbox?1eml?1l@ 0000000180069200     _coder_extension_info.obj
 0002:00003250       ??_C@_0BL@CDOFOJKC@eml_const_nonsingleton_dim?$AA@ 0000000180069250     _coder_extension_info.obj
 0002:00003270       ??_C@_0EM@LIFKDPLC@?$FLILXE?$FN$matlabroot$?1toolbox?1eml?1l@ 0000000180069270     _coder_extension_info.obj
 0002:000032c0       ??_C@_0DP@JHLGJKEB@?$FLILXE?$FN$matlabroot$?1toolbox?1eml?1l@ 00000001800692c0     _coder_extension_info.obj
 0002:00003300       ??_C@_0DI@JIPJFLJ@?$FLILXE?$FN$matlabroot$?1toolbox?1eml?1l@ 0000000180069300     _coder_extension_info.obj
 0002:00003338       ??_C@_0DB@HNHBCAGI@?$FLE?$FNF?3?1Git?1correspondence?1matlab_@ 0000000180069338     _coder_extension_info.obj
 0002:00003370       ??_C@_0EA@NHKEHCBE@?$FLILXE?$FN$matlabroot$?1toolbox?1eml?1l@ 0000000180069370     _coder_extension_info.obj
 0002:000033b0       ??_C@_0BA@DCOEOBGC@eml_index_times?$AA@ 00000001800693b0     _coder_extension_info.obj
 0002:000033c0       ??_C@_0DI@NOGOOKFE@?$FLILXE?$FN$matlabroot$?1toolbox?1eml?1l@ 00000001800693c0     _coder_extension_info.obj
 0002:000033f8       ??_C@_05LGCGPNNP@isnan?$AA@ 00000001800693f8     _coder_extension_info.obj
 0002:00003400       ??_C@_0DK@NBBBHAFE@?$FLILXE?$FN$matlabroot$?1toolbox?1eml?1l@ 0000000180069400     _coder_extension_info.obj
 0002:00003440       ??_C@_0BA@DMFOHEOD@function_handle?$AA@ 0000000180069440     _coder_extension_info.obj
 0002:00003450       ??_C@_0FC@LHGDBAGP@?$FLILXE?$FN$matlabroot$?1toolbox?1eml?1l@ 0000000180069450     _coder_extension_info.obj
 0002:000034a8       ??_C@_0DM@LCLNINF@?$FLILXE?$FN$matlabroot$?1toolbox?1eml?1l@ 00000001800694a8     _coder_extension_info.obj
 0002:000034f0       ??_C@_0EA@FCCELNDI@?$FLILXE?$FN$matlabroot$?1toolbox?1eml?1l@ 00000001800694f0     _coder_extension_info.obj
 0002:00003530       ??_C@_0BA@BIKOLOKP@eml_index_minus?$AA@ 0000000180069530     _coder_extension_info.obj
 0002:00003540       ??_C@_0EP@LONMACPJ@?$FLILXE?$FN$matlabroot$?1toolbox?1eml?1l@ 0000000180069540     _coder_extension_info.obj
 0002:00003590       ??_C@_0DP@KEPDCHIB@?$FLILXE?$FN$matlabroot$?1toolbox?1eml?1l@ 0000000180069590     _coder_extension_info.obj
 0002:000035d0       ??_C@_0P@DJHCLAEH@eml_index_plus?$AA@ 00000001800695d0     _coder_extension_info.obj
 0002:000035e0       ??_C@_0ED@MLNFPDEJ@?$FLILXE?$FN$matlabroot$?1toolbox?1eml?1l@ 00000001800695e0     _coder_extension_info.obj
 0002:00003628       ??_C@_0BD@CGBDIBJP@eml_unsigned_class?$AA@ 0000000180069628     _coder_extension_info.obj
 0002:00003640       ??_C@_0EA@IHBCIHBN@?$FLILXE?$FN$matlabroot$?1toolbox?1eml?1l@ 0000000180069640     _coder_extension_info.obj
 0002:00003680       ??_C@_0BA@NAKLLPJK@eml_size_ispow2?$AA@ 0000000180069680     _coder_extension_info.obj
 0002:00003690       ??_C@_0DN@NHPGMDIN@?$FLILXE?$FN$matlabroot$?1toolbox?1eml?1l@ 0000000180069690     _coder_extension_info.obj
 0002:000036d0       ??_C@_0DO@FIFFNPJ@?$FLILXE?$FN$matlabroot$?1toolbox?1eml?1l@ 00000001800696d0     _coder_extension_info.obj
 0002:00003710       ??_C@_0O@DGEIFEHG@eml_scalar_eg?$AA@ 0000000180069710     _coder_extension_info.obj
 0002:00003720       ??_C@_0DJ@PBLDDNNK@?$FLILXE?$FN$matlabroot$?1toolbox?1eml?1l@ 0000000180069720     _coder_extension_info.obj
 0002:0000375c       ??_C@_04ENMBGAPA@char?$AA@ 000000018006975c     _coder_extension_info.obj
 0002:00003764       ??_C@_06CFKOHMKF@intmax?$AA@ 0000000180069764     _coder_extension_info.obj
 0002:00003770       ??_C@_0ED@BIIMGNAK@?$FLILXE?$FN$matlabroot$?1toolbox?1eml?1l@ 0000000180069770     _coder_extension_info.obj
 0002:000037b8       ??_C@_0BB@DKCPHGKF@eml_scalar_floor?$AA@ 00000001800697b8     _coder_extension_info.obj
 0002:000037d0       ??_C@_0FB@CNDLNLEB@?$FLIXE?$FN$matlabroot$?1toolbox?1shared@ 00000001800697d0     _coder_extension_info.obj
 0002:00003828       ??_C@_0CA@GGIPMLJM@coder?4internal?4isBuiltInNumeric?$AA@ 0000000180069828     _coder_extension_info.obj
 0002:00003850       ??_C@_0EF@MJHDOJL@?$FLILXE?$FN$matlabroot$?1toolbox?1eml?1l@ 0000000180069850     _coder_extension_info.obj
 0002:00003898       ??_C@_0BI@MOBBIOAA@coder?4internal?4indexInt?$AA@ 0000000180069898     _coder_extension_info.obj
 0002:000038b0       ??_C@_0BF@ILCPNKP@eml_assert_valid_dim?$AA@ 00000001800698b0     _coder_extension_info.obj
 0002:000038d0       ??_C@_0EA@GLIAMHNI@?$FLILXE?$FN$matlabroot$?1toolbox?1eml?1l@ 00000001800698d0     _coder_extension_info.obj
 0002:00003910       ??_C@_0BA@LGKKDMEL@eml_index_class?$AA@ 0000000180069910     _coder_extension_info.obj
 0002:00003920       ??_C@_0EF@DODHNDBH@?$FLILXE?$FN$matlabroot$?1toolbox?1eml?1l@ 0000000180069920     _coder_extension_info.obj
 0002:00003968       ??_C@_0BF@IOBEHDOH@eml_nonsingleton_dim?$AA@ 0000000180069968     _coder_extension_info.obj
 0002:00003980       ??_C@_03ONJNNIPF@lhs?$AA@  0000000180069980     _coder_extension_info.obj
 0002:00003984       ??_C@_03FNFLPIFJ@rhs?$AA@  0000000180069984     _coder_extension_info.obj
 0002:00003988       ??_C@_0M@FMAJFPGC@mFileTimeHi?$AA@ 0000000180069988     _coder_extension_info.obj
 0002:00003998       ??_C@_0M@NFKFADI@mFileTimeLo?$AA@ 0000000180069998     _coder_extension_info.obj
 0002:000039a8       ??_C@_0L@HMDKMKNA@fileTimeHi?$AA@ 00000001800699a8     _coder_extension_info.obj
 0002:000039b8       ??_C@_0L@CNGJMFIK@fileTimeLo?$AA@ 00000001800699b8     _coder_extension_info.obj
 0002:000039c8       ??_C@_08CGJBBLIA@resolved?$AA@ 00000001800699c8     _coder_extension_info.obj
 0002:000039d8       ??_C@_0DJ@HLEGHGJC@?$FLILXE?$FN$matlabroot$?1toolbox?1eml?1l@ 00000001800699d8     _coder_extension_info.obj
 0002:00003a18       ??_C@_0N@IGLAPNJK@dominantType?$AA@ 0000000180069a18     _coder_extension_info.obj
 0002:00003a28       ??_C@_04MEMAJGDJ@name?$AA@ 0000000180069a28     _coder_extension_info.obj
 0002:00003a30       ??_C@_07JKKCBBMM@context?$AA@ 0000000180069a30     _coder_extension_info.obj
 0002:00003a38       ??_C@_0DJ@PACDDDAF@?$FLILXE?$FN$matlabroot$?1toolbox?1eml?1l@ 0000000180069a38     _coder_extension_info.obj
 0002:00003a80       ??_C@_0FH@BDMJPNAA@?$FLILXE?$FN$matlabroot$?1toolbox?1eml?1l@ 0000000180069a80     _coder_extension_info.obj
 0002:00003ae0       ??_C@_0FA@HLMNPFDP@?$FLILXE?$FN$matlabroot$?1toolbox?1eml?1l@ 0000000180069ae0     _coder_extension_info.obj
 0002:00003b30       ??_C@_0DL@FNMKLGPB@?$FLILXE?$FN$matlabroot$?1toolbox?1eml?1l@ 0000000180069b30     _coder_extension_info.obj
 0002:00003b70       ??_C@_08IPKEJGEO@ismatrix?$AA@ 0000000180069b70     _coder_extension_info.obj
 0002:00003b80       ??_C@_0EC@KKNBILAD@?$FLILXE?$FN$matlabroot$?1toolbox?1eml?1l@ 0000000180069b80     _coder_extension_info.obj
 0002:00003bc8       ??_C@_0DM@MODOKCIN@?$FLILXE?$FN$matlabroot$?1toolbox?1eml?1l@ 0000000180069bc8     _coder_extension_info.obj
 0002:00003c08       ??_C@_0M@FNOGJFKP@eml_tolower?$AA@ 0000000180069c08     _coder_extension_info.obj
 0002:00003c18       ??_C@_0DI@JLDMKPND@?$FLILXE?$FN$matlabroot$?1toolbox?1eml?1l@ 0000000180069c18     _coder_extension_info.obj
 0002:00003c50       ??_C@_0EP@CIFFBLGH@?$FLILXE?$FN$matlabroot$?1toolbox?1eml?1l@ 0000000180069c50     _coder_extension_info.obj
 0002:00003ca0       ??_C@_0FD@FAKKKKHN@?$FLILXE?$FN$matlabroot$?1toolbox?1eml?1l@ 0000000180069ca0     _coder_extension_info.obj
 0002:00003cf8       ??_C@_0DN@PMMHPPNL@?$FLILXE?$FN$matlabroot$?1toolbox?1eml?1l@ 0000000180069cf8     _coder_extension_info.obj
 0002:00003d38       ??_C@_0N@DLHLLFPN@eml_isa_uint?$AA@ 0000000180069d38     _coder_extension_info.obj
 0002:00003d50       ??_C@_0FD@PNHABOJM@?$FLILXE?$FN$matlabroot$?1toolbox?1eml?1l@ 0000000180069d50     _coder_extension_info.obj
 0002:00003db0       ??_C@_0EB@GIBPKMLK@?$FLILXE?$FN$matlabroot$?1toolbox?1eml?1l@ 0000000180069db0     _coder_extension_info.obj
 0002:00003df8       ??_C@_0DG@DOKJOMGG@?$FLILXE?$FN$matlabroot$?1toolbox?1eml?1l@ 0000000180069df8     _coder_extension_info.obj
 0002:00003e30       ??_C@_04DCGBOBJJ@int8?$AA@ 0000000180069e30     _coder_extension_info.obj
 0002:00003e38       ??_C@_0DP@FAONKOCI@?$FLILXE?$FN$matlabroot$?1toolbox?1eml?1l@ 0000000180069e38     _coder_extension_info.obj
 0002:00003e78       ??_C@_0M@IJDCEFD@eml_charmax?$AA@ 0000000180069e78     _coder_extension_info.obj
 0002:00003e90       ??_C@_0FH@OENNHMKO@?$FLILXE?$FN$matlabroot$?1toolbox?1eml?1l@ 0000000180069e90     _coder_extension_info.obj
 0002:00003ef0       ??_C@_0EP@HAOCELBK@?$FLILXE?$FN$matlabroot$?1toolbox?1eml?1l@ 0000000180069ef0     _coder_extension_info.obj
 0002:00003f40       ??_C@_0BM@KNFFDCAF@eml_assert_supported_string?$AA@ 0000000180069f40     _coder_extension_info.obj
 0002:00003f60       ??_C@_0EI@MMIJLIMP@?$FLILXE?$FN$matlabroot$?1toolbox?1eml?1l@ 0000000180069f60     _coder_extension_info.obj
 0002:00003fa8       ??_C@_0BF@EKJJMABK@eml_string_transform?$AA@ 0000000180069fa8     _coder_extension_info.obj
 0002:00003fc0       ??_C@_0DJ@MILKFJAB@?$FLILXE?$FN$matlabroot$?1toolbox?1eml?1l@ 0000000180069fc0     _coder_extension_info.obj
 0002:00003ffc       ??_C@_05NECKJAMC@upper?$AA@ 0000000180069ffc     _coder_extension_info.obj
 0002:00004010       ??_C@_0EG@JBOIBCA@?$FLILXE?$FN$matlabroot$?1toolbox?1eml?1l@ 000000018006a010     _coder_extension_info.obj
 0002:00004058       ??_C@_0DK@IOMHCPMJ@?$FLILXE?$FN$matlabroot$?1toolbox?1eml?1l@ 000000018006a058     _coder_extension_info.obj
 0002:00004098       ??_C@_0DG@HCMHEOMN@?$FLILXE?$FN$matlabroot$?1toolbox?1eml?1l@ 000000018006a098     _coder_extension_info.obj
 0002:000040d0       ??_C@_0FD@EANLMPBE@?$FLILXE?$FN$matlabroot$?1toolbox?1eml?1l@ 000000018006a0d0     _coder_extension_info.obj
 0002:00004130       ??_C@_0FD@NJKBCEJH@?$FLILXE?$FN$matlabroot$?1toolbox?1eml?1l@ 000000018006a130     _coder_extension_info.obj
 0002:00004190       ??_C@_0EB@JMHDJNBF@?$FLILXE?$FN$matlabroot$?1toolbox?1eml?1l@ 000000018006a190     _coder_extension_info.obj
 0002:000041d8       ??_C@_0P@DEOLODNE@eml_scalar_abs?$AA@ 000000018006a1d8     _coder_extension_info.obj
 0002:000041e8       ??_C@_0DN@GLKCEBOD@?$FLILXE?$FN$matlabroot$?1toolbox?1eml?1l@ 000000018006a1e8     _coder_extension_info.obj
 0002:00004228       ??_C@_0DG@GPPKOLMK@?$FLILXE?$FN$matlabroot$?1toolbox?1eml?1l@ 000000018006a228     _coder_extension_info.obj
 0002:00004260       ??_C@_0EO@OCDIBMGI@?$FLIXE?$FN$matlabroot$?1toolbox?1shared@ 000000018006a260     _coder_extension_info.obj
 0002:000042b0       ??_C@_0BN@EIMLBOBO@coder?4internal?4indexIntRelop?$AA@ 000000018006a2b0     _coder_extension_info.obj
 0002:000042d0       ??_C@_0EK@OCGHDCDA@?$FLILXE?$FN$matlabroot$?1toolbox?1eml?1l@ 000000018006a2d0     _coder_extension_info.obj
 0002:00004320       ??_C@_0DJ@LELBHOFI@?$FLILXE?$FN$matlabroot$?1toolbox?1eml?1l@ 000000018006a320     _coder_extension_info.obj
 0002:0000435c       ??_C@_06DHCFJIMK@intmin?$AA@ 000000018006a35c     _coder_extension_info.obj
 0002:00004370       ??_C@_0HF@KHPAKDPE@?$FLILXE?$FN$matlabroot$?1toolbox?1eml?1l@ 000000018006a370     _coder_extension_info.obj
 0002:000043f0       ??_C@_0EP@OJBJJOB@?$FLILXE?$FN$matlabroot$?1toolbox?1eml?1l@ 000000018006a3f0     _coder_extension_info.obj
 0002:00004440       ??_C@_0DO@EGNHMIMO@?$FLILXE?$FN$matlabroot$?1toolbox?1eml?1l@ 000000018006a440     _coder_extension_info.obj
 0002:00004480       ??_C@_0DP@MCBJJGKP@?$FLILXE?$FN$matlabroot$?1toolbox?1eml?1l@ 000000018006a480     _coder_extension_info.obj
 0002:000044c0       ??_C@_0EB@NCIHPOOF@?$FLILXE?$FN$matlabroot$?1toolbox?1eml?1l@ 000000018006a4c0     _coder_extension_info.obj
 0002:00004508       ??_C@_0DK@ENDCOJGF@?$FLILXE?$FN$matlabroot$?1toolbox?1eml?1l@ 000000018006a508     _coder_extension_info.obj
 0002:00004548       ??_C@_0DI@IHPGCDDP@?$FLILXE?$FN$matlabroot$?1toolbox?1eml?1l@ 000000018006a548     _coder_extension_info.obj
 0002:00004580       ??_C@_0FN@HDPBNEGM@?$FLILXE?$FN$matlabroot$?1toolbox?1eml?1l@ 000000018006a580     _coder_extension_info.obj
 0002:000045e0       ??_C@_0DG@PNOIAJNO@?$FLE?$FNF?3?1Git?1correspondence?1matlab_@ 000000018006a5e0     _coder_extension_info.obj
 0002:00004620       ??_C@_0EN@JGAKMILH@?$FLILXE?$FN$matlabroot$?1toolbox?1eml?1l@ 000000018006a620     _coder_extension_info.obj
 0002:00004670       ??_C@_0FA@NDJMCNLE@?$FLILXE?$FN$matlabroot$?1toolbox?1eml?1l@ 000000018006a670     _coder_extension_info.obj
 0002:000046c0       ??_C@_0FB@BNILGHPG@?$FLILXE?$FN$matlabroot$?1toolbox?1eml?1l@ 000000018006a6c0     _coder_extension_info.obj
 0002:00004720       ??_C@_0EO@HPJBKFKG@?$FLILXE?$FN$matlabroot$?1toolbox?1eml?1l@ 000000018006a720     _coder_extension_info.obj
 0002:00004770       ??_C@_0EE@IHNMKGA@?$FLILXE?$FN$matlabroot$?1toolbox?1eml?1l@ 000000018006a770     _coder_extension_info.obj
 0002:000047b8       ??_C@_0DI@MFMFPDPI@?$FLILXE?$FN$matlabroot$?1toolbox?1eml?1l@ 000000018006a7b8     _coder_extension_info.obj
 0002:000047f0       ??_C@_0DM@ODIOOICP@?$FLILXE?$FN$matlabroot$?1toolbox?1eml?1l@ 000000018006a7f0     _coder_extension_info.obj
 0002:00004830       ??_C@_0DI@IEIPGFNC@?$FLILXE?$FN$matlabroot$?1toolbox?1eml?1l@ 000000018006a830     _coder_extension_info.obj
 0002:00004868       ??_C@_05OIHEAIFD@isinf?$AA@ 000000018006a868     _coder_extension_info.obj
 0002:00004870       ??_C@_0EA@LAHNEJPA@?$FLILXE?$FN$matlabroot$?1toolbox?1eml?1l@ 000000018006a870     _coder_extension_info.obj
 0002:000048b0       ??_C@_0BA@JIOKGPOE@eml_guarded_nan?$AA@ 000000018006a8b0     _coder_extension_info.obj
 0002:000048c0       ??_C@_0DG@KPMKIFH@?$FLILXE?$FN$matlabroot$?1toolbox?1eml?1l@ 000000018006a8c0     _coder_extension_info.obj
 0002:000048f8       ??_C@_0DM@CINKAJFF@?$FLILXE?$FN$matlabroot$?1toolbox?1eml?1l@ 000000018006a8f8     _coder_extension_info.obj
 0002:00004940       ??_C@_0EF@PLGGKKOE@?$FLILXE?$FN$matlabroot$?1toolbox?1eml?1l@ 000000018006a940     _coder_extension_info.obj
 0002:00004990       ??_C@_0FB@IHCHDAC@?$FLILXE?$FN$matlabroot$?1toolbox?1eml?1l@ 000000018006a990     _coder_extension_info.obj
 0002:000049e8       ??_C@_0DK@JGMDEBEG@?$FLILXE?$FN$matlabroot$?1toolbox?1eml?1l@ 000000018006a9e8     _coder_extension_info.obj
 0002:00004a28       ??_C@_0DN@JCDMNMGI@?$FLILXE?$FN$matlabroot$?1toolbox?1eml?1l@ 000000018006aa28     _coder_extension_info.obj
 0002:00004a68       ??_C@_0DI@EMINNGDL@?$FLILXE?$FN$matlabroot$?1toolbox?1eml?1l@ 000000018006aa68     _coder_extension_info.obj
 0002:00004aa0       ??_C@_0DD@MPEGEKC@?$FLE?$FNF?3?1Git?1correspondence?1matlab_@ 000000018006aaa0     _coder_extension_info.obj
 0002:00004ae0       ??_C@_0FA@BCFOBJKC@?$FLILXE?$FN$matlabroot$?1toolbox?1eml?1l@ 000000018006aae0     _coder_extension_info.obj
 0002:00004b30       ??_C@_0EH@ELBOGDPJ@?$FLILXE?$FN$matlabroot$?1toolbox?1eml?1l@ 000000018006ab30     _coder_extension_info.obj
 0002:00004b80       ??_C@_0EC@CDBNIKKB@?$FLILXE?$FN$matlabroot$?1toolbox?1eml?1l@ 000000018006ab80     _coder_extension_info.obj
 0002:00004bc8       ??_C@_0BA@JDJHBHHI@eml_scalar_sqrt?$AA@ 000000018006abc8     _coder_extension_info.obj
 0002:00004bd8       ??_C@_0DH@DFICMMJC@?$FLILXE?$FN$matlabroot$?1toolbox?1eml?1l@ 000000018006abd8     _coder_extension_info.obj
 0002:00004c10       ??_C@_0EI@MNNOPPBG@?$FLILXE?$FN$matlabroot$?1toolbox?1eml?1l@ 000000018006ac10     _coder_extension_info.obj
 0002:00004c58       ??_C@_0DI@GANAMGFL@?$FLILXE?$FN$matlabroot$?1toolbox?1eml?1l@ 000000018006ac58     _coder_extension_info.obj
 0002:00004c90       ??_C@_0EI@KICJGIAN@?$FLILXE?$FN$matlabroot$?1toolbox?1eml?1l@ 000000018006ac90     _coder_extension_info.obj
 0002:00004cd8       ??_C@_0DI@EKCBMEAH@?$FLILXE?$FN$matlabroot$?1toolbox?1eml?1l@ 000000018006acd8     _coder_extension_info.obj
 0002:00004d10       ??_C@_0DI@MHJOEFAF@?$FLILXE?$FN$matlabroot$?1toolbox?1eml?1l@ 000000018006ad10     _coder_extension_info.obj
 0002:00004d48       ??_C@_0DJ@HOLNKNFJ@?$FLILXE?$FN$matlabroot$?1toolbox?1eml?1l@ 000000018006ad48     _coder_extension_info.obj
 0002:00004d88       ??_C@_0DG@HKNMEHPN@?$FLE?$FNF?3?1Git?1correspondence?1matlab_@ 000000018006ad88     _coder_extension_info.obj
 0002:00004dc0       ??_C@_05GIMEPBJB@int32?$AA@ 000000018006adc0     _coder_extension_info.obj
 0002:00004dd0       ??_C@_0EK@DAIIEKFK@?$FLILXE?$FN$matlabroot$?1toolbox?1eml?1l@ 000000018006add0     _coder_extension_info.obj
 0002:00004e20       ??_C@_0DM@CMPJFBOP@?$FLILXE?$FN$matlabroot$?1toolbox?1eml?1l@ 000000018006ae20     _coder_extension_info.obj
 0002:00004e60       ??_C@_0EB@HMOIANG@?$FLILXE?$FN$matlabroot$?1toolbox?1eml?1l@ 000000018006ae60     _coder_extension_info.obj
 0002:00004ea8       ??_C@_0P@DNMCPPDN@eml_scalar_sin?$AA@ 000000018006aea8     _coder_extension_info.obj
 0002:00004eb8       ??_C@_0DG@PEEHPGAJ@?$FLILXE?$FN$matlabroot$?1toolbox?1eml?1l@ 000000018006aeb8     _coder_extension_info.obj
 0002:00004ef0       ??_C@_0EB@CJCLPIKP@?$FLILXE?$FN$matlabroot$?1toolbox?1eml?1l@ 000000018006aef0     _coder_extension_info.obj
 0002:00004f38       ??_C@_0P@JGDKLIAM@eml_scalar_cos?$AA@ 000000018006af38     _coder_extension_info.obj
 0002:00004f48       ??_C@_0DG@NKKCIOHA@?$FLILXE?$FN$matlabroot$?1toolbox?1eml?1l@ 000000018006af48     _coder_extension_info.obj
 0002:00004f80       ??_C@_0FH@FFMAOMLE@?$FLILXE?$FN$matlabroot$?1toolbox?1eml?1l@ 000000018006af80     _coder_extension_info.obj
 0002:00004fe0       ??_C@_0EP@JENFPCEE@?$FLILXE?$FN$matlabroot$?1toolbox?1eml?1l@ 000000018006afe0     _coder_extension_info.obj
 0002:00005030       ??_C@_0EO@DBKPJDKI@?$FLILXE?$FN$matlabroot$?1toolbox?1eml?1l@ 000000018006b030     _coder_extension_info.obj
 0002:00005080       ??_C@_0EM@DFJIHNLP@?$FLILXE?$FN$matlabroot$?1toolbox?1eml?1l@ 000000018006b080     _coder_extension_info.obj
 0002:000050d0       ??_C@_0DP@DBKEJCFD@?$FLILXE?$FN$matlabroot$?1toolbox?1eml?1l@ 000000018006b0d0     _coder_extension_info.obj
 0002:00005110       ??_C@_0DP@LHGLJOOM@?$FLILXE?$FN$matlabroot$?1toolbox?1eml?1l@ 000000018006b110     _coder_extension_info.obj
 0002:00005150       ??_C@_0EP@DGBFEIEF@?$FLILXE?$FN$matlabroot$?1toolbox?1eml?1l@ 000000018006b150     _coder_extension_info.obj
 0002:000051a0       ??_C@_0EN@LFMCPKGM@?$FLILXE?$FN$matlabroot$?1toolbox?1eml?1l@ 000000018006b1a0     _coder_extension_info.obj
 0002:000051f0       ??_C@_0DP@JCLDPEHD@?$FLILXE?$FN$matlabroot$?1toolbox?1eml?1l@ 000000018006b1f0     _coder_extension_info.obj
 0002:00005230       ??_C@_0DM@IBJBHDMD@?$FLILXE?$FN$matlabroot$?1toolbox?1eml?1l@ 000000018006b230     _coder_extension_info.obj
 0002:00005270       ??_C@_0M@BEAOLJKK@eml_realmin?$AA@ 000000018006b270     _coder_extension_info.obj
 0002:00005280       ??_C@_0DK@LKBJFIMJ@?$FLILXE?$FN$matlabroot$?1toolbox?1eml?1l@ 000000018006b280     _coder_extension_info.obj
 0002:000052c0       ??_C@_07EHHIAKNC@realmin?$AA@ 000000018006b2c0     _coder_extension_info.obj
 0002:000052d0       ??_C@_0EP@BGLEPBOF@?$FLILXE?$FN$matlabroot$?1toolbox?1eml?1l@ 000000018006b2d0     _coder_extension_info.obj
 0002:00005320       ??_C@_0EN@JFGDEDMM@?$FLILXE?$FN$matlabroot$?1toolbox?1eml?1l@ 000000018006b320     _coder_extension_info.obj
 0002:00005370       ??_C@_0DP@LCBCENND@?$FLILXE?$FN$matlabroot$?1toolbox?1eml?1l@ 000000018006b370     _coder_extension_info.obj
 0002:000053b0       ??_C@_0EP@DKNAOIDF@?$FLILXE?$FN$matlabroot$?1toolbox?1eml?1l@ 000000018006b3b0     _coder_extension_info.obj
 0002:00005400       ??_C@_0FC@KAGKIDFL@?$FLILXE?$FN$matlabroot$?1toolbox?1eml?1l@ 000000018006b400     _coder_extension_info.obj
 0002:00005460       ??_C@_0EC@CEPHODGG@?$FLILXE?$FN$matlabroot$?1toolbox?1eml?1l@ 000000018006b460     _coder_extension_info.obj
 0002:000054a8       ??_C@_0DL@JMMGNODA@?$FLILXE?$FN$matlabroot$?1toolbox?1eml?1l@ 000000018006b4a8     _coder_extension_info.obj
 0002:000054e8       ??_C@_0DH@MKLJELI@?$FLILXE?$FN$matlabroot$?1toolbox?1eml?1l@ 000000018006b4e8     _coder_extension_info.obj
 0002:00005520       ??_C@_0EB@JGGFMEAJ@?$FLILXE?$FN$matlabroot$?1toolbox?1eml?1l@ 000000018006b520     _coder_extension_info.obj
 0002:00005568       ??_C@_0DI@OAFICDGG@?$FLILXE?$FN$matlabroot$?1toolbox?1eml?1l@ 000000018006b568     _coder_extension_info.obj
 0002:000055a0       ??_C@_0DP@HKLBKEGP@?$FLILXE?$FN$matlabroot$?1toolbox?1eml?1l@ 000000018006b5a0     _coder_extension_info.obj
 0002:000055e0       ??_C@_0EK@JNKAINMC@?$FLILXE?$FN$matlabroot$?1toolbox?1eml?1l@ 000000018006b5e0     _coder_extension_info.obj
 0002:00005630       ??_C@_0DK@LNPLPIAF@?$FLILXE?$FN$matlabroot$?1toolbox?1eml?1l@ 000000018006b630     _coder_extension_info.obj
 0002:00005670       ??_C@_0EP@LEJNOAOP@?$FLILXE?$FN$matlabroot$?1toolbox?1eml?1l@ 000000018006b670     _coder_extension_info.obj
 0002:000056c0       ??_C@_0EN@DHEKFCMG@?$FLILXE?$FN$matlabroot$?1toolbox?1eml?1l@ 000000018006b6c0     _coder_extension_info.obj
 0002:00005710       ??_C@_0DP@BADLFMNJ@?$FLILXE?$FN$matlabroot$?1toolbox?1eml?1l@ 000000018006b710     _coder_extension_info.obj
 0002:00005750       ??_C@_0EO@OECAHCCO@?$FLILXE?$FN$matlabroot$?1toolbox?1eml?1l@ 000000018006b750     _coder_extension_info.obj
 0002:000057a0       ??_C@_0EM@OABHJMDJ@?$FLILXE?$FN$matlabroot$?1toolbox?1eml?1l@ 000000018006b7a0     _coder_extension_info.obj
 0002:000057f0       ??_C@_0DO@JDFICJEI@?$FLILXE?$FN$matlabroot$?1toolbox?1eml?1l@ 000000018006b7f0     _coder_extension_info.obj
 0002:00005830       ??_C@_0FN@JMEPLDJD@?$FLILXE?$FN$matlabroot$?1toolbox?1eml?1l@ 000000018006b830     _coder_extension_info.obj
 0002:00005890       ??_C@_0EP@JIKBBMHJ@?$FLILXE?$FN$matlabroot$?1toolbox?1eml?1l@ 000000018006b890     _coder_extension_info.obj
 0002:000058e0       ??_C@_0EN@BLHGKOFA@?$FLILXE?$FN$matlabroot$?1toolbox?1eml?1l@ 000000018006b8e0     _coder_extension_info.obj
 0002:00005930       ??_C@_0DP@DMAHKAEP@?$FLILXE?$FN$matlabroot$?1toolbox?1eml?1l@ 000000018006b930     _coder_extension_info.obj
 0002:00005970       ??_C@_0EA@BFEKENJA@?$FLILXE?$FN$matlabroot$?1toolbox?1eml?1l@ 000000018006b970     _coder_extension_info.obj
 0002:000059b0       ??_C@_0BA@PBHEJPIB@eml_float_model?$AA@ 000000018006b9b0     _coder_extension_info.obj
 0002:000059c0       ??_C@_0DI@PBKCBADP@?$FLILXE?$FN$matlabroot$?1toolbox?1eml?1l@ 000000018006b9c0     _coder_extension_info.obj
 0002:000059f8       ??_C@_07HBNJHBAD@eml_eps?$AA@ 000000018006b9f8     _coder_extension_info.obj
 0002:00005a00       ??_C@_0ED@NGEOFMII@?$FLILXE?$FN$matlabroot$?1toolbox?1eml?1l@ 000000018006ba00     _coder_extension_info.obj
 0002:00005a48       ??_C@_0BD@EACIBKCB@eml_is_float_class?$AA@ 000000018006ba48     _coder_extension_info.obj
 0002:00005a60       ??_C@_0EP@JFACCOGF@?$FLILXE?$FN$matlabroot$?1toolbox?1eml?1l@ 000000018006ba60     _coder_extension_info.obj
 0002:00005ab0       ??_C@_0EN@BGNFJMEM@?$FLILXE?$FN$matlabroot$?1toolbox?1eml?1l@ 000000018006bab0     _coder_extension_info.obj
 0002:00005b00       ??_C@_04PIMMHFGE@sort?$AA@ 000000018006bb00     _coder_extension_info.obj
 0002:00005b10       ??_C@_0FJ@NLDFBDAC@?$FLILXE?$FN$matlabroot$?1toolbox?1eml?1l@ 000000018006bb10     _coder_extension_info.obj
 0002:00005b70       ??_C@_0GG@OHNAOPF@?$FLIXE?$FN$matlabroot$?1toolbox?1shared@ 000000018006bb70     _coder_extension_info.obj
 0002:00005be0       ??_C@_0HB@PKGEOBOK@?$FLIXE?$FN$matlabroot$?1toolbox?1shared@ 000000018006bbe0     _coder_extension_info.obj
 0002:00005c60       ??_C@_0EF@DPCDEFCH@?$FLILXE?$FN$matlabroot$?1toolbox?1eml?1l@ 000000018006bc60     _coder_extension_info.obj
 0002:00005ca8       ??_C@_0BF@NDLHKLNB@eml_is_integer_class?$AA@ 000000018006bca8     _coder_extension_info.obj
 0002:00005cc0       ??_C@_0FF@HJMFBFKK@?$FLILXE?$FN$matlabroot$?1toolbox?1eml?1l@ 000000018006bcc0     _coder_extension_info.obj
 0002:00005d20       ??_C@_0FF@BHCOHPII@?$FLILXE?$FN$matlabroot$?1toolbox?1eml?1l@ 000000018006bd20     _coder_extension_info.obj
 0002:00005d78       ??_C@_0DJ@DMNFGGIL@?$FLILXE?$FN$matlabroot$?1toolbox?1eml?1l@ 000000018006bd78     _coder_extension_info.obj
 0002:00005db8       ??_C@_0BH@LFDIDDBI@eml_scalexp_compatible?$AA@ 000000018006bdb8     _coder_extension_info.obj
 0002:00005dd0       ??_C@_0EG@GHMPLCPF@?$FLILXE?$FN$matlabroot$?1toolbox?1eml?1l@ 000000018006bdd0     _coder_extension_info.obj
 0002:00005e18       ??_C@_0DM@MEJDDAEB@?$FLILXE?$FN$matlabroot$?1toolbox?1eml?1l@ 000000018006be18     _coder_extension_info.obj
 0002:00005e58       ??_C@_0M@GIFFNMF@eml_realmax?$AA@ 000000018006be58     _coder_extension_info.obj
 0002:00005e68       ??_C@_0DK@PPBLBLEL@?$FLILXE?$FN$matlabroot$?1toolbox?1eml?1l@ 000000018006be68     _coder_extension_info.obj
 0002:00005ea8       ??_C@_07FFPDOOLN@realmax?$AA@ 000000018006bea8     _coder_extension_info.obj
 0002:00005eb0       ??_C@_0EF@KJHPHCMA@?$FLILXE?$FN$matlabroot$?1toolbox?1eml?1l@ 000000018006beb0     _coder_extension_info.obj
 0002:00005ef8       ??_C@_0BF@EJPIMOGG@eml_realmin_denormal?$AA@ 000000018006bef8     _coder_extension_info.obj
 0002:00005f10       ??_C@_0ED@IACIPGHL@?$FLILXE?$FN$matlabroot$?1toolbox?1eml?1l@ 000000018006bf10     _coder_extension_info.obj
 0002:00005f58       ??_C@_0BD@EOLJMLAD@eml_mantissa_nbits?$AA@ 000000018006bf58     _coder_extension_info.obj
 0002:00005f70       ??_C@_0DN@PNEPENFC@?$FLILXE?$FN$matlabroot$?1toolbox?1eml?1l@ 000000018006bf70     _coder_extension_info.obj
 0002:00005fb0       ??_C@_0EF@JMJLIMBF@?$FLILXE?$FN$matlabroot$?1toolbox?1eml?1l@ 000000018006bfb0     _coder_extension_info.obj
 0002:00005ff8       ??_C@_0BD@OBCMJNNI@8?42?40?4701?5?$CIR2013b?$CJ?$AA@ 000000018006bff8     _coder_extension_info.obj
 0002:00006010       ??_C@_0P@FDPDNMBC@ConstantInputs?$AA@ 000000018006c010     _coder_extension_info.obj
[...]
 0003:000002a0       we_emlrtRSI                000000018006e2a0     extension_data.obj
 0003:000002b8       ye_emlrtRSI                000000018006e2b8     extension_data.obj
 0003:000002d0       af_emlrtRSI                000000018006e2d0     extension_data.obj
 0003:000002e8       bf_emlrtRSI                000000018006e2e8     extension_data.obj
 0003:00000300       cf_emlrtRSI                000000018006e300     extension_data.obj
 0003:00000318       df_emlrtRSI                000000018006e318     extension_data.obj
 0003:00000330       ef_emlrtRSI                000000018006e330     extension_data.obj
 0003:00000348       ff_emlrtRSI                000000018006e348     extension_data.obj
 0003:00000360       gf_emlrtRSI                000000018006e360     extension_data.obj
 0003:00000378       hf_emlrtRSI                000000018006e378     extension_data.obj
 0003:00000390       of_emlrtRSI                000000018006e390     extension_data.obj
 0003:000003a8       uf_emlrtRSI                000000018006e3a8     extension_data.obj
 0003:000003c0       dg_emlrtRSI                000000018006e3c0     extension_data.obj
 0003:000003d8       eg_emlrtRSI                000000018006e3d8     extension_data.obj
 0003:000003f0       fg_emlrtRSI                000000018006e3f0     extension_data.obj
 0003:00000408       gg_emlrtRSI                000000018006e408     extension_data.obj
 0003:00000420       hg_emlrtRSI                000000018006e420     extension_data.obj
 0003:00000438       ig_emlrtRSI                000000018006e438     extension_data.obj
 0003:00000450       jg_emlrtRSI                000000018006e450     extension_data.obj
 0003:00000468       kg_emlrtRSI                000000018006e468     extension_data.obj
 0003:00000480       wh_emlrtRSI                000000018006e480     extension_data.obj
 0003:00000498       li_emlrtRSI                000000018006e498     extension_data.obj
 0003:000004b0       mi_emlrtRSI                000000018006e4b0     extension_data.obj
 0003:000004c8       ni_emlrtRSI                000000018006e4c8     extension_data.obj
 0003:000004e0       oi_emlrtRSI                000000018006e4e0     extension_data.obj
 0003:000004f8       pi_emlrtRSI                000000018006e4f8     extension_data.obj
 0003:00000510       ri_emlrtRSI                000000018006e510     extension_data.obj
 0003:00000528       vi_emlrtRSI                000000018006e528     extension_data.obj
 0003:00000540       wi_emlrtRSI                000000018006e540     extension_data.obj
 0003:00000558       xi_emlrtRSI                000000018006e558     extension_data.obj
 0003:00000570       yi_emlrtRSI                000000018006e570     extension_data.obj
 0003:00000588       aj_emlrtRSI                000000018006e588     extension_data.obj
 0003:000005a0       gj_emlrtRSI                000000018006e5a0     extension_data.obj
 0003:000005b8       hj_emlrtRSI                000000018006e5b8     extension_data.obj
 0003:000005d0       rj_emlrtRSI                000000018006e5d0     extension_data.obj
 0003:000005e8       sk_emlrtRSI                000000018006e5e8     extension_data.obj
 0003:00000600       tk_emlrtRSI                000000018006e600     extension_data.obj
 0003:00000618       uk_emlrtRSI                000000018006e618     extension_data.obj
 0003:00000630       vk_emlrtRSI                000000018006e630     extension_data.obj
 0003:00000648       wk_emlrtRSI                000000018006e648     extension_data.obj
 0003:00000660       xk_emlrtRSI                000000018006e660     extension_data.obj
 0003:00000678       yk_emlrtRSI                000000018006e678     extension_data.obj
 0003:00000690       al_emlrtRSI                000000018006e690     extension_data.obj
 0003:000006a8       bl_emlrtRSI                000000018006e6a8     extension_data.obj
 0003:000006c0       cl_emlrtRSI                000000018006e6c0     extension_data.obj
 0003:000006d8       dl_emlrtRSI                000000018006e6d8     extension_data.obj
 0003:000006f0       el_emlrtRSI                000000018006e6f0     extension_data.obj
 0003:00000708       hl_emlrtRSI                000000018006e708     extension_data.obj
 0003:00000720       il_emlrtRSI                000000018006e720     extension_data.obj
 0003:00000738       jl_emlrtRSI                000000018006e738     extension_data.obj
 0003:00000750       kl_emlrtRSI                000000018006e750     extension_data.obj
 0003:00000768       ll_emlrtRSI                000000018006e768     extension_data.obj
 0003:00000780       nl_emlrtRSI                000000018006e780     extension_data.obj
 0003:00000798       ol_emlrtRSI                000000018006e798     extension_data.obj
 0003:000007b0       pl_emlrtRSI                000000018006e7b0     extension_data.obj
 0003:000007c8       ql_emlrtRSI                000000018006e7c8     extension_data.obj
 0003:000007e0       rl_emlrtRSI                000000018006e7e0     extension_data.obj
 0003:000007f8       sl_emlrtRSI                000000018006e7f8     extension_data.obj
 0003:00000810       tl_emlrtRSI                000000018006e810     extension_data.obj
 0003:00000828       ul_emlrtRSI                000000018006e828     extension_data.obj
 0003:00000840       vl_emlrtRSI                000000018006e840     extension_data.obj
 0003:00000858       wl_emlrtRSI                000000018006e858     extension_data.obj
 0003:00000870       xl_emlrtRSI                000000018006e870     extension_data.obj
 0003:00000888       am_emlrtRSI                000000018006e888     extension_data.obj
 0003:000008a0       bm_emlrtRSI                000000018006e8a0     extension_data.obj
 0003:000008b8       cm_emlrtRSI                000000018006e8b8     extension_data.obj
 0003:000008d0       dm_emlrtRSI                000000018006e8d0     extension_data.obj
 0003:000008e8       em_emlrtRSI                000000018006e8e8     extension_data.obj
 0003:00000900       ym_emlrtRSI                000000018006e900     extension_data.obj
 0003:00000918       gr_emlrtRSI                000000018006e918     extension_data.obj
 0003:00000930       hr_emlrtRSI                000000018006e930     extension_data.obj
 0003:00000948       wt_emlrtRSI                000000018006e948     extension_data.obj
 0003:00000960       xt_emlrtRSI                000000018006e960     extension_data.obj
 0003:00000978       yt_emlrtRSI                000000018006e978     extension_data.obj
 0003:00000990       au_emlrtRSI                000000018006e990     extension_data.obj
 0003:000009a8       bu_emlrtRSI                000000018006e9a8     extension_data.obj
 0003:000009c0       cu_emlrtRSI                000000018006e9c0     extension_data.obj
 0003:000009d8       du_emlrtRSI                000000018006e9d8     extension_data.obj
 0003:000009f0       eu_emlrtRSI                000000018006e9f0     extension_data.obj
 0003:00000a08       fu_emlrtRSI                000000018006ea08     extension_data.obj
 0003:00000a20       gu_emlrtRSI                000000018006ea20     extension_data.obj
 0003:00000a38       hu_emlrtRSI                000000018006ea38     extension_data.obj
 0003:00000a50       iu_emlrtRSI                000000018006ea50     extension_data.obj
 0003:00000a68       ju_emlrtRSI                000000018006ea68     extension_data.obj
 0003:00000a80       ku_emlrtRSI                000000018006ea80     extension_data.obj
 0003:00000a98       lu_emlrtRSI                000000018006ea98     extension_data.obj
 0003:00000ab0       mu_emlrtRSI                000000018006eab0     extension_data.obj
 0003:00000ac8       nu_emlrtRSI                000000018006eac8     extension_data.obj
 0003:00000ae0       ou_emlrtRSI                000000018006eae0     extension_data.obj
 0003:00000af8       pu_emlrtRSI                000000018006eaf8     extension_data.obj
 0003:00000b10       qu_emlrtRSI                000000018006eb10     extension_data.obj
 0003:00000b28       ru_emlrtRSI                000000018006eb28     extension_data.obj
 0003:00000b40       su_emlrtRSI                000000018006eb40     extension_data.obj
 0003:00000b58       tu_emlrtRSI                000000018006eb58     extension_data.obj
 0003:00000b70       uu_emlrtRSI                000000018006eb70     extension_data.obj
 0003:00000b88       vu_emlrtRSI                000000018006eb88     extension_data.obj
 0003:00000ba0       wu_emlrtRSI                000000018006eba0     extension_data.obj
 0003:00000bb8       xu_emlrtRSI                000000018006ebb8     extension_data.obj
 0003:00000bd0       yu_emlrtRSI                000000018006ebd0     extension_data.obj
 0003:00000be8       av_emlrtRSI                000000018006ebe8     extension_data.obj
 0003:00000c00       bv_emlrtRSI                000000018006ec00     extension_data.obj
 0003:00000c18       cv_emlrtRSI                000000018006ec18     extension_data.obj
 0003:00000c30       dv_emlrtRSI                000000018006ec30     extension_data.obj
 0003:00000c48       ev_emlrtRSI                000000018006ec48     extension_data.obj
 0003:00000c60       fv_emlrtRSI                000000018006ec60     extension_data.obj
 0003:00000c78       gv_emlrtRSI                000000018006ec78     extension_data.obj
 0003:00000c90       hv_emlrtRSI                000000018006ec90     extension_data.obj
 0003:00000ca8       iv_emlrtRSI                000000018006eca8     extension_data.obj
 0003:00000cc0       jv_emlrtRSI                000000018006ecc0     extension_data.obj
 0003:00000cd8       kv_emlrtRSI                000000018006ecd8     extension_data.obj
 0003:00000cf0       lv_emlrtRSI                000000018006ecf0     extension_data.obj
 0003:00000d08       mv_emlrtRSI                000000018006ed08     extension_data.obj
 0003:00000d20       nv_emlrtRSI                000000018006ed20     extension_data.obj
 0003:00000d38       ov_emlrtRSI                000000018006ed38     extension_data.obj
 0003:00000d50       pv_emlrtRSI                000000018006ed50     extension_data.obj
 0003:00000d68       qv_emlrtRSI                000000018006ed68     extension_data.obj
 0003:00000d80       rv_emlrtRSI                000000018006ed80     extension_data.obj
 0003:00000d98       sv_emlrtRSI                000000018006ed98     extension_data.obj
 0003:00000db0       tv_emlrtRSI                000000018006edb0     extension_data.obj
 0003:00000dc8       uv_emlrtRSI                000000018006edc8     extension_data.obj
 0003:00000de0       vv_emlrtRSI                000000018006ede0     extension_data.obj
 0003:00000df8       wv_emlrtRSI                000000018006edf8     extension_data.obj
 0003:00000e10       xv_emlrtRSI                000000018006ee10     extension_data.obj
 0003:00000e28       yv_emlrtRSI                000000018006ee28     extension_data.obj
 0003:00000e40       aw_emlrtRSI                000000018006ee40     extension_data.obj
 0003:00000e58       bw_emlrtRSI                000000018006ee58     extension_data.obj
 0003:00000e70       cw_emlrtRSI                000000018006ee70     extension_data.obj
 0003:00000e88       dw_emlrtRSI                000000018006ee88     extension_data.obj
 0003:00000ea0       ew_emlrtRSI                000000018006eea0     extension_data.obj
 0003:00000eb8       fw_emlrtRSI                000000018006eeb8     extension_data.obj
 0003:00000ed0       gw_emlrtRSI                000000018006eed0     extension_data.obj
 0003:00000ee8       hw_emlrtRSI                000000018006eee8     extension_data.obj
 0003:00000f00       iw_emlrtRSI                000000018006ef00     extension_data.obj
 0003:00000f18       jw_emlrtRSI                000000018006ef18     extension_data.obj
 0003:00000f30       kw_emlrtRSI                000000018006ef30     extension_data.obj
 0003:00000f48       lw_emlrtRSI                000000018006ef48     extension_data.obj
 0003:00000f60       rw_emlrtRSI                000000018006ef60     extension_data.obj
 0003:00000f78       sw_emlrtRSI                000000018006ef78     extension_data.obj
 0003:00000f90       tw_emlrtRSI                000000018006ef90     extension_data.obj
 0003:00000fa8       uw_emlrtRSI                000000018006efa8     extension_data.obj
 0003:00000fc0       vw_emlrtRSI                000000018006efc0     extension_data.obj
 0003:00000fd8       ww_emlrtRSI                000000018006efd8     extension_data.obj
 0003:00000ff0       xw_emlrtRSI                000000018006eff0     extension_data.obj
 0003:00001008       ex_emlrtRSI                000000018006f008     extension_data.obj
 0003:00001020       ix_emlrtRSI                000000018006f020     extension_data.obj
 0003:00001038       c_emlrtMCI                 000000018006f038     extension_data.obj
 0003:00001050       d_emlrtMCI                 000000018006f050     extension_data.obj
 0003:00001068       e_emlrtMCI                 000000018006f068     extension_data.obj
 0003:00001080       f_emlrtMCI                 000000018006f080     extension_data.obj
 0003:00001098       g_emlrtMCI                 000000018006f098     extension_data.obj
 0003:000010b0       h_emlrtMCI                 000000018006f0b0     extension_data.obj
 0003:000010c8       i_emlrtMCI                 000000018006f0c8     extension_data.obj
 0003:000010e0       j_emlrtMCI                 000000018006f0e0     extension_data.obj
 0003:000010f8       r_emlrtMCI                 000000018006f0f8     extension_data.obj
 0003:00001110       s_emlrtMCI                 000000018006f110     extension_data.obj
 0003:00001128       t_emlrtMCI                 000000018006f128     extension_data.obj
 0003:00001140       u_emlrtMCI                 000000018006f140     extension_data.obj
 0003:00001158       l_emlrtRTEI                000000018006f158     extension_data.obj
 0003:00001170       n_emlrtRTEI                000000018006f170     extension_data.obj
 0003:00001188       p_emlrtRTEI                000000018006f188     extension_data.obj
 0003:000011a0       gb_emlrtRTEI               000000018006f1a0     extension_data.obj
 0003:000011b8       hb_emlrtRTEI               000000018006f1b8     extension_data.obj
 0003:000011d0       fc_emlrtRTEI               000000018006f1d0     extension_data.obj
 0003:000011e8       gc_emlrtRTEI               000000018006f1e8     extension_data.obj
 0003:00001200       hc_emlrtRTEI               000000018006f200     extension_data.obj
 0003:00001218       ic_emlrtRTEI               000000018006f218     extension_data.obj
 0003:00001230       kx_emlrtRSI                000000018006f230     extension_data.obj
 0003:00001248       lx_emlrtRSI                000000018006f248     extension_data.obj
 0003:00001260       nx_emlrtRSI                000000018006f260     extension_data.obj
 0003:00001278       ox_emlrtRSI                000000018006f278     extension_data.obj
 0003:00001290       xx_emlrtRSI                000000018006f290     extension_data.obj
 0003:000012a8       yx_emlrtRSI                000000018006f2a8     extension_data.obj
 0003:000012c0       cy_emlrtRSI                000000018006f2c0     extension_data.obj
 0003:000012d8       dy_emlrtRSI                000000018006f2d8     extension_data.obj
 0003:000057c0       emlrtContextGlobal         00000001800737c0     extension_mex.obj
 0003:00005800       _fltused                   0000000180073800     MSVCRT:dllsupp.obj
 0003:00005808       __security_cookie          0000000180073808     MSVCRT:gs_cookie.obj
 0003:00005810       __security_cookie_complement 0000000180073810     MSVCRT:gs_cookie.obj
 0003:00005820       __native_dllmain_reason    0000000180073820     MSVCRT:natstart.obj
 0003:00005824       __native_vcclrit_reason    0000000180073824     MSVCRT:natstart.obj
 0003:00005830       emlrtRootTLSGlobal         0000000180073830     extension_mex.obj
 0003:00005db0       ?__type_info_root_node@@3U__type_info_node@@A 0000000180073db0     MSVCRT:tncleanup.obj
 0003:00005dc0       emlrtBreakCheckR2012bFlagVar 0000000180073dc0     <common>
 0003:00005dc8       __native_startup_state     0000000180073dc8     <common>
 0003:00005dd0       __native_startup_lock      0000000180073dd0     <common>
 0003:00005dd8       __onexitend                0000000180073dd8     <common>
 0003:00005de0       __onexitbegin              0000000180073de0     <common>
 0003:00005de8       __dyn_tls_init_callback    0000000180073de8     <common>

 entry point at        0001:000646b4

 Static symbols

 0001:00000180       eml_null_assignment        0000000180001180 f   extension.obj
 0001:0000bc40       b_eml_sort_le              000000018000cc40 f   sortrows.obj
 0001:0000bd20       eml_sort_idx               000000018000cd20 f   sortrows.obj
 0001:0000c5b0       b_eml_sort_idx             000000018000d5b0 f   sortrows.obj
 0001:0000ccd0       b_relop_rows               000000018000dcd0 f   eml_setop.obj
 0001:0000cf30       relop_rows                 000000018000df30 f   eml_setop.obj
 0001:0000d220       skip_to_last_equal_row     000000018000e220 f   eml_setop.obj
 0001:00014b10       b_eml_xgemm                0000000180015b10 f   bspline_inv.obj
 0001:0001cde0       c_eml_xgemm                000000018001dde0 f   pinv.obj
 0001:0001ced0       eml_xswap                  000000018001ded0 f   pinv.obj
 0001:0001d080       eml_xgesvd                 000000018001e080 f   pinv.obj
 0001:0001fc50       eml_pinv                   0000000180020c50 f   pinv.obj
 0001:00020770       c_emlrt_marshallOut        0000000180021770 f   extension_api.obj
 0001:00020840       d_emlrt_marshallOut        0000000180021840 f   extension_api.obj
 0001:00020c50       l_emlrt_marshallIn         0000000180021c50 f   extension_api.obj
 0001:00020d60       b_emlrt_marshallOut        0000000180021d60 f   extension_api.obj
 0001:00020fb0       e_emlrt_marshallIn         0000000180021fb0 f   extension_api.obj
 0001:00021510       b_emlrt_marshallIn         0000000180022510 f   extension_api.obj
 0001:00021880       f_emlrt_marshallIn         0000000180022880 f   extension_api.obj
 0001:00021ef0       emxCopy_real_T             0000000180022ef0 f   extension_emxutil.obj
 0001:00022680       b_emxExpand_struct_T       0000000180023680 f   extension_emxutil.obj
 0001:000227d0       b_emxTrim_struct_T         00000001800237d0 f   extension_emxutil.obj
 0001:000228a0       emxExpand_struct_T         00000001800238a0 f   extension_emxutil.obj
 0001:00022970       emxTrim_struct_T           0000000180023970 f   extension_emxutil.obj
 0001:00022c70       extension_mexFunction      0000000180023c70 f   extension_mex.obj
 0001:00022e40       b_emlrt_marshallOut        0000000180023e40 f   _coder_extension_info.obj
 0001:00022ea0       b_info_helper              0000000180023ea0 f   _coder_extension_info.obj
 0001:0002bfb0       c_info_helper              000000018002cfb0 f   _coder_extension_info.obj
 0001:000355c0       d_info_helper              00000001800365c0 f   _coder_extension_info.obj
 0001:0003ebe0       e_info_helper              000000018003fbe0 f   _coder_extension_info.obj
 0001:000481f0       f_info_helper              00000001800491f0 f   _coder_extension_info.obj
 0001:00051800       g_info_helper              0000000180052800 f   _coder_extension_info.obj
 0001:0005acd0       info_helper                000000018005bcd0 f   _coder_extension_info.obj
 0001:000642bc       pre_c_init                 00000001800652bc f   MSVCRT:crtdll.obj
 0001:00064578       __DllMainCRTStartup        0000000180065578 f   MSVCRT:crtdll.obj
 0001:00064b80       __DllMainCRTStartup$filt$0 0000000180065b80 f   MSVCRT:crtdll.obj
 0001:00064bb0       __DllMainCRTStartup$fin$1  0000000180065bb0 f   MSVCRT:crtdll.obj
 0001:00064bca       _onexit$fin$0              0000000180065bca f   MSVCRT:atonexit.obj
 0001:00064bf0       _IsNonwritableInCurrentImage$filt$0 0000000180065bf0 f   MSVCRT:pesect.obj
